Package SimuRg version 0.2.0
Package built using /R 4.6.0; ; 2026-05-21 12:07:05 UTC; unix
Excerpts from error reports follow. Please refer to the included outputs for details.

--------------------
ERROR: modification of compiler constant of type integer, length 81
ERROR: modification of compiler constant of type integer, length 81
ERROR: the modified value of the constant is:
NULL
attr(,"class")
[1] "expressionsIndex"
ERROR: the original value of the constant is:
 [1] NA  1  1  2  2  3  3  3  5  5  5  5  5  5  7  7  7  9  9  9  9  9 10  7  7
[26]  7  7 12 12 11 11 11 14 14 14 14 14 14 11 11 16 16 16  9  9  9  9  9 10 16
[51] 16 16  3  3  3  3 18 18 18 18 18 18 18 18 18 18 18 18 18 18 18 18 18 18 18
[76] 18 18 18 18 18 18
attr(,"class")
[1] "expressionsIndex"
ERROR: the modified constant is at index 27
ERROR: the modified constant is in this function body:
{
    if (!missing(x)) {
        if (is_environment(x)) {
            return(invisible(NULL))
        }
        if (allow_null && is_null(x)) {
            return(invisible(NULL))
        }
    }
    stop_input_type(x, "an environment", ..., allow_na = FALSE, 
        allow_null = allow_null, arg = arg, call = call)
}
Function check_environment in namespace rlang has this body.
Fatal error: compiler constants were modified!
