Hmm ... looks like a package
Converting parsed Rd's to LaTeX ...
Creating pdf output from LaTeX ...

This is pdfTeX, Version 3.141592653-2.6-1.40.25 (TeX Live 2023) (preloaded format=pdflatex)
 restricted \write18 enabled.
entering extended mode
LaTeX2e <2022-11-01> patch level 1
L3 programming layer <2023-02-22> (./Rd2.tex
(/usr/share/texlive/texmf-dist/tex/latex/base/book.cls
Document Class: book 2022/07/02 v1.4n Standard LaTeX document class
(/usr/share/texlive/texmf-dist/tex/latex/base/bk10.clo))
(/var/scratch2/tomas/cran/rcnst/build/share/texmf/tex/latex/Rd.sty
(/usr/share/texlive/texmf-dist/tex/latex/base/ifthen.sty)
(/usr/share/texlive/texmf-dist/tex/generic/iftex/iftex.sty)
(/usr/share/texlive/texmf-dist/tex/latex/tools/longtable.sty)
(/usr/share/texlive/texmf-dist/tex/latex/tools/bm.sty)
(/usr/share/texlive/texmf-dist/tex/latex/base/alltt.sty)
(/usr/share/texlive/texmf-dist/tex/latex/tools/verbatim.sty)
(/usr/share/texlive/texmf-dist/tex/latex/url/url.sty)
(/usr/share/texlive/texmf-dist/tex/latex/base/textcomp.sty)
(/usr/share/texlive/texmf-dist/tex/latex/amsmath/amsmath.sty
For additional information on amsmath, use the `?' option.
(/usr/share/texlive/texmf-dist/tex/latex/amsmath/amstext.sty
(/usr/share/texlive/texmf-dist/tex/latex/amsmath/amsgen.sty))
(/usr/share/texlive/texmf-dist/tex/latex/amsmath/amsbsy.sty)
(/usr/share/texlive/texmf-dist/tex/latex/amsmath/amsopn.sty))
(/usr/share/texlive/texmf-dist/tex/latex/amsfonts/amsfonts.sty)
(/usr/share/texlive/texmf-dist/tex/latex/amsfonts/amssymb.sty)
(/usr/share/texlive/texmf-dist/tex/latex/jknapltx/mathrsfs.sty)
(/usr/share/texlive/texmf-dist/tex/latex/base/fontenc.sty)
(/usr/share/texlive/texmf-dist/tex/latex/psnfss/times.sty)
(/usr/share/texlive/texmf-dist/tex/latex/inconsolata/zi4.sty
`inconsolata-zi4' v1.12, 2019/05/17 Text macros for Inconsolata (msharpe)
(/usr/share/texlive/texmf-dist/tex/latex/xkeyval/xkeyval.sty
(/usr/share/texlive/texmf-dist/tex/generic/xkeyval/xkeyval.tex
(/usr/share/texlive/texmf-dist/tex/generic/xkeyval/xkvutils.tex
(/usr/share/texlive/texmf-dist/tex/generic/xkeyval/keyval.tex)))))
(/usr/share/texlive/texmf-dist/tex/latex/graphics/color.sty
(/usr/share/texlive/texmf-dist/tex/latex/graphics-cfg/color.cfg)
(/usr/share/texlive/texmf-dist/tex/latex/graphics-def/pdftex.def)
(/usr/share/texlive/texmf-dist/tex/latex/graphics/mathcolor.ltx))
(/usr/share/texlive/texmf-dist/tex/latex/hyperref/hyperref.sty
(/usr/share/texlive/texmf-dist/tex/generic/ltxcmds/ltxcmds.sty)
(/usr/share/texlive/texmf-dist/tex/generic/pdftexcmds/pdftexcmds.sty
(/usr/share/texlive/texmf-dist/tex/generic/infwarerr/infwarerr.sty))
(/usr/share/texlive/texmf-dist/tex/latex/kvsetkeys/kvsetkeys.sty)
(/usr/share/texlive/texmf-dist/tex/generic/kvdefinekeys/kvdefinekeys.sty)
(/usr/share/texlive/texmf-dist/tex/generic/pdfescape/pdfescape.sty)
(/usr/share/texlive/texmf-dist/tex/latex/hycolor/hycolor.sty)
(/usr/share/texlive/texmf-dist/tex/latex/letltxmacro/letltxmacro.sty)
(/usr/share/texlive/texmf-dist/tex/latex/auxhook/auxhook.sty)
(/usr/share/texlive/texmf-dist/tex/latex/hyperref/nameref.sty
(/usr/share/texlive/texmf-dist/tex/latex/refcount/refcount.sty)
(/usr/share/texlive/texmf-dist/tex/generic/gettitlestring/gettitlestring.sty
(/usr/share/texlive/texmf-dist/tex/latex/kvoptions/kvoptions.sty)))
(/usr/share/texlive/texmf-dist/tex/latex/hyperref/pd1enc.def)
(/usr/share/texlive/texmf-dist/tex/generic/intcalc/intcalc.sty)
(/usr/share/texlive/texmf-dist/tex/generic/etexcmds/etexcmds.sty)
(/usr/share/texlive/texmf-dist/tex/latex/hyperref/puenc.def)
(/usr/share/texlive/texmf-dist/tex/generic/bitset/bitset.sty
(/usr/share/texlive/texmf-dist/tex/generic/bigintcalc/bigintcalc.sty))
(/usr/share/texlive/texmf-dist/tex/latex/base/atbegshi-ltx.sty))
(/usr/share/texlive/texmf-dist/tex/latex/hyperref/hpdftex.def
(/usr/share/texlive/texmf-dist/tex/latex/base/atveryend-ltx.sty)
(/usr/share/texlive/texmf-dist/tex/latex/rerunfilecheck/rerunfilecheck.sty
(/usr/share/texlive/texmf-dist/tex/generic/uniquecounter/uniquecounter.sty))))
(/usr/share/texlive/texmf-dist/tex/latex/base/makeidx.sty)
Writing index file Rd2.idx
(/usr/share/texlive/texmf-dist/tex/latex/psnfss/t1ptm.fd)
(/usr/share/texlive/texmf-dist/tex/latex/l3backend/l3backend-pdftex.def)
No file Rd2.aux.
(/usr/share/texlive/texmf-dist/tex/context/base/mkii/supp-pdf.mkii
[Loading MPS to PDF converter (version 2006.09.02).]
) (/usr/share/texlive/texmf-dist/tex/latex/psnfss/ts1ptm.fd)
(/usr/share/texlive/texmf-dist/tex/latex/inconsolata/t1zi4.fd)
No file Rd2.toc.
(/usr/share/texlive/texmf-dist/tex/latex/amsfonts/umsa.fd)
(/usr/share/texlive/texmf-dist/tex/latex/amsfonts/umsb.fd)
(/usr/share/texlive/texmf-dist/tex/latex/jknapltx/ursfs.fd) [1{/var/lib/texmf/f
onts/map/pdftex/updmap/pdftex.map}{/usr/share/texlive/texmf-dist/fonts/enc/dvip
s/base/8r.enc}{/usr/share/texlive/texmf-dist/fonts/enc/dvips/inconsolata/i4-t1-
0.enc}] [2]
Overfull \hbox (42.26413pt too wide) in paragraph at lines 171--178
\T1/ptm/m/n/10 sta-tus), []\T1/zi4/m/n/10 SE []\T1/ptm/m/n/10 (stan-dard er-ror
), []\T1/zi4/m/n/10 RSE []\T1/ptm/m/n/10 (rel-a-tive SE, \ []\T1/zi4/m/n/10 LCI
 []\T1/ptm/m/n/10 and []\T1/zi4/m/n/10 UCI []\T1/ptm/m/n/10 (95\ []\T1/zi4/m/n/
10 ETAshrinkage_var[]\T1/ptm/m/n/10 , []\T1/zi4/m/n/10 ETAshrinkage_sd[]\T1/ptm
/m/n/10 ,
[3]
Overfull \hbox (10.78204pt too wide) in paragraph at lines 193--195
[]\T1/ptm/m/n/10 3 $\OMS/cmsy/m/n/10 ^^B$ \T1/ptm/m/n/10 3 nu-meric ma-trix ^^V
 OMEGA variance-covariance ma-trix of the inter-individual
[4] [5]
Overfull \hbox (4.72pt too wide) in paragraph at lines 315--319
[]\T1/zi4/m/n/10 <proj_name>_GCO.json []\T1/ptm/m/n/10 and []\T1/zi4/m/n/10 <pr
oj_name>_GFO.json[]\T1/ptm/m/n/10 , and also saves two RData

Overfull \hbox (0.99997pt too wide) in paragraph at lines 315--319
\T1/ptm/m/n/10 files: []\T1/zi4/m/n/10 <proj_name>_GCO.RData []\T1/ptm/m/n/10 (
ob-ject []\T1/zi4/m/n/10 gco[]\T1/ptm/m/n/10 ) and []\T1/zi4/m/n/10 <proj_name>
_GFO.RData []\T1/ptm/m/n/10 (ob-
[6] [7]
Overfull \hbox (11.89839pt too wide) in paragraph at lines 473--477
[]\T1/ptm/m/n/10 Character or []\T1/zi4/m/n/10 NULL[]\T1/ptm/m/n/10 . Col-umn n
ame of the un-trans-formed (back-transformed)
[8]
Overfull \hbox (0.17728pt too wide) in paragraph at lines 522--524
[]\T1/ptm/b/n/10 File mode \T1/ptm/m/n/10 ^^V sup-ply []\T1/zi4/m/n/10 fpath_i 
[]\T1/ptm/m/n/10 (path to a SimuRg JSON / RData ob-ject that con-tains SUMTAB,

Overfull \hbox (0.46793pt too wide) in paragraph at lines 524--526
[]\T1/ptm/b/n/10 Table mode \T1/ptm/m/n/10 ^^V sup-ply both []\T1/zi4/m/n/10 ds
_parest []\T1/ptm/m/n/10 (pa-ram-e-ter es-ti-mates) and []\T1/zi4/m/n/10 ds_cov
s []\T1/ptm/m/n/10 (co-vari-ate dataset). 

Overfull \hbox (1.75603pt too wide) in paragraph at lines 552--558
[]\T1/ptm/m/n/10 data.frame. Full sen-si-tiv-ity re-sults for model pa-ram-e-te
rs: per-cent change statis-tics (mean,
[9]
Underfull \vbox (badness 10000) has occurred while \output is active [10]
Underfull \vbox (badness 10000) has occurred while \output is active [11]
[12]
Overfull \hbox (25.61752pt too wide) in paragraph at lines 781--784
[]\T1/ptm/m/n/10 Axis la-bel for the nu-meric scale (this be-comes the hor-i-zo
n-tal axis af-ter []\T1/zi4/m/n/10 coord_flip()[]\T1/ptm/m/n/10 ).

Overfull \hbox (0.50578pt too wide) in paragraph at lines 796--798
[]\T1/zi4/m/n/10 PARSENS []\T1/ptm/m/n/10 ^^V sen-si-tiv-ity of in-di-vid-ual p
a-ram-e-ters (sim-u-la-tion at time zero, no ODE time course). 

Overfull \hbox (19.90753pt too wide) in paragraph at lines 805--811
[]\T1/ptm/m/n/10 Values on the y-axis are ra-tios rel-a-tive to the ref-er-ence
 sce-nario: []\T1/zi4/m/n/10 1 []\T1/ptm/m/n/10 means no change. In []\T1/zi4/m
/n/10 sg_covsens_sim[]\T1/ptm/m/n/10 ,
[13]
Underfull \vbox (badness 10000) has occurred while \output is active [14]
Underfull \vbox (badness 10000) has occurred while \output is active [15]
[16]
Underfull \vbox (badness 10000) has occurred while \output is active [17]
[18]
Overfull \hbox (11.89839pt too wide) in paragraph at lines 1166--1170
[]\T1/ptm/m/n/10 Character or []\T1/zi4/m/n/10 NULL[]\T1/ptm/m/n/10 . Col-umn n
ame of the un-trans-formed (back-transformed)
[19] [20]
Overfull \hbox (1.09961pt too wide) in paragraph at lines 1273--1274
[]\T1/ptm/m/n/10 String, one of []\T1/zi4/m/n/10 "fixed"[]\T1/ptm/m/n/10 , []\T
1/zi4/m/n/10 "free"[]\T1/ptm/m/n/10 , []\T1/zi4/m/n/10 "free_x"[]\T1/ptm/m/n/10
 , []\T1/zi4/m/n/10 "free_y"[]\T1/ptm/m/n/10 . User can spec-ify whether
(/usr/share/texlive/texmf-dist/tex/latex/inconsolata/ts1zi4.fd) [21{/usr/share/
texlive/texmf-dist/fonts/enc/dvips/inconsolata/i4-ts1.enc}]
Overfull \hbox (15.61752pt too wide) in paragraph at lines 1378--1381
[]\T1/zi4/m/n/10 est []\T1/ptm/m/n/10 - ma-trix, log-i-cal ma-trix spec-i-fy-in
g which in-te-roc-ca-sion variance-covariance
[22]
Overfull \hbox (64.2969pt too wide) in paragraph at lines 1403--1406
\T1/ptm/m/n/10 to the mono-lix.bat file. If []\T1/zi4/m/n/10 NULL[]\T1/ptm/m/n/
10 , "C:/ProgramData/Lixoft/MonolixSuite2023R1/bin/monolix.bat"
[23]
Overfull \hbox (1.43835pt too wide) in paragraph at lines 1475--1476
[]\T1/zi4/m/n/10 TRANS []\T1/ptm/m/n/10 - string, resid-ual er-ror dis-tri-bu-t
ion. Can be: []\T1/zi4/m/n/10 "normal"[]\T1/ptm/m/n/10 , []\T1/zi4/m/n/10 "logN
ormal"[]\T1/ptm/m/n/10 ,
[24] [25]
Overfull \hbox (20.50818pt too wide) in paragraph at lines 1611--1612
[]\T1/zi4/m/n/10 TRANS []\T1/ptm/m/n/10 - string, pa-ram-e-ter trans-for-ma-tio
n type. Can be: []\T1/zi4/m/n/10 "normal"[]\T1/ptm/m/n/10 , []\T1/zi4/m/n/10 "l
ogNormal"[]\T1/ptm/m/n/10 ,

Overfull \hbox (1.43835pt too wide) in paragraph at lines 1625--1626
[]\T1/zi4/m/n/10 TRANS []\T1/ptm/m/n/10 - string, resid-ual er-ror dis-tri-bu-t
ion. Can be: []\T1/zi4/m/n/10 "normal"[]\T1/ptm/m/n/10 , []\T1/zi4/m/n/10 "logN
ormal"[]\T1/ptm/m/n/10 ,
[26]
Overfull \hbox (15.61752pt too wide) in paragraph at lines 1663--1666
[]\T1/zi4/m/n/10 est []\T1/ptm/m/n/10 - ma-trix, log-i-cal ma-trix spec-i-fy-in
g which in-te-roc-ca-sion variance-covariance

Overfull \hbox (64.2969pt too wide) in paragraph at lines 1713--1716
\T1/ptm/m/n/10 to the mono-lix.bat file. If []\T1/zi4/m/n/10 NULL[]\T1/ptm/m/n/
10 , "C:/ProgramData/Lixoft/MonolixSuite2023R1/bin/monolix.bat"
[27]
Underfull \vbox (badness 10000) has occurred while \output is active [28]
Underfull \vbox (badness 10000) has occurred while \output is active [29]
[30]
Overfull \hbox (39.75941pt too wide) in paragraph at lines 1962--1962
 []\T1/zi4/m/n/9 source(system.file("extdata", "RxODE_model", "example_rxode_mo
del.R", package = "SimuRg")) # mod_ex[] 
[31] [32]
Overfull \hbox (39.75941pt too wide) in paragraph at lines 2062--2062
 []\T1/zi4/m/n/9 source(system.file("extdata", "RxODE_model", "example_rxode_mo
del.R", package = "SimuRg")) # mod_ex[] 
[33] [34]
Overfull \hbox (1.09961pt too wide) in paragraph at lines 2203--2204
[]\T1/ptm/m/n/10 String, one of []\T1/zi4/m/n/10 "fixed"[]\T1/ptm/m/n/10 , []\T
1/zi4/m/n/10 "free"[]\T1/ptm/m/n/10 , []\T1/zi4/m/n/10 "free_x"[]\T1/ptm/m/n/10
 , []\T1/zi4/m/n/10 "free_y"[]\T1/ptm/m/n/10 . User can spec-ify whether
[35] [36]
Overfull \hbox (3.75941pt too wide) in paragraph at lines 2291--2291
 []\T1/zi4/m/n/9 fpath_i <- system.file("extdata", "simurg_object", "Warfarin_P
K.RData", package = "SimuRg")[] 
[37]
Overfull \hbox (30.16763pt too wide) in paragraph at lines 2349--2351
\T1/ptm/m/n/10 and op-tion-ally com-pares them with the ex-pected population-le
vel vari-abil-ity us-ing \T1/zi4/m/n/10 $SUMTAB$DISTRIBUTION

Overfull \hbox (26.02846pt too wide) in paragraph at lines 2352--2353
[]\T1/zi4/m/n/10 logitNormal []\T1/ptm/m/n/10 uses the in-verse logit of []\T1/
zi4/m/n/10 logit(TV) + ETA[]\T1/ptm/m/n/10 . Pa-ram-e-ters with miss-ing or emp
ty []\T1/zi4/m/n/10 DISTRIBUTION

Overfull \hbox (3.75941pt too wide) in paragraph at lines 2363--2363
 []\T1/zi4/m/n/9 fpath_i <- system.file("extdata", "simurg_object", "Warfarin_P
K.RData", package = "SimuRg")[] 
[38] [39]
Overfull \hbox (1.09961pt too wide) in paragraph at lines 2469--2470
[]\T1/ptm/m/n/10 String, one of []\T1/zi4/m/n/10 "fixed"[]\T1/ptm/m/n/10 , []\T
1/zi4/m/n/10 "free"[]\T1/ptm/m/n/10 , []\T1/zi4/m/n/10 "free_x"[]\T1/ptm/m/n/10
 , []\T1/zi4/m/n/10 "free_y"[]\T1/ptm/m/n/10 . User can spec-ify whether
[40] [41]
Overfull \hbox (24.73795pt too wide) in paragraph at lines 2602--2602
 []\T1/zi4/m/n/9 # (default \code{DVID = 1}; pass \code{DVID} or a \code{DVNAME
} string to select another endpoint)[] 
[42]
Overfull \hbox (1.09961pt too wide) in paragraph at lines 2665--2666
[]\T1/ptm/m/n/10 String, one of []\T1/zi4/m/n/10 "fixed"[]\T1/ptm/m/n/10 , []\T
1/zi4/m/n/10 "free"[]\T1/ptm/m/n/10 , []\T1/zi4/m/n/10 "free_x"[]\T1/ptm/m/n/10
 , []\T1/zi4/m/n/10 "free_y"[]\T1/ptm/m/n/10 . User can spec-ify whether
[43]
Overfull \hbox (0.14857pt too wide) in paragraph at lines 2737--2738
[]\T1/ptm/m/n/10 Numeric vec-tor of lower bounds for each pa-ram-e-ter. Length 
must match []\T1/zi4/m/n/10 params[]\T1/ptm/m/n/10 .

Overfull \hbox (0.39871pt too wide) in paragraph at lines 2739--2740
[]\T1/ptm/m/n/10 Numeric vec-tor of up-per bounds for each pa-ram-e-ter. Length
 must match []\T1/zi4/m/n/10 params[]\T1/ptm/m/n/10 .
[44] [45] [46] [47]
Underfull \vbox (badness 10000) has occurred while \output is active [48]
[49] [50]
Underfull \vbox (badness 10000) has occurred while \output is active [51]
[52]
Overfull \hbox (3.75941pt too wide) in paragraph at lines 3237--3237
 []\T1/zi4/m/n/9 fpath_i <- system.file("extdata", "simurg_object", "Warfarin_P
K.RData", package = "SimuRg") 
[53]
Overfull \hbox (6.67761pt too wide) in paragraph at lines 3289--3291
[]\T1/ptm/m/n/10 Tibble de-scrib-ing pop-u-la-tion pa-ram-e-ter prop-er-ties. T
ib-ble should con-tain columns

Overfull \hbox (2.6776pt too wide) in paragraph at lines 3295--3297
[]\T1/ptm/m/n/10 Occasion ef-fect ma-tri-ces. In-cludes []\T1/zi4/m/n/10 init [
]\T1/ptm/m/n/10 and []\T1/zi4/m/n/10 est []\T1/ptm/m/n/10 ma-tri-ces defin-ing 
inter-occasion
[54] [55] [56]
Overfull \hbox (3.75941pt too wide) in paragraph at lines 3479--3479
 []\T1/zi4/m/n/9 fpath_i <- system.file("extdata", "simurg_object", "Warfarin_P
K.RData", package = "SimuRg") 

Overfull \hbox (3.75941pt too wide) in paragraph at lines 3520--3520
 []\T1/zi4/m/n/9 fpath_i <- system.file("extdata", "simurg_object", "Warfarin_P
K.RData", package = "SimuRg")[] 
[57] [58] [59] [60]
Underfull \vbox (badness 10000) has occurred while \output is active [61]
Underfull \vbox (badness 10000) has occurred while \output is active [62]
Overfull \hbox (42.86557pt too wide) in paragraph at lines 3871--3874
[]\T1/ptm/m/n/10 Creates a gg-plot time-profile plot from lon-gi-tu-di-nal data
 with op-tional sum-ma-riza-tion (mean/median/geometric
[63] [64]
Overfull \hbox (7.26631pt too wide) in paragraph at lines 3986--3988
[]\T1/ptm/m/n/10 Converts struc-tural phar-ma-co-met-ric model files be-tween r
x-ode2 (R pack-age) and MLX-TRAN (Mono-
[65] [66] [67]
Overfull \hbox (3.75941pt too wide) in paragraph at lines 4138--4138
 []\T1/zi4/m/n/9 fpath_i <- system.file("extdata", "simurg_object", "Warfarin_P
K.RData", package = "SimuRg")[] 
[68] [69] [70]
Overfull \hbox (3.75941pt too wide) in paragraph at lines 4349--4349
 []\T1/zi4/m/n/9 fpath_i <- system.file("extdata", "simurg_object", "Warfarin_P
K.RData", package = "SimuRg")[] 
[71] [72]
Overfull \hbox (6.90782pt too wide) in paragraph at lines 4446--4447
[]\T1/ptm/m/n/10 character vec-tor. Con-tains color codes (hex for-mat) for cus
-tom plot color schemes.

Overfull \hbox (8.61827pt too wide) in paragraph at lines 4446--4447
\T1/ptm/m/n/10 UMAP vi-su-al-iza-tions (op-tional, de-fault: []\T1/zi4/m/n/10 c
("#3a6eba", "#efdd3c", "#1a1866",
[73]
Overfull \hbox (2.54726pt too wide) in paragraph at lines 4473--4474
[]\T1/zi4/m/n/10 dplot_cont []\T1/ptm/m/n/10 - List of gg-plot his-tograms for 
con-tin-u-ous vari-ables (or []\T1/zi4/m/n/10 NULL []\T1/ptm/m/n/10 if diag_plo
ts=FALSE
[74]
No file Rd2.ind.
[75] (/var/scratch2/tomas/tmp/RtmpnreRJI/Rd2pdf27db1c2844a0ec/Rd2.aux)

Package rerunfilecheck Warning: File `Rd2.out' has changed.
(rerunfilecheck)                Rerun to get outlines right
(rerunfilecheck)                or use package `bookmark'.

 )
(see the transcript file for additional information)</usr/share/texlive/texmf-d
ist/fonts/type1/public/inconsolata/Inconsolata-zi4r.pfb></usr/share/texlive/tex
mf-dist/fonts/type1/public/amsfonts/cm/cmmi10.pfb></usr/share/texlive/texmf-dis
t/fonts/type1/public/amsfonts/cm/cmr10.pfb></usr/share/texlive/texmf-dist/fonts
/type1/public/amsfonts/cm/cmr7.pfb></usr/share/texlive/texmf-dist/fonts/type1/p
ublic/amsfonts/cm/cmsy10.pfb></usr/share/texlive/texmf-dist/fonts/type1/urw/tim
es/utmb8a.pfb></usr/share/texlive/texmf-dist/fonts/type1/urw/times/utmr8a.pfb><
/usr/share/texlive/texmf-dist/fonts/type1/urw/times/utmr8a.pfb></usr/share/texl
ive/texmf-dist/fonts/type1/urw/times/utmri8a.pfb>
Output written on Rd2.pdf (75 pages, 260702 bytes).
Transcript written on Rd2.log.
This is makeindex, version 2.17 [TeX Live 2023] (kpathsea + Thai support).
Scanning input file Rd2.idx....done (45 entries accepted, 0 rejected).
Sorting entries....done (247 comparisons).
Generating output file Rd2.ind....done (69 lines written, 0 warnings).
Output written in Rd2.ind.
Transcript written in Rd2.ilg.
This is pdfTeX, Version 3.141592653-2.6-1.40.25 (TeX Live 2023) (preloaded format=pdflatex)
 restricted \write18 enabled.
entering extended mode
LaTeX2e <2022-11-01> patch level 1
L3 programming layer <2023-02-22> (./Rd2.tex
(/usr/share/texlive/texmf-dist/tex/latex/base/book.cls
Document Class: book 2022/07/02 v1.4n Standard LaTeX document class
(/usr/share/texlive/texmf-dist/tex/latex/base/bk10.clo))
(/var/scratch2/tomas/cran/rcnst/build/share/texmf/tex/latex/Rd.sty
(/usr/share/texlive/texmf-dist/tex/latex/base/ifthen.sty)
(/usr/share/texlive/texmf-dist/tex/generic/iftex/iftex.sty)
(/usr/share/texlive/texmf-dist/tex/latex/tools/longtable.sty)
(/usr/share/texlive/texmf-dist/tex/latex/tools/bm.sty)
(/usr/share/texlive/texmf-dist/tex/latex/base/alltt.sty)
(/usr/share/texlive/texmf-dist/tex/latex/tools/verbatim.sty)
(/usr/share/texlive/texmf-dist/tex/latex/url/url.sty)
(/usr/share/texlive/texmf-dist/tex/latex/base/textcomp.sty)
(/usr/share/texlive/texmf-dist/tex/latex/amsmath/amsmath.sty
For additional information on amsmath, use the `?' option.
(/usr/share/texlive/texmf-dist/tex/latex/amsmath/amstext.sty
(/usr/share/texlive/texmf-dist/tex/latex/amsmath/amsgen.sty))
(/usr/share/texlive/texmf-dist/tex/latex/amsmath/amsbsy.sty)
(/usr/share/texlive/texmf-dist/tex/latex/amsmath/amsopn.sty))
(/usr/share/texlive/texmf-dist/tex/latex/amsfonts/amsfonts.sty)
(/usr/share/texlive/texmf-dist/tex/latex/amsfonts/amssymb.sty)
(/usr/share/texlive/texmf-dist/tex/latex/jknapltx/mathrsfs.sty)
(/usr/share/texlive/texmf-dist/tex/latex/base/fontenc.sty)
(/usr/share/texlive/texmf-dist/tex/latex/psnfss/times.sty)
(/usr/share/texlive/texmf-dist/tex/latex/inconsolata/zi4.sty
`inconsolata-zi4' v1.12, 2019/05/17 Text macros for Inconsolata (msharpe)
(/usr/share/texlive/texmf-dist/tex/latex/xkeyval/xkeyval.sty
(/usr/share/texlive/texmf-dist/tex/generic/xkeyval/xkeyval.tex
(/usr/share/texlive/texmf-dist/tex/generic/xkeyval/xkvutils.tex
(/usr/share/texlive/texmf-dist/tex/generic/xkeyval/keyval.tex)))))
(/usr/share/texlive/texmf-dist/tex/latex/graphics/color.sty
(/usr/share/texlive/texmf-dist/tex/latex/graphics-cfg/color.cfg)
(/usr/share/texlive/texmf-dist/tex/latex/graphics-def/pdftex.def)
(/usr/share/texlive/texmf-dist/tex/latex/graphics/mathcolor.ltx))
(/usr/share/texlive/texmf-dist/tex/latex/hyperref/hyperref.sty
(/usr/share/texlive/texmf-dist/tex/generic/ltxcmds/ltxcmds.sty)
(/usr/share/texlive/texmf-dist/tex/generic/pdftexcmds/pdftexcmds.sty
(/usr/share/texlive/texmf-dist/tex/generic/infwarerr/infwarerr.sty))
(/usr/share/texlive/texmf-dist/tex/latex/kvsetkeys/kvsetkeys.sty)
(/usr/share/texlive/texmf-dist/tex/generic/kvdefinekeys/kvdefinekeys.sty)
(/usr/share/texlive/texmf-dist/tex/generic/pdfescape/pdfescape.sty)
(/usr/share/texlive/texmf-dist/tex/latex/hycolor/hycolor.sty)
(/usr/share/texlive/texmf-dist/tex/latex/letltxmacro/letltxmacro.sty)
(/usr/share/texlive/texmf-dist/tex/latex/auxhook/auxhook.sty)
(/usr/share/texlive/texmf-dist/tex/latex/hyperref/nameref.sty
(/usr/share/texlive/texmf-dist/tex/latex/refcount/refcount.sty)
(/usr/share/texlive/texmf-dist/tex/generic/gettitlestring/gettitlestring.sty
(/usr/share/texlive/texmf-dist/tex/latex/kvoptions/kvoptions.sty)))
(/usr/share/texlive/texmf-dist/tex/latex/hyperref/pd1enc.def)
(/usr/share/texlive/texmf-dist/tex/generic/intcalc/intcalc.sty)
(/usr/share/texlive/texmf-dist/tex/generic/etexcmds/etexcmds.sty)
(/usr/share/texlive/texmf-dist/tex/latex/hyperref/puenc.def)
(/usr/share/texlive/texmf-dist/tex/generic/bitset/bitset.sty
(/usr/share/texlive/texmf-dist/tex/generic/bigintcalc/bigintcalc.sty))
(/usr/share/texlive/texmf-dist/tex/latex/base/atbegshi-ltx.sty))
(/usr/share/texlive/texmf-dist/tex/latex/hyperref/hpdftex.def
(/usr/share/texlive/texmf-dist/tex/latex/base/atveryend-ltx.sty)
(/usr/share/texlive/texmf-dist/tex/latex/rerunfilecheck/rerunfilecheck.sty
(/usr/share/texlive/texmf-dist/tex/generic/uniquecounter/uniquecounter.sty))))
(/usr/share/texlive/texmf-dist/tex/latex/base/makeidx.sty)
Writing index file Rd2.idx
(/usr/share/texlive/texmf-dist/tex/latex/psnfss/t1ptm.fd)
(/usr/share/texlive/texmf-dist/tex/latex/l3backend/l3backend-pdftex.def)
(/var/scratch2/tomas/tmp/RtmpnreRJI/Rd2pdf27db1c2844a0ec/Rd2.aux)
(/usr/share/texlive/texmf-dist/tex/context/base/mkii/supp-pdf.mkii
[Loading MPS to PDF converter (version 2006.09.02).]
) (/var/scratch2/tomas/tmp/RtmpnreRJI/Rd2pdf27db1c2844a0ec/Rd2.out)
(/var/scratch2/tomas/tmp/RtmpnreRJI/Rd2pdf27db1c2844a0ec/Rd2.out)
(/usr/share/texlive/texmf-dist/tex/latex/psnfss/ts1ptm.fd)
(/usr/share/texlive/texmf-dist/tex/latex/inconsolata/t1zi4.fd)
(/var/scratch2/tomas/tmp/RtmpnreRJI/Rd2pdf27db1c2844a0ec/Rd2.toc
(/usr/share/texlive/texmf-dist/tex/latex/amsfonts/umsa.fd)
(/usr/share/texlive/texmf-dist/tex/latex/amsfonts/umsb.fd)
(/usr/share/texlive/texmf-dist/tex/latex/jknapltx/ursfs.fd) [1{/var/lib/texmf/f
onts/map/pdftex/updmap/pdftex.map}{/usr/share/texlive/texmf-dist/fonts/enc/dvip
s/base/8r.enc}{/usr/share/texlive/texmf-dist/fonts/enc/dvips/inconsolata/i4-t1-
0.enc}]) [2] [3]
Overfull \hbox (42.26413pt too wide) in paragraph at lines 171--178
\T1/ptm/m/n/10 sta-tus), []\T1/zi4/m/n/10 SE []\T1/ptm/m/n/10 (stan-dard er-ror
), []\T1/zi4/m/n/10 RSE []\T1/ptm/m/n/10 (rel-a-tive SE, \ []\T1/zi4/m/n/10 LCI
 []\T1/ptm/m/n/10 and []\T1/zi4/m/n/10 UCI []\T1/ptm/m/n/10 (95\ []\T1/zi4/m/n/
10 ETAshrinkage_var[]\T1/ptm/m/n/10 , []\T1/zi4/m/n/10 ETAshrinkage_sd[]\T1/ptm
/m/n/10 ,
[4]
Overfull \hbox (10.78204pt too wide) in paragraph at lines 193--195
[]\T1/ptm/m/n/10 3 $\OMS/cmsy/m/n/10 ^^B$ \T1/ptm/m/n/10 3 nu-meric ma-trix ^^V
 OMEGA variance-covariance ma-trix of the inter-individual
[5] [6]
Overfull \hbox (4.72pt too wide) in paragraph at lines 315--319
[]\T1/zi4/m/n/10 <proj_name>_GCO.json []\T1/ptm/m/n/10 and []\T1/zi4/m/n/10 <pr
oj_name>_GFO.json[]\T1/ptm/m/n/10 , and also saves two RData

Overfull \hbox (0.99997pt too wide) in paragraph at lines 315--319
\T1/ptm/m/n/10 files: []\T1/zi4/m/n/10 <proj_name>_GCO.RData []\T1/ptm/m/n/10 (
ob-ject []\T1/zi4/m/n/10 gco[]\T1/ptm/m/n/10 ) and []\T1/zi4/m/n/10 <proj_name>
_GFO.RData []\T1/ptm/m/n/10 (ob-
[7] [8]
Overfull \hbox (11.89839pt too wide) in paragraph at lines 473--477
[]\T1/ptm/m/n/10 Character or []\T1/zi4/m/n/10 NULL[]\T1/ptm/m/n/10 . Col-umn n
ame of the un-trans-formed (back-transformed)

Overfull \hbox (0.17728pt too wide) in paragraph at lines 522--524
[]\T1/ptm/b/n/10 File mode \T1/ptm/m/n/10 ^^V sup-ply []\T1/zi4/m/n/10 fpath_i 
[]\T1/ptm/m/n/10 (path to a SimuRg JSON / RData ob-ject that con-tains SUMTAB,
[9]
Overfull \hbox (0.46793pt too wide) in paragraph at lines 524--526
[]\T1/ptm/b/n/10 Table mode \T1/ptm/m/n/10 ^^V sup-ply both []\T1/zi4/m/n/10 ds
_parest []\T1/ptm/m/n/10 (pa-ram-e-ter es-ti-mates) and []\T1/zi4/m/n/10 ds_cov
s []\T1/ptm/m/n/10 (co-vari-ate dataset). 

Overfull \hbox (1.75603pt too wide) in paragraph at lines 552--558
[]\T1/ptm/m/n/10 data.frame. Full sen-si-tiv-ity re-sults for model pa-ram-e-te
rs: per-cent change statis-tics (mean,
[10]
Underfull \vbox (badness 10000) has occurred while \output is active [11]
[12]
Overfull \hbox (25.61752pt too wide) in paragraph at lines 781--784
[]\T1/ptm/m/n/10 Axis la-bel for the nu-meric scale (this be-comes the hor-i-zo
n-tal axis af-ter []\T1/zi4/m/n/10 coord_flip()[]\T1/ptm/m/n/10 ).
[13]
Overfull \hbox (0.50578pt too wide) in paragraph at lines 796--798
[]\T1/zi4/m/n/10 PARSENS []\T1/ptm/m/n/10 ^^V sen-si-tiv-ity of in-di-vid-ual p
a-ram-e-ters (sim-u-la-tion at time zero, no ODE time course). 

Overfull \hbox (19.90753pt too wide) in paragraph at lines 805--811
[]\T1/ptm/m/n/10 Values on the y-axis are ra-tios rel-a-tive to the ref-er-ence
 sce-nario: []\T1/zi4/m/n/10 1 []\T1/ptm/m/n/10 means no change. In []\T1/zi4/m
/n/10 sg_covsens_sim[]\T1/ptm/m/n/10 ,
[14]
Underfull \vbox (badness 10000) has occurred while \output is active [15]
Underfull \vbox (badness 10000) has occurred while \output is active [16]
[17]
Underfull \vbox (badness 10000) has occurred while \output is active [18]
[19]
Overfull \hbox (11.89839pt too wide) in paragraph at lines 1166--1170
[]\T1/ptm/m/n/10 Character or []\T1/zi4/m/n/10 NULL[]\T1/ptm/m/n/10 . Col-umn n
ame of the un-trans-formed (back-transformed)
[20]
Overfull \hbox (1.09961pt too wide) in paragraph at lines 1273--1274
[]\T1/ptm/m/n/10 String, one of []\T1/zi4/m/n/10 "fixed"[]\T1/ptm/m/n/10 , []\T
1/zi4/m/n/10 "free"[]\T1/ptm/m/n/10 , []\T1/zi4/m/n/10 "free_x"[]\T1/ptm/m/n/10
 , []\T1/zi4/m/n/10 "free_y"[]\T1/ptm/m/n/10 . User can spec-ify whether
[21] (/usr/share/texlive/texmf-dist/tex/latex/inconsolata/ts1zi4.fd) [22{/usr/s
hare/texlive/texmf-dist/fonts/enc/dvips/inconsolata/i4-ts1.enc}]
Overfull \hbox (15.61752pt too wide) in paragraph at lines 1378--1381
[]\T1/zi4/m/n/10 est []\T1/ptm/m/n/10 - ma-trix, log-i-cal ma-trix spec-i-fy-in
g which in-te-roc-ca-sion variance-covariance

Overfull \hbox (64.2969pt too wide) in paragraph at lines 1403--1406
\T1/ptm/m/n/10 to the mono-lix.bat file. If []\T1/zi4/m/n/10 NULL[]\T1/ptm/m/n/
10 , "C:/ProgramData/Lixoft/MonolixSuite2023R1/bin/monolix.bat"
[23]
Overfull \hbox (1.43835pt too wide) in paragraph at lines 1475--1476
[]\T1/zi4/m/n/10 TRANS []\T1/ptm/m/n/10 - string, resid-ual er-ror dis-tri-bu-t
ion. Can be: []\T1/zi4/m/n/10 "normal"[]\T1/ptm/m/n/10 , []\T1/zi4/m/n/10 "logN
ormal"[]\T1/ptm/m/n/10 ,
[24] [25]
Overfull \hbox (20.50818pt too wide) in paragraph at lines 1611--1612
[]\T1/zi4/m/n/10 TRANS []\T1/ptm/m/n/10 - string, pa-ram-e-ter trans-for-ma-tio
n type. Can be: []\T1/zi4/m/n/10 "normal"[]\T1/ptm/m/n/10 , []\T1/zi4/m/n/10 "l
ogNormal"[]\T1/ptm/m/n/10 ,
[26]
Overfull \hbox (1.43835pt too wide) in paragraph at lines 1625--1626
[]\T1/zi4/m/n/10 TRANS []\T1/ptm/m/n/10 - string, resid-ual er-ror dis-tri-bu-t
ion. Can be: []\T1/zi4/m/n/10 "normal"[]\T1/ptm/m/n/10 , []\T1/zi4/m/n/10 "logN
ormal"[]\T1/ptm/m/n/10 ,

Overfull \hbox (15.61752pt too wide) in paragraph at lines 1663--1666
[]\T1/zi4/m/n/10 est []\T1/ptm/m/n/10 - ma-trix, log-i-cal ma-trix spec-i-fy-in
g which in-te-roc-ca-sion variance-covariance
[27]
Overfull \hbox (64.2969pt too wide) in paragraph at lines 1713--1716
\T1/ptm/m/n/10 to the mono-lix.bat file. If []\T1/zi4/m/n/10 NULL[]\T1/ptm/m/n/
10 , "C:/ProgramData/Lixoft/MonolixSuite2023R1/bin/monolix.bat"
[28]
Underfull \vbox (badness 10000) has occurred while \output is active [29]
Underfull \vbox (badness 10000) has occurred while \output is active [30]
[31]
Overfull \hbox (39.75941pt too wide) in paragraph at lines 1962--1962
 []\T1/zi4/m/n/9 source(system.file("extdata", "RxODE_model", "example_rxode_mo
del.R", package = "SimuRg")) # mod_ex[] 
[32] [33]
Overfull \hbox (39.75941pt too wide) in paragraph at lines 2062--2062
 []\T1/zi4/m/n/9 source(system.file("extdata", "RxODE_model", "example_rxode_mo
del.R", package = "SimuRg")) # mod_ex[] 

Underfull \vbox (badness 10000) has occurred while \output is active [34]
[35]
Overfull \hbox (1.09961pt too wide) in paragraph at lines 2203--2204
[]\T1/ptm/m/n/10 String, one of []\T1/zi4/m/n/10 "fixed"[]\T1/ptm/m/n/10 , []\T
1/zi4/m/n/10 "free"[]\T1/ptm/m/n/10 , []\T1/zi4/m/n/10 "free_x"[]\T1/ptm/m/n/10
 , []\T1/zi4/m/n/10 "free_y"[]\T1/ptm/m/n/10 . User can spec-ify whether
[36]
Overfull \hbox (3.75941pt too wide) in paragraph at lines 2291--2291
 []\T1/zi4/m/n/9 fpath_i <- system.file("extdata", "simurg_object", "Warfarin_P
K.RData", package = "SimuRg")[] 
[37]
Overfull \hbox (30.16763pt too wide) in paragraph at lines 2349--2351
\T1/ptm/m/n/10 and op-tion-ally com-pares them with the ex-pected population-le
vel vari-abil-ity us-ing \T1/zi4/m/n/10 $SUMTAB$DISTRIBUTION
[38]
Overfull \hbox (26.02846pt too wide) in paragraph at lines 2352--2353
[]\T1/zi4/m/n/10 logitNormal []\T1/ptm/m/n/10 uses the in-verse logit of []\T1/
zi4/m/n/10 logit(TV) + ETA[]\T1/ptm/m/n/10 . Pa-ram-e-ters with miss-ing or emp
ty []\T1/zi4/m/n/10 DISTRIBUTION

Overfull \hbox (3.75941pt too wide) in paragraph at lines 2363--2363
 []\T1/zi4/m/n/9 fpath_i <- system.file("extdata", "simurg_object", "Warfarin_P
K.RData", package = "SimuRg")[] 
[39] [40]
Overfull \hbox (1.09961pt too wide) in paragraph at lines 2469--2470
[]\T1/ptm/m/n/10 String, one of []\T1/zi4/m/n/10 "fixed"[]\T1/ptm/m/n/10 , []\T
1/zi4/m/n/10 "free"[]\T1/ptm/m/n/10 , []\T1/zi4/m/n/10 "free_x"[]\T1/ptm/m/n/10
 , []\T1/zi4/m/n/10 "free_y"[]\T1/ptm/m/n/10 . User can spec-ify whether
[41] [42]
Overfull \hbox (24.73795pt too wide) in paragraph at lines 2602--2602
 []\T1/zi4/m/n/9 # (default \code{DVID = 1}; pass \code{DVID} or a \code{DVNAME
} string to select another endpoint)[] 
[43]
Overfull \hbox (1.09961pt too wide) in paragraph at lines 2665--2666
[]\T1/ptm/m/n/10 String, one of []\T1/zi4/m/n/10 "fixed"[]\T1/ptm/m/n/10 , []\T
1/zi4/m/n/10 "free"[]\T1/ptm/m/n/10 , []\T1/zi4/m/n/10 "free_x"[]\T1/ptm/m/n/10
 , []\T1/zi4/m/n/10 "free_y"[]\T1/ptm/m/n/10 . User can spec-ify whether
[44]
Overfull \hbox (0.14857pt too wide) in paragraph at lines 2737--2738
[]\T1/ptm/m/n/10 Numeric vec-tor of lower bounds for each pa-ram-e-ter. Length 
must match []\T1/zi4/m/n/10 params[]\T1/ptm/m/n/10 .

Overfull \hbox (0.39871pt too wide) in paragraph at lines 2739--2740
[]\T1/ptm/m/n/10 Numeric vec-tor of up-per bounds for each pa-ram-e-ter. Length
 must match []\T1/zi4/m/n/10 params[]\T1/ptm/m/n/10 .
[45] [46] [47] [48]
Underfull \vbox (badness 10000) has occurred while \output is active [49]
[50] [51]
Underfull \vbox (badness 10000) has occurred while \output is active [52]
[53]
Overfull \hbox (3.75941pt too wide) in paragraph at lines 3237--3237
 []\T1/zi4/m/n/9 fpath_i <- system.file("extdata", "simurg_object", "Warfarin_P
K.RData", package = "SimuRg") 
[54]
Overfull \hbox (6.67761pt too wide) in paragraph at lines 3289--3291
[]\T1/ptm/m/n/10 Tibble de-scrib-ing pop-u-la-tion pa-ram-e-ter prop-er-ties. T
ib-ble should con-tain columns

Overfull \hbox (2.6776pt too wide) in paragraph at lines 3295--3297
[]\T1/ptm/m/n/10 Occasion ef-fect ma-tri-ces. In-cludes []\T1/zi4/m/n/10 init [
]\T1/ptm/m/n/10 and []\T1/zi4/m/n/10 est []\T1/ptm/m/n/10 ma-tri-ces defin-ing 
inter-occasion
[55] [56] [57]
Overfull \hbox (3.75941pt too wide) in paragraph at lines 3479--3479
 []\T1/zi4/m/n/9 fpath_i <- system.file("extdata", "simurg_object", "Warfarin_P
K.RData", package = "SimuRg") 

Overfull \hbox (3.75941pt too wide) in paragraph at lines 3520--3520
 []\T1/zi4/m/n/9 fpath_i <- system.file("extdata", "simurg_object", "Warfarin_P
K.RData", package = "SimuRg")[] 
[58] [59] [60] [61]
Underfull \vbox (badness 10000) has occurred while \output is active [62]
Underfull \vbox (badness 10000) has occurred while \output is active [63]
Overfull \hbox (42.86557pt too wide) in paragraph at lines 3871--3874
[]\T1/ptm/m/n/10 Creates a gg-plot time-profile plot from lon-gi-tu-di-nal data
 with op-tional sum-ma-riza-tion (mean/median/geometric
[64] [65]
Overfull \hbox (7.26631pt too wide) in paragraph at lines 3986--3988
[]\T1/ptm/m/n/10 Converts struc-tural phar-ma-co-met-ric model files be-tween r
x-ode2 (R pack-age) and MLX-TRAN (Mono-
[66] [67] [68]
Overfull \hbox (3.75941pt too wide) in paragraph at lines 4138--4138
 []\T1/zi4/m/n/9 fpath_i <- system.file("extdata", "simurg_object", "Warfarin_P
K.RData", package = "SimuRg")[] 
[69] [70] [71]
Overfull \hbox (3.75941pt too wide) in paragraph at lines 4349--4349
 []\T1/zi4/m/n/9 fpath_i <- system.file("extdata", "simurg_object", "Warfarin_P
K.RData", package = "SimuRg")[] 
[72] [73]
Overfull \hbox (6.90782pt too wide) in paragraph at lines 4446--4447
[]\T1/ptm/m/n/10 character vec-tor. Con-tains color codes (hex for-mat) for cus
-tom plot color schemes.

Overfull \hbox (8.61827pt too wide) in paragraph at lines 4446--4447
\T1/ptm/m/n/10 UMAP vi-su-al-iza-tions (op-tional, de-fault: []\T1/zi4/m/n/10 c
("#3a6eba", "#efdd3c", "#1a1866",
[74]
Overfull \hbox (2.54726pt too wide) in paragraph at lines 4473--4474
[]\T1/zi4/m/n/10 dplot_cont []\T1/ptm/m/n/10 - List of gg-plot his-tograms for 
con-tin-u-ous vari-ables (or []\T1/zi4/m/n/10 NULL []\T1/ptm/m/n/10 if diag_plo
ts=FALSE
[75] (/var/scratch2/tomas/tmp/RtmpnreRJI/Rd2pdf27db1c2844a0ec/Rd2.ind [76]

LaTeX Font Warning: Font shape `T1/zi4/m/it' undefined
(Font)              using `T1/zi4/m/n' instead on input line 61.

[77]) (/var/scratch2/tomas/tmp/RtmpnreRJI/Rd2pdf27db1c2844a0ec/Rd2.aux)

LaTeX Font Warning: Some font shapes were not available, defaults substituted.


Package rerunfilecheck Warning: File `Rd2.out' has changed.
(rerunfilecheck)                Rerun to get outlines right
(rerunfilecheck)                or use package `bookmark'.

 )
(see the transcript file for additional information)</usr/share/texlive/texmf-d
ist/fonts/type1/public/inconsolata/Inconsolata-zi4r.pfb></usr/share/texlive/tex
mf-dist/fonts/type1/public/amsfonts/cm/cmmi10.pfb></usr/share/texlive/texmf-dis
t/fonts/type1/public/amsfonts/cm/cmr10.pfb></usr/share/texlive/texmf-dist/fonts
/type1/public/amsfonts/cm/cmr7.pfb></usr/share/texlive/texmf-dist/fonts/type1/p
ublic/amsfonts/cm/cmsy10.pfb></usr/share/texlive/texmf-dist/fonts/type1/urw/tim
es/utmb8a.pfb></usr/share/texlive/texmf-dist/fonts/type1/urw/times/utmr8a.pfb><
/usr/share/texlive/texmf-dist/fonts/type1/urw/times/utmr8a.pfb></usr/share/texl
ive/texmf-dist/fonts/type1/urw/times/utmri8a.pfb>
Output written on Rd2.pdf (77 pages, 268785 bytes).
Transcript written on Rd2.log.
This is makeindex, version 2.17 [TeX Live 2023] (kpathsea + Thai support).
Scanning input file Rd2.idx....done (45 entries accepted, 0 rejected).
Sorting entries....done (247 comparisons).
Generating output file Rd2.ind....done (69 lines written, 0 warnings).
Output written in Rd2.ind.
Transcript written in Rd2.ilg.
This is pdfTeX, Version 3.141592653-2.6-1.40.25 (TeX Live 2023) (preloaded format=pdflatex)
 restricted \write18 enabled.
entering extended mode
LaTeX2e <2022-11-01> patch level 1
L3 programming layer <2023-02-22> (./Rd2.tex
(/usr/share/texlive/texmf-dist/tex/latex/base/book.cls
Document Class: book 2022/07/02 v1.4n Standard LaTeX document class
(/usr/share/texlive/texmf-dist/tex/latex/base/bk10.clo))
(/var/scratch2/tomas/cran/rcnst/build/share/texmf/tex/latex/Rd.sty
(/usr/share/texlive/texmf-dist/tex/latex/base/ifthen.sty)
(/usr/share/texlive/texmf-dist/tex/generic/iftex/iftex.sty)
(/usr/share/texlive/texmf-dist/tex/latex/tools/longtable.sty)
(/usr/share/texlive/texmf-dist/tex/latex/tools/bm.sty)
(/usr/share/texlive/texmf-dist/tex/latex/base/alltt.sty)
(/usr/share/texlive/texmf-dist/tex/latex/tools/verbatim.sty)
(/usr/share/texlive/texmf-dist/tex/latex/url/url.sty)
(/usr/share/texlive/texmf-dist/tex/latex/base/textcomp.sty)
(/usr/share/texlive/texmf-dist/tex/latex/amsmath/amsmath.sty
For additional information on amsmath, use the `?' option.
(/usr/share/texlive/texmf-dist/tex/latex/amsmath/amstext.sty
(/usr/share/texlive/texmf-dist/tex/latex/amsmath/amsgen.sty))
(/usr/share/texlive/texmf-dist/tex/latex/amsmath/amsbsy.sty)
(/usr/share/texlive/texmf-dist/tex/latex/amsmath/amsopn.sty))
(/usr/share/texlive/texmf-dist/tex/latex/amsfonts/amsfonts.sty)
(/usr/share/texlive/texmf-dist/tex/latex/amsfonts/amssymb.sty)
(/usr/share/texlive/texmf-dist/tex/latex/jknapltx/mathrsfs.sty)
(/usr/share/texlive/texmf-dist/tex/latex/base/fontenc.sty)
(/usr/share/texlive/texmf-dist/tex/latex/psnfss/times.sty)
(/usr/share/texlive/texmf-dist/tex/latex/inconsolata/zi4.sty
`inconsolata-zi4' v1.12, 2019/05/17 Text macros for Inconsolata (msharpe)
(/usr/share/texlive/texmf-dist/tex/latex/xkeyval/xkeyval.sty
(/usr/share/texlive/texmf-dist/tex/generic/xkeyval/xkeyval.tex
(/usr/share/texlive/texmf-dist/tex/generic/xkeyval/xkvutils.tex
(/usr/share/texlive/texmf-dist/tex/generic/xkeyval/keyval.tex)))))
(/usr/share/texlive/texmf-dist/tex/latex/graphics/color.sty
(/usr/share/texlive/texmf-dist/tex/latex/graphics-cfg/color.cfg)
(/usr/share/texlive/texmf-dist/tex/latex/graphics-def/pdftex.def)
(/usr/share/texlive/texmf-dist/tex/latex/graphics/mathcolor.ltx))
(/usr/share/texlive/texmf-dist/tex/latex/hyperref/hyperref.sty
(/usr/share/texlive/texmf-dist/tex/generic/ltxcmds/ltxcmds.sty)
(/usr/share/texlive/texmf-dist/tex/generic/pdftexcmds/pdftexcmds.sty
(/usr/share/texlive/texmf-dist/tex/generic/infwarerr/infwarerr.sty))
(/usr/share/texlive/texmf-dist/tex/latex/kvsetkeys/kvsetkeys.sty)
(/usr/share/texlive/texmf-dist/tex/generic/kvdefinekeys/kvdefinekeys.sty)
(/usr/share/texlive/texmf-dist/tex/generic/pdfescape/pdfescape.sty)
(/usr/share/texlive/texmf-dist/tex/latex/hycolor/hycolor.sty)
(/usr/share/texlive/texmf-dist/tex/latex/letltxmacro/letltxmacro.sty)
(/usr/share/texlive/texmf-dist/tex/latex/auxhook/auxhook.sty)
(/usr/share/texlive/texmf-dist/tex/latex/hyperref/nameref.sty
(/usr/share/texlive/texmf-dist/tex/latex/refcount/refcount.sty)
(/usr/share/texlive/texmf-dist/tex/generic/gettitlestring/gettitlestring.sty
(/usr/share/texlive/texmf-dist/tex/latex/kvoptions/kvoptions.sty)))
(/usr/share/texlive/texmf-dist/tex/latex/hyperref/pd1enc.def)
(/usr/share/texlive/texmf-dist/tex/generic/intcalc/intcalc.sty)
(/usr/share/texlive/texmf-dist/tex/generic/etexcmds/etexcmds.sty)
(/usr/share/texlive/texmf-dist/tex/latex/hyperref/puenc.def)
(/usr/share/texlive/texmf-dist/tex/generic/bitset/bitset.sty
(/usr/share/texlive/texmf-dist/tex/generic/bigintcalc/bigintcalc.sty))
(/usr/share/texlive/texmf-dist/tex/latex/base/atbegshi-ltx.sty))
(/usr/share/texlive/texmf-dist/tex/latex/hyperref/hpdftex.def
(/usr/share/texlive/texmf-dist/tex/latex/base/atveryend-ltx.sty)
(/usr/share/texlive/texmf-dist/tex/latex/rerunfilecheck/rerunfilecheck.sty
(/usr/share/texlive/texmf-dist/tex/generic/uniquecounter/uniquecounter.sty))))
(/usr/share/texlive/texmf-dist/tex/latex/base/makeidx.sty)
Writing index file Rd2.idx
(/usr/share/texlive/texmf-dist/tex/latex/psnfss/t1ptm.fd)
(/usr/share/texlive/texmf-dist/tex/latex/l3backend/l3backend-pdftex.def)
(/var/scratch2/tomas/tmp/RtmpnreRJI/Rd2pdf27db1c2844a0ec/Rd2.aux)
(/usr/share/texlive/texmf-dist/tex/context/base/mkii/supp-pdf.mkii
[Loading MPS to PDF converter (version 2006.09.02).]
) (/var/scratch2/tomas/tmp/RtmpnreRJI/Rd2pdf27db1c2844a0ec/Rd2.out)
(/var/scratch2/tomas/tmp/RtmpnreRJI/Rd2pdf27db1c2844a0ec/Rd2.out)
(/usr/share/texlive/texmf-dist/tex/latex/psnfss/ts1ptm.fd)
(/usr/share/texlive/texmf-dist/tex/latex/inconsolata/t1zi4.fd)
(/var/scratch2/tomas/tmp/RtmpnreRJI/Rd2pdf27db1c2844a0ec/Rd2.toc
(/usr/share/texlive/texmf-dist/tex/latex/amsfonts/umsa.fd)
(/usr/share/texlive/texmf-dist/tex/latex/amsfonts/umsb.fd)
(/usr/share/texlive/texmf-dist/tex/latex/jknapltx/ursfs.fd) [1{/var/lib/texmf/f
onts/map/pdftex/updmap/pdftex.map}{/usr/share/texlive/texmf-dist/fonts/enc/dvip
s/base/8r.enc}{/usr/share/texlive/texmf-dist/fonts/enc/dvips/inconsolata/i4-t1-
0.enc}]) [2] [3]
Overfull \hbox (42.26413pt too wide) in paragraph at lines 171--178
\T1/ptm/m/n/10 sta-tus), []\T1/zi4/m/n/10 SE []\T1/ptm/m/n/10 (stan-dard er-ror
), []\T1/zi4/m/n/10 RSE []\T1/ptm/m/n/10 (rel-a-tive SE, \ []\T1/zi4/m/n/10 LCI
 []\T1/ptm/m/n/10 and []\T1/zi4/m/n/10 UCI []\T1/ptm/m/n/10 (95\ []\T1/zi4/m/n/
10 ETAshrinkage_var[]\T1/ptm/m/n/10 , []\T1/zi4/m/n/10 ETAshrinkage_sd[]\T1/ptm
/m/n/10 ,
[4]
Overfull \hbox (10.78204pt too wide) in paragraph at lines 193--195
[]\T1/ptm/m/n/10 3 $\OMS/cmsy/m/n/10 ^^B$ \T1/ptm/m/n/10 3 nu-meric ma-trix ^^V
 OMEGA variance-covariance ma-trix of the inter-individual
[5] [6]
Overfull \hbox (4.72pt too wide) in paragraph at lines 315--319
[]\T1/zi4/m/n/10 <proj_name>_GCO.json []\T1/ptm/m/n/10 and []\T1/zi4/m/n/10 <pr
oj_name>_GFO.json[]\T1/ptm/m/n/10 , and also saves two RData

Overfull \hbox (0.99997pt too wide) in paragraph at lines 315--319
\T1/ptm/m/n/10 files: []\T1/zi4/m/n/10 <proj_name>_GCO.RData []\T1/ptm/m/n/10 (
ob-ject []\T1/zi4/m/n/10 gco[]\T1/ptm/m/n/10 ) and []\T1/zi4/m/n/10 <proj_name>
_GFO.RData []\T1/ptm/m/n/10 (ob-
[7] [8]
Overfull \hbox (11.89839pt too wide) in paragraph at lines 473--477
[]\T1/ptm/m/n/10 Character or []\T1/zi4/m/n/10 NULL[]\T1/ptm/m/n/10 . Col-umn n
ame of the un-trans-formed (back-transformed)

Overfull \hbox (0.17728pt too wide) in paragraph at lines 522--524
[]\T1/ptm/b/n/10 File mode \T1/ptm/m/n/10 ^^V sup-ply []\T1/zi4/m/n/10 fpath_i 
[]\T1/ptm/m/n/10 (path to a SimuRg JSON / RData ob-ject that con-tains SUMTAB,
[9]
Overfull \hbox (0.46793pt too wide) in paragraph at lines 524--526
[]\T1/ptm/b/n/10 Table mode \T1/ptm/m/n/10 ^^V sup-ply both []\T1/zi4/m/n/10 ds
_parest []\T1/ptm/m/n/10 (pa-ram-e-ter es-ti-mates) and []\T1/zi4/m/n/10 ds_cov
s []\T1/ptm/m/n/10 (co-vari-ate dataset). 

Overfull \hbox (1.75603pt too wide) in paragraph at lines 552--558
[]\T1/ptm/m/n/10 data.frame. Full sen-si-tiv-ity re-sults for model pa-ram-e-te
rs: per-cent change statis-tics (mean,
[10]
Underfull \vbox (badness 10000) has occurred while \output is active [11]
[12]
Overfull \hbox (25.61752pt too wide) in paragraph at lines 781--784
[]\T1/ptm/m/n/10 Axis la-bel for the nu-meric scale (this be-comes the hor-i-zo
n-tal axis af-ter []\T1/zi4/m/n/10 coord_flip()[]\T1/ptm/m/n/10 ).
[13]
Overfull \hbox (0.50578pt too wide) in paragraph at lines 796--798
[]\T1/zi4/m/n/10 PARSENS []\T1/ptm/m/n/10 ^^V sen-si-tiv-ity of in-di-vid-ual p
a-ram-e-ters (sim-u-la-tion at time zero, no ODE time course). 

Overfull \hbox (19.90753pt too wide) in paragraph at lines 805--811
[]\T1/ptm/m/n/10 Values on the y-axis are ra-tios rel-a-tive to the ref-er-ence
 sce-nario: []\T1/zi4/m/n/10 1 []\T1/ptm/m/n/10 means no change. In []\T1/zi4/m
/n/10 sg_covsens_sim[]\T1/ptm/m/n/10 ,
[14]
Underfull \vbox (badness 10000) has occurred while \output is active [15]
Underfull \vbox (badness 10000) has occurred while \output is active [16]
[17]
Underfull \vbox (badness 10000) has occurred while \output is active [18]
[19]
Overfull \hbox (11.89839pt too wide) in paragraph at lines 1166--1170
[]\T1/ptm/m/n/10 Character or []\T1/zi4/m/n/10 NULL[]\T1/ptm/m/n/10 . Col-umn n
ame of the un-trans-formed (back-transformed)
[20]
Overfull \hbox (1.09961pt too wide) in paragraph at lines 1273--1274
[]\T1/ptm/m/n/10 String, one of []\T1/zi4/m/n/10 "fixed"[]\T1/ptm/m/n/10 , []\T
1/zi4/m/n/10 "free"[]\T1/ptm/m/n/10 , []\T1/zi4/m/n/10 "free_x"[]\T1/ptm/m/n/10
 , []\T1/zi4/m/n/10 "free_y"[]\T1/ptm/m/n/10 . User can spec-ify whether
[21] (/usr/share/texlive/texmf-dist/tex/latex/inconsolata/ts1zi4.fd) [22{/usr/s
hare/texlive/texmf-dist/fonts/enc/dvips/inconsolata/i4-ts1.enc}]
Overfull \hbox (15.61752pt too wide) in paragraph at lines 1378--1381
[]\T1/zi4/m/n/10 est []\T1/ptm/m/n/10 - ma-trix, log-i-cal ma-trix spec-i-fy-in
g which in-te-roc-ca-sion variance-covariance

Overfull \hbox (64.2969pt too wide) in paragraph at lines 1403--1406
\T1/ptm/m/n/10 to the mono-lix.bat file. If []\T1/zi4/m/n/10 NULL[]\T1/ptm/m/n/
10 , "C:/ProgramData/Lixoft/MonolixSuite2023R1/bin/monolix.bat"
[23]
Overfull \hbox (1.43835pt too wide) in paragraph at lines 1475--1476
[]\T1/zi4/m/n/10 TRANS []\T1/ptm/m/n/10 - string, resid-ual er-ror dis-tri-bu-t
ion. Can be: []\T1/zi4/m/n/10 "normal"[]\T1/ptm/m/n/10 , []\T1/zi4/m/n/10 "logN
ormal"[]\T1/ptm/m/n/10 ,
[24] [25]
Overfull \hbox (20.50818pt too wide) in paragraph at lines 1611--1612
[]\T1/zi4/m/n/10 TRANS []\T1/ptm/m/n/10 - string, pa-ram-e-ter trans-for-ma-tio
n type. Can be: []\T1/zi4/m/n/10 "normal"[]\T1/ptm/m/n/10 , []\T1/zi4/m/n/10 "l
ogNormal"[]\T1/ptm/m/n/10 ,
[26]
Overfull \hbox (1.43835pt too wide) in paragraph at lines 1625--1626
[]\T1/zi4/m/n/10 TRANS []\T1/ptm/m/n/10 - string, resid-ual er-ror dis-tri-bu-t
ion. Can be: []\T1/zi4/m/n/10 "normal"[]\T1/ptm/m/n/10 , []\T1/zi4/m/n/10 "logN
ormal"[]\T1/ptm/m/n/10 ,

Overfull \hbox (15.61752pt too wide) in paragraph at lines 1663--1666
[]\T1/zi4/m/n/10 est []\T1/ptm/m/n/10 - ma-trix, log-i-cal ma-trix spec-i-fy-in
g which in-te-roc-ca-sion variance-covariance
[27]
Overfull \hbox (64.2969pt too wide) in paragraph at lines 1713--1716
\T1/ptm/m/n/10 to the mono-lix.bat file. If []\T1/zi4/m/n/10 NULL[]\T1/ptm/m/n/
10 , "C:/ProgramData/Lixoft/MonolixSuite2023R1/bin/monolix.bat"
[28]
Underfull \vbox (badness 10000) has occurred while \output is active [29]
Underfull \vbox (badness 10000) has occurred while \output is active [30]
[31]
Overfull \hbox (39.75941pt too wide) in paragraph at lines 1962--1962
 []\T1/zi4/m/n/9 source(system.file("extdata", "RxODE_model", "example_rxode_mo
del.R", package = "SimuRg")) # mod_ex[] 
[32] [33]
Overfull \hbox (39.75941pt too wide) in paragraph at lines 2062--2062
 []\T1/zi4/m/n/9 source(system.file("extdata", "RxODE_model", "example_rxode_mo
del.R", package = "SimuRg")) # mod_ex[] 

Underfull \vbox (badness 10000) has occurred while \output is active [34]
[35]
Overfull \hbox (1.09961pt too wide) in paragraph at lines 2203--2204
[]\T1/ptm/m/n/10 String, one of []\T1/zi4/m/n/10 "fixed"[]\T1/ptm/m/n/10 , []\T
1/zi4/m/n/10 "free"[]\T1/ptm/m/n/10 , []\T1/zi4/m/n/10 "free_x"[]\T1/ptm/m/n/10
 , []\T1/zi4/m/n/10 "free_y"[]\T1/ptm/m/n/10 . User can spec-ify whether
[36]
Overfull \hbox (3.75941pt too wide) in paragraph at lines 2291--2291
 []\T1/zi4/m/n/9 fpath_i <- system.file("extdata", "simurg_object", "Warfarin_P
K.RData", package = "SimuRg")[] 
[37]
Overfull \hbox (30.16763pt too wide) in paragraph at lines 2349--2351
\T1/ptm/m/n/10 and op-tion-ally com-pares them with the ex-pected population-le
vel vari-abil-ity us-ing \T1/zi4/m/n/10 $SUMTAB$DISTRIBUTION
[38]
Overfull \hbox (26.02846pt too wide) in paragraph at lines 2352--2353
[]\T1/zi4/m/n/10 logitNormal []\T1/ptm/m/n/10 uses the in-verse logit of []\T1/
zi4/m/n/10 logit(TV) + ETA[]\T1/ptm/m/n/10 . Pa-ram-e-ters with miss-ing or emp
ty []\T1/zi4/m/n/10 DISTRIBUTION

Overfull \hbox (3.75941pt too wide) in paragraph at lines 2363--2363
 []\T1/zi4/m/n/9 fpath_i <- system.file("extdata", "simurg_object", "Warfarin_P
K.RData", package = "SimuRg")[] 
[39] [40]
Overfull \hbox (1.09961pt too wide) in paragraph at lines 2469--2470
[]\T1/ptm/m/n/10 String, one of []\T1/zi4/m/n/10 "fixed"[]\T1/ptm/m/n/10 , []\T
1/zi4/m/n/10 "free"[]\T1/ptm/m/n/10 , []\T1/zi4/m/n/10 "free_x"[]\T1/ptm/m/n/10
 , []\T1/zi4/m/n/10 "free_y"[]\T1/ptm/m/n/10 . User can spec-ify whether
[41] [42]
Overfull \hbox (24.73795pt too wide) in paragraph at lines 2602--2602
 []\T1/zi4/m/n/9 # (default \code{DVID = 1}; pass \code{DVID} or a \code{DVNAME
} string to select another endpoint)[] 
[43]
Overfull \hbox (1.09961pt too wide) in paragraph at lines 2665--2666
[]\T1/ptm/m/n/10 String, one of []\T1/zi4/m/n/10 "fixed"[]\T1/ptm/m/n/10 , []\T
1/zi4/m/n/10 "free"[]\T1/ptm/m/n/10 , []\T1/zi4/m/n/10 "free_x"[]\T1/ptm/m/n/10
 , []\T1/zi4/m/n/10 "free_y"[]\T1/ptm/m/n/10 . User can spec-ify whether
[44]
Overfull \hbox (0.14857pt too wide) in paragraph at lines 2737--2738
[]\T1/ptm/m/n/10 Numeric vec-tor of lower bounds for each pa-ram-e-ter. Length 
must match []\T1/zi4/m/n/10 params[]\T1/ptm/m/n/10 .

Overfull \hbox (0.39871pt too wide) in paragraph at lines 2739--2740
[]\T1/ptm/m/n/10 Numeric vec-tor of up-per bounds for each pa-ram-e-ter. Length
 must match []\T1/zi4/m/n/10 params[]\T1/ptm/m/n/10 .
[45] [46] [47] [48]
Underfull \vbox (badness 10000) has occurred while \output is active [49]
[50] [51]
Underfull \vbox (badness 10000) has occurred while \output is active [52]
[53]
Overfull \hbox (3.75941pt too wide) in paragraph at lines 3237--3237
 []\T1/zi4/m/n/9 fpath_i <- system.file("extdata", "simurg_object", "Warfarin_P
K.RData", package = "SimuRg") 
[54]
Overfull \hbox (6.67761pt too wide) in paragraph at lines 3289--3291
[]\T1/ptm/m/n/10 Tibble de-scrib-ing pop-u-la-tion pa-ram-e-ter prop-er-ties. T
ib-ble should con-tain columns

Overfull \hbox (2.6776pt too wide) in paragraph at lines 3295--3297
[]\T1/ptm/m/n/10 Occasion ef-fect ma-tri-ces. In-cludes []\T1/zi4/m/n/10 init [
]\T1/ptm/m/n/10 and []\T1/zi4/m/n/10 est []\T1/ptm/m/n/10 ma-tri-ces defin-ing 
inter-occasion
[55] [56] [57]
Overfull \hbox (3.75941pt too wide) in paragraph at lines 3479--3479
 []\T1/zi4/m/n/9 fpath_i <- system.file("extdata", "simurg_object", "Warfarin_P
K.RData", package = "SimuRg") 

Overfull \hbox (3.75941pt too wide) in paragraph at lines 3520--3520
 []\T1/zi4/m/n/9 fpath_i <- system.file("extdata", "simurg_object", "Warfarin_P
K.RData", package = "SimuRg")[] 
[58] [59] [60] [61]
Underfull \vbox (badness 10000) has occurred while \output is active [62]
Underfull \vbox (badness 10000) has occurred while \output is active [63]
Overfull \hbox (42.86557pt too wide) in paragraph at lines 3871--3874
[]\T1/ptm/m/n/10 Creates a gg-plot time-profile plot from lon-gi-tu-di-nal data
 with op-tional sum-ma-riza-tion (mean/median/geometric
[64] [65]
Overfull \hbox (7.26631pt too wide) in paragraph at lines 3986--3988
[]\T1/ptm/m/n/10 Converts struc-tural phar-ma-co-met-ric model files be-tween r
x-ode2 (R pack-age) and MLX-TRAN (Mono-
[66] [67] [68]
Overfull \hbox (3.75941pt too wide) in paragraph at lines 4138--4138
 []\T1/zi4/m/n/9 fpath_i <- system.file("extdata", "simurg_object", "Warfarin_P
K.RData", package = "SimuRg")[] 
[69] [70] [71]
Overfull \hbox (3.75941pt too wide) in paragraph at lines 4349--4349
 []\T1/zi4/m/n/9 fpath_i <- system.file("extdata", "simurg_object", "Warfarin_P
K.RData", package = "SimuRg")[] 
[72] [73]
Overfull \hbox (6.90782pt too wide) in paragraph at lines 4446--4447
[]\T1/ptm/m/n/10 character vec-tor. Con-tains color codes (hex for-mat) for cus
-tom plot color schemes.

Overfull \hbox (8.61827pt too wide) in paragraph at lines 4446--4447
\T1/ptm/m/n/10 UMAP vi-su-al-iza-tions (op-tional, de-fault: []\T1/zi4/m/n/10 c
("#3a6eba", "#efdd3c", "#1a1866",
[74]
Overfull \hbox (2.54726pt too wide) in paragraph at lines 4473--4474
[]\T1/zi4/m/n/10 dplot_cont []\T1/ptm/m/n/10 - List of gg-plot his-tograms for 
con-tin-u-ous vari-ables (or []\T1/zi4/m/n/10 NULL []\T1/ptm/m/n/10 if diag_plo
ts=FALSE
[75] (/var/scratch2/tomas/tmp/RtmpnreRJI/Rd2pdf27db1c2844a0ec/Rd2.ind [76]

LaTeX Font Warning: Font shape `T1/zi4/m/it' undefined
(Font)              using `T1/zi4/m/n' instead on input line 61.

[77]) (/var/scratch2/tomas/tmp/RtmpnreRJI/Rd2pdf27db1c2844a0ec/Rd2.aux)

LaTeX Font Warning: Some font shapes were not available, defaults substituted.

 )
(see the transcript file for additional information)</usr/share/texlive/texmf-d
ist/fonts/type1/public/inconsolata/Inconsolata-zi4r.pfb></usr/share/texlive/tex
mf-dist/fonts/type1/public/amsfonts/cm/cmmi10.pfb></usr/share/texlive/texmf-dis
t/fonts/type1/public/amsfonts/cm/cmr10.pfb></usr/share/texlive/texmf-dist/fonts
/type1/public/amsfonts/cm/cmr7.pfb></usr/share/texlive/texmf-dist/fonts/type1/p
ublic/amsfonts/cm/cmsy10.pfb></usr/share/texlive/texmf-dist/fonts/type1/urw/tim
es/utmb8a.pfb></usr/share/texlive/texmf-dist/fonts/type1/urw/times/utmr8a.pfb><
/usr/share/texlive/texmf-dist/fonts/type1/urw/times/utmr8a.pfb></usr/share/texl
ive/texmf-dist/fonts/type1/urw/times/utmri8a.pfb>
Output written on Rd2.pdf (77 pages, 268998 bytes).
Transcript written on Rd2.log.
Saving output to ‘SimuRg-manual.pdf’ ...
Done
You may want to clean up by 'rm -Rf /var/scratch2/tomas/tmp/RtmpnreRJI/Rd2pdf27db1c2844a0ec'
