Package crs version 0.15-41
Package built using 89872/R 4.6.0; x86_64-pc-linux-gnu; 2026-04-12 18:08:34 UTC; unix   
Checked with rchk version 35618ebbccf3cd0b45a3530e6303970a22a9056b LLVM version 14.0.6
More information at https://github.com/kalibera/cran-checks/blob/master/rchk/PROTECT.md
For rchk in docker image see https://github.com/kalibera/rchk/blob/master/doc/DOCKER.md

Function apply_options(NomadProblemInfo*, SEXPREC*, int, std::__1::vector<int, std::__1::allocator<int> > const&, std::__1::vector<double, std::__1::allocator<double> > const&, std::__1::vector<double, std::__1::allocator<double> > const&)
  [UP] unprotected variable names while calling allocating function apply_array_option_values(NomadProblemInfo*, std::__1::basic_string<char, std::__1::char_traits<char>, std::__1::allocator<char> > const&, std::__1::vector<double, std::__1::allocator<double> > const&, int, std::__1::vector<int, std::__1::allocator<int> > const&) crs/src/snomadr.cpp:459
  [UP] unprotected variable names while calling allocating function addNomadValParam crs/src/snomadr.cpp:462
  [UP] unprotected variable names while calling allocating function apply_named_option_line(NomadProblemInfo*, std::__1::basic_string<char, std::__1::char_traits<char>, std::__1::allocator<char> > const&, std::__1::basic_string<char, std::__1::char_traits<char>, std::__1::allocator<char> > const&) crs/src/snomadr.cpp:465
  [UP] unprotected variable names while calling allocating function apply_array_option_values(NomadProblemInfo*, std::__1::basic_string<char, std::__1::char_traits<char>, std::__1::allocator<char> > const&, std::__1::vector<double, std::__1::allocator<double> > const&, int, std::__1::vector<int, std::__1::allocator<int> > const&) crs/src/snomadr.cpp:490
  [UP] unprotected variable names while calling allocating function addNomadDoubleParam crs/src/snomadr.cpp:494
  [UP] unprotected variable names while calling allocating function apply_named_option_line(NomadProblemInfo*, std::__1::basic_string<char, std::__1::char_traits<char>, std::__1::allocator<char> > const&, std::__1::basic_string<char, std::__1::char_traits<char>, std::__1::allocator<char> > const&) crs/src/snomadr.cpp:498
  [UP] unprotected variable names while calling allocating function apply_array_option_from_string(NomadProblemInfo*, std::__1::basic_string<char, std::__1::char_traits<char>, std::__1::allocator<char> > const&, SEXPREC*, int, std::__1::vector<int, std::__1::allocator<int> > const&, std::__1::vector<double, std::__1::allocator<double> > const&, std::__1::vector<double, std::__1::allocator<double> > const&) crs/src/snomadr.cpp:522
  [UP] unprotected variable names while calling allocating function apply_named_option_line(NomadProblemInfo*, std::__1::basic_string<char, std::__1::char_traits<char>, std::__1::allocator<char> > const&, std::__1::basic_string<char, std::__1::char_traits<char>, std::__1::allocator<char> > const&) crs/src/snomadr.cpp:523
  [UP] unprotected variable names while calling allocating function normalize_array_option_value(std::__1::basic_string<char, std::__1::char_traits<char>, std::__1::allocator<char> > const&) crs/src/snomadr.cpp:523
  [UP] unprotected variable names while calling allocating function addNomadDoubleParam crs/src/snomadr.cpp:532
  [UP] unprotected variable names while calling allocating function apply_named_option_line(NomadProblemInfo*, std::__1::basic_string<char, std::__1::char_traits<char>, std::__1::allocator<char> > const&, std::__1::basic_string<char, std::__1::char_traits<char>, std::__1::allocator<char> > const&) crs/src/snomadr.cpp:536
  [UP] unprotected variable names while calling allocating function addNomadStringParam crs/src/snomadr.cpp:541
  [UP] unprotected variable names while calling allocating function apply_named_option_line(NomadProblemInfo*, std::__1::basic_string<char, std::__1::char_traits<char>, std::__1::allocator<char> > const&, std::__1::basic_string<char, std::__1::char_traits<char>, std::__1::allocator<char> > const&) crs/src/snomadr.cpp:542

Function solve_nomad4(SEXPREC*, bool)
  [UP] unprotected variable ret while calling allocating function freeNomadProblem crs/src/snomadr.cpp:915
