Package gllvm version 2.0.10
Package built using 90050/R 4.6.0; x86_64-pc-linux-gnu; 2026-05-14 14:25:36 UTC; unix   
Checked with rchk version 35618ebbccf3cd0b45a3530e6303970a22a9056b LLVM version 14.0.6
More information at https://github.com/kalibera/cran-checks/blob/master/rchk/PROTECT.md
For rchk in docker image see https://github.com/kalibera/rchk/blob/master/doc/DOCKER.md

Function objective_function<TMBad::global::ad_aug>::operator()()
  [UP] calling allocating function tmbutils::matrix<TMBad::global::ad_aug> asMatrix<TMBad::global::ad_aug>(SEXPREC*) with argument allocated using objective_function<TMBad::global::ad_aug>::getShape(char const*, Rboolean (*)(SEXPREC*)) gllvm/src/gllvm.cpp:55
  [UP] calling allocating function tmbutils::matrix<TMBad::global::ad_aug> asMatrix<TMBad::global::ad_aug>(SEXPREC*) with argument allocated using objective_function<TMBad::global::ad_aug>::getShape(char const*, Rboolean (*)(SEXPREC*)) gllvm/src/gllvm.cpp:56
  [UP] calling allocating function tmbutils::matrix<TMBad::global::ad_aug> asMatrix<TMBad::global::ad_aug>(SEXPREC*) with argument allocated using objective_function<TMBad::global::ad_aug>::getShape(char const*, Rboolean (*)(SEXPREC*)) gllvm/src/gllvm.cpp:57
  [UP] calling allocating function tmbutils::matrix<TMBad::global::ad_aug> asMatrix<TMBad::global::ad_aug>(SEXPREC*) with argument allocated using objective_function<TMBad::global::ad_aug>::getShape(char const*, Rboolean (*)(SEXPREC*)) gllvm/src/gllvm.cpp:59
  [UP] calling allocating function tmbutils::matrix<TMBad::global::ad_aug> asMatrix<TMBad::global::ad_aug>(SEXPREC*) with argument allocated using objective_function<TMBad::global::ad_aug>::getShape(char const*, Rboolean (*)(SEXPREC*)) gllvm/src/gllvm.cpp:60
  [UP] calling allocating function tmbutils::matrix<TMBad::global::ad_aug> asMatrix<TMBad::global::ad_aug>(SEXPREC*) with argument allocated using objective_function<TMBad::global::ad_aug>::getShape(char const*, Rboolean (*)(SEXPREC*)) gllvm/src/gllvm.cpp:61
  [UP] calling allocating function tmbutils::matrix<TMBad::global::ad_aug> asMatrix<TMBad::global::ad_aug>(SEXPREC*) with argument allocated using objective_function<TMBad::global::ad_aug>::getShape(char const*, Rboolean (*)(SEXPREC*)) gllvm/src/gllvm.cpp:65
  [UP] calling allocating function tmbutils::matrix<TMBad::global::ad_aug> asMatrix<TMBad::global::ad_aug>(SEXPREC*) with argument allocated using objective_function<TMBad::global::ad_aug>::getShape(char const*, Rboolean (*)(SEXPREC*)) gllvm/src/gllvm.cpp:69
  [UP] calling allocating function tmbutils::matrix<TMBad::global::ad_aug> asMatrix<TMBad::global::ad_aug>(SEXPREC*) with argument allocated using objective_function<TMBad::global::ad_aug>::getShape(char const*, Rboolean (*)(SEXPREC*)) gllvm/src/gllvm.cpp:77

Function objective_function<double>::operator()()
  [UP] calling allocating function tmbutils::matrix<double> asMatrix<double>(SEXPREC*) with argument allocated using objective_function<double>::getShape(char const*, Rboolean (*)(SEXPREC*)) gllvm/src/gllvm.cpp:55
  [UP] calling allocating function tmbutils::matrix<double> asMatrix<double>(SEXPREC*) with argument allocated using objective_function<double>::getShape(char const*, Rboolean (*)(SEXPREC*)) gllvm/src/gllvm.cpp:56
  [UP] calling allocating function tmbutils::matrix<double> asMatrix<double>(SEXPREC*) with argument allocated using objective_function<double>::getShape(char const*, Rboolean (*)(SEXPREC*)) gllvm/src/gllvm.cpp:57
  [UP] calling allocating function tmbutils::matrix<double> asMatrix<double>(SEXPREC*) with argument allocated using objective_function<double>::getShape(char const*, Rboolean (*)(SEXPREC*)) gllvm/src/gllvm.cpp:59
  [UP] calling allocating function tmbutils::matrix<double> asMatrix<double>(SEXPREC*) with argument allocated using objective_function<double>::getShape(char const*, Rboolean (*)(SEXPREC*)) gllvm/src/gllvm.cpp:60
  [UP] calling allocating function tmbutils::matrix<double> asMatrix<double>(SEXPREC*) with argument allocated using objective_function<double>::getShape(char const*, Rboolean (*)(SEXPREC*)) gllvm/src/gllvm.cpp:61
  [UP] calling allocating function tmbutils::matrix<double> asMatrix<double>(SEXPREC*) with argument allocated using objective_function<double>::getShape(char const*, Rboolean (*)(SEXPREC*)) gllvm/src/gllvm.cpp:65
  [UP] calling allocating function tmbutils::matrix<double> asMatrix<double>(SEXPREC*) with argument allocated using objective_function<double>::getShape(char const*, Rboolean (*)(SEXPREC*)) gllvm/src/gllvm.cpp:69
  [UP] calling allocating function tmbutils::matrix<double> asMatrix<double>(SEXPREC*) with argument allocated using objective_function<double>::getShape(char const*, Rboolean (*)(SEXPREC*)) gllvm/src/gllvm.cpp:77
