Package IP version 0.1.6-1
Package built using 89894/R 4.6.0; x86_64-pc-linux-gnu; 2026-04-18 08:09:27 UTC; unix   
Checked with rchk version 35618ebbccf3cd0b45a3530e6303970a22a9056b LLVM version 14.0.6
More information at https://github.com/kalibera/cran-checks/blob/master/rchk/PROTECT.md
For rchk in docker image see https://github.com/kalibera/rchk/blob/master/doc/DOCKER.md

Suspicious call (two or more unprotected arguments) to Rf_findVarInFrame at Rip_bsearch_ipv4cache_in_ipv4cache_1 IP/src/Rip-match.c:238
Suspicious call (two or more unprotected arguments) to Rf_findVarInFrame at Rip_bsearch_ipv4cache_in_ipv4cache_1 IP/src/Rip-match.c:238
Suspicious call (two or more unprotected arguments) to Rf_findVarInFrame at Rip_bsearch_ipv4cache_in_ipv4cache_1 IP/src/Rip-match.c:238
Suspicious call (two or more unprotected arguments) to Rf_findVarInFrame at Rip_bsearch_ipv4cache_in_ipv4cache_1 IP/src/Rip-match.c:238
Suspicious call (two or more unprotected arguments) to Rf_findVarInFrame at Rip_bsearch_ipv4cache_in_ipv4cache_1 IP/src/Rip-match.c:238
Suspicious call (two or more unprotected arguments) to Rf_findVarInFrame at Rip_bsearch_ipv4cache_in_ipv4cache_1 IP/src/Rip-match.c:238
Suspicious call (two or more unprotected arguments) to Rf_findVarInFrame at Rip_bsearch_ipv4cache_in_ipv4cache_1 IP/src/Rip-match.c:238
Suspicious call (two or more unprotected arguments) to Rf_findVarInFrame at Rip_bsearch_ipv4cache_in_ipv4cache_1 IP/src/Rip-match.c:238
Suspicious call (two or more unprotected arguments) to Rf_setAttrib at Rip_h_ipv4_hash_0_0 IP/src/Rip-match.c:2456
Suspicious call (two or more unprotected arguments) to Rf_setAttrib at Rip_h_ipv4_hash_0_0 IP/src/Rip-match.c:2456
Suspicious call (two or more unprotected arguments) to Rf_setAttrib at Rip_h_ipv4_hash_0_0 IP/src/Rip-match.c:2456
Suspicious call (two or more unprotected arguments) to Rf_setAttrib at Rip_h_ipv4r_h64dblh_lemire_hash_0_0 IP/src/Rip-match.c:2502
Suspicious call (two or more unprotected arguments) to Rf_setAttrib at Rip_h_ipv4r_h64dblh_lemire_hash_0_0 IP/src/Rip-match.c:2502
Suspicious call (two or more unprotected arguments) to Rf_setAttrib at Rip_h_ipv4r_h64dblh_lemire_hash_0_0 IP/src/Rip-match.c:2502
Suspicious call (two or more unprotected arguments) to Rf_setAttrib at Rip_h_ipv4r_h64dblh_lemire_hash_0_0 IP/src/Rip-match.c:2502
Suspicious call (two or more unprotected arguments) to Rf_setAttrib at Rip_h_ipv4r_h64dblh_lemire_hash_0_0 IP/src/Rip-match.c:2502
Suspicious call (two or more unprotected arguments) to Rf_setAttrib at Rip_h_ipv4r_hash_0_0 IP/src/Rip-match.c:2555
Suspicious call (two or more unprotected arguments) to Rf_setAttrib at Rip_h_ipv4r_hash_0_0 IP/src/Rip-match.c:2555
Suspicious call (two or more unprotected arguments) to Rf_setAttrib at Rip_h_ipv4r_hash_0_0 IP/src/Rip-match.c:2555
Suspicious call (two or more unprotected arguments) to Rf_setAttrib at Rip_h_ipv4r_hash_0_0 IP/src/Rip-match.c:2555
Suspicious call (two or more unprotected arguments) to Rf_setAttrib at Rip_h_ipv4r_hash_0_0 IP/src/Rip-match.c:2555
Suspicious call (two or more unprotected arguments) to Rf_setAttrib at Rip_h_ipv6_h128dblh_lemire_hash_0_0 IP/src/Rip-match.c:2505
Suspicious call (two or more unprotected arguments) to Rf_setAttrib at Rip_h_ipv6_h128dblh_lemire_hash_0_0 IP/src/Rip-match.c:2505
Suspicious call (two or more unprotected arguments) to Rf_setAttrib at Rip_h_ipv6_h128dblh_lemire_hash_0_0 IP/src/Rip-match.c:2505
Suspicious call (two or more unprotected arguments) to Rf_setAttrib at Rip_h_ipv6_h128dblh_lemire_hash_0_0 IP/src/Rip-match.c:2505
Suspicious call (two or more unprotected arguments) to Rf_setAttrib at Rip_h_ipv6_h128dblh_lemire_hash_0_0 IP/src/Rip-match.c:2505
Suspicious call (two or more unprotected arguments) to Rf_setAttrib at Rip_h_ipv6_h128dblh_lemire_hash_0_0 IP/src/Rip-match.c:2505
Suspicious call (two or more unprotected arguments) to Rf_setAttrib at Rip_h_ipv6_h128dblh_lemire_hash_0_0 IP/src/Rip-match.c:2505
Suspicious call (two or more unprotected arguments) to Rf_setAttrib at Rip_h_ipv6_h128dblh_lemire_hash_0_0 IP/src/Rip-match.c:2505
Suspicious call (two or more unprotected arguments) to Rf_findVarInFrame at Rip_ipv4cache_as_character_0 IP/src/Rip.c:736
Suspicious call (two or more unprotected arguments) to Rf_findVarInFrame at Rip_ipv4cache_as_character_0 IP/src/Rip.c:736
Suspicious call (two or more unprotected arguments) to Rf_findVarInFrame at Rip_ipv4cache_as_character_0 IP/src/Rip.c:736
Suspicious call (two or more unprotected arguments) to Rf_findVarInFrame at Rip_ipv4cache_as_character_0 IP/src/Rip.c:736
Suspicious call (two or more unprotected arguments) to Rf_findVarInFrame at Rip_ipv4cache_op2_arith_v4cache_add32_0 IP/src/Rip-op-arith.c:84
Suspicious call (two or more unprotected arguments) to Rf_findVarInFrame at Rip_ipv4cache_op2_arith_v4cache_add32_0 IP/src/Rip-op-arith.c:84
Suspicious call (two or more unprotected arguments) to Rf_findVarInFrame at Rip_ipv4cache_op2_arith_v4cache_add32_0 IP/src/Rip-op-arith.c:84
Suspicious call (two or more unprotected arguments) to Rf_findVarInFrame at Rip_ipv4cache_op2_arith_v4cache_add32_0 IP/src/Rip-op-arith.c:84
Suspicious call (two or more unprotected arguments) to Rf_findVarInFrame at Rip_ipv4cache_op2_arith_v4cache_add32_0 IP/src/Rip-op-arith.c:84
Suspicious call (two or more unprotected arguments) to Rf_findVarInFrame at Rip_ipv4cache_op2_arith_v4cache_add32_0 IP/src/Rip-op-arith.c:84
Suspicious call (two or more unprotected arguments) to Rf_findVarInFrame at Rip_ipv4cache_op2_arith_v4cache_add32_0 IP/src/Rip-op-arith.c:84
Suspicious call (two or more unprotected arguments) to Rf_findVarInFrame at Rip_ipv4cache_op2_arith_v4cache_add32_0 IP/src/Rip-op-arith.c:84
Suspicious call (two or more unprotected arguments) to Rf_findVarInFrame at Rip_ipv4cache_op2_arith_v4cache_addv4_v4_0 IP/src/Rip-op-arith.c:458
Suspicious call (two or more unprotected arguments) to Rf_findVarInFrame at Rip_ipv4cache_op2_arith_v4cache_addv4_v4_0 IP/src/Rip-op-arith.c:458
Suspicious call (two or more unprotected arguments) to Rf_findVarInFrame at Rip_ipv4cache_op2_arith_v4cache_addv4_v4_0 IP/src/Rip-op-arith.c:458
Suspicious call (two or more unprotected arguments) to Rf_findVarInFrame at Rip_ipv4cache_op2_arith_v4cache_addv4_v4_0 IP/src/Rip-op-arith.c:458
Suspicious call (two or more unprotected arguments) to Rf_findVarInFrame at Rip_ipv4cache_op2_arith_v4cache_addv4_v4_0 IP/src/Rip-op-arith.c:458
Suspicious call (two or more unprotected arguments) to Rf_findVarInFrame at Rip_ipv4cache_op2_arith_v4cache_addv4_v4_0 IP/src/Rip-op-arith.c:458
Suspicious call (two or more unprotected arguments) to Rf_findVarInFrame at Rip_ipv4cache_op2_arith_v4cache_addv4_v4_0 IP/src/Rip-op-arith.c:458
Suspicious call (two or more unprotected arguments) to Rf_findVarInFrame at Rip_ipv4cache_op2_arith_v4cache_addv4_v4_0 IP/src/Rip-op-arith.c:458
Suspicious call (two or more unprotected arguments) to Rf_findVarInFrame at Rip_ipv4cache_op2_arith_v4cache_addv4_v4_0 IP/src/Rip-op-arith.c:458
Suspicious call (two or more unprotected arguments) to Rf_findVarInFrame at Rip_ipv4cache_op2_arith_v4cache_addv4_v4_0 IP/src/Rip-op-arith.c:458
Suspicious call (two or more unprotected arguments) to Rf_findVarInFrame at Rip_ipv4cache_op2_arith_v4cache_addv4_v4_0 IP/src/Rip-op-arith.c:458
Suspicious call (two or more unprotected arguments) to Rf_findVarInFrame at Rip_ipv4cache_op2_arith_v4cache_addv4_v4_0 IP/src/Rip-op-arith.c:458
Suspicious call (two or more unprotected arguments) to Rf_findVarInFrame at Rip_ipv4cache_op2_arith_v4cache_addv4_v4cache_0 IP/src/Rip-op-arith.c:456
Suspicious call (two or more unprotected arguments) to Rf_findVarInFrame at Rip_ipv4cache_op2_arith_v4cache_addv4_v4cache_0 IP/src/Rip-op-arith.c:456
Suspicious call (two or more unprotected arguments) to Rf_findVarInFrame at Rip_ipv4cache_op2_arith_v4cache_addv4_v4cache_0 IP/src/Rip-op-arith.c:456
Suspicious call (two or more unprotected arguments) to Rf_findVarInFrame at Rip_ipv4cache_op2_arith_v4cache_addv4_v4cache_0 IP/src/Rip-op-arith.c:456
Suspicious call (two or more unprotected arguments) to Rf_findVarInFrame at Rip_ipv4cache_op2_arith_v4cache_addv4_v4cache_0 IP/src/Rip-op-arith.c:456
Suspicious call (two or more unprotected arguments) to Rf_findVarInFrame at Rip_ipv4cache_op2_arith_v4cache_addv4_v4cache_0 IP/src/Rip-op-arith.c:456
Suspicious call (two or more unprotected arguments) to Rf_findVarInFrame at Rip_ipv4cache_op2_arith_v4cache_addv4_v4cache_0 IP/src/Rip-op-arith.c:456
Suspicious call (two or more unprotected arguments) to Rf_findVarInFrame at Rip_ipv4cache_op2_arith_v4cache_addv4_v4cache_0 IP/src/Rip-op-arith.c:456
Suspicious call (two or more unprotected arguments) to Rf_findVarInFrame at Rip_ipv4cache_op2_arith_v4cache_addv4_v4cache_0 IP/src/Rip-op-arith.c:456
Suspicious call (two or more unprotected arguments) to Rf_findVarInFrame at Rip_ipv4cache_op2_arith_v4cache_addv4_v4cache_0 IP/src/Rip-op-arith.c:456
Suspicious call (two or more unprotected arguments) to Rf_findVarInFrame at Rip_ipv4cache_op2_arith_v4cache_addv4_v4cache_0 IP/src/Rip-op-arith.c:456
Suspicious call (two or more unprotected arguments) to Rf_findVarInFrame at Rip_ipv4cache_op2_arith_v4cache_addv4_v4cache_0 IP/src/Rip-op-arith.c:456
Suspicious call (two or more unprotected arguments) to Rf_findVarInFrame at Rip_ipv4cache_op2_arith_v4cache_addv4_v4cache_0 IP/src/Rip-op-arith.c:456
Suspicious call (two or more unprotected arguments) to Rf_findVarInFrame at Rip_ipv4cache_op2_arith_v4cache_addv4_v4cache_0 IP/src/Rip-op-arith.c:456
Suspicious call (two or more unprotected arguments) to Rf_findVarInFrame at Rip_ipv4cache_op2_arith_v4cache_addv4_v4cache_0 IP/src/Rip-op-arith.c:456
Suspicious call (two or more unprotected arguments) to Rf_findVarInFrame at Rip_ipv4cache_op2_arith_v4cache_addv4_v4cache_0 IP/src/Rip-op-arith.c:456
Suspicious call (two or more unprotected arguments) to Rf_findVarInFrame at Rip_ipv4cache_op2_bool_v4cache_eq_v4_0 IP/src/Rip-op-bool.c:21
Suspicious call (two or more unprotected arguments) to Rf_findVarInFrame at Rip_ipv4cache_op2_bool_v4cache_eq_v4_0 IP/src/Rip-op-bool.c:21
Suspicious call (two or more unprotected arguments) to Rf_findVarInFrame at Rip_ipv4cache_op2_bool_v4cache_eq_v4_0 IP/src/Rip-op-bool.c:21
Suspicious call (two or more unprotected arguments) to Rf_findVarInFrame at Rip_ipv4cache_op2_bool_v4cache_eq_v4_0 IP/src/Rip-op-bool.c:21
Suspicious call (two or more unprotected arguments) to Rf_findVarInFrame at Rip_ipv4cache_op2_bool_v4cache_eq_v4cache_0 IP/src/Rip-op-bool.c:19
Suspicious call (two or more unprotected arguments) to Rf_findVarInFrame at Rip_ipv4cache_op2_bool_v4cache_eq_v4cache_0 IP/src/Rip-op-bool.c:19
Suspicious call (two or more unprotected arguments) to Rf_findVarInFrame at Rip_ipv4cache_op2_bool_v4cache_eq_v4cache_0 IP/src/Rip-op-bool.c:19
Suspicious call (two or more unprotected arguments) to Rf_findVarInFrame at Rip_ipv4cache_op2_bool_v4cache_eq_v4cache_0 IP/src/Rip-op-bool.c:19
Suspicious call (two or more unprotected arguments) to Rf_findVarInFrame at Rip_ipv4cache_op2_bool_v4cache_eq_v4cache_0 IP/src/Rip-op-bool.c:19
Suspicious call (two or more unprotected arguments) to Rf_findVarInFrame at Rip_ipv4cache_op2_bool_v4cache_eq_v4cache_0 IP/src/Rip-op-bool.c:19
Suspicious call (two or more unprotected arguments) to Rf_findVarInFrame at Rip_ipv4cache_op2_bool_v4cache_eq_v4cache_0 IP/src/Rip-op-bool.c:19
Suspicious call (two or more unprotected arguments) to Rf_findVarInFrame at Rip_ipv4cache_op2_bool_v4cache_eq_v4cache_0 IP/src/Rip-op-bool.c:19

Function Rip_bsearch_intvTree_ipv4_in_ipv4r_0
  [UP] unprotected variable Res while calling allocating function Rf_install IP/src/./templates/Rip-bsearch-template.c:1410
  [UP] unprotected variable Res while calling allocating function Rf_install IP/src/./templates/Rip-bsearch-template.c:1411

Function Rip_bsearch_intvTree_ipv4r_overlap_ipv4r_0
  [UP] unprotected variable Res while calling allocating function Rf_install IP/src/./templates/Rip-bsearch-template.c:1410
  [UP] unprotected variable Res while calling allocating function Rf_install IP/src/./templates/Rip-bsearch-template.c:1411

Function Rip_bsearch_intvTree_ipv6_in_ipv6r_0
  [UP] unprotected variable Res while calling allocating function Rf_install IP/src/./templates/Rip-bsearch-template.c:1410
  [UP] unprotected variable Res while calling allocating function Rf_install IP/src/./templates/Rip-bsearch-template.c:1411

Function Rip_bsearch_intvTree_ipv6r_overlap_ipv6r_0
  [UP] unprotected variable Res while calling allocating function Rf_install IP/src/./templates/Rip-bsearch-template.c:1410
  [UP] unprotected variable Res while calling allocating function Rf_install IP/src/./templates/Rip-bsearch-template.c:1411

Function Rip_bsearch_ipv4cache_in_ipv4cache_1
  [UP] calling allocating function Rf_findVarInFrame(?,S:h) with argument allocated using R_do_slot(?,S:cache) IP/src/Rip-match.c:238
  [UP] calling allocating function Rf_findVarInFrame(?,S:hip) with argument allocated using R_do_slot(?,S:cache) IP/src/Rip-match.c:238
  [UP] calling allocating function Rf_findVarInFrame(?,S:htb) with argument allocated using R_do_slot(?,S:cache) IP/src/Rip-match.c:238
  [UP] calling allocating function Rf_findVarInFrame(?,S:nh) with argument allocated using R_do_slot(?,S:cache) IP/src/Rip-match.c:238

Function Rip_cache_ipv4_load_0_1
  [UP] unprotected variable Res while calling allocating function Rf_findVarInFrame(?,S:nh) IP/src/Rip-match.c:2091
  [UP] unprotected variable Res while calling allocating function Rf_install IP/src/Rip-match.c:2091

Function Rip_getaddrinfo_0
  [UP] unprotected variable Rhost while calling allocating function Rf_lengthgets IP/src/Rip-host-info.c:669
  [UP] unprotected variable Rhost while calling allocating function Rf_lengthgets(V,?) IP/src/Rip-host-info.c:669
  [UP] unprotected variable Rhost while calling allocating function R_do_slot_assign(?,S:ipv4,?) IP/src/Rip-host-info.c:672
  [UP] unprotected variable Rhost while calling allocating function R_do_slot_assign(?,S:ipv4,V) IP/src/Rip-host-info.c:672
  [UP] unprotected variable Rhost while calling allocating function R_do_slot_assign(?,S:length,V) IP/src/Rip-host-info.c:674
  [UP] unprotected variable Rhost while calling allocating function Rf_ScalarInteger IP/src/Rip-host-info.c:674
  [UP] unprotected variable Ripv4 while calling allocating function Rf_ScalarInteger IP/src/Rip-host-info.c:674
  [UP] unprotected variable Rhost while calling allocating function arraycp IP/src/Rip-host-info.c:682
  [UP] unprotected variable Rhost while calling allocating function R_do_slot_assign(?,S:ipv6,?) IP/src/Rip-host-info.c:685
  [UP] unprotected variable Rhost while calling allocating function R_do_slot_assign(?,S:length,V) IP/src/Rip-host-info.c:687
  [UP] unprotected variable Rhost while calling allocating function Rf_ScalarInteger IP/src/Rip-host-info.c:687
  [UP] unprotected variable Ripv6 while calling allocating function Rf_ScalarInteger IP/src/Rip-host-info.c:687

Function Rip_h_ipv4_lookup_0_0
  [UP] allocating function Rf_getAttrib(?,S:M1) may destroy its unprotected argument (Rhtb <arg 1>), which is later used. IP/src/Rip-match.c:2575
  [UP] allocating function Rf_getAttrib(?,S:M2) may destroy its unprotected argument (Rhtb <arg 1>), which is later used. IP/src/Rip-match.c:2575
  [UP] calling allocating function Rf_getAttrib(?,S:M1) with a fresh pointer (Rhtb <arg 1>) IP/src/Rip-match.c:2575
  [UP] calling allocating function Rf_getAttrib(?,S:M2) with a fresh pointer (Rhtb <arg 1>) IP/src/Rip-match.c:2575
  [UP] unprotected variable Rhtb while calling allocating function Rf_install IP/src/Rip-match.c:2575
  [UP] unprotected variable Rhtb while calling allocating function R_do_slot(?,S:.Data) IP/src/Rip-match.c:2577
  [UP] unprotected variable Rhtb while calling allocating function R_do_slot(?,S:ipv4) IP/src/Rip-match.c:2577
  [UP] unprotected variable Rhtb while calling allocating function Rf_allocVector IP/src/Rip-match.c:2580
  [UP] calling allocating function Rf_getAttrib(?,S:nh) with a fresh pointer (Rhtb <arg 1>) IP/src/Rip-match.c:2584

Function Rip_h_ipv4r_h64dblh_lemire_lookup_0_0
  [UP] allocating function Rf_getAttrib(?,S:M2) may destroy its unprotected argument (Rhtb <arg 1>), which is later used. IP/src/Rip-match.c:2652
  [UP] allocating function Rf_getAttrib(?,S:a0) may destroy its unprotected argument (Rhtb <arg 1>), which is later used. IP/src/Rip-match.c:2652
  [UP] allocating function Rf_getAttrib(?,S:b0) may destroy its unprotected argument (Rhtb <arg 1>), which is later used. IP/src/Rip-match.c:2652
  [UP] allocating function Rf_getAttrib(?,S:c0) may destroy its unprotected argument (Rhtb <arg 1>), which is later used. IP/src/Rip-match.c:2652
  [UP] calling allocating function Rf_getAttrib(?,S:M2) with a fresh pointer (Rhtb <arg 1>) IP/src/Rip-match.c:2652
  [UP] calling allocating function Rf_getAttrib(?,S:a0) with a fresh pointer (Rhtb <arg 1>) IP/src/Rip-match.c:2652
  [UP] calling allocating function Rf_getAttrib(?,S:b0) with a fresh pointer (Rhtb <arg 1>) IP/src/Rip-match.c:2652
  [UP] calling allocating function Rf_getAttrib(?,S:c0) with a fresh pointer (Rhtb <arg 1>) IP/src/Rip-match.c:2652
  [UP] calling allocating function Rf_getAttrib(?,S:nh) with a fresh pointer (Rhtb <arg 1>) IP/src/Rip-match.c:2652
  [UP] unprotected variable Rhtb while calling allocating function R_do_slot(?,S:.Data) IP/src/Rip-match.c:2652
  [UP] unprotected variable Rhtb while calling allocating function R_do_slot(?,S:ipr) IP/src/Rip-match.c:2652
  [UP] unprotected variable Rhtb while calling allocating function R_do_slot(?,S:length) IP/src/Rip-match.c:2652
  [UP] unprotected variable Rhtb while calling allocating function Rf_allocVector IP/src/Rip-match.c:2652
  [UP] unprotected variable Rhtb while calling allocating function Rf_install IP/src/Rip-match.c:2652

Function Rip_h_ipv4r_lookup_0_0
  [UP] allocating function Rf_getAttrib(?,S:M2) may destroy its unprotected argument (Rhtb <arg 1>), which is later used. IP/src/Rip-match.c:2668
  [UP] allocating function Rf_getAttrib(?,S:a0) may destroy its unprotected argument (Rhtb <arg 1>), which is later used. IP/src/Rip-match.c:2668
  [UP] allocating function Rf_getAttrib(?,S:b0) may destroy its unprotected argument (Rhtb <arg 1>), which is later used. IP/src/Rip-match.c:2668
  [UP] allocating function Rf_getAttrib(?,S:c0) may destroy its unprotected argument (Rhtb <arg 1>), which is later used. IP/src/Rip-match.c:2668
  [UP] calling allocating function Rf_getAttrib(?,S:M2) with a fresh pointer (Rhtb <arg 1>) IP/src/Rip-match.c:2668
  [UP] calling allocating function Rf_getAttrib(?,S:a0) with a fresh pointer (Rhtb <arg 1>) IP/src/Rip-match.c:2668
  [UP] calling allocating function Rf_getAttrib(?,S:b0) with a fresh pointer (Rhtb <arg 1>) IP/src/Rip-match.c:2668
  [UP] calling allocating function Rf_getAttrib(?,S:c0) with a fresh pointer (Rhtb <arg 1>) IP/src/Rip-match.c:2668
  [UP] unprotected variable Rhtb while calling allocating function Rf_install IP/src/Rip-match.c:2668
  [UP] unprotected variable Rhtb while calling allocating function R_do_slot(?,S:.Data) IP/src/Rip-match.c:2670
  [UP] unprotected variable Rhtb while calling allocating function R_do_slot(?,S:ipr) IP/src/Rip-match.c:2670
  [UP] unprotected variable Rhtb while calling allocating function R_do_slot(?,S:length) IP/src/Rip-match.c:2670
  [UP] unprotected variable Rhtb while calling allocating function Rf_allocVector IP/src/Rip-match.c:2673
  [UP] calling allocating function Rf_getAttrib(?,S:nh) with a fresh pointer (Rhtb <arg 1>) IP/src/Rip-match.c:2677

Function Rip_h_ipv6_h128dblh_lemire_lookup_0_0
  [UP] allocating function Rf_getAttrib(?,S:M2) may destroy its unprotected argument (Rhtb <arg 1>), which is later used. IP/src/Rip-match.c:2654
  [UP] allocating function Rf_getAttrib(?,S:a0) may destroy its unprotected argument (Rhtb <arg 1>), which is later used. IP/src/Rip-match.c:2654
  [UP] allocating function Rf_getAttrib(?,S:a1) may destroy its unprotected argument (Rhtb <arg 1>), which is later used. IP/src/Rip-match.c:2654
  [UP] allocating function Rf_getAttrib(?,S:b0) may destroy its unprotected argument (Rhtb <arg 1>), which is later used. IP/src/Rip-match.c:2654
  [UP] allocating function Rf_getAttrib(?,S:b1) may destroy its unprotected argument (Rhtb <arg 1>), which is later used. IP/src/Rip-match.c:2654
  [UP] allocating function Rf_getAttrib(?,S:c0) may destroy its unprotected argument (Rhtb <arg 1>), which is later used. IP/src/Rip-match.c:2654
  [UP] allocating function Rf_getAttrib(?,S:c1) may destroy its unprotected argument (Rhtb <arg 1>), which is later used. IP/src/Rip-match.c:2654
  [UP] calling allocating function Rf_getAttrib(?,S:M2) with a fresh pointer (Rhtb <arg 1>) IP/src/Rip-match.c:2654
  [UP] calling allocating function Rf_getAttrib(?,S:a0) with a fresh pointer (Rhtb <arg 1>) IP/src/Rip-match.c:2654
  [UP] calling allocating function Rf_getAttrib(?,S:a1) with a fresh pointer (Rhtb <arg 1>) IP/src/Rip-match.c:2654
  [UP] calling allocating function Rf_getAttrib(?,S:b0) with a fresh pointer (Rhtb <arg 1>) IP/src/Rip-match.c:2654
  [UP] calling allocating function Rf_getAttrib(?,S:b1) with a fresh pointer (Rhtb <arg 1>) IP/src/Rip-match.c:2654
  [UP] calling allocating function Rf_getAttrib(?,S:c0) with a fresh pointer (Rhtb <arg 1>) IP/src/Rip-match.c:2654
  [UP] calling allocating function Rf_getAttrib(?,S:c1) with a fresh pointer (Rhtb <arg 1>) IP/src/Rip-match.c:2654
  [UP] calling allocating function Rf_getAttrib(?,S:nh) with a fresh pointer (Rhtb <arg 1>) IP/src/Rip-match.c:2654
  [UP] unprotected variable Rhtb while calling allocating function R_do_slot(?,S:.Data) IP/src/Rip-match.c:2654
  [UP] unprotected variable Rhtb while calling allocating function R_do_slot(?,S:ipv6) IP/src/Rip-match.c:2654
  [UP] unprotected variable Rhtb while calling allocating function R_do_slot(?,S:length) IP/src/Rip-match.c:2654
  [UP] unprotected variable Rhtb while calling allocating function Rf_allocVector IP/src/Rip-match.c:2654
  [UP] unprotected variable Rhtb while calling allocating function Rf_install IP/src/Rip-match.c:2654

Function Rip_ifaddrs_0
  [UP] unprotected variable Ripv4 while calling allocating function R_do_slot_assign(?,S:.Data,V) IP/src/Rip-host-info.c:832
  [UP] unprotected variable Ripv4 while calling allocating function R_do_slot_assign(?,S:ipv6,?) IP/src/Rip-host-info.c:832
  [UP] unprotected variable Ripv4 while calling allocating function R_do_slot_assign(?,S:length,V) IP/src/Rip-host-info.c:832
  [UP] unprotected variable Ripv4 while calling allocating function Rf_ScalarInteger IP/src/Rip-host-info.c:832
  [UP] unprotected variable Ripv4 while calling allocating function R_do_slot_assign(?,S:id,V) IP/src/Rip-host-info.c:833
  [UP] unprotected variable Ripv4 while calling allocating function R_do_MAKE_CLASS IP/src/Rip-host-info.c:835
  [UP] unprotected variable Ripv4 while calling allocating function R_do_new_object IP/src/Rip-host-info.c:835
  [UP] unprotected variable Ripv6 while calling allocating function R_do_MAKE_CLASS IP/src/Rip-host-info.c:835
  [UP] unprotected variable Ripv6 while calling allocating function R_do_new_object IP/src/Rip-host-info.c:835
  [UP] unprotected variable Ripv6 while calling allocating function R_do_slot_assign(?,S:ipv4,?) IP/src/Rip-host-info.c:843

Function Rip_ipv4_init_0
  [UP] allocating function R_do_slot(?,S:id) may destroy its unprotected argument (Ripv4 <arg 1>), which is later used. IP/src/Rip.c:390
  [UP] calling allocating function R_do_slot(?,S:id) with a fresh pointer (Ripv4 <arg 1>) IP/src/Rip.c:390
  [UP] unprotected variable Ripv4 while calling allocating function Rf_getAttrib(?,S:names) IP/src/Rip.c:390

Function Rip_ipv4_init_1
  [UP] unprotected variable Ripv4 while calling allocating function Rf_allocVector IP/src/Rip.c:436
  [UP] unprotected variable Ripv4 while calling allocating function Rprintf IP/src/Rip.c:436

Function Rip_ipv4_input_init_0
  [UP] allocating function R_do_slot(?,S:id) may destroy its unprotected argument (Rip <arg 1>), which is later used. IP/src/Rip.c:392
  [UP] calling allocating function R_do_slot(?,S:id) with a fresh pointer (Rip <arg 1>) IP/src/Rip.c:392
  [UP] unprotected variable Rip while calling allocating function Rf_getAttrib(?,S:names) IP/src/Rip.c:392

Function Rip_ipv4_mask_hostmask_0
  [UP] allocating function R_do_slot(?,S:id) may destroy its unprotected argument (Rip <arg 1>), which is later used. IP/src/Rip.c:998
  [UP] calling allocating function R_do_slot(?,S:id) with a fresh pointer (Rip <arg 1>) IP/src/Rip.c:998
  [UP] unprotected variable Rip while calling allocating function Rf_getAttrib(?,S:names) IP/src/Rip.c:998

Function Rip_ipv4_mask_netmask_0
  [UP] allocating function R_do_slot(?,S:id) may destroy its unprotected argument (Rip <arg 1>), which is later used. IP/src/Rip.c:983
  [UP] calling allocating function R_do_slot(?,S:id) with a fresh pointer (Rip <arg 1>) IP/src/Rip.c:983
  [UP] unprotected variable Rip while calling allocating function Rf_getAttrib(?,S:names) IP/src/Rip.c:983

Function Rip_ipv4_op1_arith_neg_0
  [UP] allocating function R_do_slot(?,S:id) may destroy its unprotected argument (Res <arg 1>), which is later used. IP/src/Rip-op-arith.c:28
  [UP] calling allocating function R_do_slot(?,S:id) with a fresh pointer (Res <arg 1>) IP/src/Rip-op-arith.c:28
  [UP] unprotected variable Res while calling allocating function R_do_slot(?,S:id) IP/src/Rip-op-arith.c:28

Function Rip_ipv4_op2_arith_add32_0
  [UP] allocating function R_do_slot(?,S:id) may destroy its unprotected argument (Res <arg 1>), which is later used. IP/src/Rip-op-arith.c:82
  [UP] calling allocating function R_do_slot(?,S:id) with a fresh pointer (Res <arg 1>) IP/src/Rip-op-arith.c:82
  [UP] unprotected variable Res while calling allocating function R_do_slot(?,S:id) IP/src/Rip-op-arith.c:82
  [UP] unprotected variable Res while calling allocating function Rf_getAttrib(?,S:names) IP/src/Rip-op-arith.c:82
  [UP] unprotected variable Res while calling allocating function Rprintf IP/src/Rip-op-arith.c:82

Function Rip_ipv4_op2_arith_addfl64_0
  [UP] allocating function R_do_slot(?,S:id) may destroy its unprotected argument (Res <arg 1>), which is later used. IP/src/Rip-op-arith.c:108
  [UP] calling allocating function R_do_slot(?,S:id) with a fresh pointer (Res <arg 1>) IP/src/Rip-op-arith.c:108
  [UP] unprotected variable Res while calling allocating function R_do_slot(?,S:id) IP/src/Rip-op-arith.c:108
  [UP] unprotected variable Res while calling allocating function Rf_getAttrib(?,S:names) IP/src/Rip-op-arith.c:108
  [UP] unprotected variable Res while calling allocating function Rprintf IP/src/Rip-op-arith.c:108

Function Rip_ipv4_op2_arith_addv4_0
  [UP] allocating function R_do_slot(?,S:id) may destroy its unprotected argument (Res <arg 1>), which is later used. IP/src/Rip-op-arith.c:454
  [UP] calling allocating function R_do_slot(?,S:id) with a fresh pointer (Res <arg 1>) IP/src/Rip-op-arith.c:454
  [UP] unprotected variable Res while calling allocating function R_do_slot(?,S:id) IP/src/Rip-op-arith.c:454
  [UP] unprotected variable Res_ipv4 while calling allocating function R_do_slot_assign(?,S:.Data,V) IP/src/Rip-op-arith.c:454
  [UP] unprotected variable Res_ipv4 while calling allocating function R_do_slot_assign(?,S:length,V) IP/src/Rip-op-arith.c:454
  [UP] unprotected variable Res_ipv4 while calling allocating function Rf_ScalarInteger IP/src/Rip-op-arith.c:454

Function Rip_ipv4_op2_arith_lshift_0
  [UP] allocating function R_do_slot(?,S:id) may destroy its unprotected argument (Res <arg 1>), which is later used. IP/src/Rip-op-arith.c:892
  [UP] calling allocating function R_do_slot(?,S:id) with a fresh pointer (Res <arg 1>) IP/src/Rip-op-arith.c:892
  [UP] unprotected variable Res while calling allocating function R_do_slot(?,S:id) IP/src/Rip-op-arith.c:892
  [UP] unprotected variable Res while calling allocating function Rf_getAttrib(?,S:names) IP/src/Rip-op-arith.c:892
  [UP] unprotected variable Res while calling allocating function Rprintf IP/src/Rip-op-arith.c:892

Function Rip_ipv4_op2_arith_rshift_0
  [UP] allocating function R_do_slot(?,S:id) may destroy its unprotected argument (Res <arg 1>), which is later used. IP/src/Rip-op-arith.c:874
  [UP] calling allocating function R_do_slot(?,S:id) with a fresh pointer (Res <arg 1>) IP/src/Rip-op-arith.c:874
  [UP] unprotected variable Res while calling allocating function R_do_slot(?,S:id) IP/src/Rip-op-arith.c:874
  [UP] unprotected variable Res while calling allocating function Rf_getAttrib(?,S:names) IP/src/Rip-op-arith.c:874
  [UP] unprotected variable Res while calling allocating function Rprintf IP/src/Rip-op-arith.c:874

Function Rip_ipv4_op2_arith_sub32_0
  [UP] allocating function R_do_slot(?,S:id) may destroy its unprotected argument (Res <arg 1>), which is later used. IP/src/Rip-op-arith.c:374
  [UP] calling allocating function R_do_slot(?,S:id) with a fresh pointer (Res <arg 1>) IP/src/Rip-op-arith.c:374
  [UP] unprotected variable Res while calling allocating function R_do_slot(?,S:id) IP/src/Rip-op-arith.c:374
  [UP] unprotected variable Res while calling allocating function Rf_getAttrib(?,S:names) IP/src/Rip-op-arith.c:374
  [UP] unprotected variable Res while calling allocating function Rprintf IP/src/Rip-op-arith.c:374

Function Rip_ipv4_op2_arith_subfl64_0
  [UP] allocating function R_do_slot(?,S:id) may destroy its unprotected argument (Res <arg 1>), which is later used. IP/src/Rip-op-arith.c:384
  [UP] calling allocating function R_do_slot(?,S:id) with a fresh pointer (Res <arg 1>) IP/src/Rip-op-arith.c:384
  [UP] unprotected variable Res while calling allocating function R_do_slot(?,S:id) IP/src/Rip-op-arith.c:384
  [UP] unprotected variable Res while calling allocating function Rf_getAttrib(?,S:names) IP/src/Rip-op-arith.c:384
  [UP] unprotected variable Res while calling allocating function Rprintf IP/src/Rip-op-arith.c:384

Function Rip_ipv4_op2_arith_subv4_0
  [UP] allocating function R_do_slot(?,S:id) may destroy its unprotected argument (Res <arg 1>), which is later used. IP/src/Rip-op-arith.c:545
  [UP] calling allocating function R_do_slot(?,S:id) with a fresh pointer (Res <arg 1>) IP/src/Rip-op-arith.c:545
  [UP] unprotected variable Res while calling allocating function R_do_slot(?,S:id) IP/src/Rip-op-arith.c:545
  [UP] unprotected variable Res_ipv4 while calling allocating function R_do_slot_assign(?,S:.Data,V) IP/src/Rip-op-arith.c:545
  [UP] unprotected variable Res_ipv4 while calling allocating function R_do_slot_assign(?,S:length,V) IP/src/Rip-op-arith.c:545
  [UP] unprotected variable Res_ipv4 while calling allocating function Rf_ScalarInteger IP/src/Rip-op-arith.c:545

Function Rip_ipv4cache_as_character_0
  [UP] calling allocating function Rf_findVarInFrame(?,S:h) with argument allocated using R_do_slot(?,S:cache) IP/src/Rip.c:736
  [UP] calling allocating function Rf_findVarInFrame(?,S:hip) with argument allocated using R_do_slot(?,S:cache) IP/src/Rip.c:736
  [UP] calling allocating function Rf_findVarInFrame(?,S:htb) with argument allocated using R_do_slot(?,S:cache) IP/src/Rip.c:736
  [UP] calling allocating function Rf_findVarInFrame(?,S:nh) with argument allocated using R_do_slot(?,S:cache) IP/src/Rip.c:736

Function Rip_ipv4cache_op2_arith_v4cache_add32_0
  [UP] allocating function R_do_slot(?,S:id) may destroy its unprotected argument (Res <arg 1>), which is later used. IP/src/Rip-op-arith.c:84
  [UP] calling allocating function R_do_slot(?,S:id) with a fresh pointer (Res <arg 1>) IP/src/Rip-op-arith.c:84
  [UP] calling allocating function Rf_findVarInFrame(?,S:h) with argument allocated using R_do_slot(?,S:cache) IP/src/Rip-op-arith.c:84
  [UP] calling allocating function Rf_findVarInFrame(?,S:hip) with argument allocated using R_do_slot(?,S:cache) IP/src/Rip-op-arith.c:84
  [UP] calling allocating function Rf_findVarInFrame(?,S:htb) with argument allocated using R_do_slot(?,S:cache) IP/src/Rip-op-arith.c:84
  [UP] calling allocating function Rf_findVarInFrame(?,S:nh) with argument allocated using R_do_slot(?,S:cache) IP/src/Rip-op-arith.c:84
  [UP] unprotected variable Res while calling allocating function R_do_slot(?,S:id) IP/src/Rip-op-arith.c:84
  [UP] unprotected variable Res while calling allocating function Rf_findVarInFrame(?,S:nh) IP/src/Rip-op-arith.c:84
  [UP] unprotected variable Res while calling allocating function Rf_getAttrib(?,S:names) IP/src/Rip-op-arith.c:84
  [UP] unprotected variable Res while calling allocating function Rf_install IP/src/Rip-op-arith.c:84
  [UP] unprotected variable Res while calling allocating function Rprintf IP/src/Rip-op-arith.c:84

Function Rip_ipv4cache_op2_arith_v4cache_addv4_v4_0
  [UP] allocating function R_do_slot(?,S:id) may destroy its unprotected argument (Res <arg 1>), which is later used. IP/src/Rip-op-arith.c:458
  [UP] calling allocating function R_do_slot(?,S:id) with a fresh pointer (Res <arg 1>) IP/src/Rip-op-arith.c:458
  [UP] calling allocating function Rf_findVarInFrame(?,S:h) with argument allocated using R_do_slot(?,S:cache) IP/src/Rip-op-arith.c:458
  [UP] calling allocating function Rf_findVarInFrame(?,S:hip) with argument allocated using R_do_slot(?,S:cache) IP/src/Rip-op-arith.c:458
  [UP] calling allocating function Rf_findVarInFrame(?,S:htb) with argument allocated using R_do_slot(?,S:cache) IP/src/Rip-op-arith.c:458
  [UP] calling allocating function Rf_findVarInFrame(?,S:nh) with argument allocated using R_do_slot(?,S:cache) IP/src/Rip-op-arith.c:458
  [UP] unprotected variable Res while calling allocating function R_do_slot(?,S:id) IP/src/Rip-op-arith.c:458
  [UP] unprotected variable Res while calling allocating function Rf_findVarInFrame(?,S:nh) IP/src/Rip-op-arith.c:458
  [UP] unprotected variable Res while calling allocating function Rf_install IP/src/Rip-op-arith.c:458

Function Rip_ipv4cache_op2_arith_v4cache_addv4_v4cache_0
  [UP] allocating function R_do_slot(?,S:id) may destroy its unprotected argument (Res <arg 1>), which is later used. IP/src/Rip-op-arith.c:456
  [UP] calling allocating function R_do_slot(?,S:id) with a fresh pointer (Res <arg 1>) IP/src/Rip-op-arith.c:456
  [UP] calling allocating function Rf_findVarInFrame(?,S:h) with argument allocated using R_do_slot(?,S:cache) IP/src/Rip-op-arith.c:456
  [UP] calling allocating function Rf_findVarInFrame(?,S:hip) with argument allocated using R_do_slot(?,S:cache) IP/src/Rip-op-arith.c:456
  [UP] calling allocating function Rf_findVarInFrame(?,S:htb) with argument allocated using R_do_slot(?,S:cache) IP/src/Rip-op-arith.c:456
  [UP] calling allocating function Rf_findVarInFrame(?,S:nh) with argument allocated using R_do_slot(?,S:cache) IP/src/Rip-op-arith.c:456
  [UP] unprotected variable Res while calling allocating function R_do_slot(?,S:id) IP/src/Rip-op-arith.c:456
  [UP] unprotected variable Res while calling allocating function Rf_findVarInFrame(?,S:nh) IP/src/Rip-op-arith.c:456
  [UP] unprotected variable Res while calling allocating function Rf_install IP/src/Rip-op-arith.c:456

Function Rip_ipv4cache_op2_bool_v4cache_eq_v4_0
  [UP] calling allocating function Rf_findVarInFrame(?,S:h) with argument allocated using R_do_slot(?,S:cache) IP/src/Rip-op-bool.c:21
  [UP] calling allocating function Rf_findVarInFrame(?,S:hip) with argument allocated using R_do_slot(?,S:cache) IP/src/Rip-op-bool.c:21
  [UP] calling allocating function Rf_findVarInFrame(?,S:htb) with argument allocated using R_do_slot(?,S:cache) IP/src/Rip-op-bool.c:21
  [UP] calling allocating function Rf_findVarInFrame(?,S:nh) with argument allocated using R_do_slot(?,S:cache) IP/src/Rip-op-bool.c:21

Function Rip_ipv4cache_op2_bool_v4cache_eq_v4cache_0
  [UP] calling allocating function Rf_findVarInFrame(?,S:h) with argument allocated using R_do_slot(?,S:cache) IP/src/Rip-op-bool.c:19
  [UP] calling allocating function Rf_findVarInFrame(?,S:hip) with argument allocated using R_do_slot(?,S:cache) IP/src/Rip-op-bool.c:19
  [UP] calling allocating function Rf_findVarInFrame(?,S:htb) with argument allocated using R_do_slot(?,S:cache) IP/src/Rip-op-bool.c:19
  [UP] calling allocating function Rf_findVarInFrame(?,S:nh) with argument allocated using R_do_slot(?,S:cache) IP/src/Rip-op-bool.c:19

Function Rip_ipv4r_init_0
  [UP] allocating function R_do_slot(?,S:id) may destroy its unprotected argument (Ripv4r <arg 1>), which is later used. IP/src/Rip.c:394
  [UP] calling allocating function R_do_slot(?,S:id) with a fresh pointer (Ripv4r <arg 1>) IP/src/Rip.c:394
  [UP] unprotected variable Ripv4r while calling allocating function Rf_getAttrib(?,S:names) IP/src/Rip.c:394

Function Rip_ipv4r_input_init_0
  [UP] allocating function R_do_slot(?,S:id) may destroy its unprotected argument (Rip <arg 1>), which is later used. IP/src/Rip.c:396
  [UP] calling allocating function R_do_slot(?,S:id) with a fresh pointer (Rip <arg 1>) IP/src/Rip.c:396
  [UP] unprotected variable Rip while calling allocating function Rf_getAttrib(?,S:names) IP/src/Rip.c:396

Function Rip_ipv4r_op2_arith_add32_0
  [UP] allocating function R_do_slot(?,S:id) may destroy its unprotected argument (Res <arg 1>), which is later used. IP/src/Rip-op-arith.c:97
  [UP] calling allocating function R_do_slot(?,S:id) with a fresh pointer (Res <arg 1>) IP/src/Rip-op-arith.c:97
  [UP] unprotected variable Res while calling allocating function R_do_slot(?,S:id) IP/src/Rip-op-arith.c:97
  [UP] unprotected variable Res while calling allocating function Rf_getAttrib(?,S:names) IP/src/Rip-op-arith.c:97
  [UP] unprotected variable Res while calling allocating function Rprintf IP/src/Rip-op-arith.c:97

Function Rip_ipv6_cvt_input_int32_0
  [UP] allocating function R_do_slot(?,S:id) may destroy its unprotected argument (Rip <arg 1>), which is later used. IP/src/Rip.c:969
  [UP] calling allocating function R_do_slot(?,S:id) with a fresh pointer (Rip <arg 1>) IP/src/Rip.c:969
  [UP] unprotected variable Rip while calling allocating function Rf_getAttrib(?,S:names) IP/src/Rip.c:969

Function Rip_ipv6_init_0
  [UP] allocating function R_do_slot(?,S:id) may destroy its unprotected argument (Ripv6 <arg 1>), which is later used. IP/src/Rip.c:399
  [UP] calling allocating function R_do_slot(?,S:id) with a fresh pointer (Ripv6 <arg 1>) IP/src/Rip.c:399
  [UP] unprotected variable Ripv6 while calling allocating function Rf_getAttrib(?,S:names) IP/src/Rip.c:399

Function Rip_ipv6_mask_hostmask_0
  [UP] allocating function R_do_slot(?,S:id) may destroy its unprotected argument (Rip <arg 1>), which is later used. IP/src/Rip.c:1029
  [UP] calling allocating function R_do_slot(?,S:id) with a fresh pointer (Rip <arg 1>) IP/src/Rip.c:1029
  [UP] unprotected variable Rip while calling allocating function Rf_getAttrib(?,S:names) IP/src/Rip.c:1029

Function Rip_ipv6_mask_netmask_0
  [UP] allocating function R_do_slot(?,S:id) may destroy its unprotected argument (Rip <arg 1>), which is later used. IP/src/Rip.c:1014
  [UP] calling allocating function R_do_slot(?,S:id) with a fresh pointer (Rip <arg 1>) IP/src/Rip.c:1014
  [UP] unprotected variable Rip while calling allocating function Rf_getAttrib(?,S:names) IP/src/Rip.c:1014

Function Rip_ipv6_op1_arith_neg_0
  [UP] allocating function R_do_slot(?,S:id) may destroy its unprotected argument (Res <arg 1>), which is later used. IP/src/Rip-op-arith.c:54
  [UP] calling allocating function R_do_slot(?,S:id) with a fresh pointer (Res <arg 1>) IP/src/Rip-op-arith.c:54
  [UP] unprotected variable Res while calling allocating function R_do_slot(?,S:id) IP/src/Rip-op-arith.c:54

Function Rip_ipv6_op1_arith_not_0
  [UP] allocating function R_do_slot(?,S:id) may destroy its unprotected argument (Res <arg 1>), which is later used. IP/src/Rip-op-arith.c:907
  [UP] calling allocating function R_do_slot(?,S:id) with a fresh pointer (Res <arg 1>) IP/src/Rip-op-arith.c:907
  [UP] unprotected variable Res while calling allocating function R_do_slot(?,S:id) IP/src/Rip-op-arith.c:907

Function Rip_ipv6_op2_arith_add32_0
  [UP] allocating function R_do_slot(?,S:id) may destroy its unprotected argument (Res <arg 1>), which is later used. IP/src/Rip-op-arith.c:326
  [UP] calling allocating function R_do_slot(?,S:id) with a fresh pointer (Res <arg 1>) IP/src/Rip-op-arith.c:326
  [UP] unprotected variable Res while calling allocating function R_do_slot(?,S:id) IP/src/Rip-op-arith.c:326
  [UP] unprotected variable Res while calling allocating function Rf_getAttrib(?,S:names) IP/src/Rip-op-arith.c:326
  [UP] unprotected variable Res while calling allocating function Rprintf IP/src/Rip-op-arith.c:326

Function Rip_ipv6_op2_arith_add64_0
  [UP] allocating function R_do_slot(?,S:id) may destroy its unprotected argument (Res <arg 1>), which is later used. IP/src/Rip-op-arith.c:315
  [UP] calling allocating function R_do_slot(?,S:id) with a fresh pointer (Res <arg 1>) IP/src/Rip-op-arith.c:315
  [UP] unprotected variable Res while calling allocating function R_do_slot(?,S:id) IP/src/Rip-op-arith.c:315
  [UP] unprotected variable Res while calling allocating function Rf_getAttrib(?,S:names) IP/src/Rip-op-arith.c:315
  [UP] unprotected variable Res while calling allocating function Rprintf IP/src/Rip-op-arith.c:315

Function Rip_ipv6_op2_arith_addfl64_0
  [UP] allocating function R_do_slot(?,S:id) may destroy its unprotected argument (Res <arg 1>), which is later used. IP/src/Rip-op-arith.c:351
  [UP] calling allocating function R_do_slot(?,S:id) with a fresh pointer (Res <arg 1>) IP/src/Rip-op-arith.c:351
  [UP] unprotected variable Res while calling allocating function R_do_slot(?,S:id) IP/src/Rip-op-arith.c:351
  [UP] unprotected variable Res while calling allocating function Rf_getAttrib(?,S:names) IP/src/Rip-op-arith.c:351
  [UP] unprotected variable Res while calling allocating function Rprintf IP/src/Rip-op-arith.c:351

Function Rip_ipv6_op2_arith_addv6_0
  [UP] allocating function R_do_slot(?,S:id) may destroy its unprotected argument (Res <arg 1>), which is later used. IP/src/Rip-op-arith.c:479
  [UP] calling allocating function R_do_slot(?,S:id) with a fresh pointer (Res <arg 1>) IP/src/Rip-op-arith.c:479
  [UP] unprotected variable Res while calling allocating function R_do_slot(?,S:id) IP/src/Rip-op-arith.c:479
  [UP] unprotected variable Res_ipv6 while calling allocating function R_do_slot_assign(?,S:.Data,V) IP/src/Rip-op-arith.c:479
  [UP] unprotected variable Res_ipv6 while calling allocating function R_do_slot_assign(?,S:length,V) IP/src/Rip-op-arith.c:479
  [UP] unprotected variable Res_ipv6 while calling allocating function Rf_ScalarInteger IP/src/Rip-op-arith.c:479

Function Rip_ipv6_op2_arith_lshift_0
  [UP] allocating function R_do_slot(?,S:id) may destroy its unprotected argument (Res <arg 1>), which is later used. IP/src/Rip-op-arith.c:1000
  [UP] calling allocating function R_do_slot(?,S:id) with a fresh pointer (Res <arg 1>) IP/src/Rip-op-arith.c:1000
  [UP] unprotected variable Res while calling allocating function R_do_slot(?,S:id) IP/src/Rip-op-arith.c:1000
  [UP] unprotected variable Res while calling allocating function Rf_getAttrib(?,S:names) IP/src/Rip-op-arith.c:1000
  [UP] unprotected variable Res while calling allocating function Rprintf IP/src/Rip-op-arith.c:1000

Function Rip_ipv6_op2_arith_pmax_0
  [UP] allocating function R_do_slot(?,S:id) may destroy its unprotected argument (Res <arg 1>), which is later used. IP/src/Rip-op-bool.c:2067
  [UP] calling allocating function R_do_slot(?,S:id) with a fresh pointer (Res <arg 1>) IP/src/Rip-op-bool.c:2067
  [UP] unprotected variable Res while calling allocating function R_do_slot(?,S:id) IP/src/Rip-op-bool.c:2067
  [UP] unprotected variable Res_ipv6 while calling allocating function R_do_slot_assign(?,S:.Data,V) IP/src/Rip-op-bool.c:2067
  [UP] unprotected variable Res_ipv6 while calling allocating function R_do_slot_assign(?,S:length,V) IP/src/Rip-op-bool.c:2067
  [UP] unprotected variable Res_ipv6 while calling allocating function Rf_ScalarInteger IP/src/Rip-op-bool.c:2067

Function Rip_ipv6_op2_arith_pmin_0
  [UP] allocating function R_do_slot(?,S:id) may destroy its unprotected argument (Res <arg 1>), which is later used. IP/src/Rip-op-bool.c:2047
  [UP] calling allocating function R_do_slot(?,S:id) with a fresh pointer (Res <arg 1>) IP/src/Rip-op-bool.c:2047
  [UP] unprotected variable Res while calling allocating function R_do_slot(?,S:id) IP/src/Rip-op-bool.c:2047
  [UP] unprotected variable Res_ipv6 while calling allocating function R_do_slot_assign(?,S:.Data,V) IP/src/Rip-op-bool.c:2047
  [UP] unprotected variable Res_ipv6 while calling allocating function R_do_slot_assign(?,S:length,V) IP/src/Rip-op-bool.c:2047
  [UP] unprotected variable Res_ipv6 while calling allocating function Rf_ScalarInteger IP/src/Rip-op-bool.c:2047

Function Rip_ipv6_op2_arith_rshift_0
  [UP] allocating function R_do_slot(?,S:id) may destroy its unprotected argument (Res <arg 1>), which is later used. IP/src/Rip-op-arith.c:953
  [UP] calling allocating function R_do_slot(?,S:id) with a fresh pointer (Res <arg 1>) IP/src/Rip-op-arith.c:953
  [UP] unprotected variable Res while calling allocating function R_do_slot(?,S:id) IP/src/Rip-op-arith.c:953
  [UP] unprotected variable Res while calling allocating function Rf_getAttrib(?,S:names) IP/src/Rip-op-arith.c:953
  [UP] unprotected variable Res while calling allocating function Rprintf IP/src/Rip-op-arith.c:953

Function Rip_ipv6_op2_arith_sub32_0
  [UP] allocating function R_do_slot(?,S:id) may destroy its unprotected argument (Res <arg 1>), which is later used. IP/src/Rip-op-arith.c:423
  [UP] calling allocating function R_do_slot(?,S:id) with a fresh pointer (Res <arg 1>) IP/src/Rip-op-arith.c:423
  [UP] unprotected variable Res while calling allocating function R_do_slot(?,S:id) IP/src/Rip-op-arith.c:423
  [UP] unprotected variable Res while calling allocating function Rf_getAttrib(?,S:names) IP/src/Rip-op-arith.c:423
  [UP] unprotected variable Res while calling allocating function Rprintf IP/src/Rip-op-arith.c:423

Function Rip_ipv6_op2_arith_sub64_0
  [UP] allocating function R_do_slot(?,S:id) may destroy its unprotected argument (Res <arg 1>), which is later used. IP/src/Rip-op-arith.c:412
  [UP] calling allocating function R_do_slot(?,S:id) with a fresh pointer (Res <arg 1>) IP/src/Rip-op-arith.c:412
  [UP] unprotected variable Res while calling allocating function R_do_slot(?,S:id) IP/src/Rip-op-arith.c:412
  [UP] unprotected variable Res while calling allocating function Rf_getAttrib(?,S:names) IP/src/Rip-op-arith.c:412
  [UP] unprotected variable Res while calling allocating function Rprintf IP/src/Rip-op-arith.c:412

Function Rip_ipv6_op2_arith_subfl64_0
  [UP] allocating function R_do_slot(?,S:id) may destroy its unprotected argument (Res <arg 1>), which is later used. IP/src/Rip-op-arith.c:435
  [UP] calling allocating function R_do_slot(?,S:id) with a fresh pointer (Res <arg 1>) IP/src/Rip-op-arith.c:435
  [UP] unprotected variable Res while calling allocating function R_do_slot(?,S:id) IP/src/Rip-op-arith.c:435
  [UP] unprotected variable Res while calling allocating function Rf_getAttrib(?,S:names) IP/src/Rip-op-arith.c:435
  [UP] unprotected variable Res while calling allocating function Rprintf IP/src/Rip-op-arith.c:435

Function Rip_ipv6_op2_arith_subv6_0
  [UP] allocating function R_do_slot(?,S:id) may destroy its unprotected argument (Res <arg 1>), which is later used. IP/src/Rip-op-arith.c:567
  [UP] calling allocating function R_do_slot(?,S:id) with a fresh pointer (Res <arg 1>) IP/src/Rip-op-arith.c:567
  [UP] unprotected variable Res while calling allocating function R_do_slot(?,S:id) IP/src/Rip-op-arith.c:567
  [UP] unprotected variable Res_ipv6 while calling allocating function R_do_slot_assign(?,S:.Data,V) IP/src/Rip-op-arith.c:567
  [UP] unprotected variable Res_ipv6 while calling allocating function R_do_slot_assign(?,S:length,V) IP/src/Rip-op-arith.c:567
  [UP] unprotected variable Res_ipv6 while calling allocating function Rf_ScalarInteger IP/src/Rip-op-arith.c:567

Function Rip_ipv6r_init_0
  [UP] allocating function R_do_slot(?,S:id) may destroy its unprotected argument (Ripv6r <arg 1>), which is later used. IP/src/Rip.c:401
  [UP] calling allocating function R_do_slot(?,S:id) with a fresh pointer (Ripv6r <arg 1>) IP/src/Rip.c:401
  [UP] unprotected variable Ripv6r while calling allocating function Rf_getAttrib(?,S:names) IP/src/Rip.c:401

Function Rip_ipv6r_input_init_0
  [UP] allocating function R_do_slot(?,S:id) may destroy its unprotected argument (Rip <arg 1>), which is later used. IP/src/Rip.c:403
  [UP] calling allocating function R_do_slot(?,S:id) with a fresh pointer (Rip <arg 1>) IP/src/Rip.c:403
  [UP] unprotected variable Rip while calling allocating function Rf_getAttrib(?,S:names) IP/src/Rip.c:403

Function Rip_ipv6r_op2_arith_add32_0
  [UP] allocating function R_do_slot(?,S:id) may destroy its unprotected argument (Res <arg 1>), which is later used. IP/src/Rip-op-arith.c:339
  [UP] calling allocating function R_do_slot(?,S:id) with a fresh pointer (Res <arg 1>) IP/src/Rip-op-arith.c:339
  [UP] unprotected variable Res while calling allocating function R_do_slot(?,S:id) IP/src/Rip-op-arith.c:339
  [UP] unprotected variable Res while calling allocating function Rf_getAttrib(?,S:names) IP/src/Rip-op-arith.c:339
  [UP] unprotected variable Res while calling allocating function Rprintf IP/src/Rip-op-arith.c:339

Function ipv4r_bearch_intv_ip_in_0
  [UP] unprotected variable Res while calling allocating function Rf_install IP/src/Rip-match.c:1337
  [UP] unprotected variable Res while calling allocating function Rf_install IP/src/Rip-match.c:1338

Function ipv4r_bearch_intv_ipv4r_in_0
  [UP] unprotected variable Res while calling allocating function Rf_install IP/src/Rip-match.c:1604
  [UP] unprotected variable Res while calling allocating function Rf_install IP/src/Rip-match.c:1605
