Package qs2 version 0.2.0
Package built using 89950/R 4.6.0; x86_64-pc-linux-gnu; 2026-04-25 00:10:22 UTC; unix   
Checked with rchk version 35618ebbccf3cd0b45a3530e6303970a22a9056b LLVM version 14.0.6
More information at https://github.com/kalibera/cran-checks/blob/master/rchk/PROTECT.md
For rchk in docker image see https://github.com/kalibera/rchk/blob/master/doc/DOCKER.md

Function qs_deserialize_impl(qdata::detail::memory_reader&, bool, int)::$_13::operator()() const
  [UP] unprotected variable protected_output while calling allocating function BlockCompressReaderMT<qdata::detail::memory_reader, ZstdShuffleDecompressor, RErrorPolicy>::get_hash_digest() qs2/src/qx_functions.cpp:335

Function qs_deserialize_impl(qdata::detail::memory_reader&, bool, int)::$_14::operator()() const
  [UP] unprotected variable protected_output while calling allocating function BlockCompressReaderMT<qdata::detail::memory_reader, ZstdDecompressor, RErrorPolicy>::get_hash_digest() qs2/src/qx_functions.cpp:337

Function qs_deserialize_impl(qdata::detail::memory_reader&, bool, int)::$_15::operator()() const
  [UP] unprotected variable protected_output while calling allocating function BlockCompressReader<qdata::detail::memory_reader, ZstdShuffleDecompressor, RErrorPolicy>::get_hash_digest() qs2/src/qx_functions.cpp:342

Function qs_deserialize_impl(qdata::detail::memory_reader&, bool, int)::$_16::operator()() const
  [UP] unprotected variable protected_output while calling allocating function BlockCompressReader<qdata::detail::memory_reader, ZstdDecompressor, RErrorPolicy>::get_hash_digest() qs2/src/qx_functions.cpp:344

Function qs_read(std::__1::basic_string<char, std::__1::char_traits<char>, std::__1::allocator<char> > const&, bool, int)::$_10::operator()() const
  [UP] unprotected variable protected_output while calling allocating function BlockCompressReaderMT<IfStreamReader, ZstdDecompressor, RErrorPolicy>::get_hash_digest() qs2/src/qx_functions.cpp:287

Function qs_read(std::__1::basic_string<char, std::__1::char_traits<char>, std::__1::allocator<char> > const&, bool, int)::$_11::operator()() const
  [UP] unprotected variable protected_output while calling allocating function BlockCompressReader<IfStreamReader, ZstdShuffleDecompressor, RErrorPolicy>::get_hash_digest() qs2/src/qx_functions.cpp:292

Function qs_read(std::__1::basic_string<char, std::__1::char_traits<char>, std::__1::allocator<char> > const&, bool, int)::$_12::operator()() const
  [UP] unprotected variable protected_output while calling allocating function BlockCompressReader<IfStreamReader, ZstdDecompressor, RErrorPolicy>::get_hash_digest() qs2/src/qx_functions.cpp:294

Function qs_read(std::__1::basic_string<char, std::__1::char_traits<char>, std::__1::allocator<char> > const&, bool, int)::$_9::operator()() const
  [UP] unprotected variable protected_output while calling allocating function BlockCompressReaderMT<IfStreamReader, ZstdShuffleDecompressor, RErrorPolicy>::get_hash_digest() qs2/src/qx_functions.cpp:285
