Package reticulate version 1.46.0
Package built using 89872/R 4.6.0; x86_64-pc-linux-gnu; 2026-04-12 18:08:33 UTC; unix   
Checked with rchk version 35618ebbccf3cd0b45a3530e6303970a22a9056b LLVM version 14.0.6
More information at https://github.com/kalibera/cran-checks/blob/master/rchk/PROTECT.md
For rchk in docker image see https://github.com/kalibera/rchk/blob/master/doc/DOCKER.md

Function PyObjectRef::convert() const
  [UP] calling allocating function reticulate_get_var_or_null(SEXPREC*, SEXPREC*)(?,S:convert) with a fresh pointer (refenv <arg 1>) reticulate/src/./reticulate_types.h:144

Function PyObjectRef::get() const
  [UP] allocating function reticulate_get_var_or_null(SEXPREC*, SEXPREC*)(?,S:pyobj) may destroy its unprotected argument (refenv <arg 1>), which is later used. reticulate/src/./reticulate_types.h:87
  [UP] calling allocating function reticulate_get_var_or_null(SEXPREC*, SEXPREC*)(?,S:pyobj) with a fresh pointer (refenv <arg 1>) reticulate/src/./reticulate_types.h:87

Function PyObjectRef::get_refenv() const
  [UP] calling allocating function Rf_getAttrib(?,S:py_object) with a fresh pointer (sexp <arg 1>) reticulate/src/./reticulate_types.h:115

Function PyObjectRef::is_null_xptr() const
  [UP] calling allocating function reticulate_get_var_or_null(SEXPREC*, SEXPREC*)(?,S:pyobj) with a fresh pointer (refenv <arg 1>) reticulate/src/./reticulate_types.h:131

Function PyObjectRef::set(reticulate::libpython::_object*)
  [UP] unprotected variable refenv while calling allocating function R_MakeExternalPtr reticulate/src/./reticulate_types.h:76
  [UP] unprotected variable refenv while calling allocating function R_RegisterCFinalizer reticulate/src/./reticulate_types.h:77

Function PyObjectRef::simple() const
  [UP] calling allocating function reticulate_get_var_or_null(SEXPREC*, SEXPREC*)(?,S:simple) with a fresh pointer (refenv <arg 1>) reticulate/src/./reticulate_types.h:156

Function py_to_r(reticulate::libpython::_object*, bool)
  [UP] allocating function is_py_object(SEXPREC*) may destroy its unprotected argument (result <arg 1>), which is later used. reticulate/src/python.cpp:1458
  [UP] calling allocating function is_py_object(SEXPREC*) with a fresh pointer (result <arg 1>) reticulate/src/python.cpp:1458

Function py_to_r_cpp(SEXPREC*)
  [UP] allocating function is_py_object(SEXPREC*) may destroy its unprotected argument (ret <arg 1>), which is later used. reticulate/src/python.cpp:1484
  [UP] calling allocating function is_py_object(SEXPREC*) with a fresh pointer (ret <arg 1>) reticulate/src/python.cpp:1484
