Package shard version 0.1.1
Package built using 89832/R 4.6.0; x86_64-pc-linux-gnu; 2026-04-09 17:15:56 UTC; unix   
Checked with rchk version 35618ebbccf3cd0b45a3530e6303970a22a9056b LLVM version 14.0.6
More information at https://github.com/kalibera/cran-checks/blob/master/rchk/PROTECT.md
For rchk in docker image see https://github.com/kalibera/rchk/blob/master/doc/DOCKER.md

Function C_shard_altrep_create
  [UP] unprotected variable result while calling allocating function Rf_mkString shard/src/shard_altrep.c:850
  [UP] unprotected variable result while calling allocating function Rf_install shard/src/shard_altrep.c:852
  [UP] unprotected variable result while calling allocating function Rf_install shard/src/shard_altrep.c:853
  [UP] unprotected variable result while calling allocating function Rf_mkString shard/src/shard_altrep.c:857

Function C_shard_altrep_view
  [UP] unprotected variable result while calling allocating function Rf_getAttrib(?,S:class) shard/src/shard_altrep.c:917
  [UP] unprotected variable result while calling allocating function Rf_install shard/src/shard_altrep.c:919
  [UP] unprotected variable result while calling allocating function Rf_install shard/src/shard_altrep.c:920
  [UP] unprotected variable result while calling allocating function Rf_getAttrib(?,S:shard_cow) shard/src/shard_altrep.c:921
  [UP] unprotected variable result while calling allocating function Rf_getAttrib(?,S:shard_readonly) shard/src/shard_altrep.c:922

Function altrep_duplicate
  [UP] unprotected variable result while calling allocating function Rf_getAttrib(?,S:class) shard/src/shard_altrep.c:235
  [UP] unprotected variable result while calling allocating function Rf_install shard/src/shard_altrep.c:237
  [UP] unprotected variable result while calling allocating function Rf_install shard/src/shard_altrep.c:238
  [UP] unprotected variable result while calling allocating function Rf_getAttrib(?,S:shard_cow) shard/src/shard_altrep.c:239
  [UP] unprotected variable result while calling allocating function Rf_getAttrib(?,S:shard_readonly) shard/src/shard_altrep.c:240

Function altrep_unserialize
  [UP] unprotected variable result while calling allocating function Rf_mkString shard/src/shard_altrep.c:393
  [UP] unprotected variable result while calling allocating function Rf_install shard/src/shard_altrep.c:395
  [UP] unprotected variable result while calling allocating function Rf_install shard/src/shard_altrep.c:396
  [UP] unprotected variable result while calling allocating function Rf_mkString shard/src/shard_altrep.c:398
  [UP] unprotected variable result while calling allocating function Rf_mkString shard/src/shard_altrep.c:400

Function altvec_extract_subset
  [UP] unprotected variable result while calling allocating function Rf_getAttrib(?,S:class) shard/src/shard_altrep.c:566
  [UP] unprotected variable result while calling allocating function Rf_install shard/src/shard_altrep.c:568
  [UP] unprotected variable result while calling allocating function Rf_install shard/src/shard_altrep.c:569
  [UP] unprotected variable result while calling allocating function Rf_getAttrib(?,S:shard_cow) shard/src/shard_altrep.c:570
  [UP] unprotected variable result while calling allocating function Rf_getAttrib(?,S:shard_readonly) shard/src/shard_altrep.c:571
