Package splusTimeDate version 2.5.10
Package built using 89832/R 4.6.0; x86_64-pc-linux-gnu; 2026-04-09 17:15:58 UTC; unix   
Checked with rchk version 35618ebbccf3cd0b45a3530e6303970a22a9056b LLVM version 14.0.6
More information at https://github.com/kalibera/cran-checks/blob/master/rchk/PROTECT.md
For rchk in docker image see https://github.com/kalibera/rchk/blob/master/doc/DOCKER.md

Function r_zone_to_struct
  [UP] allocating function Rf_isDataFrame may destroy its unprotected argument (sptr2 <arg 1>), which is later used. splusTimeDate/src/zoneObj.c:230
  [UP] calling allocating function Rf_isDataFrame with a fresh pointer (sptr2 <arg 1>) splusTimeDate/src/zoneObj.c:230
  [UP] unprotected variable sptr2 while calling allocating function Rf_coerceVector splusTimeDate/src/zoneObj.c:241
  [UP] unprotected variable sptr2 while calling allocating function Rf_coerceVector splusTimeDate/src/zoneObj.c:242
  [UP] unprotected variable sptr2 while calling allocating function Rf_coerceVector splusTimeDate/src/zoneObj.c:243
  [UP] unprotected variable sptr2 while calling allocating function Rf_coerceVector splusTimeDate/src/zoneObj.c:244
  [UP] unprotected variable sptr2 while calling allocating function Rf_coerceVector splusTimeDate/src/zoneObj.c:245
  [UP] unprotected variable sptr2 while calling allocating function Rf_coerceVector splusTimeDate/src/zoneObj.c:246
  [UP] unprotected variable sptr2 while calling allocating function Rf_coerceVector splusTimeDate/src/zoneObj.c:247
  [UP] unprotected variable sptr2 while calling allocating function Rf_coerceVector splusTimeDate/src/zoneObj.c:248
  [UP] unprotected variable sptr2 while calling allocating function Rf_coerceVector splusTimeDate/src/zoneObj.c:249
  [UP] unprotected variable sptr2 while calling allocating function Rf_coerceVector splusTimeDate/src/zoneObj.c:250
  [UP] unprotected variable sptr2 while calling allocating function Rf_coerceVector splusTimeDate/src/zoneObj.c:251
  [UP] unprotected variable sptr2 while calling allocating function Rf_coerceVector splusTimeDate/src/zoneObj.c:252
  [UP] unprotected variable sptr2 while calling allocating function Rf_coerceVector splusTimeDate/src/zoneObj.c:253
  [UP] unprotected variable sptr2 while calling allocating function Rf_coerceVector splusTimeDate/src/zoneObj.c:254
