Package ucminf version 1.2.3
Package built using 89777/R 4.6.0; x86_64-pc-linux-gnu; 2026-04-02 20:17:14 UTC; unix   
Checked with rchk version 35618ebbccf3cd0b45a3530e6303970a22a9056b LLVM version 14.0.6
More information at https://github.com/kalibera/cran-checks/blob/master/rchk/PROTECT.md
For rchk in docker image see https://github.com/kalibera/rchk/blob/master/doc/DOCKER.md

Function func_
  [UP] calling allocating function Rf_eval with a fresh pointer (dotf <arg 1>) ucminf/src/interface.c:62

Function mfopt
  [UP] unprotected variable EPS while calling allocating function getVarInFrame ucminf/src/interface.c:88
  [UP] unprotected variable EPS while calling allocating function getVarInFrame ucminf/src/interface.c:89
  [UP] unprotected variable GRSTEP while calling allocating function getVarInFrame ucminf/src/interface.c:89
  [UP] unprotected variable EPS while calling allocating function getVarInFrame ucminf/src/interface.c:90
  [UP] unprotected variable GRSTEP while calling allocating function getVarInFrame ucminf/src/interface.c:90
  [UP] unprotected variable PAR while calling allocating function getVarInFrame ucminf/src/interface.c:90
  [UP] unprotected variable EPS while calling allocating function getVarInFrame ucminf/src/interface.c:91
  [UP] unprotected variable GRSTEP while calling allocating function getVarInFrame ucminf/src/interface.c:91
  [UP] unprotected variable PAR while calling allocating function getVarInFrame ucminf/src/interface.c:91
  [UP] unprotected variable icontr while calling allocating function getVarInFrame ucminf/src/interface.c:91
  [UP] unprotected variable EPS while calling allocating function getVarInFrame ucminf/src/interface.c:92
  [UP] unprotected variable GRSTEP while calling allocating function getVarInFrame ucminf/src/interface.c:92
  [UP] unprotected variable PAR while calling allocating function getVarInFrame ucminf/src/interface.c:92
  [UP] unprotected variable icontr while calling allocating function getVarInFrame ucminf/src/interface.c:92
  [UP] unprotected variable maxfun while calling allocating function getVarInFrame ucminf/src/interface.c:92
  [UP] unprotected variable EPS while calling allocating function getVarInFrame ucminf/src/interface.c:93
  [UP] unprotected variable GRSTEP while calling allocating function getVarInFrame ucminf/src/interface.c:93
  [UP] unprotected variable PAR while calling allocating function getVarInFrame ucminf/src/interface.c:93
  [UP] unprotected variable dx while calling allocating function getVarInFrame ucminf/src/interface.c:93
  [UP] unprotected variable icontr while calling allocating function getVarInFrame ucminf/src/interface.c:93
  [UP] unprotected variable maxfun while calling allocating function getVarInFrame ucminf/src/interface.c:93
  [UP] unprotected variable EPS while calling allocating function Rf_duplicate ucminf/src/interface.c:105
  [UP] unprotected variable GRSTEP while calling allocating function Rf_duplicate ucminf/src/interface.c:105
  [UP] unprotected variable PAR while calling allocating function Rf_duplicate ucminf/src/interface.c:105
  [UP] unprotected variable W while calling allocating function Rf_duplicate ucminf/src/interface.c:105
  [UP] unprotected variable dx while calling allocating function Rf_duplicate ucminf/src/interface.c:105
  [UP] unprotected variable icontr while calling allocating function Rf_duplicate ucminf/src/interface.c:105
  [UP] unprotected variable EPS while calling allocating function Rf_defineVar(S:.maxfun,?,?) ucminf/src/interface.c:106
  [UP] unprotected variable EPS while calling allocating function Rf_install ucminf/src/interface.c:106
  [UP] unprotected variable GRSTEP while calling allocating function Rf_defineVar(S:.maxfun,?,?) ucminf/src/interface.c:106
  [UP] unprotected variable GRSTEP while calling allocating function Rf_install ucminf/src/interface.c:106
  [UP] unprotected variable PAR while calling allocating function Rf_defineVar(S:.maxfun,?,?) ucminf/src/interface.c:106
  [UP] unprotected variable PAR while calling allocating function Rf_install ucminf/src/interface.c:106
  [UP] unprotected variable W while calling allocating function Rf_defineVar(S:.maxfun,?,?) ucminf/src/interface.c:106
  [UP] unprotected variable W while calling allocating function Rf_install ucminf/src/interface.c:106
  [UP] unprotected variable dx while calling allocating function Rf_defineVar(S:.maxfun,?,?) ucminf/src/interface.c:106
  [UP] unprotected variable dx while calling allocating function Rf_install ucminf/src/interface.c:106
  [UP] unprotected variable icontr while calling allocating function Rf_defineVar(S:.maxfun,?,?) ucminf/src/interface.c:106
  [UP] unprotected variable icontr while calling allocating function Rf_install ucminf/src/interface.c:106
  [UP] unprotected variable EPS while calling allocating function Rf_duplicate ucminf/src/interface.c:107
  [UP] unprotected variable GRSTEP while calling allocating function Rf_duplicate ucminf/src/interface.c:107
  [UP] unprotected variable PAR while calling allocating function Rf_duplicate ucminf/src/interface.c:107
  [UP] unprotected variable W while calling allocating function Rf_duplicate ucminf/src/interface.c:107
  [UP] unprotected variable icontr while calling allocating function Rf_duplicate ucminf/src/interface.c:107
  [UP] unprotected variable EPS while calling allocating function Rf_defineVar(S:.stepmax,?,?) ucminf/src/interface.c:108
  [UP] unprotected variable EPS while calling allocating function Rf_install ucminf/src/interface.c:108
  [UP] unprotected variable GRSTEP while calling allocating function Rf_defineVar(S:.stepmax,?,?) ucminf/src/interface.c:108
  [UP] unprotected variable GRSTEP while calling allocating function Rf_install ucminf/src/interface.c:108
  [UP] unprotected variable PAR while calling allocating function Rf_defineVar(S:.stepmax,?,?) ucminf/src/interface.c:108
  [UP] unprotected variable PAR while calling allocating function Rf_install ucminf/src/interface.c:108
  [UP] unprotected variable W while calling allocating function Rf_defineVar(S:.stepmax,?,?) ucminf/src/interface.c:108
  [UP] unprotected variable W while calling allocating function Rf_install ucminf/src/interface.c:108
  [UP] unprotected variable icontr while calling allocating function Rf_defineVar(S:.stepmax,?,?) ucminf/src/interface.c:108
  [UP] unprotected variable icontr while calling allocating function Rf_install ucminf/src/interface.c:108
  [UP] unprotected variable EPS while calling allocating function Rf_duplicate ucminf/src/interface.c:109
  [UP] unprotected variable GRSTEP while calling allocating function Rf_duplicate ucminf/src/interface.c:109
  [UP] unprotected variable PAR while calling allocating function Rf_duplicate ucminf/src/interface.c:109
  [UP] unprotected variable icontr while calling allocating function Rf_duplicate ucminf/src/interface.c:109
  [UP] unprotected variable EPS while calling allocating function Rf_defineVar(S:.w,?,?) ucminf/src/interface.c:110
  [UP] unprotected variable EPS while calling allocating function Rf_install ucminf/src/interface.c:110
  [UP] unprotected variable GRSTEP while calling allocating function Rf_defineVar(S:.w,?,?) ucminf/src/interface.c:110
  [UP] unprotected variable GRSTEP while calling allocating function Rf_install ucminf/src/interface.c:110
  [UP] unprotected variable PAR while calling allocating function Rf_defineVar(S:.w,?,?) ucminf/src/interface.c:110
  [UP] unprotected variable PAR while calling allocating function Rf_install ucminf/src/interface.c:110
  [UP] unprotected variable icontr while calling allocating function Rf_defineVar(S:.w,?,?) ucminf/src/interface.c:110
  [UP] unprotected variable icontr while calling allocating function Rf_install ucminf/src/interface.c:110

Function usrgr_
  [UP] calling allocating function Rf_eval with a fresh pointer (dotgr <arg 1>) ucminf/src/interface.c:74
