Package vectra version 0.5.1
Package built using 89950/R 4.6.0; x86_64-pc-linux-gnu; 2026-04-25 01:04:29 UTC; unix   
Checked with rchk version 35618ebbccf3cd0b45a3530e6303970a22a9056b LLVM version 14.0.6
More information at https://github.com/kalibera/cran-checks/blob/master/rchk/PROTECT.md
For rchk in docker image see https://github.com/kalibera/rchk/blob/master/doc/DOCKER.md

Suspicious call (two or more unprotected arguments) to Rf_setAttrib at apply_annotation vectra/src/collect.c:116

Function C_write_vtr
  [UP] allocating function parse_col_types may destroy its unprotected argument (df_names <arg 2>), which is later used. vectra/src/r_bridge.c:170
  [UP] calling allocating function parse_col_types with a fresh pointer (df_names <arg 2>) vectra/src/r_bridge.c:170
  [UP] allocating function parse_quantize may destroy its unprotected argument (df_names <arg 2>), which is later used. vectra/src/r_bridge.c:173
  [UP] calling allocating function parse_quantize with a fresh pointer (df_names <arg 2>) vectra/src/r_bridge.c:173
  [UP] calling allocating function parse_spatial with a fresh pointer (df_names <arg 2>) vectra/src/r_bridge.c:174
  [UP] unprotected variable names while calling allocating function r_col_type vectra/src/r_bridge.c:222

Function C_write_vtr_tdc
  [UP] unprotected variable names_sexp while calling allocating function R_alloc vectra/src/vtr1_tdc.c:1166
  [UP] unprotected variable names_sexp while calling allocating function R_alloc vectra/src/vtr1_tdc.c:1167

Function parse_quantize
  [UP] unprotected variable q_names while calling allocating function Rf_warning vectra/src/r_bridge_io.c:167
  [UP] unprotected variable q_names while calling allocating function Rf_warning vectra/src/r_bridge_io.c:174
  [UP] unprotected variable q_names while calling allocating function Rf_getAttrib(?,S:names) vectra/src/r_bridge_io.c:188
  [UP] unprotected variable q_names while calling allocating function Rf_asReal vectra/src/r_bridge_io.c:197
  [UP] unprotected variable snames while calling allocating function Rf_asReal vectra/src/r_bridge_io.c:197
  [UP] unprotected variable q_names while calling allocating function Rf_asReal vectra/src/r_bridge_io.c:202
  [UP] unprotected variable snames while calling allocating function Rf_asReal vectra/src/r_bridge_io.c:202
  [UP] unprotected variable q_names while calling allocating function Rf_asReal vectra/src/r_bridge_io.c:207
  [UP] unprotected variable snames while calling allocating function Rf_asReal vectra/src/r_bridge_io.c:207
  [UP] unprotected variable q_names while calling allocating function Rf_warning vectra/src/r_bridge_io.c:224

Function parse_spatial
  [UP] unprotected variable s_names while calling allocating function Rf_asReal vectra/src/r_bridge_io.c:273
  [UP] unprotected variable s_names while calling allocating function Rf_asReal vectra/src/r_bridge_io.c:275
  [UP] unprotected variable s_names while calling allocating function Rf_asInteger vectra/src/r_bridge_io.c:277
  [UP] unprotected variable s_names while calling allocating function Rf_asInteger vectra/src/r_bridge_io.c:279
  [UP] unprotected variable s_names while calling allocating function Rf_getAttrib(?,S:names) vectra/src/r_bridge_io.c:311
  [UP] unprotected variable s_names while calling allocating function Rf_asReal vectra/src/r_bridge_io.c:320
  [UP] unprotected variable sn while calling allocating function Rf_asReal vectra/src/r_bridge_io.c:320
  [UP] unprotected variable s_names while calling allocating function Rf_asReal vectra/src/r_bridge_io.c:322
  [UP] unprotected variable sn while calling allocating function Rf_asReal vectra/src/r_bridge_io.c:322
  [UP] unprotected variable s_names while calling allocating function Rf_asInteger vectra/src/r_bridge_io.c:324
  [UP] unprotected variable sn while calling allocating function Rf_asInteger vectra/src/r_bridge_io.c:324
  [UP] unprotected variable s_names while calling allocating function Rf_asInteger vectra/src/r_bridge_io.c:326
  [UP] unprotected variable sn while calling allocating function Rf_asInteger vectra/src/r_bridge_io.c:326
