This is pdfTeX, Version 3.141592653-2.6-1.40.25 (TeX Live 2023) (preloaded format=pdflatex 2025.12.10)  29 MAR 2026 16:50
entering extended mode
 restricted \write18 enabled.
 %&-line parsing enabled.
**\input ./Rd2.tex \input ./Rd2.tex \input ./Rd2.tex
 (./Rd2.tex
(/usr/share/texlive/texmf-dist/tex/latex/base/book.cls
Document Class: book 2022/07/02 v1.4n Standard LaTeX document class
(/usr/share/texlive/texmf-dist/tex/latex/base/bk10.clo
File: bk10.clo 2022/07/02 v1.4n Standard LaTeX file (size option)
)
\c@part=\count185
\c@chapter=\count186
\c@section=\count187
\c@subsection=\count188
\c@subsubsection=\count189
\c@paragraph=\count190
\c@subparagraph=\count191
\c@figure=\count192
\c@table=\count193
\abovecaptionskip=\skip48
\belowcaptionskip=\skip49
\bibindent=\dimen140
)
(/var/scratch2/tomas/cran/rcnst/build/share/texmf/tex/latex/Rd.sty
Package: Rd 

(/usr/share/texlive/texmf-dist/tex/latex/base/ifthen.sty
Package: ifthen 2022/04/13 v1.1d Standard LaTeX ifthen package (DPC)
)
(/usr/share/texlive/texmf-dist/tex/generic/iftex/iftex.sty
Package: iftex 2022/02/03 v1.0f TeX engine tests
)
(/usr/share/texlive/texmf-dist/tex/latex/tools/longtable.sty
Package: longtable 2021-09-01 v4.17 Multi-page Table package (DPC)
\LTleft=\skip50
\LTright=\skip51
\LTpre=\skip52
\LTpost=\skip53
\LTchunksize=\count194
\LTcapwidth=\dimen141
\LT@head=\box51
\LT@firsthead=\box52
\LT@foot=\box53
\LT@lastfoot=\box54
\LT@gbox=\box55
\LT@cols=\count195
\LT@rows=\count196
\c@LT@tables=\count197
\c@LT@chunks=\count198
\LT@p@ftn=\toks16
)
(/usr/share/texlive/texmf-dist/tex/latex/tools/bm.sty
Package: bm 2022/01/05 v1.2f Bold Symbol Support (DPC/FMi)
\symboldoperators=\mathgroup4
\symboldletters=\mathgroup5
\symboldsymbols=\mathgroup6
Package bm Info: No bold for \OMX/cmex/m/n, using \pmb.
LaTeX Font Info:    Redeclaring math alphabet \mathbf on input line 149.
)
(/usr/share/texlive/texmf-dist/tex/latex/base/alltt.sty
Package: alltt 2021/01/29 v2.0g defines alltt environment
)
(/usr/share/texlive/texmf-dist/tex/latex/tools/verbatim.sty
Package: verbatim 2022-07-02 v1.5u LaTeX2e package for verbatim enhancements
\every@verbatim=\toks17
\verbatim@line=\toks18
\verbatim@in@stream=\read2
)
(/usr/share/texlive/texmf-dist/tex/latex/url/url.sty
\Urlmuskip=\muskip16
Package: url 2013/09/16  ver 3.4  Verb mode for urls, etc.
)
(/usr/share/texlive/texmf-dist/tex/latex/base/textcomp.sty
Package: textcomp 2020/02/02 v2.0n Standard LaTeX package
)
(/usr/share/texlive/texmf-dist/tex/latex/amsmath/amsmath.sty
Package: amsmath 2022/04/08 v2.17n AMS math features
\@mathmargin=\skip54

For additional information on amsmath, use the `?' option.
(/usr/share/texlive/texmf-dist/tex/latex/amsmath/amstext.sty
Package: amstext 2021/08/26 v2.01 AMS text

(/usr/share/texlive/texmf-dist/tex/latex/amsmath/amsgen.sty
File: amsgen.sty 1999/11/30 v2.0 generic functions
\@emptytoks=\toks19
\ex@=\dimen142
))
(/usr/share/texlive/texmf-dist/tex/latex/amsmath/amsbsy.sty
Package: amsbsy 1999/11/29 v1.2d Bold Symbols
LaTeX Info: Redefining \boldsymbol on input line 28.
\pmbraise@=\dimen143
)
(/usr/share/texlive/texmf-dist/tex/latex/amsmath/amsopn.sty
Package: amsopn 2022/04/08 v2.04 operator names
)
\inf@bad=\count199
LaTeX Info: Redefining \frac on input line 234.
\uproot@=\count266
\leftroot@=\count267
LaTeX Info: Redefining \overline on input line 399.
LaTeX Info: Redefining \colon on input line 410.
\classnum@=\count268
\DOTSCASE@=\count269
LaTeX Info: Redefining \ldots on input line 496.
LaTeX Info: Redefining \dots on input line 499.
LaTeX Info: Redefining \cdots on input line 620.
\Mathstrutbox@=\box56
\strutbox@=\box57
LaTeX Info: Redefining \big on input line 722.
LaTeX Info: Redefining \Big on input line 723.
LaTeX Info: Redefining \bigg on input line 724.
LaTeX Info: Redefining \Bigg on input line 725.
\big@size=\dimen144
LaTeX Font Info:    Redeclaring font encoding OML on input line 743.
LaTeX Font Info:    Redeclaring font encoding OMS on input line 744.
\macc@depth=\count270
LaTeX Info: Redefining \bmod on input line 905.
LaTeX Info: Redefining \pmod on input line 910.
LaTeX Info: Redefining \smash on input line 940.
LaTeX Info: Redefining \relbar on input line 970.
LaTeX Info: Redefining \Relbar on input line 971.
\c@MaxMatrixCols=\count271
\dotsspace@=\muskip17
\c@parentequation=\count272
\dspbrk@lvl=\count273
\tag@help=\toks20
\row@=\count274
\column@=\count275
\maxfields@=\count276
\andhelp@=\toks21
\eqnshift@=\dimen145
\alignsep@=\dimen146
\tagshift@=\dimen147
\tagwidth@=\dimen148
\totwidth@=\dimen149
\lineht@=\dimen150
\@envbody=\toks22
\multlinegap=\skip55
\multlinetaggap=\skip56
\mathdisplay@stack=\toks23
LaTeX Info: Redefining \[ on input line 2953.
LaTeX Info: Redefining \] on input line 2954.
)
(/usr/share/texlive/texmf-dist/tex/latex/amsfonts/amsfonts.sty
Package: amsfonts 2013/01/14 v3.01 Basic AMSFonts support
\symAMSa=\mathgroup7
\symAMSb=\mathgroup8
LaTeX Font Info:    Redeclaring math symbol \hbar on input line 98.
LaTeX Font Info:    Overwriting math alphabet `\mathfrak' in version `bold'
(Font)                  U/euf/m/n --> U/euf/b/n on input line 106.
)
(/usr/share/texlive/texmf-dist/tex/latex/amsfonts/amssymb.sty
Package: amssymb 2013/01/14 v3.01 AMS font symbols
)
(/usr/share/texlive/texmf-dist/tex/latex/jknapltx/mathrsfs.sty
Package: mathrsfs 1996/01/01 Math RSFS package v1.0 (jk)
\symrsfs=\mathgroup9
)
\ldescriptionwidth=\skip57

(/usr/share/texlive/texmf-dist/tex/latex/base/fontenc.sty
Package: fontenc 2021/04/29 v2.0v Standard LaTeX package
)
(/usr/share/texlive/texmf-dist/tex/latex/psnfss/times.sty
Package: times 2020/03/25 PSNFSS-v9.3 (SPQR) 
)
(/usr/share/texlive/texmf-dist/tex/latex/inconsolata/zi4.sty
Package: zi4 2019/05/17 v1.12

`inconsolata-zi4' v1.12, 2019/05/17 Text macros for Inconsolata (msharpe)
(/usr/share/texlive/texmf-dist/tex/latex/xkeyval/xkeyval.sty
Package: xkeyval 2022/06/16 v2.9 package option processing (HA)

(/usr/share/texlive/texmf-dist/tex/generic/xkeyval/xkeyval.tex
(/usr/share/texlive/texmf-dist/tex/generic/xkeyval/xkvutils.tex
\XKV@toks=\toks24
\XKV@tempa@toks=\toks25

(/usr/share/texlive/texmf-dist/tex/generic/xkeyval/keyval.tex))
\XKV@depth=\count277
File: xkeyval.tex 2014/12/03 v2.7a key=value parser (HA)
))
\zifour@ocount=\count278
)
(/usr/share/texlive/texmf-dist/tex/latex/graphics/color.sty
Package: color 2022/01/06 v1.3d Standard LaTeX Color (DPC)

(/usr/share/texlive/texmf-dist/tex/latex/graphics-cfg/color.cfg
File: color.cfg 2016/01/02 v1.6 sample color configuration
)
Package color Info: Driver file: pdftex.def on input line 149.

(/usr/share/texlive/texmf-dist/tex/latex/graphics-def/pdftex.def
File: pdftex.def 2022/09/22 v1.2b Graphics/color driver for pdftex
)
(/usr/share/texlive/texmf-dist/tex/latex/graphics/mathcolor.ltx))
(/usr/share/texlive/texmf-dist/tex/latex/hyperref/hyperref.sty
Package: hyperref 2023-02-07 v7.00v Hypertext links for LaTeX

(/usr/share/texlive/texmf-dist/tex/generic/ltxcmds/ltxcmds.sty
Package: ltxcmds 2020-05-10 v1.25 LaTeX kernel commands for general use (HO)
)
(/usr/share/texlive/texmf-dist/tex/generic/pdftexcmds/pdftexcmds.sty
Package: pdftexcmds 2020-06-27 v0.33 Utility functions of pdfTeX for LuaTeX (HO
)

(/usr/share/texlive/texmf-dist/tex/generic/infwarerr/infwarerr.sty
Package: infwarerr 2019/12/03 v1.5 Providing info/warning/error messages (HO)
)
Package pdftexcmds Info: \pdf@primitive is available.
Package pdftexcmds Info: \pdf@ifprimitive is available.
Package pdftexcmds Info: \pdfdraftmode found.
)
(/usr/share/texlive/texmf-dist/tex/latex/kvsetkeys/kvsetkeys.sty
Package: kvsetkeys 2022-10-05 v1.19 Key value parser (HO)
)
(/usr/share/texlive/texmf-dist/tex/generic/kvdefinekeys/kvdefinekeys.sty
Package: kvdefinekeys 2019-12-19 v1.6 Define keys (HO)
)
(/usr/share/texlive/texmf-dist/tex/generic/pdfescape/pdfescape.sty
Package: pdfescape 2019/12/09 v1.15 Implements pdfTeX's escape features (HO)
)
(/usr/share/texlive/texmf-dist/tex/latex/hycolor/hycolor.sty
Package: hycolor 2020-01-27 v1.10 Color options for hyperref/bookmark (HO)
)
(/usr/share/texlive/texmf-dist/tex/latex/letltxmacro/letltxmacro.sty
Package: letltxmacro 2019/12/03 v1.6 Let assignment for LaTeX macros (HO)
)
(/usr/share/texlive/texmf-dist/tex/latex/auxhook/auxhook.sty
Package: auxhook 2019-12-17 v1.6 Hooks for auxiliary files (HO)
)
(/usr/share/texlive/texmf-dist/tex/latex/hyperref/nameref.sty
Package: nameref 2022-05-17 v2.50 Cross-referencing by name of section

(/usr/share/texlive/texmf-dist/tex/latex/refcount/refcount.sty
Package: refcount 2019/12/15 v3.6 Data extraction from label references (HO)
)
(/usr/share/texlive/texmf-dist/tex/generic/gettitlestring/gettitlestring.sty
Package: gettitlestring 2019/12/15 v1.6 Cleanup title references (HO)

(/usr/share/texlive/texmf-dist/tex/latex/kvoptions/kvoptions.sty
Package: kvoptions 2022-06-15 v3.15 Key value format for package options (HO)
))
\c@section@level=\count279
)
\@linkdim=\dimen151
\Hy@linkcounter=\count280
\Hy@pagecounter=\count281

(/usr/share/texlive/texmf-dist/tex/latex/hyperref/pd1enc.def
File: pd1enc.def 2023-02-07 v7.00v Hyperref: PDFDocEncoding definition (HO)
Now handling font encoding PD1 ...
... no UTF-8 mapping file for font encoding PD1
)
(/usr/share/texlive/texmf-dist/tex/generic/intcalc/intcalc.sty
Package: intcalc 2019/12/15 v1.3 Expandable calculations with integers (HO)
)
(/usr/share/texlive/texmf-dist/tex/generic/etexcmds/etexcmds.sty
Package: etexcmds 2019/12/15 v1.7 Avoid name clashes with e-TeX commands (HO)
)
\Hy@SavedSpaceFactor=\count282

(/usr/share/texlive/texmf-dist/tex/latex/hyperref/puenc.def
File: puenc.def 2023-02-07 v7.00v Hyperref: PDF Unicode definition (HO)
Now handling font encoding PU ...
... no UTF-8 mapping file for font encoding PU
)
Package hyperref Info: Hyper figures OFF on input line 4177.
Package hyperref Info: Link nesting OFF on input line 4182.
Package hyperref Info: Hyper index ON on input line 4185.
Package hyperref Info: Plain pages OFF on input line 4192.
Package hyperref Info: Backreferencing OFF on input line 4197.
Package hyperref Info: Implicit mode ON; LaTeX internals redefined.
Package hyperref Info: Bookmarks ON on input line 4425.
\c@Hy@tempcnt=\count283
LaTeX Info: Redefining \url on input line 4763.
\XeTeXLinkMargin=\dimen152

(/usr/share/texlive/texmf-dist/tex/generic/bitset/bitset.sty
Package: bitset 2019/12/09 v1.3 Handle bit-vector datatype (HO)

(/usr/share/texlive/texmf-dist/tex/generic/bigintcalc/bigintcalc.sty
Package: bigintcalc 2019/12/15 v1.5 Expandable calculations on big integers (HO
)
))
\Fld@menulength=\count284
\Field@Width=\dimen153
\Fld@charsize=\dimen154
Package hyperref Info: Hyper figures OFF on input line 6042.
Package hyperref Info: Link nesting OFF on input line 6047.
Package hyperref Info: Hyper index ON on input line 6050.
Package hyperref Info: backreferencing OFF on input line 6057.
Package hyperref Info: Link coloring OFF on input line 6062.
Package hyperref Info: Link coloring with OCG OFF on input line 6067.
Package hyperref Info: PDF/A mode OFF on input line 6072.

(/usr/share/texlive/texmf-dist/tex/latex/base/atbegshi-ltx.sty
Package: atbegshi-ltx 2021/01/10 v1.0c Emulation of the original atbegshi
package with kernel methods
)
\Hy@abspage=\count285
\c@Item=\count286
\c@Hfootnote=\count287
)
Package hyperref Info: Driver (autodetected): hpdftex.

(/usr/share/texlive/texmf-dist/tex/latex/hyperref/hpdftex.def
File: hpdftex.def 2023-02-07 v7.00v Hyperref driver for pdfTeX

(/usr/share/texlive/texmf-dist/tex/latex/base/atveryend-ltx.sty
Package: atveryend-ltx 2020/08/19 v1.0a Emulation of the original atveryend pac
kage
with kernel methods
)
\Fld@listcount=\count288
\c@bookmark@seq@number=\count289

(/usr/share/texlive/texmf-dist/tex/latex/rerunfilecheck/rerunfilecheck.sty
Package: rerunfilecheck 2022-07-10 v1.10 Rerun checks for auxiliary files (HO)

(/usr/share/texlive/texmf-dist/tex/generic/uniquecounter/uniquecounter.sty
Package: uniquecounter 2019/12/15 v1.4 Provide unlimited unique counter (HO)
)
Package uniquecounter Info: New unique counter `rerunfilecheck' on input line 2
85.
)
\Hy@SectionHShift=\skip58
)
Package hyperref Info: Option `colorlinks' set `true' on input line 413.
Package hyperref Info: Option `linktocpage' set `true' on input line 413.
Package hyperref Info: Option `plainpages' set `false' on input line 413.
)
(/usr/share/texlive/texmf-dist/tex/latex/base/makeidx.sty
Package: makeidx 2021/10/04 v1.0m Standard LaTeX package
)
(/usr/share/texlive/texmf-dist/tex/latex/graphics/graphicx.sty
Package: graphicx 2021/09/16 v1.2d Enhanced LaTeX Graphics (DPC,SPQR)

(/usr/share/texlive/texmf-dist/tex/latex/graphics/graphics.sty
Package: graphics 2022/03/10 v1.4e Standard LaTeX Graphics (DPC,SPQR)

(/usr/share/texlive/texmf-dist/tex/latex/graphics/trig.sty
Package: trig 2021/08/11 v1.11 sin cos tan (DPC)
)
(/usr/share/texlive/texmf-dist/tex/latex/graphics-cfg/graphics.cfg
File: graphics.cfg 2016/06/04 v1.11 sample graphics configuration
)
Package graphics Info: Driver file: pdftex.def on input line 107.
)
\Gin@req@height=\dimen155
\Gin@req@width=\dimen156
)
\@indexfile=\write3
\openout3 = `Rd2.idx'.


Writing index file Rd2.idx
LaTeX Font Info:    Trying to load font information for T1+ptm on input line 8.

(/usr/share/texlive/texmf-dist/tex/latex/psnfss/t1ptm.fd
File: t1ptm.fd 2001/06/04 font definitions for T1/ptm.
)
(/usr/share/texlive/texmf-dist/tex/latex/l3backend/l3backend-pdftex.def
File: l3backend-pdftex.def 2023-01-16 L3 backend support: PDF output (pdfTeX)
\l__color_backend_stack_int=\count290
\l__pdf_internal_box=\box58
)
(/var/scratch2/tomas/tmp/Rtmp1S4DAq/Rd2pdf2911506cc5c/Rd2.aux)
\openout1 = `Rd2.aux'.

LaTeX Font Info:    Checking defaults for OML/cmm/m/it on input line 8.
LaTeX Font Info:    ... okay on input line 8.
LaTeX Font Info:    Checking defaults for OMS/cmsy/m/n on input line 8.
LaTeX Font Info:    ... okay on input line 8.
LaTeX Font Info:    Checking defaults for OT1/cmr/m/n on input line 8.
LaTeX Font Info:    ... okay on input line 8.
LaTeX Font Info:    Checking defaults for T1/cmr/m/n on input line 8.
LaTeX Font Info:    ... okay on input line 8.
LaTeX Font Info:    Checking defaults for TS1/cmr/m/n on input line 8.
LaTeX Font Info:    ... okay on input line 8.
LaTeX Font Info:    Checking defaults for OMX/cmex/m/n on input line 8.
LaTeX Font Info:    ... okay on input line 8.
LaTeX Font Info:    Checking defaults for U/cmr/m/n on input line 8.
LaTeX Font Info:    ... okay on input line 8.
LaTeX Font Info:    Checking defaults for PD1/pdf/m/n on input line 8.
LaTeX Font Info:    ... okay on input line 8.
LaTeX Font Info:    Checking defaults for PU/pdf/m/n on input line 8.
LaTeX Font Info:    ... okay on input line 8.

(/usr/share/texlive/texmf-dist/tex/context/base/mkii/supp-pdf.mkii
[Loading MPS to PDF converter (version 2006.09.02).]
\scratchcounter=\count291
\scratchdimen=\dimen157
\scratchbox=\box59
\nofMPsegments=\count292
\nofMParguments=\count293
\everyMPshowfont=\toks26
\MPscratchCnt=\count294
\MPscratchDim=\dimen158
\MPnumerator=\count295
\makeMPintoPDFobject=\count296
\everyMPtoPDFconversion=\toks27
) (/usr/share/texlive/texmf-dist/tex/latex/epstopdf-pkg/epstopdf-base.sty
Package: epstopdf-base 2020-01-24 v2.11 Base part for package epstopdf
Package epstopdf-base Info: Redefining graphics rule for `.eps' on input line 4
85.

(/usr/share/texlive/texmf-dist/tex/latex/latexconfig/epstopdf-sys.cfg
File: epstopdf-sys.cfg 2010/07/13 v1.3 Configuration of (r)epstopdf for TeX Liv
e
))
Package hyperref Info: Link coloring ON on input line 8.

(/var/scratch2/tomas/tmp/Rtmp1S4DAq/Rd2pdf2911506cc5c/Rd2.out)
(/var/scratch2/tomas/tmp/Rtmp1S4DAq/Rd2pdf2911506cc5c/Rd2.out)
\@outlinefile=\write4
\openout4 = `Rd2.out'.

LaTeX Font Info:    Trying to load font information for TS1+ptm on input line 2
3.

(/usr/share/texlive/texmf-dist/tex/latex/psnfss/ts1ptm.fd
File: ts1ptm.fd 2001/06/04 font definitions for TS1/ptm.
)
LaTeX Font Info:    Trying to load font information for T1+zi4 on input line 41
.

(/usr/share/texlive/texmf-dist/tex/latex/inconsolata/t1zi4.fd
File: t1zi4.fd 2018/01/14 T1/zi4 (Inconsolata)
)
LaTeX Font Info:    Font shape `T1/zi4/m/n' will be
(Font)              scaled to size 10.0pt on input line 41.
LaTeX Font Info:    Trying to load font information for U+msa on input line 41.


(/usr/share/texlive/texmf-dist/tex/latex/amsfonts/umsa.fd
File: umsa.fd 2013/01/14 v3.01 AMS symbols A
)
LaTeX Font Info:    Trying to load font information for U+msb on input line 41.


(/usr/share/texlive/texmf-dist/tex/latex/amsfonts/umsb.fd
File: umsb.fd 2013/01/14 v3.01 AMS symbols B
)
LaTeX Font Info:    Trying to load font information for U+rsfs on input line 41
.

(/usr/share/texlive/texmf-dist/tex/latex/jknapltx/ursfs.fd
File: ursfs.fd 1998/03/24 rsfs font definition file (jk)
) [1


{/var/lib/texmf/fonts/map/pdftex/updmap/pdftex.map}{/usr/share/texlive/texmf-di
st/fonts/enc/dvips/base/8r.enc}{/usr/share/texlive/texmf-dist/fonts/enc/dvips/i
nconsolata/i4-t1-0.enc}] (/var/scratch2/tomas/tmp/Rtmp1S4DAq/Rd2pdf2911506cc5c/
Rd2.toc [2]
[3])
\tf@toc=\write5
\openout5 = `Rd2.toc'.

 [4] [5]
Overfull \hbox (37.24841pt too wide) in paragraph at lines 197--199
[]\T1/ptm/m/n/10 Character string pro-vid-ing a la-bel to ap-ply to the newly c
re-ated node, if []\T1/zi4/m/n/10 tree$node.label
 []

[6]
Overfull \hbox (15.7597pt too wide) in paragraph at lines 247--264
[]\T1/ptm/m/n/10 Other tree ma-nip-u-la-tion: [][][]\T1/zi4/m/n/10 CollapseNode
[][][]()[]\T1/ptm/m/n/10 , [][][]\T1/zi4/m/n/10 ConsensusWithout[][][]()[]\T1/p
tm/m/n/10 , [][][]\T1/zi4/m/n/10 DropTip[][][]()[]\T1/ptm/m/n/10 , [][][]\T1/zi
4/m/n/10 ImposeConstraint[][][]()[]\T1/ptm/m/n/10 ,
 []


Overfull \hbox (49.88098pt too wide) in paragraph at lines 247--264
[][][]\T1/zi4/m/n/10 KeptPaths[][][]()[]\T1/ptm/m/n/10 , [][][]\T1/zi4/m/n/10 K
eptVerts[][][]()[]\T1/ptm/m/n/10 , [][][]\T1/zi4/m/n/10 LeafLabelInterchange[][
][]()[]\T1/ptm/m/n/10 , [][][]\T1/zi4/m/n/10 MakeTreeBinary[][][]()[]\T1/ptm/m/
n/10 , [][][]\T1/zi4/m/n/10 Renumber[][][]()[]\T1/ptm/m/n/10 , [][][]\T1/zi4/m/
n/10 RenumberTips[][][]()[]\T1/ptm/m/n/10 ,
 []

LaTeX Font Info:    Font shape `T1/zi4/m/n' will be
(Font)              scaled to size 9.0pt on input line 267.
[7]
LaTeX Font Info:    Trying to load font information for TS1+zi4 on input line 3
01.
 (/usr/share/texlive/texmf-dist/tex/latex/inconsolata/ts1zi4.fd
File: ts1zi4.fd 2018/01/14 TS1/zi4 (Inconsolata)
)
LaTeX Font Info:    Font shape `TS1/zi4/m/n' will be
(Font)              scaled to size 9.0pt on input line 301.

Overfull \hbox (44.401pt too wide) in paragraph at lines 344--357
[][][]\T1/zi4/m/n/10 ListAncestors[][][]()[]\T1/ptm/m/n/10 , [][][]\T1/zi4/m/n/
10 MRCA[][][]()[]\T1/ptm/m/n/10 , [][][]\T1/zi4/m/n/10 MatchEdges[][][]()[]\T1/
ptm/m/n/10 , [][][]\T1/zi4/m/n/10 NDescendants[][][]()[]\T1/ptm/m/n/10 , [][][]
\T1/zi4/m/n/10 NodeDepth[][][]()[]\T1/ptm/m/n/10 , [][][]\T1/zi4/m/n/10 NodeNum
bers[][][]()[]\T1/ptm/m/n/10 , [][][]\T1/zi4/m/n/10 NodeOrder[][][]()[]\T1/ptm/
m/n/10 ,
 []

[8{/usr/share/texlive/texmf-dist/fonts/enc/dvips/inconsolata/i4-ts1.enc}]
[9]
LaTeX Font Info:    Font shape `TS1/zi4/m/n' will be
(Font)              scaled to size 10.0pt on input line 426.
 [10] [11]
Overfull \hbox (28.62968pt too wide) in paragraph at lines 573--584
[]\T1/ptm/m/n/10 Other util-ity func-tions: [][][]\T1/zi4/m/n/10 ClusterTable[]
[][][]\T1/ptm/m/n/10 , [][][]\T1/zi4/m/n/10 ClusterTable-methods[][][][]\T1/ptm
/m/n/10 , [][][]\T1/zi4/m/n/10 Hamming[][][]()[]\T1/ptm/m/n/10 , [][][]\T1/zi4/
m/n/10 MSTEdges[][][]()[]\T1/ptm/m/n/10 , [][][]\T1/zi4/m/n/10 SampleOne[][][](
)[]\T1/ptm/m/n/10 ,
 []


Overfull \hbox (12.86096pt too wide) in paragraph at lines 573--584
[][][]\T1/zi4/m/n/10 TipTimedTree[][][]()[]\T1/ptm/m/n/10 , [][][]\T1/zi4/m/n/1
0 UnshiftTree[][][]()[]\T1/ptm/m/n/10 , [][][]\T1/zi4/m/n/10 match,phylo,phylo-
method[][][][]\T1/ptm/m/n/10 , [][][]\T1/zi4/m/n/10 sapply64[][][]()[]\T1/ptm/m
/n/10 , [][][]\T1/zi4/m/n/10 sort.multiPhylo[][][]() 
 []

[12] [13]
Underfull \hbox (badness 10000) in paragraph at lines 737--746

 []


Underfull \hbox (badness 10000) in paragraph at lines 737--746

 []


Overfull \hbox (57.0392pt too wide) in paragraph at lines 749--754
[]\T1/ptm/m/n/10 Other split in-for-ma-tion func-tions: [][][]\T1/zi4/m/n/10 Sp
litInformation[][][]()[]\T1/ptm/m/n/10 , [][][]\T1/zi4/m/n/10 SplitMatchProbabi
lity[][][]()[]\T1/ptm/m/n/10 , [][][]\T1/zi4/m/n/10 TreesMatchingSplit[][][]()[
]\T1/ptm/m/n/10 ,
 []

[14]
Overfull \hbox (22.48985pt too wide) in paragraph at lines 807--820
[]\T1/ptm/m/n/10 Other tree prop-er-ties: [][][]\T1/zi4/m/n/10 ConsensusWithout
[][][]()[]\T1/ptm/m/n/10 , [][][]\T1/zi4/m/n/10 EdgeRatio[][][]()[]\T1/ptm/m/n/
10 , [][][]\T1/zi4/m/n/10 LongBranch[][][]()[]\T1/ptm/m/n/10 , [][][]\T1/zi4/m/
n/10 MatchEdges[][][]()[]\T1/ptm/m/n/10 , [][][]\T1/zi4/m/n/10 NSplits[][][]()[
]\T1/ptm/m/n/10 ,
 []


Overfull \hbox (14.88098pt too wide) in paragraph at lines 807--820
[][][]\T1/zi4/m/n/10 NTip[][][]()[]\T1/ptm/m/n/10 , [][][]\T1/zi4/m/n/10 NodeNu
mbers[][][]()[]\T1/ptm/m/n/10 , [][][]\T1/zi4/m/n/10 PathLengths[][][]()[]\T1/p
tm/m/n/10 , [][][]\T1/zi4/m/n/10 SplitsInBinaryTree[][][]()[]\T1/ptm/m/n/10 , [
][][]\T1/zi4/m/n/10 TipLabels[][][]()[]\T1/ptm/m/n/10 , [][][]\T1/zi4/m/n/10 Tr
eeIsRooted[][][]()[]\T1/ptm/m/n/10 ,
 []

[15]
Overfull \hbox (9.95003pt too wide) in paragraph at lines 853--866
[]\T1/ptm/m/n/10 Other tree nav-i-ga-tion: [][][]\T1/zi4/m/n/10 AncestorEdge[][
][]()[]\T1/ptm/m/n/10 , [][][]\T1/zi4/m/n/10 DescendantEdges[][][]()[]\T1/ptm/m
/n/10 , [][][]\T1/zi4/m/n/10 EdgeAncestry[][][]()[]\T1/ptm/m/n/10 , [][][]\T1/z
i4/m/n/10 EdgeDistances[][][]()[]\T1/ptm/m/n/10 ,
 []


Overfull \hbox (44.401pt too wide) in paragraph at lines 853--866
[][][]\T1/zi4/m/n/10 ListAncestors[][][]()[]\T1/ptm/m/n/10 , [][][]\T1/zi4/m/n/
10 MRCA[][][]()[]\T1/ptm/m/n/10 , [][][]\T1/zi4/m/n/10 MatchEdges[][][]()[]\T1/
ptm/m/n/10 , [][][]\T1/zi4/m/n/10 NDescendants[][][]()[]\T1/ptm/m/n/10 , [][][]
\T1/zi4/m/n/10 NodeDepth[][][]()[]\T1/ptm/m/n/10 , [][][]\T1/zi4/m/n/10 NodeNum
bers[][][]()[]\T1/ptm/m/n/10 , [][][]\T1/zi4/m/n/10 NodeOrder[][][]()[]\T1/ptm/
m/n/10 ,
 []

[16]
Underfull \hbox (badness 10000) in paragraph at lines 947--961

 []


Underfull \hbox (badness 10000) in paragraph at lines 947--961

 []


Underfull \hbox (badness 10000) in paragraph at lines 947--961

 []

[17]
Overfull \hbox (38.45903pt too wide) in paragraph at lines 968--973
[]\T1/ptm/m/n/10 Other tree char-ac-ter-i-za-tion func-tions: [][][]\T1/zi4/m/n
/10 Consensus[][][]()[]\T1/ptm/m/n/10 , [][][]\T1/zi4/m/n/10 J1Index[][][]()[]\
T1/ptm/m/n/10 , [][][]\T1/zi4/m/n/10 Stemwardness[][][][]\T1/ptm/m/n/10 , [][][
]\T1/zi4/m/n/10 TotalCopheneticIndex[][][]() 
 []

[18]
Overfull \hbox (38.62968pt too wide) in paragraph at lines 1042--1053
[]\T1/ptm/m/n/10 Other util-ity func-tions: [][][]\T1/zi4/m/n/10 ClusterTable-m
ethods[][][][]\T1/ptm/m/n/10 , [][][]\T1/zi4/m/n/10 Hamming[][][]()[]\T1/ptm/m/
n/10 , [][][]\T1/zi4/m/n/10 MSTEdges[][][]()[]\T1/ptm/m/n/10 , [][][]\T1/zi4/m/
n/10 SampleOne[][][]()[]\T1/ptm/m/n/10 , [][][]\T1/zi4/m/n/10 TipTimedTree[][][
]()[]\T1/ptm/m/n/10 ,
 []


Overfull \hbox (17.86096pt too wide) in paragraph at lines 1042--1053
[][][]\T1/zi4/m/n/10 UnshiftTree[][][]()[]\T1/ptm/m/n/10 , [][][]\T1/zi4/m/n/10
 as.multiPhylo[][][]()[]\T1/ptm/m/n/10 , [][][]\T1/zi4/m/n/10 match,phylo,phylo
-method[][][][]\T1/ptm/m/n/10 , [][][]\T1/zi4/m/n/10 sapply64[][][]()[]\T1/ptm/
m/n/10 , [][][]\T1/zi4/m/n/10 sort.multiPhylo[][][]() 
 []


Overfull \hbox (17.86096pt too wide) in paragraph at lines 1108--1119
[][][]\T1/zi4/m/n/10 UnshiftTree[][][]()[]\T1/ptm/m/n/10 , [][][]\T1/zi4/m/n/10
 as.multiPhylo[][][]()[]\T1/ptm/m/n/10 , [][][]\T1/zi4/m/n/10 match,phylo,phylo
-method[][][][]\T1/ptm/m/n/10 , [][][]\T1/zi4/m/n/10 sapply64[][][]()[]\T1/ptm/
m/n/10 , [][][]\T1/zi4/m/n/10 sort.multiPhylo[][][]() 
 []

[19]
Overfull \hbox (49.88098pt too wide) in paragraph at lines 1174--1191
[][][]\T1/zi4/m/n/10 KeptPaths[][][]()[]\T1/ptm/m/n/10 , [][][]\T1/zi4/m/n/10 K
eptVerts[][][]()[]\T1/ptm/m/n/10 , [][][]\T1/zi4/m/n/10 LeafLabelInterchange[][
][]()[]\T1/ptm/m/n/10 , [][][]\T1/zi4/m/n/10 MakeTreeBinary[][][]()[]\T1/ptm/m/
n/10 , [][][]\T1/zi4/m/n/10 Renumber[][][]()[]\T1/ptm/m/n/10 , [][][]\T1/zi4/m/
n/10 RenumberTips[][][]()[]\T1/ptm/m/n/10 ,
 []

[20] [21] [22]
Overfull \hbox (58.45903pt too wide) in paragraph at lines 1335--1340
[]\T1/ptm/m/n/10 Other tree char-ac-ter-i-za-tion func-tions: [][][]\T1/zi4/m/n
/10 CladisticInfo[][][]()[]\T1/ptm/m/n/10 , [][][]\T1/zi4/m/n/10 J1Index[][][](
)[]\T1/ptm/m/n/10 , [][][]\T1/zi4/m/n/10 Stemwardness[][][][]\T1/ptm/m/n/10 , [
][][]\T1/zi4/m/n/10 TotalCopheneticIndex[][][]() 
 []

[23]
Overfull \hbox (25.27972pt too wide) in paragraph at lines 1409--1426
[]\T1/ptm/m/n/10 Other tree ma-nip-u-la-tion: [][][]\T1/zi4/m/n/10 AddTip[][][]
()[]\T1/ptm/m/n/10 , [][][]\T1/zi4/m/n/10 CollapseNode[][][]()[]\T1/ptm/m/n/10 
, [][][]\T1/zi4/m/n/10 DropTip[][][]()[]\T1/ptm/m/n/10 , [][][]\T1/zi4/m/n/10 I
mposeConstraint[][][]()[]\T1/ptm/m/n/10 , [][][]\T1/zi4/m/n/10 KeptPaths[][][](
)[]\T1/ptm/m/n/10 ,
 []


Overfull \hbox (14.88098pt too wide) in paragraph at lines 1427--1440
[][][]\T1/zi4/m/n/10 NTip[][][]()[]\T1/ptm/m/n/10 , [][][]\T1/zi4/m/n/10 NodeNu
mbers[][][]()[]\T1/ptm/m/n/10 , [][][]\T1/zi4/m/n/10 PathLengths[][][]()[]\T1/p
tm/m/n/10 , [][][]\T1/zi4/m/n/10 SplitsInBinaryTree[][][]()[]\T1/ptm/m/n/10 , [
][][]\T1/zi4/m/n/10 TipLabels[][][]()[]\T1/ptm/m/n/10 , [][][]\T1/zi4/m/n/10 Tr
eeIsRooted[][][]()[]\T1/ptm/m/n/10 ,
 []

[24] [25]
Underfull \hbox (badness 10000) in paragraph at lines 1601--1614

 []


Underfull \hbox (badness 10000) in paragraph at lines 1601--1614

 []


Underfull \hbox (badness 10000) in paragraph at lines 1601--1614

 []


Overfull \hbox (10.70726pt too wide) in paragraph at lines 1601--1614
\T1/ptm/m/n/10 Wilkin-son M (1992). ``Or-dered ver-sus Un-ordered Char-ac-ters.
'' \T1/ptm/m/it/10 Cladis-tics\T1/ptm/m/n/10 , \T1/ptm/b/n/10 8\T1/ptm/m/n/10 (
4), 375--385. [][]doi:10.1111/
 []


Overfull \hbox (18.03917pt too wide) in paragraph at lines 1617--1621
[]\T1/ptm/m/n/10 Other phy-lo-ge-netic ma-trix con-ver-sion func-tions: [][][]\
T1/zi4/m/n/10 MatrixToPhyDat[][][]()[]\T1/ptm/m/n/10 , [][][]\T1/zi4/m/n/10 Rew
eight[][][]()[]\T1/ptm/m/n/10 , [][][]\T1/zi4/m/n/10 StringToPhyDat[][][]() 
 []

[26] [27]
Overfull \hbox (44.401pt too wide) in paragraph at lines 1699--1712
[][][]\T1/zi4/m/n/10 ListAncestors[][][]()[]\T1/ptm/m/n/10 , [][][]\T1/zi4/m/n/
10 MRCA[][][]()[]\T1/ptm/m/n/10 , [][][]\T1/zi4/m/n/10 MatchEdges[][][]()[]\T1/
ptm/m/n/10 , [][][]\T1/zi4/m/n/10 NDescendants[][][]()[]\T1/ptm/m/n/10 , [][][]
\T1/zi4/m/n/10 NodeDepth[][][]()[]\T1/ptm/m/n/10 , [][][]\T1/zi4/m/n/10 NodeNum
bers[][][]()[]\T1/ptm/m/n/10 , [][][]\T1/zi4/m/n/10 NodeOrder[][][]()[]\T1/ptm/
m/n/10 ,
 []

[28] [29]
Package textcomp Info: Symbol \textasciigrave not provided by
(textcomp)             font family zi4 in TS1 encoding.
(textcomp)             Default family used instead on input line 1888.
LaTeX Font Info:    Trying to load font information for T1+cmtt on input line 1
888.
 (/usr/share/texlive/texmf-dist/tex/latex/base/t1cmtt.fd
File: t1cmtt.fd 2022/07/10 v2.5l Standard LaTeX font definitions
)
LaTeX Font Info:    Trying to load font information for TS1+cmtt on input line 
1888.

(/usr/share/texlive/texmf-dist/tex/latex/base/ts1cmtt.fd
File: ts1cmtt.fd 2022/07/10 v2.5l Standard LaTeX font definitions
)
Package textcomp Info: Symbol \textasciigrave not provided by
(textcomp)             font family zi4 in TS1 encoding.
(textcomp)             Default family used instead on input line 1888.
Package textcomp Info: Symbol \textasciigrave not provided by
(textcomp)             font family zi4 in TS1 encoding.
(textcomp)             Default family used instead on input line 1891.
Package textcomp Info: Symbol \textasciigrave not provided by
(textcomp)             font family zi4 in TS1 encoding.
(textcomp)             Default family used instead on input line 1891.
 [30{/usr/share/texlive/texmf-dist/fonts/enc/dvips/cm-super/cm-super-ts1.enc}]
Overfull \hbox (10.7597pt too wide) in paragraph at lines 1960--1977
[]\T1/ptm/m/n/10 Other tree ma-nip-u-la-tion: [][][]\T1/zi4/m/n/10 AddTip[][][]
()[]\T1/ptm/m/n/10 , [][][]\T1/zi4/m/n/10 CollapseNode[][][]()[]\T1/ptm/m/n/10 
, [][][]\T1/zi4/m/n/10 ConsensusWithout[][][]()[]\T1/ptm/m/n/10 , [][][]\T1/zi4
/m/n/10 ImposeConstraint[][][]()[]\T1/ptm/m/n/10 ,
 []


Overfull \hbox (49.88098pt too wide) in paragraph at lines 1960--1977
[][][]\T1/zi4/m/n/10 KeptPaths[][][]()[]\T1/ptm/m/n/10 , [][][]\T1/zi4/m/n/10 K
eptVerts[][][]()[]\T1/ptm/m/n/10 , [][][]\T1/zi4/m/n/10 LeafLabelInterchange[][
][]()[]\T1/ptm/m/n/10 , [][][]\T1/zi4/m/n/10 MakeTreeBinary[][][]()[]\T1/ptm/m/
n/10 , [][][]\T1/zi4/m/n/10 Renumber[][][]()[]\T1/ptm/m/n/10 , [][][]\T1/zi4/m/
n/10 RenumberTips[][][]()[]\T1/ptm/m/n/10 ,
 []

[31]
Overfull \hbox (44.401pt too wide) in paragraph at lines 2041--2054
[][][]\T1/zi4/m/n/10 ListAncestors[][][]()[]\T1/ptm/m/n/10 , [][][]\T1/zi4/m/n/
10 MRCA[][][]()[]\T1/ptm/m/n/10 , [][][]\T1/zi4/m/n/10 MatchEdges[][][]()[]\T1/
ptm/m/n/10 , [][][]\T1/zi4/m/n/10 NDescendants[][][]()[]\T1/ptm/m/n/10 , [][][]
\T1/zi4/m/n/10 NodeDepth[][][]()[]\T1/ptm/m/n/10 , [][][]\T1/zi4/m/n/10 NodeNum
bers[][][]()[]\T1/ptm/m/n/10 , [][][]\T1/zi4/m/n/10 NodeOrder[][][]()[]\T1/ptm/
m/n/10 ,
 []

[32]
Overfull \hbox (44.401pt too wide) in paragraph at lines 2103--2116
[][][]\T1/zi4/m/n/10 ListAncestors[][][]()[]\T1/ptm/m/n/10 , [][][]\T1/zi4/m/n/
10 MRCA[][][]()[]\T1/ptm/m/n/10 , [][][]\T1/zi4/m/n/10 MatchEdges[][][]()[]\T1/
ptm/m/n/10 , [][][]\T1/zi4/m/n/10 NDescendants[][][]()[]\T1/ptm/m/n/10 , [][][]
\T1/zi4/m/n/10 NodeDepth[][][]()[]\T1/ptm/m/n/10 , [][][]\T1/zi4/m/n/10 NodeNum
bers[][][]()[]\T1/ptm/m/n/10 , [][][]\T1/zi4/m/n/10 NodeOrder[][][]()[]\T1/ptm/
m/n/10 ,
 []

[33]
Overfull \hbox (17.48985pt too wide) in paragraph at lines 2168--2181
[]\T1/ptm/m/n/10 Other tree prop-er-ties: [][][]\T1/zi4/m/n/10 Cherries[][][]()
[]\T1/ptm/m/n/10 , [][][]\T1/zi4/m/n/10 ConsensusWithout[][][]()[]\T1/ptm/m/n/1
0 , [][][]\T1/zi4/m/n/10 LongBranch[][][]()[]\T1/ptm/m/n/10 , [][][]\T1/zi4/m/n
/10 MatchEdges[][][]()[]\T1/ptm/m/n/10 , [][][]\T1/zi4/m/n/10 NSplits[][][]()[]
\T1/ptm/m/n/10 ,
 []


Overfull \hbox (14.88098pt too wide) in paragraph at lines 2168--2181
[][][]\T1/zi4/m/n/10 NTip[][][]()[]\T1/ptm/m/n/10 , [][][]\T1/zi4/m/n/10 NodeNu
mbers[][][]()[]\T1/ptm/m/n/10 , [][][]\T1/zi4/m/n/10 PathLengths[][][]()[]\T1/p
tm/m/n/10 , [][][]\T1/zi4/m/n/10 SplitsInBinaryTree[][][]()[]\T1/ptm/m/n/10 , [
][][]\T1/zi4/m/n/10 TipLabels[][][]()[]\T1/ptm/m/n/10 , [][][]\T1/zi4/m/n/10 Tr
eeIsRooted[][][]()[]\T1/ptm/m/n/10 ,
 []

[34] [35]
Overfull \hbox (0.40959pt too wide) in paragraph at lines 2338--2340
[]\T1/zi4/m/n/10 RandomTree()[]\T1/ptm/m/n/10 , []\T1/zi4/m/n/10 PectinateTree(
)[]\T1/ptm/m/n/10 , []\T1/zi4/m/n/10 BalancedTree() []\T1/ptm/m/n/10 and []\T1/
zi4/m/n/10 StarTree() []\T1/ptm/m/n/10 gen-er-ate trees with the spec-
 []

[36] [37] [38]
Overfull \hbox (53.62968pt too wide) in paragraph at lines 2494--2505
[]\T1/ptm/m/n/10 Other util-ity func-tions: [][][]\T1/zi4/m/n/10 ClusterTable[]
[][][]\T1/ptm/m/n/10 , [][][]\T1/zi4/m/n/10 ClusterTable-methods[][][][]\T1/ptm
/m/n/10 , [][][]\T1/zi4/m/n/10 MSTEdges[][][]()[]\T1/ptm/m/n/10 , [][][]\T1/zi4
/m/n/10 SampleOne[][][]()[]\T1/ptm/m/n/10 , [][][]\T1/zi4/m/n/10 TipTimedTree[]
[][]()[]\T1/ptm/m/n/10 ,
 []


Overfull \hbox (17.86096pt too wide) in paragraph at lines 2494--2505
[][][]\T1/zi4/m/n/10 UnshiftTree[][][]()[]\T1/ptm/m/n/10 , [][][]\T1/zi4/m/n/10
 as.multiPhylo[][][]()[]\T1/ptm/m/n/10 , [][][]\T1/zi4/m/n/10 match,phylo,phylo
-method[][][][]\T1/ptm/m/n/10 , [][][]\T1/zi4/m/n/10 sapply64[][][]()[]\T1/ptm/
m/n/10 , [][][]\T1/zi4/m/n/10 sort.multiPhylo[][][]() 
 []

[39]
Overfull \hbox (25.27972pt too wide) in paragraph at lines 2582--2599
[]\T1/ptm/m/n/10 Other tree ma-nip-u-la-tion: [][][]\T1/zi4/m/n/10 AddTip[][][]
()[]\T1/ptm/m/n/10 , [][][]\T1/zi4/m/n/10 CollapseNode[][][]()[]\T1/ptm/m/n/10 
, [][][]\T1/zi4/m/n/10 ConsensusWithout[][][]()[]\T1/ptm/m/n/10 , [][][]\T1/zi4
/m/n/10 DropTip[][][]()[]\T1/ptm/m/n/10 , [][][]\T1/zi4/m/n/10 KeptPaths[][][](
)[]\T1/ptm/m/n/10 ,
 []

[40]
Overfull \hbox (11.34875pt too wide) in paragraph at lines 2657--2661
[]\T1/ptm/m/n/10 Calculate tree bal-ance in-dex $\OML/cmm/m/it/10 J[]$ \T1/ptm/
m/n/10 (when []\T1/zi4/m/n/10 nonRootDominance = FALSE[]\T1/ptm/m/n/10 ) or $\O
ML/cmm/m/it/10 J[]$ \T1/ptm/m/n/10 (when []\T1/zi4/m/n/10 nonRootDominance
 []


Overfull \hbox (68.45903pt too wide) in paragraph at lines 2716--2721
[]\T1/ptm/m/n/10 Other tree char-ac-ter-i-za-tion func-tions: [][][]\T1/zi4/m/n
/10 CladisticInfo[][][]()[]\T1/ptm/m/n/10 , [][][]\T1/zi4/m/n/10 Consensus[][][
]()[]\T1/ptm/m/n/10 , [][][]\T1/zi4/m/n/10 Stemwardness[][][][]\T1/ptm/m/n/10 ,
 [][][]\T1/zi4/m/n/10 TotalCopheneticIndex[][][]() 
 []

[41] [42]
Overfull \hbox (3.69858pt too wide) in paragraph at lines 2799--2801
[]\T1/zi4/m/n/10 KeptPaths() []\T1/ptm/m/n/10 re-turns a log-i-cal vec-tor spec
-i-fy-ing whether each path in []\T1/zi4/m/n/10 paths []\T1/ptm/m/n/10 oc-curs 
when []\T1/zi4/m/n/10 keptVerts
 []


Overfull \hbox (60.27972pt too wide) in paragraph at lines 2809--2826
[]\T1/ptm/m/n/10 Other tree ma-nip-u-la-tion: [][][]\T1/zi4/m/n/10 AddTip[][][]
()[]\T1/ptm/m/n/10 , [][][]\T1/zi4/m/n/10 CollapseNode[][][]()[]\T1/ptm/m/n/10 
, [][][]\T1/zi4/m/n/10 ConsensusWithout[][][]()[]\T1/ptm/m/n/10 , [][][]\T1/zi4
/m/n/10 DropTip[][][]()[]\T1/ptm/m/n/10 , [][][]\T1/zi4/m/n/10 ImposeConstraint
[][][]()[]\T1/ptm/m/n/10 ,
 []

[43]
Overfull \hbox (60.27972pt too wide) in paragraph at lines 2885--2902
[]\T1/ptm/m/n/10 Other tree ma-nip-u-la-tion: [][][]\T1/zi4/m/n/10 AddTip[][][]
()[]\T1/ptm/m/n/10 , [][][]\T1/zi4/m/n/10 CollapseNode[][][]()[]\T1/ptm/m/n/10 
, [][][]\T1/zi4/m/n/10 ConsensusWithout[][][]()[]\T1/ptm/m/n/10 , [][][]\T1/zi4
/m/n/10 DropTip[][][]()[]\T1/ptm/m/n/10 , [][][]\T1/zi4/m/n/10 ImposeConstraint
[][][]()[]\T1/ptm/m/n/10 ,
 []

Package textcomp Info: Symbol \textasciigrave not provided by
(textcomp)             font family zi4 in TS1 encoding.
(textcomp)             Default family used instead on input line 2917.
Package textcomp Info: Symbol \textasciigrave not provided by
(textcomp)             font family zi4 in TS1 encoding.
(textcomp)             Default family used instead on input line 2917.
Package textcomp Info: Symbol \textasciigrave not provided by
(textcomp)             font family zi4 in TS1 encoding.
(textcomp)             Default family used instead on input line 2917.
Package textcomp Info: Symbol \textasciigrave not provided by
(textcomp)             font family zi4 in TS1 encoding.
(textcomp)             Default family used instead on input line 2917.
[44]
Overfull \hbox (2.86096pt too wide) in paragraph at lines 2967--2978
[][][]\T1/zi4/m/n/10 SplitsInBinaryTree[][][]()[]\T1/ptm/m/n/10 , [][][]\T1/zi4
/m/n/10 TipLabels[][][]()[]\T1/ptm/m/n/10 , [][][]\T1/zi4/m/n/10 TipsInSplits[]
[][]()[]\T1/ptm/m/n/10 , [][][]\T1/zi4/m/n/10 match,Splits,Splits-method[][][][
]\T1/ptm/m/n/10 , [][][]\T1/zi4/m/n/10 xor[][][]() 
 []

[45]
Overfull \hbox (60.27972pt too wide) in paragraph at lines 3058--3075
[]\T1/ptm/m/n/10 Other tree ma-nip-u-la-tion: [][][]\T1/zi4/m/n/10 AddTip[][][]
()[]\T1/ptm/m/n/10 , [][][]\T1/zi4/m/n/10 CollapseNode[][][]()[]\T1/ptm/m/n/10 
, [][][]\T1/zi4/m/n/10 ConsensusWithout[][][]()[]\T1/ptm/m/n/10 , [][][]\T1/zi4
/m/n/10 DropTip[][][]()[]\T1/ptm/m/n/10 , [][][]\T1/zi4/m/n/10 ImposeConstraint
[][][]()[]\T1/ptm/m/n/10 ,
 []


Overfull \hbox (9.88098pt too wide) in paragraph at lines 3058--3075
[][][]\T1/zi4/m/n/10 KeptPaths[][][]()[]\T1/ptm/m/n/10 , [][][]\T1/zi4/m/n/10 K
eptVerts[][][]()[]\T1/ptm/m/n/10 , [][][]\T1/zi4/m/n/10 MakeTreeBinary[][][]()[
]\T1/ptm/m/n/10 , [][][]\T1/zi4/m/n/10 Renumber[][][]()[]\T1/ptm/m/n/10 , [][][
]\T1/zi4/m/n/10 RenumberTips[][][]()[]\T1/ptm/m/n/10 , [][][]\T1/zi4/m/n/10 Ren
umberTree[][][]()[]\T1/ptm/m/n/10 ,
 []

[46]
Overfull \hbox (44.401pt too wide) in paragraph at lines 3152--3165
[][][]\T1/zi4/m/n/10 EdgeDistances[][][]()[]\T1/ptm/m/n/10 , [][][]\T1/zi4/m/n/
10 MRCA[][][]()[]\T1/ptm/m/n/10 , [][][]\T1/zi4/m/n/10 MatchEdges[][][]()[]\T1/
ptm/m/n/10 , [][][]\T1/zi4/m/n/10 NDescendants[][][]()[]\T1/ptm/m/n/10 , [][][]
\T1/zi4/m/n/10 NodeDepth[][][]()[]\T1/ptm/m/n/10 , [][][]\T1/zi4/m/n/10 NodeNum
bers[][][]()[]\T1/ptm/m/n/10 , [][][]\T1/zi4/m/n/10 NodeOrder[][][]()[]\T1/ptm/
m/n/10 ,
 []


Overfull \hbox (44.401pt too wide) in paragraph at lines 3166--3179
[][][]\T1/zi4/m/n/10 EdgeDistances[][][]()[]\T1/ptm/m/n/10 , [][][]\T1/zi4/m/n/
10 MRCA[][][]()[]\T1/ptm/m/n/10 , [][][]\T1/zi4/m/n/10 MatchEdges[][][]()[]\T1/
ptm/m/n/10 , [][][]\T1/zi4/m/n/10 NDescendants[][][]()[]\T1/ptm/m/n/10 , [][][]
\T1/zi4/m/n/10 NodeDepth[][][]()[]\T1/ptm/m/n/10 , [][][]\T1/zi4/m/n/10 NodeNum
bers[][][]()[]\T1/ptm/m/n/10 , [][][]\T1/zi4/m/n/10 NodeOrder[][][]()[]\T1/ptm/
m/n/10 ,
 []

[47] [48] [49]
Overfull \hbox (12.48985pt too wide) in paragraph at lines 3315--3328
[]\T1/ptm/m/n/10 Other tree prop-er-ties: [][][]\T1/zi4/m/n/10 Cherries[][][]()
[]\T1/ptm/m/n/10 , [][][]\T1/zi4/m/n/10 ConsensusWithout[][][]()[]\T1/ptm/m/n/1
0 , [][][]\T1/zi4/m/n/10 EdgeRatio[][][]()[]\T1/ptm/m/n/10 , [][][]\T1/zi4/m/n/
10 MatchEdges[][][]()[]\T1/ptm/m/n/10 , [][][]\T1/zi4/m/n/10 NSplits[][][]()[]\
T1/ptm/m/n/10 ,
 []


Overfull \hbox (14.88098pt too wide) in paragraph at lines 3315--3328
[][][]\T1/zi4/m/n/10 NTip[][][]()[]\T1/ptm/m/n/10 , [][][]\T1/zi4/m/n/10 NodeNu
mbers[][][]()[]\T1/ptm/m/n/10 , [][][]\T1/zi4/m/n/10 PathLengths[][][]()[]\T1/p
tm/m/n/10 , [][][]\T1/zi4/m/n/10 SplitsInBinaryTree[][][]()[]\T1/ptm/m/n/10 , [
][][]\T1/zi4/m/n/10 TipLabels[][][]()[]\T1/ptm/m/n/10 , [][][]\T1/zi4/m/n/10 Tr
eeIsRooted[][][]()[]\T1/ptm/m/n/10 ,
 []

[50]
Overfull \hbox (60.27972pt too wide) in paragraph at lines 3385--3402
[]\T1/ptm/m/n/10 Other tree ma-nip-u-la-tion: [][][]\T1/zi4/m/n/10 AddTip[][][]
()[]\T1/ptm/m/n/10 , [][][]\T1/zi4/m/n/10 CollapseNode[][][]()[]\T1/ptm/m/n/10 
, [][][]\T1/zi4/m/n/10 ConsensusWithout[][][]()[]\T1/ptm/m/n/10 , [][][]\T1/zi4
/m/n/10 DropTip[][][]()[]\T1/ptm/m/n/10 , [][][]\T1/zi4/m/n/10 ImposeConstraint
[][][]()[]\T1/ptm/m/n/10 ,
 []


Overfull \hbox (39.88098pt too wide) in paragraph at lines 3385--3402
[][][]\T1/zi4/m/n/10 KeptPaths[][][]()[]\T1/ptm/m/n/10 , [][][]\T1/zi4/m/n/10 K
eptVerts[][][]()[]\T1/ptm/m/n/10 , [][][]\T1/zi4/m/n/10 LeafLabelInterchange[][
][]()[]\T1/ptm/m/n/10 , [][][]\T1/zi4/m/n/10 Renumber[][][]()[]\T1/ptm/m/n/10 ,
 [][][]\T1/zi4/m/n/10 RenumberTips[][][]()[]\T1/ptm/m/n/10 , [][][]\T1/zi4/m/n/
10 RenumberTree[][][]()[]\T1/ptm/m/n/10 ,
 []

[51]
Overfull \hbox (28.62968pt too wide) in paragraph at lines 3477--3488
[]\T1/ptm/m/n/10 Other util-ity func-tions: [][][]\T1/zi4/m/n/10 ClusterTable[]
[][][]\T1/ptm/m/n/10 , [][][]\T1/zi4/m/n/10 ClusterTable-methods[][][][]\T1/ptm
/m/n/10 , [][][]\T1/zi4/m/n/10 Hamming[][][]()[]\T1/ptm/m/n/10 , [][][]\T1/zi4/
m/n/10 MSTEdges[][][]()[]\T1/ptm/m/n/10 , [][][]\T1/zi4/m/n/10 SampleOne[][][](
)[]\T1/ptm/m/n/10 ,
 []

[52]
Overfull \hbox (21.95967pt too wide) in paragraph at lines 3555--3566
[]\T1/ptm/m/n/10 Other Splits op-er-a-tions: [][][]\T1/zi4/m/n/10 LabelSplits[]
[][]()[]\T1/ptm/m/n/10 , [][][]\T1/zi4/m/n/10 NSplits[][][]()[]\T1/ptm/m/n/10 ,
 [][][]\T1/zi4/m/n/10 NTip[][][]()[]\T1/ptm/m/n/10 , [][][]\T1/zi4/m/n/10 Polar
izeSplits[][][]()[]\T1/ptm/m/n/10 , [][][]\T1/zi4/m/n/10 SplitFrequency[][][]()
[]\T1/ptm/m/n/10 ,
 []

[53]
Overfull \hbox (12.48985pt too wide) in paragraph at lines 3634--3647
[]\T1/ptm/m/n/10 Other tree prop-er-ties: [][][]\T1/zi4/m/n/10 Cherries[][][]()
[]\T1/ptm/m/n/10 , [][][]\T1/zi4/m/n/10 ConsensusWithout[][][]()[]\T1/ptm/m/n/1
0 , [][][]\T1/zi4/m/n/10 EdgeRatio[][][]()[]\T1/ptm/m/n/10 , [][][]\T1/zi4/m/n/
10 LongBranch[][][]()[]\T1/ptm/m/n/10 , [][][]\T1/zi4/m/n/10 NSplits[][][]()[]\
T1/ptm/m/n/10 ,
 []


Overfull \hbox (14.88098pt too wide) in paragraph at lines 3634--3647
[][][]\T1/zi4/m/n/10 NTip[][][]()[]\T1/ptm/m/n/10 , [][][]\T1/zi4/m/n/10 NodeNu
mbers[][][]()[]\T1/ptm/m/n/10 , [][][]\T1/zi4/m/n/10 PathLengths[][][]()[]\T1/p
tm/m/n/10 , [][][]\T1/zi4/m/n/10 SplitsInBinaryTree[][][]()[]\T1/ptm/m/n/10 , [
][][]\T1/zi4/m/n/10 TipLabels[][][]()[]\T1/ptm/m/n/10 , [][][]\T1/zi4/m/n/10 Tr
eeIsRooted[][][]()[]\T1/ptm/m/n/10 ,
 []

[54]
Overfull \hbox (27.24922pt too wide) in paragraph at lines 3728--3732
[]\T1/ptm/m/n/10 Matrix of to-kens, pos-si-bly cre-ated with [][][]\T1/zi4/m/n/
10 ReadCharacters()[][][] []\T1/ptm/m/n/10 or [][][]\T1/zi4/m/n/10 ReadTntChara
cters()[][][][]\T1/ptm/m/n/10 .
 []

[55]
Overfull \hbox (21.82954pt too wide) in paragraph at lines 3819--3824
[]\T1/ptm/m/n/10 Other string pars-ing func-tions: [][][]\T1/zi4/m/n/10 EndSent
ence[][][]()[]\T1/ptm/m/n/10 , [][][]\T1/zi4/m/n/10 MatchStrings[][][]()[]\T1/p
tm/m/n/10 , [][][]\T1/zi4/m/n/10 RightmostCharacter[][][]()[]\T1/ptm/m/n/10 , [
][][]\T1/zi4/m/n/10 Unquote[][][]() 
 []

[56]
Overfull \hbox (2.44896pt too wide) in paragraph at lines 3843--3845
[]\T1/ptm/m/n/10 List of an-ces-tors for each node in a tree. Per-haps pro-duce
d by [][][]\T1/zi4/m/n/10 ListAncestors()[][][][]\T1/ptm/m/n/10 . 
 []


Overfull \hbox (29.88098pt too wide) in paragraph at lines 3865--3878
[][][]\T1/zi4/m/n/10 EdgeDistances[][][]()[]\T1/ptm/m/n/10 , [][][]\T1/zi4/m/n/
10 ListAncestors[][][]()[]\T1/ptm/m/n/10 , [][][]\T1/zi4/m/n/10 MatchEdges[][][
]()[]\T1/ptm/m/n/10 , [][][]\T1/zi4/m/n/10 NDescendants[][][]()[]\T1/ptm/m/n/10
 , [][][]\T1/zi4/m/n/10 NodeDepth[][][]()[]\T1/ptm/m/n/10 , [][][]\T1/zi4/m/n/1
0 NodeNumbers[][][]()[]\T1/ptm/m/n/10 ,
 []

[57]
Overfull \hbox (11.01715pt too wide) in paragraph at lines 3927--3929
[]\T1/ptm/m/n/10 Numeric vec-tors spec-i-fy-ing the X and Y co-or-di-nates of e
ach el-e-ment in []\T1/zi4/m/n/10 distances[]\T1/ptm/m/n/10 .
 []


Overfull \hbox (48.62968pt too wide) in paragraph at lines 3962--3973
[]\T1/ptm/m/n/10 Other util-ity func-tions: [][][]\T1/zi4/m/n/10 ClusterTable[]
[][][]\T1/ptm/m/n/10 , [][][]\T1/zi4/m/n/10 ClusterTable-methods[][][][]\T1/ptm
/m/n/10 , [][][]\T1/zi4/m/n/10 Hamming[][][]()[]\T1/ptm/m/n/10 , [][][]\T1/zi4/
m/n/10 SampleOne[][][]()[]\T1/ptm/m/n/10 , [][][]\T1/zi4/m/n/10 TipTimedTree[][
][]()[]\T1/ptm/m/n/10 ,
 []


Overfull \hbox (17.86096pt too wide) in paragraph at lines 3962--3973
[][][]\T1/zi4/m/n/10 UnshiftTree[][][]()[]\T1/ptm/m/n/10 , [][][]\T1/zi4/m/n/10
 as.multiPhylo[][][]()[]\T1/ptm/m/n/10 , [][][]\T1/zi4/m/n/10 match,phylo,phylo
-method[][][][]\T1/ptm/m/n/10 , [][][]\T1/zi4/m/n/10 sapply64[][][]()[]\T1/ptm/
m/n/10 , [][][]\T1/zi4/m/n/10 sort.multiPhylo[][][]() 
 []

[58] [59] [60] [61] [62]
Overfull \hbox (4.88098pt too wide) in paragraph at lines 4302--4315
[][][]\T1/zi4/m/n/10 EdgeDistances[][][]()[]\T1/ptm/m/n/10 , [][][]\T1/zi4/m/n/
10 ListAncestors[][][]()[]\T1/ptm/m/n/10 , [][][]\T1/zi4/m/n/10 MRCA[][][]()[]\
T1/ptm/m/n/10 , [][][]\T1/zi4/m/n/10 MatchEdges[][][]()[]\T1/ptm/m/n/10 , [][][
]\T1/zi4/m/n/10 NDescendants[][][]()[]\T1/ptm/m/n/10 , [][][]\T1/zi4/m/n/10 Nod
eNumbers[][][]()[]\T1/ptm/m/n/10 ,
 []

[63]
Overfull \hbox (27.48985pt too wide) in paragraph at lines 4360--4373
[]\T1/ptm/m/n/10 Other tree prop-er-ties: [][][]\T1/zi4/m/n/10 Cherries[][][]()
[]\T1/ptm/m/n/10 , [][][]\T1/zi4/m/n/10 ConsensusWithout[][][]()[]\T1/ptm/m/n/1
0 , [][][]\T1/zi4/m/n/10 EdgeRatio[][][]()[]\T1/ptm/m/n/10 , [][][]\T1/zi4/m/n/
10 LongBranch[][][]()[]\T1/ptm/m/n/10 , [][][]\T1/zi4/m/n/10 MatchEdges[][][]()
[]\T1/ptm/m/n/10 ,
 []

[64] [65] [66]
Underfull \hbox (badness 10000) in paragraph at lines 4632--4639

 []

[67] [68]
Package textcomp Info: Symbol \textasciigrave not provided by
(textcomp)             font family zi4 in TS1 encoding.
(textcomp)             Default family used instead on input line 4734.
Package textcomp Info: Symbol \textasciigrave not provided by
(textcomp)             font family zi4 in TS1 encoding.
(textcomp)             Default family used instead on input line 4734.

Overfull \hbox (17.86751pt too wide) in paragraph at lines 4747--4751
[]\T1/ptm/m/n/10 A phy-lo-ge-netic tree of class []\T1/zi4/m/n/10 phylo[]\T1/pt
m/m/n/10 ; a list of such trees (of class []\T1/zi4/m/n/10 list []\T1/ptm/m/n/1
0 or []\T1/zi4/m/n/10 multiPhylo[]\T1/ptm/m/n/10 );
 []


Overfull \hbox (27.48985pt too wide) in paragraph at lines 4765--4778
[]\T1/ptm/m/n/10 Other tree prop-er-ties: [][][]\T1/zi4/m/n/10 Cherries[][][]()
[]\T1/ptm/m/n/10 , [][][]\T1/zi4/m/n/10 ConsensusWithout[][][]()[]\T1/ptm/m/n/1
0 , [][][]\T1/zi4/m/n/10 EdgeRatio[][][]()[]\T1/ptm/m/n/10 , [][][]\T1/zi4/m/n/
10 LongBranch[][][]()[]\T1/ptm/m/n/10 , [][][]\T1/zi4/m/n/10 MatchEdges[][][]()
[]\T1/ptm/m/n/10 ,
 []


Overfull \hbox (14.88098pt too wide) in paragraph at lines 4765--4778
[][][]\T1/zi4/m/n/10 NTip[][][]()[]\T1/ptm/m/n/10 , [][][]\T1/zi4/m/n/10 NodeNu
mbers[][][]()[]\T1/ptm/m/n/10 , [][][]\T1/zi4/m/n/10 PathLengths[][][]()[]\T1/p
tm/m/n/10 , [][][]\T1/zi4/m/n/10 SplitsInBinaryTree[][][]()[]\T1/ptm/m/n/10 , [
][][]\T1/zi4/m/n/10 TipLabels[][][]()[]\T1/ptm/m/n/10 , [][][]\T1/zi4/m/n/10 Tr
eeIsRooted[][][]()[]\T1/ptm/m/n/10 ,
 []

[69]
Overfull \hbox (6.95967pt too wide) in paragraph at lines 4779--4790
[]\T1/ptm/m/n/10 Other Splits op-er-a-tions: [][][]\T1/zi4/m/n/10 LabelSplits[]
[][]()[]\T1/ptm/m/n/10 , [][][]\T1/zi4/m/n/10 NTip[][][]()[]\T1/ptm/m/n/10 , []
[][]\T1/zi4/m/n/10 PolarizeSplits[][][]()[]\T1/ptm/m/n/10 , [][][]\T1/zi4/m/n/1
0 SplitFrequency[][][]()[]\T1/ptm/m/n/10 , [][][]\T1/zi4/m/n/10 Splits[][][][]\
T1/ptm/m/n/10 ,
 []


Overfull \hbox (2.86096pt too wide) in paragraph at lines 4779--4790
[][][]\T1/zi4/m/n/10 SplitsInBinaryTree[][][]()[]\T1/ptm/m/n/10 , [][][]\T1/zi4
/m/n/10 TipLabels[][][]()[]\T1/ptm/m/n/10 , [][][]\T1/zi4/m/n/10 TipsInSplits[]
[][]()[]\T1/ptm/m/n/10 , [][][]\T1/zi4/m/n/10 match,Splits,Splits-method[][][][
]\T1/ptm/m/n/10 , [][][]\T1/zi4/m/n/10 xor[][][]() 
 []


Overfull \hbox (27.48985pt too wide) in paragraph at lines 4855--4868
[]\T1/ptm/m/n/10 Other tree prop-er-ties: [][][]\T1/zi4/m/n/10 Cherries[][][]()
[]\T1/ptm/m/n/10 , [][][]\T1/zi4/m/n/10 ConsensusWithout[][][]()[]\T1/ptm/m/n/1
0 , [][][]\T1/zi4/m/n/10 EdgeRatio[][][]()[]\T1/ptm/m/n/10 , [][][]\T1/zi4/m/n/
10 LongBranch[][][]()[]\T1/ptm/m/n/10 , [][][]\T1/zi4/m/n/10 MatchEdges[][][]()
[]\T1/ptm/m/n/10 ,
 []


Overfull \hbox (29.88098pt too wide) in paragraph at lines 4855--4868
[][][]\T1/zi4/m/n/10 NSplits[][][]()[]\T1/ptm/m/n/10 , [][][]\T1/zi4/m/n/10 Nod
eNumbers[][][]()[]\T1/ptm/m/n/10 , [][][]\T1/zi4/m/n/10 PathLengths[][][]()[]\T
1/ptm/m/n/10 , [][][]\T1/zi4/m/n/10 SplitsInBinaryTree[][][]()[]\T1/ptm/m/n/10 
, [][][]\T1/zi4/m/n/10 TipLabels[][][]()[]\T1/ptm/m/n/10 , [][][]\T1/zi4/m/n/10
 TreeIsRooted[][][]()[]\T1/ptm/m/n/10 ,
 []

[70]
Overfull \hbox (10.36096pt too wide) in paragraph at lines 4869--4880
[][][]\T1/zi4/m/n/10 Splits[][][][]\T1/ptm/m/n/10 , [][][]\T1/zi4/m/n/10 Splits
InBinaryTree[][][]()[]\T1/ptm/m/n/10 , [][][]\T1/zi4/m/n/10 TipLabels[][][]()[]
\T1/ptm/m/n/10 , [][][]\T1/zi4/m/n/10 TipsInSplits[][][]()[]\T1/ptm/m/n/10 , []
[][]\T1/zi4/m/n/10 match,Splits,Splits-method[][][][]\T1/ptm/m/n/10 ,
 []

[71]
Overfull \hbox (27.48985pt too wide) in paragraph at lines 4973--4986
[]\T1/ptm/m/n/10 Other tree prop-er-ties: [][][]\T1/zi4/m/n/10 Cherries[][][]()
[]\T1/ptm/m/n/10 , [][][]\T1/zi4/m/n/10 ConsensusWithout[][][]()[]\T1/ptm/m/n/1
0 , [][][]\T1/zi4/m/n/10 EdgeRatio[][][]()[]\T1/ptm/m/n/10 , [][][]\T1/zi4/m/n/
10 LongBranch[][][]()[]\T1/ptm/m/n/10 , [][][]\T1/zi4/m/n/10 MatchEdges[][][]()
[]\T1/ptm/m/n/10 ,
 []

[72]
Overfull \hbox (76.47969pt too wide) in paragraph at lines 5026--5037
[]\T1/ptm/m/n/10 Other Splits op-er-a-tions: [][][]\T1/zi4/m/n/10 LabelSplits[]
[][]()[]\T1/ptm/m/n/10 , [][][]\T1/zi4/m/n/10 NSplits[][][]()[]\T1/ptm/m/n/10 ,
 [][][]\T1/zi4/m/n/10 NTip[][][]()[]\T1/ptm/m/n/10 , [][][]\T1/zi4/m/n/10 Split
Frequency[][][]()[]\T1/ptm/m/n/10 , [][][]\T1/zi4/m/n/10 Splits[][][][]\T1/ptm/
m/n/10 , [][][]\T1/zi4/m/n/10 SplitsInBinaryTree[][][]()[]\T1/ptm/m/n/10 ,
 []

[73] [74]
Underfull \hbox (badness 10000) in paragraph at lines 5199--5207

 []


Underfull \hbox (badness 10000) in paragraph at lines 5199--5207

 []

[75] [76]
Overfull \hbox (17.78865pt too wide) in paragraph at lines 5357--5366
[]\T1/zi4/m/n/10 ReadTntTree() []\T1/ptm/m/n/10 can also read []\T1/zi4/m/n/10 
.tre []\T1/ptm/m/n/10 files in which taxa have been saved us-ing their num-bers
 (\T1/zi4/m/n/10 taxname -\T1/ptm/m/n/10 ).
 []

[77]
Package textcomp Info: Symbol \textasciigrave not provided by
(textcomp)             font family zi4 in TS1 encoding.
(textcomp)             Default family used instead on input line 5407.
Package textcomp Info: Symbol \textasciigrave not provided by
(textcomp)             font family zi4 in TS1 encoding.
(textcomp)             Default family used instead on input line 5407.
Package textcomp Info: Symbol \textasciigrave not provided by
(textcomp)             font family zi4 in TS1 encoding.
(textcomp)             Default family used instead on input line 5411.
Package textcomp Info: Symbol \textasciigrave not provided by
(textcomp)             font family zi4 in TS1 encoding.
(textcomp)             Default family used instead on input line 5411.
 [78]
Overfull \hbox (60.27972pt too wide) in paragraph at lines 5480--5497
[]\T1/ptm/m/n/10 Other tree ma-nip-u-la-tion: [][][]\T1/zi4/m/n/10 AddTip[][][]
()[]\T1/ptm/m/n/10 , [][][]\T1/zi4/m/n/10 CollapseNode[][][]()[]\T1/ptm/m/n/10 
, [][][]\T1/zi4/m/n/10 ConsensusWithout[][][]()[]\T1/ptm/m/n/10 , [][][]\T1/zi4
/m/n/10 DropTip[][][]()[]\T1/ptm/m/n/10 , [][][]\T1/zi4/m/n/10 ImposeConstraint
[][][]()[]\T1/ptm/m/n/10 ,
 []

[79]
Package textcomp Info: Symbol \textasciigrave not provided by
(textcomp)             font family zi4 in TS1 encoding.
(textcomp)             Default family used instead on input line 5536.
Package textcomp Info: Symbol \textasciigrave not provided by
(textcomp)             font family zi4 in TS1 encoding.
(textcomp)             Default family used instead on input line 5536.

Overfull \hbox (60.27972pt too wide) in paragraph at lines 5563--5580
[]\T1/ptm/m/n/10 Other tree ma-nip-u-la-tion: [][][]\T1/zi4/m/n/10 AddTip[][][]
()[]\T1/ptm/m/n/10 , [][][]\T1/zi4/m/n/10 CollapseNode[][][]()[]\T1/ptm/m/n/10 
, [][][]\T1/zi4/m/n/10 ConsensusWithout[][][]()[]\T1/ptm/m/n/10 , [][][]\T1/zi4
/m/n/10 DropTip[][][]()[]\T1/ptm/m/n/10 , [][][]\T1/zi4/m/n/10 ImposeConstraint
[][][]()[]\T1/ptm/m/n/10 ,
 []


Overfull \hbox (49.88098pt too wide) in paragraph at lines 5563--5580
[][][]\T1/zi4/m/n/10 KeptPaths[][][]()[]\T1/ptm/m/n/10 , [][][]\T1/zi4/m/n/10 K
eptVerts[][][]()[]\T1/ptm/m/n/10 , [][][]\T1/zi4/m/n/10 LeafLabelInterchange[][
][]()[]\T1/ptm/m/n/10 , [][][]\T1/zi4/m/n/10 MakeTreeBinary[][][]()[]\T1/ptm/m/
n/10 , [][][]\T1/zi4/m/n/10 Renumber[][][]()[]\T1/ptm/m/n/10 , [][][]\T1/zi4/m/
n/10 RenumberTree[][][]()[]\T1/ptm/m/n/10 ,
 []

[80]
Package textcomp Info: Symbol \textasciigrave not provided by
(textcomp)             font family zi4 in TS1 encoding.
(textcomp)             Default family used instead on input line 5659.
Package textcomp Info: Symbol \textasciigrave not provided by
(textcomp)             font family zi4 in TS1 encoding.
(textcomp)             Default family used instead on input line 5659.
Package textcomp Info: Symbol \textasciigrave not provided by
(textcomp)             font family zi4 in TS1 encoding.
(textcomp)             Default family used instead on input line 5670.
Package textcomp Info: Symbol \textasciigrave not provided by
(textcomp)             font family zi4 in TS1 encoding.
(textcomp)             Default family used instead on input line 5670.
 [81]
Package textcomp Info: Symbol \textasciigrave not provided by
(textcomp)             font family zi4 in TS1 encoding.
(textcomp)             Default family used instead on input line 5681.
Package textcomp Info: Symbol \textasciigrave not provided by
(textcomp)             font family zi4 in TS1 encoding.
(textcomp)             Default family used instead on input line 5681.
Package textcomp Info: Symbol \textasciigrave not provided by
(textcomp)             font family zi4 in TS1 encoding.
(textcomp)             Default family used instead on input line 5712.
Package textcomp Info: Symbol \textasciigrave not provided by
(textcomp)             font family zi4 in TS1 encoding.
(textcomp)             Default family used instead on input line 5712.
Package textcomp Info: Symbol \textasciigrave not provided by
(textcomp)             font family zi4 in TS1 encoding.
(textcomp)             Default family used instead on input line 5729.
Package textcomp Info: Symbol \textasciigrave not provided by
(textcomp)             font family zi4 in TS1 encoding.
(textcomp)             Default family used instead on input line 5729.

Underfull \vbox (badness 10000) has occurred while \output is active []

 [82]
Package textcomp Info: Symbol \textasciigrave not provided by
(textcomp)             font family zi4 in TS1 encoding.
(textcomp)             Default family used instead on input line 5748.
Package textcomp Info: Symbol \textasciigrave not provided by
(textcomp)             font family zi4 in TS1 encoding.
(textcomp)             Default family used instead on input line 5748.

Overfull \hbox (24.24857pt too wide) in paragraph at lines 5763--5765
[]\T1/ptm/m/n/10 Optional vec-tor spec-i-fy-ing the weight of each edge, cor-re
-spond-ing to the []\T1/zi4/m/n/10 edge.length
 []

[83]
Overfull \hbox (26.83919pt too wide) in paragraph at lines 5814--5817
[]\T1/zi4/m/n/10 RenumberTree() []\T1/ptm/m/n/10 and []\T1/zi4/m/n/10 RenumberE
dges() []\T1/ptm/m/n/10 are wrap-pers for the C func-tion []\T1/zi4/m/n/10 preo
rder_edges_and_nodes()[]\T1/ptm/m/n/10 ;
 []


Overfull \hbox (29.8095pt too wide) in paragraph at lines 5878--5880
[]\T1/zi4/m/n/10 Cladewise()[]\T1/ptm/m/n/10 , []\T1/zi4/m/n/10 ApePostorder() 
[]\T1/ptm/m/n/10 and []\T1/zi4/m/n/10 Pruningwise()[]\T1/ptm/m/n/10 : mod-i-fie
d by Mar-tin R. Smith from []\T1/zi4/m/n/10 .reorder_ape()
 []

[84]
Overfull \hbox (60.27972pt too wide) in paragraph at lines 5885--5902
[]\T1/ptm/m/n/10 Other tree ma-nip-u-la-tion: [][][]\T1/zi4/m/n/10 AddTip[][][]
()[]\T1/ptm/m/n/10 , [][][]\T1/zi4/m/n/10 CollapseNode[][][]()[]\T1/ptm/m/n/10 
, [][][]\T1/zi4/m/n/10 ConsensusWithout[][][]()[]\T1/ptm/m/n/10 , [][][]\T1/zi4
/m/n/10 DropTip[][][]()[]\T1/ptm/m/n/10 , [][][]\T1/zi4/m/n/10 ImposeConstraint
[][][]()[]\T1/ptm/m/n/10 ,
 []


Overfull \hbox (49.88098pt too wide) in paragraph at lines 5885--5902
[][][]\T1/zi4/m/n/10 KeptPaths[][][]()[]\T1/ptm/m/n/10 , [][][]\T1/zi4/m/n/10 K
eptVerts[][][]()[]\T1/ptm/m/n/10 , [][][]\T1/zi4/m/n/10 LeafLabelInterchange[][
][]()[]\T1/ptm/m/n/10 , [][][]\T1/zi4/m/n/10 MakeTreeBinary[][][]()[]\T1/ptm/m/
n/10 , [][][]\T1/zi4/m/n/10 Renumber[][][]()[]\T1/ptm/m/n/10 , [][][]\T1/zi4/m/
n/10 RenumberTips[][][]()[]\T1/ptm/m/n/10 ,
 []

[85]
Underfull \hbox (badness 10000) in paragraph at lines 5980--5987

 []


Overfull \hbox (23.03917pt too wide) in paragraph at lines 5990--5994
[]\T1/ptm/m/n/10 Other phy-lo-ge-netic ma-trix con-ver-sion func-tions: [][][]\
T1/zi4/m/n/10 Decompose[][][]()[]\T1/ptm/m/n/10 , [][][]\T1/zi4/m/n/10 MatrixTo
PhyDat[][][]()[]\T1/ptm/m/n/10 , [][][]\T1/zi4/m/n/10 StringToPhyDat[][][]() 
 []

[86]
Overfull \hbox (11.82954pt too wide) in paragraph at lines 6039--6044
[]\T1/ptm/m/n/10 Other string pars-ing func-tions: [][][]\T1/zi4/m/n/10 EndSent
ence[][][]()[]\T1/ptm/m/n/10 , [][][]\T1/zi4/m/n/10 MatchStrings[][][]()[]\T1/p
tm/m/n/10 , [][][]\T1/zi4/m/n/10 MorphoBankDecode[][][]()[]\T1/ptm/m/n/10 , [][
][]\T1/zi4/m/n/10 Unquote[][][]() 
 []

[87]
Overfull \hbox (50.0593pt too wide) in paragraph at lines 6116--6119
[]\T1/ptm/m/n/10 to sup-press leg-end. For fine-grained con-trol of leg-end, us
e [][][]\T1/zi4/m/n/10 PlotTools::SpectrumLegend()[][][][]\T1/ptm/m/n/10 . 
 []


Overfull \hbox (111.98758pt too wide) in paragraph at lines 6144--6146
[]\T1/zi4/m/n/10 legendLabels[]\T1/ptm/m/n/10 : A char-ac-ter vec-tor sug-gest-
ing la-bels for a plot leg-end; suit-able for []\T1/zi4/m/n/10 PlotTools::Spect
rumLegend(legend
 []


Underfull \hbox (badness 10000) in paragraph at lines 6157--6164

 []

[88] [89]
Overfull \hbox (16.21931pt too wide) in paragraph at lines 6287--6289
[]\T1/ptm/m/n/10 Vector cor-re-spond-ing to []\T1/zi4/m/n/10 outgroupTips []\T1
/ptm/m/n/10 de-ter-min-ing be-haviour when []\T1/zi4/m/n/10 outgroupTips
 []


Overfull \hbox (14.73802pt too wide) in paragraph at lines 6290--6296
[]\T1/ptm/m/n/10 Where the small-est clade that con-tains []\T1/zi4/m/n/10 outg
roupTips []\T1/ptm/m/n/10 in-cludes all taxa, []\T1/zi4/m/n/10 RootTree()
 []

[90]
Overfull \hbox (60.27972pt too wide) in paragraph at lines 6328--6345
[]\T1/ptm/m/n/10 Other tree ma-nip-u-la-tion: [][][]\T1/zi4/m/n/10 AddTip[][][]
()[]\T1/ptm/m/n/10 , [][][]\T1/zi4/m/n/10 CollapseNode[][][]()[]\T1/ptm/m/n/10 
, [][][]\T1/zi4/m/n/10 ConsensusWithout[][][]()[]\T1/ptm/m/n/10 , [][][]\T1/zi4
/m/n/10 DropTip[][][]()[]\T1/ptm/m/n/10 , [][][]\T1/zi4/m/n/10 ImposeConstraint
[][][]()[]\T1/ptm/m/n/10 ,
 []


Overfull \hbox (49.88098pt too wide) in paragraph at lines 6328--6345
[][][]\T1/zi4/m/n/10 KeptPaths[][][]()[]\T1/ptm/m/n/10 , [][][]\T1/zi4/m/n/10 K
eptVerts[][][]()[]\T1/ptm/m/n/10 , [][][]\T1/zi4/m/n/10 LeafLabelInterchange[][
][]()[]\T1/ptm/m/n/10 , [][][]\T1/zi4/m/n/10 MakeTreeBinary[][][]()[]\T1/ptm/m/
n/10 , [][][]\T1/zi4/m/n/10 Renumber[][][]()[]\T1/ptm/m/n/10 , [][][]\T1/zi4/m/
n/10 RenumberTips[][][]()[]\T1/ptm/m/n/10 ,
 []

[91]
Overfull \hbox (43.62968pt too wide) in paragraph at lines 6425--6436
[]\T1/ptm/m/n/10 Other util-ity func-tions: [][][]\T1/zi4/m/n/10 ClusterTable[]
[][][]\T1/ptm/m/n/10 , [][][]\T1/zi4/m/n/10 ClusterTable-methods[][][][]\T1/ptm
/m/n/10 , [][][]\T1/zi4/m/n/10 Hamming[][][]()[]\T1/ptm/m/n/10 , [][][]\T1/zi4/
m/n/10 MSTEdges[][][]()[]\T1/ptm/m/n/10 , [][][]\T1/zi4/m/n/10 TipTimedTree[][]
[]()[]\T1/ptm/m/n/10 ,
 []


Overfull \hbox (17.86096pt too wide) in paragraph at lines 6425--6436
[][][]\T1/zi4/m/n/10 UnshiftTree[][][]()[]\T1/ptm/m/n/10 , [][][]\T1/zi4/m/n/10
 as.multiPhylo[][][]()[]\T1/ptm/m/n/10 , [][][]\T1/zi4/m/n/10 match,phylo,phylo
-method[][][][]\T1/ptm/m/n/10 , [][][]\T1/zi4/m/n/10 sapply64[][][]()[]\T1/ptm/
m/n/10 , [][][]\T1/zi4/m/n/10 sort.multiPhylo[][][]() 
 []

[92]
Overfull \hbox (28.62968pt too wide) in paragraph at lines 6515--6526
[]\T1/ptm/m/n/10 Other util-ity func-tions: [][][]\T1/zi4/m/n/10 ClusterTable[]
[][][]\T1/ptm/m/n/10 , [][][]\T1/zi4/m/n/10 ClusterTable-methods[][][][]\T1/ptm
/m/n/10 , [][][]\T1/zi4/m/n/10 Hamming[][][]()[]\T1/ptm/m/n/10 , [][][]\T1/zi4/
m/n/10 MSTEdges[][][]()[]\T1/ptm/m/n/10 , [][][]\T1/zi4/m/n/10 SampleOne[][][](
)[]\T1/ptm/m/n/10 ,
 []


Overfull \hbox (37.86096pt too wide) in paragraph at lines 6515--6526
[][][]\T1/zi4/m/n/10 TipTimedTree[][][]()[]\T1/ptm/m/n/10 , [][][]\T1/zi4/m/n/1
0 UnshiftTree[][][]()[]\T1/ptm/m/n/10 , [][][]\T1/zi4/m/n/10 as.multiPhylo[][][
]()[]\T1/ptm/m/n/10 , [][][]\T1/zi4/m/n/10 match,phylo,phylo-method[][][][]\T1/
ptm/m/n/10 , [][][]\T1/zi4/m/n/10 sort.multiPhylo[][][]() 
 []

[93]
Overfull \hbox (28.62968pt too wide) in paragraph at lines 6590--6601
[]\T1/ptm/m/n/10 Other util-ity func-tions: [][][]\T1/zi4/m/n/10 ClusterTable[]
[][][]\T1/ptm/m/n/10 , [][][]\T1/zi4/m/n/10 ClusterTable-methods[][][][]\T1/ptm
/m/n/10 , [][][]\T1/zi4/m/n/10 Hamming[][][]()[]\T1/ptm/m/n/10 , [][][]\T1/zi4/
m/n/10 MSTEdges[][][]()[]\T1/ptm/m/n/10 , [][][]\T1/zi4/m/n/10 SampleOne[][][](
)[]\T1/ptm/m/n/10 ,
 []


Overfull \hbox (2.86096pt too wide) in paragraph at lines 6590--6601
[][][]\T1/zi4/m/n/10 TipTimedTree[][][]()[]\T1/ptm/m/n/10 , [][][]\T1/zi4/m/n/1
0 UnshiftTree[][][]()[]\T1/ptm/m/n/10 , [][][]\T1/zi4/m/n/10 as.multiPhylo[][][
]()[]\T1/ptm/m/n/10 , [][][]\T1/zi4/m/n/10 match,phylo,phylo-method[][][][]\T1/
ptm/m/n/10 , [][][]\T1/zi4/m/n/10 sapply64[][][]() 
 []

[94]
Overfull \hbox (60.27972pt too wide) in paragraph at lines 6680--6697
[]\T1/ptm/m/n/10 Other tree ma-nip-u-la-tion: [][][]\T1/zi4/m/n/10 AddTip[][][]
()[]\T1/ptm/m/n/10 , [][][]\T1/zi4/m/n/10 CollapseNode[][][]()[]\T1/ptm/m/n/10 
, [][][]\T1/zi4/m/n/10 ConsensusWithout[][][]()[]\T1/ptm/m/n/10 , [][][]\T1/zi4
/m/n/10 DropTip[][][]()[]\T1/ptm/m/n/10 , [][][]\T1/zi4/m/n/10 ImposeConstraint
[][][]()[]\T1/ptm/m/n/10 ,
 []


Overfull \hbox (49.88098pt too wide) in paragraph at lines 6680--6697
[][][]\T1/zi4/m/n/10 KeptPaths[][][]()[]\T1/ptm/m/n/10 , [][][]\T1/zi4/m/n/10 K
eptVerts[][][]()[]\T1/ptm/m/n/10 , [][][]\T1/zi4/m/n/10 LeafLabelInterchange[][
][]()[]\T1/ptm/m/n/10 , [][][]\T1/zi4/m/n/10 MakeTreeBinary[][][]()[]\T1/ptm/m/
n/10 , [][][]\T1/zi4/m/n/10 Renumber[][][]()[]\T1/ptm/m/n/10 , [][][]\T1/zi4/m/
n/10 RenumberTips[][][]()[]\T1/ptm/m/n/10 ,
 []

[95] [96]
Overfull \hbox (76.47969pt too wide) in paragraph at lines 6819--6830
[]\T1/ptm/m/n/10 Other Splits op-er-a-tions: [][][]\T1/zi4/m/n/10 LabelSplits[]
[][]()[]\T1/ptm/m/n/10 , [][][]\T1/zi4/m/n/10 NSplits[][][]()[]\T1/ptm/m/n/10 ,
 [][][]\T1/zi4/m/n/10 NTip[][][]()[]\T1/ptm/m/n/10 , [][][]\T1/zi4/m/n/10 Polar
izeSplits[][][]()[]\T1/ptm/m/n/10 , [][][]\T1/zi4/m/n/10 Splits[][][][]\T1/ptm/
m/n/10 , [][][]\T1/zi4/m/n/10 SplitsInBinaryTree[][][]()[]\T1/ptm/m/n/10 ,
 []

[97] [98]
Overfull \hbox (5.88696pt too wide) in paragraph at lines 6926--6931
[]\T1/ptm/m/n/10 As an ex-am-ple, the split []\T1/zi4/m/n/10 AB|CDEF []\T1/ptm/
m/n/10 oc-curs in 15 of the 105 six-leaf trees; \T1/ptm/m/it/10 h\T1/ptm/m/n/10
 ([]\T1/zi4/m/n/10 AB|CDEF[]\T1/ptm/m/n/10 ) = -log \T1/ptm/m/it/10 P\T1/ptm/m/
n/10 ([]\T1/zi4/m/n/10 AB|CDEF[]\T1/ptm/m/n/10 )
 []


Overfull \hbox (77.0392pt too wide) in paragraph at lines 6978--6983
[]\T1/ptm/m/n/10 Other split in-for-ma-tion func-tions: [][][]\T1/zi4/m/n/10 Ch
aracterInformation[][][]()[]\T1/ptm/m/n/10 , [][][]\T1/zi4/m/n/10 SplitMatchPro
bability[][][]()[]\T1/ptm/m/n/10 , [][][]\T1/zi4/m/n/10 TreesMatchingSplit[][][
]()[]\T1/ptm/m/n/10 ,
 []

[99]
Overfull \hbox (52.0392pt too wide) in paragraph at lines 7046--7051
[]\T1/ptm/m/n/10 Other split in-for-ma-tion func-tions: [][][]\T1/zi4/m/n/10 Ch
aracterInformation[][][]()[]\T1/ptm/m/n/10 , [][][]\T1/zi4/m/n/10 SplitInformat
ion[][][]()[]\T1/ptm/m/n/10 , [][][]\T1/zi4/m/n/10 TreesMatchingSplit[][][]()[]
\T1/ptm/m/n/10 ,
 []

[100] [101]
Overfull \hbox (21.95967pt too wide) in paragraph at lines 7153--7164
[]\T1/ptm/m/n/10 Other Splits op-er-a-tions: [][][]\T1/zi4/m/n/10 LabelSplits[]
[][]()[]\T1/ptm/m/n/10 , [][][]\T1/zi4/m/n/10 NSplits[][][]()[]\T1/ptm/m/n/10 ,
 [][][]\T1/zi4/m/n/10 NTip[][][]()[]\T1/ptm/m/n/10 , [][][]\T1/zi4/m/n/10 Polar
izeSplits[][][]()[]\T1/ptm/m/n/10 , [][][]\T1/zi4/m/n/10 SplitFrequency[][][]()
[]\T1/ptm/m/n/10 ,
 []


Overfull \hbox (2.86096pt too wide) in paragraph at lines 7153--7164
[][][]\T1/zi4/m/n/10 SplitsInBinaryTree[][][]()[]\T1/ptm/m/n/10 , [][][]\T1/zi4
/m/n/10 TipLabels[][][]()[]\T1/ptm/m/n/10 , [][][]\T1/zi4/m/n/10 TipsInSplits[]
[][]()[]\T1/ptm/m/n/10 , [][][]\T1/zi4/m/n/10 match,Splits,Splits-method[][][][
]\T1/ptm/m/n/10 , [][][]\T1/zi4/m/n/10 xor[][][]() 
 []

[102]
Package textcomp Info: Symbol \textasciigrave not provided by
(textcomp)             font family zi4 in TS1 encoding.
(textcomp)             Default family used instead on input line 7217.
Package textcomp Info: Symbol \textasciigrave not provided by
(textcomp)             font family zi4 in TS1 encoding.
(textcomp)             Default family used instead on input line 7217.

Overfull \hbox (27.48985pt too wide) in paragraph at lines 7249--7262
[]\T1/ptm/m/n/10 Other tree prop-er-ties: [][][]\T1/zi4/m/n/10 Cherries[][][]()
[]\T1/ptm/m/n/10 , [][][]\T1/zi4/m/n/10 ConsensusWithout[][][]()[]\T1/ptm/m/n/1
0 , [][][]\T1/zi4/m/n/10 EdgeRatio[][][]()[]\T1/ptm/m/n/10 , [][][]\T1/zi4/m/n/
10 LongBranch[][][]()[]\T1/ptm/m/n/10 , [][][]\T1/zi4/m/n/10 MatchEdges[][][]()
[]\T1/ptm/m/n/10 ,
 []


Overfull \hbox (11.901pt too wide) in paragraph at lines 7249--7262
[][][]\T1/zi4/m/n/10 NSplits[][][]()[]\T1/ptm/m/n/10 , [][][]\T1/zi4/m/n/10 NTi
p[][][]()[]\T1/ptm/m/n/10 , [][][]\T1/zi4/m/n/10 NodeNumbers[][][]()[]\T1/ptm/m
/n/10 , [][][]\T1/zi4/m/n/10 PathLengths[][][]()[]\T1/ptm/m/n/10 , [][][]\T1/zi
4/m/n/10 TipLabels[][][]()[]\T1/ptm/m/n/10 , [][][]\T1/zi4/m/n/10 TreeIsRooted[
][][]()[]\T1/ptm/m/n/10 , [][][]\T1/zi4/m/n/10 Treeness[][][]() 
 []


Overfull \hbox (21.95967pt too wide) in paragraph at lines 7263--7274
[]\T1/ptm/m/n/10 Other Splits op-er-a-tions: [][][]\T1/zi4/m/n/10 LabelSplits[]
[][]()[]\T1/ptm/m/n/10 , [][][]\T1/zi4/m/n/10 NSplits[][][]()[]\T1/ptm/m/n/10 ,
 [][][]\T1/zi4/m/n/10 NTip[][][]()[]\T1/ptm/m/n/10 , [][][]\T1/zi4/m/n/10 Polar
izeSplits[][][]()[]\T1/ptm/m/n/10 , [][][]\T1/zi4/m/n/10 SplitFrequency[][][]()
[]\T1/ptm/m/n/10 ,
 []

[103]
Overfull \hbox (83.14774pt too wide) in paragraph at lines 7333--7343
\T1/ptm/m/n/10 falls out-side the clade \T1/ptm/m/it/10 (a, b) \T1/ptm/m/n/10 a
nd has a root-node dis-tance of 4, whereas leaf \T1/ptm/m/it/10 X2 \T1/ptm/m/n/
10 in the tree \T1/zi4/m/n/10 (.,((.,(.,.)),(b,(X2,a))))
 []

</var/scratch2/tomas/cran/rcnst/lib/TreeTools/help/figures//Stemwardness.png, i
d=3180, 481.8pt x 481.8pt>
File: /var/scratch2/tomas/cran/rcnst/lib/TreeTools/help/figures//Stemwardness.p
ng Graphic file (type png)
<use /var/scratch2/tomas/cran/rcnst/lib/TreeTools/help/figures//Stemwardness.pn
g>
Package pdftex.def Info: /var/scratch2/tomas/cran/rcnst/lib/TreeTools/help/figu
res//Stemwardness.png  used on input line 7344.
(pdftex.def)             Requested size: 289.29936pt x 289.30276pt.
[104]
Overfull \hbox (53.45903pt too wide) in paragraph at lines 7372--7377
[]\T1/ptm/m/n/10 Other tree char-ac-ter-i-za-tion func-tions: [][][]\T1/zi4/m/n
/10 CladisticInfo[][][]()[]\T1/ptm/m/n/10 , [][][]\T1/zi4/m/n/10 Consensus[][][
]()[]\T1/ptm/m/n/10 , [][][]\T1/zi4/m/n/10 J1Index[][][]()[]\T1/ptm/m/n/10 , []
[][]\T1/zi4/m/n/10 TotalCopheneticIndex[][][]() 
 []

[105 </var/scratch2/tomas/cran/rcnst/lib/TreeTools/help/figures//Stemwardness.p
ng>] [106] [107]
Overfull \hbox (28.82768pt too wide) in paragraph at lines 7580--7583
[]\T1/ptm/m/n/10 A tree of class [][][]\T1/zi4/m/n/10 phylo[][][][]\T1/ptm/m/n/
10 , with in-ter-nal num-ber-ing in clade-wise or-der (use [][][]\T1/zi4/m/n/10
 Preorder[][][](tree)
 []

[108]
Overfull \hbox (60.27972pt too wide) in paragraph at lines 7606--7623
[]\T1/ptm/m/n/10 Other tree ma-nip-u-la-tion: [][][]\T1/zi4/m/n/10 AddTip[][][]
()[]\T1/ptm/m/n/10 , [][][]\T1/zi4/m/n/10 CollapseNode[][][]()[]\T1/ptm/m/n/10 
, [][][]\T1/zi4/m/n/10 ConsensusWithout[][][]()[]\T1/ptm/m/n/10 , [][][]\T1/zi4
/m/n/10 DropTip[][][]()[]\T1/ptm/m/n/10 , [][][]\T1/zi4/m/n/10 ImposeConstraint
[][][]()[]\T1/ptm/m/n/10 ,
 []


Overfull \hbox (49.88098pt too wide) in paragraph at lines 7606--7623
[][][]\T1/zi4/m/n/10 KeptPaths[][][]()[]\T1/ptm/m/n/10 , [][][]\T1/zi4/m/n/10 K
eptVerts[][][]()[]\T1/ptm/m/n/10 , [][][]\T1/zi4/m/n/10 LeafLabelInterchange[][
][]()[]\T1/ptm/m/n/10 , [][][]\T1/zi4/m/n/10 MakeTreeBinary[][][]()[]\T1/ptm/m/
n/10 , [][][]\T1/zi4/m/n/10 Renumber[][][]()[]\T1/ptm/m/n/10 , [][][]\T1/zi4/m/
n/10 RenumberTips[][][]()[]\T1/ptm/m/n/10 ,
 []

[109]
Overfull \hbox (35.46773pt too wide) in paragraph at lines 7681--7683
[]\T1/ptm/m/n/10 Use in con-junc-tion with [][][]\T1/zi4/m/n/10 LabelSplits()[]
[][] []\T1/ptm/m/n/10 to colour split la-bels, pos-si-bly cal-cu-lated us-ing [
][][]\T1/zi4/m/n/10 SplitFrequency()[][][][]\T1/ptm/m/n/10 . 
 []

[110] [111]
Overfull \hbox (27.48985pt too wide) in paragraph at lines 7830--7843
[]\T1/ptm/m/n/10 Other tree prop-er-ties: [][][]\T1/zi4/m/n/10 Cherries[][][]()
[]\T1/ptm/m/n/10 , [][][]\T1/zi4/m/n/10 ConsensusWithout[][][]()[]\T1/ptm/m/n/1
0 , [][][]\T1/zi4/m/n/10 EdgeRatio[][][]()[]\T1/ptm/m/n/10 , [][][]\T1/zi4/m/n/
10 LongBranch[][][]()[]\T1/ptm/m/n/10 , [][][]\T1/zi4/m/n/10 MatchEdges[][][]()
[]\T1/ptm/m/n/10 ,
 []


Overfull \hbox (4.88098pt too wide) in paragraph at lines 7830--7843
[][][]\T1/zi4/m/n/10 NSplits[][][]()[]\T1/ptm/m/n/10 , [][][]\T1/zi4/m/n/10 NTi
p[][][]()[]\T1/ptm/m/n/10 , [][][]\T1/zi4/m/n/10 NodeNumbers[][][]()[]\T1/ptm/m
/n/10 , [][][]\T1/zi4/m/n/10 PathLengths[][][]()[]\T1/ptm/m/n/10 , [][][]\T1/zi
4/m/n/10 SplitsInBinaryTree[][][]()[]\T1/ptm/m/n/10 , [][][]\T1/zi4/m/n/10 Tree
IsRooted[][][]()[]\T1/ptm/m/n/10 ,
 []

[112]
Overfull \hbox (21.95967pt too wide) in paragraph at lines 7844--7855
[]\T1/ptm/m/n/10 Other Splits op-er-a-tions: [][][]\T1/zi4/m/n/10 LabelSplits[]
[][]()[]\T1/ptm/m/n/10 , [][][]\T1/zi4/m/n/10 NSplits[][][]()[]\T1/ptm/m/n/10 ,
 [][][]\T1/zi4/m/n/10 NTip[][][]()[]\T1/ptm/m/n/10 , [][][]\T1/zi4/m/n/10 Polar
izeSplits[][][]()[]\T1/ptm/m/n/10 , [][][]\T1/zi4/m/n/10 SplitFrequency[][][]()
[]\T1/ptm/m/n/10 ,
 []

[113]
Overfull \hbox (21.95967pt too wide) in paragraph at lines 7927--7938
[]\T1/ptm/m/n/10 Other Splits op-er-a-tions: [][][]\T1/zi4/m/n/10 LabelSplits[]
[][]()[]\T1/ptm/m/n/10 , [][][]\T1/zi4/m/n/10 NSplits[][][]()[]\T1/ptm/m/n/10 ,
 [][][]\T1/zi4/m/n/10 NTip[][][]()[]\T1/ptm/m/n/10 , [][][]\T1/zi4/m/n/10 Polar
izeSplits[][][]()[]\T1/ptm/m/n/10 , [][][]\T1/zi4/m/n/10 SplitFrequency[][][]()
[]\T1/ptm/m/n/10 ,
 []


Overfull \hbox (28.62968pt too wide) in paragraph at lines 7995--8006
[]\T1/ptm/m/n/10 Other util-ity func-tions: [][][]\T1/zi4/m/n/10 ClusterTable[]
[][][]\T1/ptm/m/n/10 , [][][]\T1/zi4/m/n/10 ClusterTable-methods[][][][]\T1/ptm
/m/n/10 , [][][]\T1/zi4/m/n/10 Hamming[][][]()[]\T1/ptm/m/n/10 , [][][]\T1/zi4/
m/n/10 MSTEdges[][][]()[]\T1/ptm/m/n/10 , [][][]\T1/zi4/m/n/10 SampleOne[][][](
)[]\T1/ptm/m/n/10 ,
 []


Overfull \hbox (17.86096pt too wide) in paragraph at lines 7995--8006
[][][]\T1/zi4/m/n/10 UnshiftTree[][][]()[]\T1/ptm/m/n/10 , [][][]\T1/zi4/m/n/10
 as.multiPhylo[][][]()[]\T1/ptm/m/n/10 , [][][]\T1/zi4/m/n/10 match,phylo,phylo
-method[][][][]\T1/ptm/m/n/10 , [][][]\T1/zi4/m/n/10 sapply64[][][]()[]\T1/ptm/
m/n/10 , [][][]\T1/zi4/m/n/10 sort.multiPhylo[][][]() 
 []

[114]
Overfull \hbox (60.27972pt too wide) in paragraph at lines 8007--8024
[]\T1/ptm/m/n/10 Other tree ma-nip-u-la-tion: [][][]\T1/zi4/m/n/10 AddTip[][][]
()[]\T1/ptm/m/n/10 , [][][]\T1/zi4/m/n/10 CollapseNode[][][]()[]\T1/ptm/m/n/10 
, [][][]\T1/zi4/m/n/10 ConsensusWithout[][][]()[]\T1/ptm/m/n/10 , [][][]\T1/zi4
/m/n/10 DropTip[][][]()[]\T1/ptm/m/n/10 , [][][]\T1/zi4/m/n/10 ImposeConstraint
[][][]()[]\T1/ptm/m/n/10 ,
 []


Overfull \hbox (49.88098pt too wide) in paragraph at lines 8007--8024
[][][]\T1/zi4/m/n/10 KeptPaths[][][]()[]\T1/ptm/m/n/10 , [][][]\T1/zi4/m/n/10 K
eptVerts[][][]()[]\T1/ptm/m/n/10 , [][][]\T1/zi4/m/n/10 LeafLabelInterchange[][
][]()[]\T1/ptm/m/n/10 , [][][]\T1/zi4/m/n/10 MakeTreeBinary[][][]()[]\T1/ptm/m/
n/10 , [][][]\T1/zi4/m/n/10 Renumber[][][]()[]\T1/ptm/m/n/10 , [][][]\T1/zi4/m/
n/10 RenumberTips[][][]()[]\T1/ptm/m/n/10 ,
 []

[115]
Underfull \hbox (badness 10000) in paragraph at lines 8127--8134

 []

[116]
Overfull \hbox (3.45903pt too wide) in paragraph at lines 8147--8152
[]\T1/ptm/m/n/10 Other tree char-ac-ter-i-za-tion func-tions: [][][]\T1/zi4/m/n
/10 CladisticInfo[][][]()[]\T1/ptm/m/n/10 , [][][]\T1/zi4/m/n/10 Consensus[][][
]()[]\T1/ptm/m/n/10 , [][][]\T1/zi4/m/n/10 J1Index[][][]()[]\T1/ptm/m/n/10 , []
[][]\T1/zi4/m/n/10 Stemwardness[][][] 
 []

[117]
Overfull \hbox (27.48985pt too wide) in paragraph at lines 8204--8217
[]\T1/ptm/m/n/10 Other tree prop-er-ties: [][][]\T1/zi4/m/n/10 Cherries[][][]()
[]\T1/ptm/m/n/10 , [][][]\T1/zi4/m/n/10 ConsensusWithout[][][]()[]\T1/ptm/m/n/1
0 , [][][]\T1/zi4/m/n/10 EdgeRatio[][][]()[]\T1/ptm/m/n/10 , [][][]\T1/zi4/m/n/
10 LongBranch[][][]()[]\T1/ptm/m/n/10 , [][][]\T1/zi4/m/n/10 MatchEdges[][][]()
[]\T1/ptm/m/n/10 ,
 []


Underfull \hbox (badness 10000) in paragraph at lines 8264--8271

 []


Overfull \hbox (27.48985pt too wide) in paragraph at lines 8274--8287
[]\T1/ptm/m/n/10 Other tree prop-er-ties: [][][]\T1/zi4/m/n/10 Cherries[][][]()
[]\T1/ptm/m/n/10 , [][][]\T1/zi4/m/n/10 ConsensusWithout[][][]()[]\T1/ptm/m/n/1
0 , [][][]\T1/zi4/m/n/10 EdgeRatio[][][]()[]\T1/ptm/m/n/10 , [][][]\T1/zi4/m/n/
10 LongBranch[][][]()[]\T1/ptm/m/n/10 , [][][]\T1/zi4/m/n/10 MatchEdges[][][]()
[]\T1/ptm/m/n/10 ,
 []

[118] [119] [120]
Overfull \hbox (13.37935pt too wide) in paragraph at lines 8482--8485
[]\T1/ptm/m/n/10 Package de-vel-op-ers can use the C++ header []\T1/zi4/m/n/10 
TreeTools/tree_number.h []\T1/ptm/m/n/10 (via []\T1/zi4/m/n/10 LinkingTo: TreeT
ools[]\T1/ptm/m/n/10 )
 []


Overfull \hbox (14.85767pt too wide) in paragraph at lines 8488--8497
\T1/ptm/m/n/10 trees with at most 19 leaves the un-der-ly-ing stor-age is a sin
-gle []\T1/zi4/m/n/10 integer64 []\T1/ptm/m/n/10 value (class []\T1/zi4/m/n/10 
c("TreeNumber",
 []


Overfull \hbox (3.24908pt too wide) in paragraph at lines 8488--8497
\T1/zi4/m/n/10 "integer64")[]\T1/ptm/m/n/10 ), en-abling []\T1/zi4/m/n/10 integ
er64 []\T1/ptm/m/n/10 arith-metic and ex-act round-tripping through []\T1/zi4/m
/n/10 as.MixedBase()[]\T1/ptm/m/n/10 .
 []


Overfull \hbox (23.61899pt too wide) in paragraph at lines 8488--8497
\T1/ptm/m/n/10 (class []\T1/zi4/m/n/10 c("TreeNumber", "character")[]\T1/ptm/m/
n/10 ). If []\T1/zi4/m/n/10 x []\T1/ptm/m/n/10 is a list of trees or a []\T1/zi
4/m/n/10 multiPhylo []\T1/ptm/m/n/10 ob-ject, []\T1/zi4/m/n/10 as.TreeNumber()
 []

[121] [122]
Overfull \hbox (67.0392pt too wide) in paragraph at lines 8586--8591
[]\T1/ptm/m/n/10 Other split in-for-ma-tion func-tions: [][][]\T1/zi4/m/n/10 Ch
aracterInformation[][][]()[]\T1/ptm/m/n/10 , [][][]\T1/zi4/m/n/10 SplitInformat
ion[][][]()[]\T1/ptm/m/n/10 , [][][]\T1/zi4/m/n/10 SplitMatchProbability[][][](
)[]\T1/ptm/m/n/10 ,
 []

[123]
Overfull \hbox (81.24733pt too wide) in paragraph at lines 8665--8668
[]\T1/zi4/m/n/10 TrivialSplits() []\T1/ptm/m/n/10 iden-ti-fies triv-ial splits 
(which sep-a-rate one or zero leaves from all oth-ers); []\T1/zi4/m/n/10 Withou
tTrivialSplits()
 []

[124]
Overfull \hbox (60.27972pt too wide) in paragraph at lines 8754--8771
[]\T1/ptm/m/n/10 Other tree ma-nip-u-la-tion: [][][]\T1/zi4/m/n/10 AddTip[][][]
()[]\T1/ptm/m/n/10 , [][][]\T1/zi4/m/n/10 CollapseNode[][][]()[]\T1/ptm/m/n/10 
, [][][]\T1/zi4/m/n/10 ConsensusWithout[][][]()[]\T1/ptm/m/n/10 , [][][]\T1/zi4
/m/n/10 DropTip[][][]()[]\T1/ptm/m/n/10 , [][][]\T1/zi4/m/n/10 ImposeConstraint
[][][]()[]\T1/ptm/m/n/10 ,
 []


Overfull \hbox (49.88098pt too wide) in paragraph at lines 8754--8771
[][][]\T1/zi4/m/n/10 KeptPaths[][][]()[]\T1/ptm/m/n/10 , [][][]\T1/zi4/m/n/10 K
eptVerts[][][]()[]\T1/ptm/m/n/10 , [][][]\T1/zi4/m/n/10 LeafLabelInterchange[][
][]()[]\T1/ptm/m/n/10 , [][][]\T1/zi4/m/n/10 MakeTreeBinary[][][]()[]\T1/ptm/m/
n/10 , [][][]\T1/zi4/m/n/10 Renumber[][][]()[]\T1/ptm/m/n/10 , [][][]\T1/zi4/m/
n/10 RenumberTips[][][]()[]\T1/ptm/m/n/10 ,
 []

[125]
Overfull \hbox (66.82954pt too wide) in paragraph at lines 8816--8821
[]\T1/ptm/m/n/10 Other string pars-ing func-tions: [][][]\T1/zi4/m/n/10 EndSent
ence[][][]()[]\T1/ptm/m/n/10 , [][][]\T1/zi4/m/n/10 MatchStrings[][][]()[]\T1/p
tm/m/n/10 , [][][]\T1/zi4/m/n/10 MorphoBankDecode[][][]()[]\T1/ptm/m/n/10 , [][
][]\T1/zi4/m/n/10 RightmostCharacter[][][]() 
 []

[126] [127] [128]
Overfull \hbox (67.0392pt too wide) in paragraph at lines 9045--9050
[]\T1/ptm/m/n/10 Other split in-for-ma-tion func-tions: [][][]\T1/zi4/m/n/10 Ch
aracterInformation[][][]()[]\T1/ptm/m/n/10 , [][][]\T1/zi4/m/n/10 SplitInformat
ion[][][]()[]\T1/ptm/m/n/10 , [][][]\T1/zi4/m/n/10 SplitMatchProbability[][][](
)[]\T1/ptm/m/n/10 ,
 []

[129]
Overfull \hbox (5.81828pt too wide) in paragraph at lines 9090--9093
[]\T1/zi4/m/n/10 UnshiftTree() []\T1/ptm/m/n/10 re-turns a list of class []\T1/
zi4/m/n/10 list []\T1/ptm/m/n/10 or []\T1/zi4/m/n/10 multiPhylo []\T1/ptm/m/n/1
0 (fol-low-ing the orig-i-nal class of []\T1/zi4/m/n/10 treeList[]\T1/ptm/m/n/1
0 ),
 []


Overfull \hbox (28.62968pt too wide) in paragraph at lines 9104--9115
[]\T1/ptm/m/n/10 Other util-ity func-tions: [][][]\T1/zi4/m/n/10 ClusterTable[]
[][][]\T1/ptm/m/n/10 , [][][]\T1/zi4/m/n/10 ClusterTable-methods[][][][]\T1/ptm
/m/n/10 , [][][]\T1/zi4/m/n/10 Hamming[][][]()[]\T1/ptm/m/n/10 , [][][]\T1/zi4/
m/n/10 MSTEdges[][][]()[]\T1/ptm/m/n/10 , [][][]\T1/zi4/m/n/10 SampleOne[][][](
)[]\T1/ptm/m/n/10 ,
 []


Overfull \hbox (22.86096pt too wide) in paragraph at lines 9104--9115
[][][]\T1/zi4/m/n/10 TipTimedTree[][][]()[]\T1/ptm/m/n/10 , [][][]\T1/zi4/m/n/1
0 as.multiPhylo[][][]()[]\T1/ptm/m/n/10 , [][][]\T1/zi4/m/n/10 match,phylo,phyl
o-method[][][][]\T1/ptm/m/n/10 , [][][]\T1/zi4/m/n/10 sapply64[][][]()[]\T1/ptm
/m/n/10 , [][][]\T1/zi4/m/n/10 sort.multiPhylo[][][]() 
 []

[130]
Package textcomp Info: Symbol \textasciigrave not provided by
(textcomp)             font family zi4 in TS1 encoding.
(textcomp)             Default family used instead on input line 9139.
Package textcomp Info: Symbol \textasciigrave not provided by
(textcomp)             font family zi4 in TS1 encoding.
(textcomp)             Default family used instead on input line 9139.
Package textcomp Info: Symbol \textasciigrave not provided by
(textcomp)             font family zi4 in TS1 encoding.
(textcomp)             Default family used instead on input line 9149.
Package textcomp Info: Symbol \textasciigrave not provided by
(textcomp)             font family zi4 in TS1 encoding.
(textcomp)             Default family used instead on input line 9149.
Package textcomp Info: Symbol \textasciigrave not provided by
(textcomp)             font family zi4 in TS1 encoding.
(textcomp)             Default family used instead on input line 9159.
Package textcomp Info: Symbol \textasciigrave not provided by
(textcomp)             font family zi4 in TS1 encoding.
(textcomp)             Default family used instead on input line 9159.
 [131]
Overfull \hbox (21.95967pt too wide) in paragraph at lines 9230--9241
[]\T1/ptm/m/n/10 Other Splits op-er-a-tions: [][][]\T1/zi4/m/n/10 LabelSplits[]
[][]()[]\T1/ptm/m/n/10 , [][][]\T1/zi4/m/n/10 NSplits[][][]()[]\T1/ptm/m/n/10 ,
 [][][]\T1/zi4/m/n/10 NTip[][][]()[]\T1/ptm/m/n/10 , [][][]\T1/zi4/m/n/10 Polar
izeSplits[][][]()[]\T1/ptm/m/n/10 , [][][]\T1/zi4/m/n/10 SplitFrequency[][][]()
[]\T1/ptm/m/n/10 ,
 []


Overfull \hbox (7.86096pt too wide) in paragraph at lines 9230--9241
[][][]\T1/zi4/m/n/10 Splits[][][][]\T1/ptm/m/n/10 , [][][]\T1/zi4/m/n/10 Splits
InBinaryTree[][][]()[]\T1/ptm/m/n/10 , [][][]\T1/zi4/m/n/10 TipLabels[][][]()[]
\T1/ptm/m/n/10 , [][][]\T1/zi4/m/n/10 TipsInSplits[][][]()[]\T1/ptm/m/n/10 , []
[][]\T1/zi4/m/n/10 match,Splits,Splits-method[][][] 
 []

(/var/scratch2/tomas/tmp/Rtmp1S4DAq/Rd2pdf2911506cc5c/Rd2.ind [132] [133

]

LaTeX Font Warning: Font shape `T1/zi4/m/it' undefined
(Font)              using `T1/zi4/m/n' instead on input line 158.

LaTeX Font Info:    Font shape `T1/zi4/m/it' will be
(Font)              scaled to size 10.0pt on input line 160.
[134] [135] [136] [137] [138])
(/var/scratch2/tomas/tmp/Rtmp1S4DAq/Rd2pdf2911506cc5c/Rd2.aux)

LaTeX Font Warning: Some font shapes were not available, defaults substituted.

Package rerunfilecheck Info: File `Rd2.out' has not changed.
(rerunfilecheck)             Checksum: 214BCAE56A6BA9EB933806B8AB46C458;13194.
 ) 
Here is how much of TeX's memory you used:
 12364 strings out of 476041
 191626 string characters out of 5793173
 1876388 words of memory out of 6000000
 31081 multiletter control sequences out of 15000+600000
 553168 words of font info for 83 fonts, out of 8000000 for 9000
 1137 hyphenation exceptions out of 8191
 92i,6n,92p,316b,728s stack positions out of 10000i,1000n,20000p,200000b,200000s

pdfTeX warning (dest): name{Rfn.c} has been referenced but does not exist, repl
aced by a fixed one


pdfTeX warning (dest): name{Rfn.multiPhylo} has been referenced but does not ex
ist, replaced by a fixed one


pdfTeX warning (dest): name{Rfn.rtree} has been referenced but does not exist, 
replaced by a fixed one


pdfTeX warning (dest): name{Rfn.extract.clade} has been referenced but does not
 exist, replaced by a fixed one


pdfTeX warning (dest): name{Rfn.sort} has been referenced but does not exist, r
eplaced by a fixed one


pdfTeX warning (dest): name{Rfn.integer64} has been referenced but does not exi
st, replaced by a fixed one


pdfTeX warning (dest): name{Rfn.base::lapply\(\)} has been referenced but does 
not exist, replaced by a fixed one


pdfTeX warning (dest): name{Rfn.language\040object} has been referenced but doe
s not exist, replaced by a fixed one


pdfTeX warning (dest): name{Rfn.names} has been referenced but does not exist, 
replaced by a fixed one


pdfTeX warning (dest): name{Rfn.array} has been referenced but does not exist, 
replaced by a fixed one


pdfTeX warning (dest): name{Rfn.as.list} has been referenced but does not exist
, replaced by a fixed one


pdfTeX warning (dest): name{Rfn.expression} has been referenced but does not ex
ist, replaced by a fixed one


pdfTeX warning (dest): name{Rfn.lapply} has been referenced but does not exist,
 replaced by a fixed one


pdfTeX warning (dest): name{Rfn.sample} has been referenced but does not exist,
 replaced by a fixed one


pdfTeX warning (dest): name{Rfn.ape::root\(\)} has been referenced but does not
 exist, replaced by a fixed one


pdfTeX warning (dest): name{Rfn.ape::unroot} has been referenced but does not e
xist, replaced by a fixed one


pdfTeX warning (dest): name{Rfn.PlotTools::SpectrumLegend\(\)} has been referen
ced but does not exist, replaced by a fixed one


pdfTeX warning (dest): name{Rfn.ape::collapse.singles} has been referenced but 
does not exist, replaced by a fixed one


pdfTeX warning (dest): name{Rfn.postorder} has been referenced but does not exi
st, replaced by a fixed one


pdfTeX warning (dest): name{Rfn.cladewise} has been referenced but does not exi
st, replaced by a fixed one


pdfTeX warning (dest): name{Rfn.read.table} has been referenced but does not ex
ist, replaced by a fixed one


pdfTeX warning (dest): name{Rfn.read.nexus.data} has been referenced but does n
ot exist, replaced by a fixed one


pdfTeX warning (dest): name{Rfn.connection} has been referenced but does not ex
ist, replaced by a fixed one


pdfTeX warning (dest): name{Rfn.ape::Ntip\(\)} has been referenced but does not
 exist, replaced by a fixed one


pdfTeX warning (dest): name{Rfn.ape::node.depth} has been referenced but does n
ot exist, replaced by a fixed one


pdfTeX warning (dest): name{Rfn.reorder.phylo} has been referenced but does not
 exist, replaced by a fixed one


pdfTeX warning (dest): name{Rfn.write.tree\(\)} has been referenced but does no
t exist, replaced by a fixed one


pdfTeX warning (dest): name{Rfn.ape::mst\(\)} has been referenced but does not 
exist, replaced by a fixed one


pdfTeX warning (dest): name{Rfn.agrep\(\)} has been referenced but does not exi
st, replaced by a fixed one


pdfTeX warning (dest): name{Rfn.match\(\)} has been referenced but does not exi
st, replaced by a fixed one


pdfTeX warning (dest): name{Rfn.ape::multi2di\(\)} has been referenced but does
 not exist, replaced by a fixed one


pdfTeX warning (dest): name{Rfn.match\\unhbox\040\\voidb@x\040\\kern\040\\z@\04
0\\char\040`\\protect\040\\protect\040\\leavevmode@ifvmode\040\\kern\040+.1667e
m\\relax\040Splits\\unhbox\040\\voidb@x\040\\kern\040\\z@\040\\char\040`\\prote
ct\040\\protect\040\\leavevmode@ifvmode\040\\kern\040+.1667em\\relax\040Splits.
Rdash.method} has been referenced but does not exist, replaced by a fixed one


pdfTeX warning (dest): name{Rfn.ape::edgelabels\(\)} has been referenced but do
es not exist, replaced by a fixed one


pdfTeX warning (dest): name{Rfn.ape::drop.tip\(\)} has been referenced but does
 not exist, replaced by a fixed one


pdfTeX warning (dest): name{Rfn.legend} has been referenced but does not exist,
 replaced by a fixed one


pdfTeX warning (dest): name{Rfn.ape::consensus\(\)} has been referenced but doe
s not exist, replaced by a fixed one


pdfTeX warning (dest): name{Rfn.raw} has been referenced but does not exist, re
placed by a fixed one


pdfTeX warning (dest): name{Rfn.edgelabels} has been referenced but does not ex
ist, replaced by a fixed one


pdfTeX warning (dest): name{Rfn.nodelabels} has been referenced but does not ex
ist, replaced by a fixed one


pdfTeX warning (dest): name{Rfn.ape::write.tree\(\)} has been referenced but do
es not exist, replaced by a fixed one


pdfTeX warning (dest): name{Rfn.match\\unhbox\040\\voidb@x\040\\kern\040\\z@\04
0\\char\040`\\protect\040\\protect\040\\leavevmode@ifvmode\040\\kern\040+.1667e
m\\relax\040phylo\\unhbox\040\\voidb@x\040\\kern\040\\z@\040\\char\040`\\protec
t\040\\protect\040\\leavevmode@ifvmode\040\\kern\040+.1667em\\relax\040phylo.Rd
ash.method} has been referenced but does not exist, replaced by a fixed one


pdfTeX warning (dest): name{Rfn.bind.tree} has been referenced but does not exi
st, replaced by a fixed one


pdfTeX warning (dest): name{Rfn.phylo} has been referenced but does not exist, 
replaced by a fixed one

</usr/share/texlive/texmf-dist/fonts/type1/public/inconsolata/Inconsolata-zi4r.
pfb></usr/share/texlive/texmf-dist/fonts/type1/public/amsfonts/cm/cmmi10.pfb></
usr/share/texlive/texmf-dist/fonts/type1/public/amsfonts/cm/cmmi7.pfb></usr/sha
re/texlive/texmf-dist/fonts/type1/public/amsfonts/cm/cmr10.pfb></usr/share/texl
ive/texmf-dist/fonts/type1/public/amsfonts/cm/cmr7.pfb></usr/share/texlive/texm
f-dist/fonts/type1/public/amsfonts/cm/cmsy10.pfb></usr/share/texlive/texmf-dist
/fonts/type1/public/cm-super/sftt0900.pfb></usr/share/texlive/texmf-dist/fonts/
type1/public/cm-super/sftt1000.pfb></usr/share/texlive/texmf-dist/fonts/type1/u
rw/times/utmb8a.pfb></usr/share/texlive/texmf-dist/fonts/type1/urw/times/utmr8a
.pfb></usr/share/texlive/texmf-dist/fonts/type1/urw/times/utmr8a.pfb></usr/shar
e/texlive/texmf-dist/fonts/type1/urw/times/utmri8a.pfb>
Output written on Rd2.pdf (138 pages, 537454 bytes).
PDF statistics:
 5565 PDF objects out of 6186 (max. 8388607)
 5344 compressed objects within 54 object streams
 1512 named destinations out of 1728 (max. 500000)
 934 words of extra memory for PDF output out of 10000 (max. 10000000)

