Package bigKNN version 0.3.0
Package built using 89777/R 4.6.0; x86_64-pc-linux-gnu; 2026-04-02 20:23:10 UTC; unix   
Checked with rchk version 35618ebbccf3cd0b45a3530e6303970a22a9056b LLVM version 14.0.6
More information at https://github.com/kalibera/cran-checks/blob/master/rchk/PROTECT.md
For rchk in docker image see https://github.com/kalibera/rchk/blob/master/doc/DOCKER.md


Function (anonymous namespace)::run_radius_collect_inmemory((anonymous namespace)::ReferenceProvider const&, (anonymous namespace)::QueryProvider const&, std::__1::vector<double, std::__1::allocator<double> > const&, (anonymous namespace)::MetricCode, double, unsigned long, bool, bool, bool, std::__1::vector<int, std::__1::allocator<int> > const&)
  [UP] ignoring variable <unnamed var:   %79 = alloca %struct.SEXPREC*, align 8> as it has address taken, results will be incomplete 

Function (anonymous namespace)::run_radius_collect_stream((anonymous namespace)::ReferenceProvider const&, (anonymous namespace)::QueryProvider const&, std::__1::vector<double, std::__1::allocator<double> > const&, (anonymous namespace)::MetricCode, double, unsigned long, bool, bool, bool, std::__1::vector<int, std::__1::allocator<int> > const&, BigMatrix*, BigMatrix*, BigMatrix*)
  [UP] ignoring variable <unnamed var:   %78 = alloca %struct.SEXPREC*, align 8> as it has address taken, results will be incomplete 

Function Rcpp::Rcpp_protect(SEXPREC*)
  [PB] has possible protection stack imbalance Rcpp/include/Rcpp/protection/Shield.h:25

Function Rcpp::Rcpp_unprotect(int)
  [PB] has an unsupported form of unprotect with a variable results will be incomplete Rcpp/include/Rcpp/protection/Shield.h:31
  [UP] unsupported form of unprotect, unprotecting all variables, results will be incomplete Rcpp/include/Rcpp/protection/Shield.h:31

Function _bigKNN_count_within_radius_impl
  [UP] ignoring variable <unnamed var:   %36 = alloca %struct.SEXPREC*, align 8> as it has address taken, results will be incomplete 
  [UP] ignoring variable <unnamed var:   %37 = alloca %struct.SEXPREC*, align 8> as it has address taken, results will be incomplete 

Function _bigKNN_knn_bigmatrix_impl
  [UP] ignoring variable <unnamed var:   %36 = alloca %struct.SEXPREC*, align 8> as it has address taken, results will be incomplete 
  [UP] ignoring variable <unnamed var:   %37 = alloca %struct.SEXPREC*, align 8> as it has address taken, results will be incomplete 

Function _bigKNN_knn_prepare_bigmatrix_impl
  [UP] ignoring variable <unnamed var:   %18 = alloca %struct.SEXPREC*, align 8> as it has address taken, results will be incomplete 
  [UP] ignoring variable <unnamed var:   %19 = alloca %struct.SEXPREC*, align 8> as it has address taken, results will be incomplete 

Function _bigKNN_knn_stream_bigmatrix_impl
  [UP] ignoring variable <unnamed var:   %42 = alloca %struct.SEXPREC*, align 8> as it has address taken, results will be incomplete 
  [UP] ignoring variable <unnamed var:   %43 = alloca %struct.SEXPREC*, align 8> as it has address taken, results will be incomplete 

Function _bigKNN_radius_bigmatrix_impl
  [UP] ignoring variable <unnamed var:   %39 = alloca %struct.SEXPREC*, align 8> as it has address taken, results will be incomplete 
  [UP] ignoring variable <unnamed var:   %40 = alloca %struct.SEXPREC*, align 8> as it has address taken, results will be incomplete 

Function _bigKNN_radius_stream_bigmatrix_impl
  [UP] ignoring variable <unnamed var:   %48 = alloca %struct.SEXPREC*, align 8> as it has address taken, results will be incomplete 
  [UP] ignoring variable <unnamed var:   %49 = alloca %struct.SEXPREC*, align 8> as it has address taken, results will be incomplete 

Function knn_prepare_bigmatrix_impl(SEXPREC*, int, bool)
  [UP] ignoring variable <unnamed var:   %15 = alloca %struct.SEXPREC*, align 8> as it has address taken, results will be incomplete 
