Package BORG version 0.2.5
Package built using 89670/R 4.6.0; x86_64-pc-linux-gnu; 2026-03-24 00:22:34 UTC; unix   
Checked with rchk version 35618ebbccf3cd0b45a3530e6303970a22a9056b LLVM version 14.0.6
More information at https://github.com/kalibera/cran-checks/blob/master/rchk/PROTECT.md
For rchk in docker image see https://github.com/kalibera/rchk/blob/master/doc/DOCKER.md


Function Rcpp::Rcpp_protect(SEXPREC*)
  [PB] has possible protection stack imbalance Rcpp/include/Rcpp/protection/Shield.h:25

Function Rcpp::Rcpp_unprotect(int)
  [PB] has an unsupported form of unprotect with a variable results will be incomplete Rcpp/include/Rcpp/protection/Shield.h:31
  [UP] unsupported form of unprotect, unprotecting all variables, results will be incomplete Rcpp/include/Rcpp/protection/Shield.h:31

Function _BORG_checkDuplicateRows
  [UP] ignoring variable <unnamed var:   %18 = alloca %struct.SEXPREC*, align 8> as it has address taken, results will be incomplete 

Function _BORG_checkGroupOverlap
  [UP] ignoring variable <unnamed var:   %18 = alloca %struct.SEXPREC*, align 8> as it has address taken, results will be incomplete 

Function _BORG_checkIndexOverlap
  [UP] ignoring variable <unnamed var:   %15 = alloca %struct.SEXPREC*, align 8> as it has address taken, results will be incomplete 

Function _BORG_checkTemporalOrder
  [UP] ignoring variable <unnamed var:   %18 = alloca %struct.SEXPREC*, align 8> as it has address taken, results will be incomplete 

Function _BORG_computeCorrelation
  [UP] ignoring variable <unnamed var:   %15 = alloca %struct.SEXPREC*, align 8> as it has address taken, results will be incomplete 

Function checkDuplicateRows(Rcpp::Matrix<14, Rcpp::PreserveStorage>, Rcpp::Vector<13, Rcpp::PreserveStorage>, Rcpp::Vector<13, Rcpp::PreserveStorage>)
  [UP] ignoring variable <unnamed var:   %41 = alloca %struct.SEXPREC*, align 8> as it has address taken, results will be incomplete 

Function checkGroupOverlap(Rcpp::Vector<13, Rcpp::PreserveStorage>, Rcpp::Vector<13, Rcpp::PreserveStorage>, Rcpp::Vector<13, Rcpp::PreserveStorage>)
  [UP] ignoring variable <unnamed var:   %32 = alloca %struct.SEXPREC*, align 8> as it has address taken, results will be incomplete 
  [UP] ignoring variable <unnamed var:   %40 = alloca %struct.SEXPREC*, align 8> as it has address taken, results will be incomplete 

Function checkIndexOverlap(Rcpp::Vector<13, Rcpp::PreserveStorage>, Rcpp::Vector<13, Rcpp::PreserveStorage>)
  [UP] ignoring variable <unnamed var:   %24 = alloca %struct.SEXPREC*, align 8> as it has address taken, results will be incomplete 

Function checkTemporalOrder(Rcpp::Vector<14, Rcpp::PreserveStorage>, Rcpp::Vector<13, Rcpp::PreserveStorage>, Rcpp::Vector<13, Rcpp::PreserveStorage>)
  [UP] ignoring variable <unnamed var:   %23 = alloca %struct.SEXPREC*, align 8> as it has address taken, results will be incomplete 
