Package censo2022arg version 1.0.1
Package built using 89950/R 4.6.0; x86_64-pc-linux-gnu; 2026-04-25 01:04:09 UTC; unix   
Checked with rchk version 35618ebbccf3cd0b45a3530e6303970a22a9056b LLVM version 14.0.6
More information at https://github.com/kalibera/cran-checks/blob/master/rchk/PROTECT.md
For rchk in docker image see https://github.com/kalibera/rchk/blob/master/doc/DOCKER.md


Function createOutput(void*, int)
  [PB] has too high protection stack depth results will be incomplete
  [UP] ignoring variable col as it has address taken, results will be incomplete 
  [UP] protect stack is too deep, unprotecting all variables, results will be incomplete
  [PB] has too high protection stack depth results will be incomplete
  [UP] unprotected variable vars while calling allocating function Rf_mkString censo2022arg/src/red_execute.cpp:188
  [PB] has an unsupported form of unprotect with a variable results will be incomplete censo2022arg/src/red_execute.cpp:190
  [UP] unsupported form of unprotect, unprotecting all variables, results will be incomplete censo2022arg/src/red_execute.cpp:190

Function redatam_internal_query(SEXPREC*, std::__1::basic_string<char, std::__1::char_traits<char>, std::__1::allocator<char> > const&)
  [UP] ignoring variable df as it has address taken, results will be incomplete 

Function redatam_internal_run(SEXPREC*, std::__1::basic_string<char, std::__1::char_traits<char>, std::__1::allocator<char> > const&)
  [UP] ignoring variable df as it has address taken, results will be incomplete 

Function redatam_query_filtered(SEXPREC*, std::__1::basic_string<char, std::__1::char_traits<char>, std::__1::allocator<char> >, std::__1::basic_string<char, std::__1::char_traits<char>, std::__1::allocator<char> >, int)
  [UP] ignoring variable <unnamed var:   %43 = alloca %struct.SEXPREC*, align 8> as it has address taken, results will be incomplete 
  [UP] ignoring variable <unnamed var:   %48 = alloca %struct.SEXPREC*, align 8> as it has address taken, results will be incomplete 
  [UP] ignoring variable <unnamed var:   %54 = alloca %struct.SEXPREC*, align 8> as it has address taken, results will be incomplete 
