Package choicer version 0.1.0
Package built using 90065/R 4.6.0; x86_64-pc-linux-gnu; 2026-05-22 02:57:48 UTC; unix   
Checked with rchk version 35618ebbccf3cd0b45a3530e6303970a22a9056b LLVM version 14.0.6
More information at https://github.com/kalibera/cran-checks/blob/master/rchk/PROTECT.md
For rchk in docker image see https://github.com/kalibera/rchk/blob/master/doc/DOCKER.md


Function Rcpp::Rcpp_protect(SEXPREC*)
  [PB] has possible protection stack imbalance Rcpp/include/Rcpp/protection/Shield.h:25

Function Rcpp::Rcpp_unprotect(int)
  [PB] has an unsupported form of unprotect with a variable results will be incomplete Rcpp/include/Rcpp/protection/Shield.h:31
  [UP] unsupported form of unprotect, unprotecting all variables, results will be incomplete Rcpp/include/Rcpp/protection/Shield.h:31

Function Rcpp::Vector<19, Rcpp::PreserveStorage>::push_back_name__impl(SEXPREC* const&, std::__1::basic_string<char, std::__1::char_traits<char>, std::__1::allocator<char> > const&, Rcpp::traits::integral_constant<bool, true>)
  [UP] unprotected variable names while calling allocating function Rf_allocVector Rcpp/include/Rcpp/vector/Vector.h:680

Function Rcpp::internal::generic_name_proxy<19, Rcpp::PreserveStorage>::set(SEXPREC*)
  [UP] ignoring variable rhs as it has address taken, results will be incomplete 

Function _choicer_blp_contraction
  [UP] ignoring variable <unnamed var:   %39 = alloca %struct.SEXPREC*, align 8> as it has address taken, results will be incomplete 

Function _choicer_build_L_mat
  [UP] ignoring variable <unnamed var:   %18 = alloca %struct.SEXPREC*, align 8> as it has address taken, results will be incomplete 

Function _choicer_build_var_mat
  [UP] ignoring variable <unnamed var:   %18 = alloca %struct.SEXPREC*, align 8> as it has address taken, results will be incomplete 

Function _choicer_jacobian_vech_Sigma
  [UP] ignoring variable <unnamed var:   %18 = alloca %struct.SEXPREC*, align 8> as it has address taken, results will be incomplete 

Function _choicer_mnl_diversion_ratios_parallel
  [UP] ignoring variable <unnamed var:   %30 = alloca %struct.SEXPREC*, align 8> as it has address taken, results will be incomplete 

Function _choicer_mnl_elasticities_parallel
  [UP] ignoring variable <unnamed var:   %36 = alloca %struct.SEXPREC*, align 8> as it has address taken, results will be incomplete 

Function _choicer_mnl_loglik_gradient_parallel
  [UP] ignoring variable <unnamed var:   %33 = alloca %struct.SEXPREC*, align 8> as it has address taken, results will be incomplete 

Function _choicer_mnl_loglik_hessian_parallel
  [UP] ignoring variable <unnamed var:   %33 = alloca %struct.SEXPREC*, align 8> as it has address taken, results will be incomplete 

Function _choicer_mnl_predict
  [UP] ignoring variable <unnamed var:   %27 = alloca %struct.SEXPREC*, align 8> as it has address taken, results will be incomplete 

Function _choicer_mnl_predict_shares
  [UP] ignoring variable <unnamed var:   %30 = alloca %struct.SEXPREC*, align 8> as it has address taken, results will be incomplete 

Function _choicer_mxl_bhhh_parallel
  [UP] ignoring variable <unnamed var:   %48 = alloca %struct.SEXPREC*, align 8> as it has address taken, results will be incomplete 

Function _choicer_mxl_blp_contraction
  [UP] ignoring variable <unnamed var:   %60 = alloca %struct.SEXPREC*, align 8> as it has address taken, results will be incomplete 

Function _choicer_mxl_diversion_ratios_parallel
  [UP] ignoring variable <unnamed var:   %51 = alloca %struct.SEXPREC*, align 8> as it has address taken, results will be incomplete 

Function _choicer_mxl_elasticities_parallel
  [UP] ignoring variable <unnamed var:   %54 = alloca %struct.SEXPREC*, align 8> as it has address taken, results will be incomplete 

Function _choicer_mxl_hessian_parallel
  [UP] ignoring variable <unnamed var:   %48 = alloca %struct.SEXPREC*, align 8> as it has address taken, results will be incomplete 

Function _choicer_mxl_loglik_gradient_parallel
  [UP] ignoring variable <unnamed var:   %48 = alloca %struct.SEXPREC*, align 8> as it has address taken, results will be incomplete 

Function _choicer_mxl_predict
  [UP] ignoring variable <unnamed var:   %42 = alloca %struct.SEXPREC*, align 8> as it has address taken, results will be incomplete 

Function _choicer_mxl_predict_shares
  [UP] ignoring variable <unnamed var:   %45 = alloca %struct.SEXPREC*, align 8> as it has address taken, results will be incomplete 

Function _choicer_nl_loglik_gradient_parallel
  [UP] ignoring variable <unnamed var:   %36 = alloca %struct.SEXPREC*, align 8> as it has address taken, results will be incomplete 

Function _choicer_nl_loglik_numeric_hessian
  [UP] ignoring variable <unnamed var:   %39 = alloca %struct.SEXPREC*, align 8> as it has address taken, results will be incomplete 

Function void Rcpp::Vector<19, Rcpp::PreserveStorage>::push_back<SEXPREC*>(SEXPREC* const&, std::__1::basic_string<char, std::__1::char_traits<char>, std::__1::allocator<char> > const&)
  [UP] ignoring variable <unnamed var:   %7 = alloca %struct.SEXPREC*, align 8> as it has address taken, results will be incomplete 
