Package chomper version 0.1.3
Package built using 89653/R 4.6.0; x86_64-pc-linux-gnu; 2026-03-20 15:07:21 UTC; unix   
Checked with rchk version 35618ebbccf3cd0b45a3530e6303970a22a9056b LLVM version 14.0.6
More information at https://github.com/kalibera/cran-checks/blob/master/rchk/PROTECT.md
For rchk in docker image see https://github.com/kalibera/rchk/blob/master/doc/DOCKER.md


Function Rcpp::Armor<SEXPREC*>::init(SEXPREC*)
  [PB] has possible protection stack imbalance Rcpp/include/Rcpp/protection/Armor.h:47

Function Rcpp::Armor<SEXPREC*>::~Armor()
  [PB] has negative depth Rcpp/include/Rcpp/protection/Armor.h:41
  [UP] attempt to unprotect more items (1) than protected (0), results will be incomplete Rcpp/include/Rcpp/protection/Armor.h:41
  [PB] has possible protection stack imbalance Rcpp/include/Rcpp/protection/Armor.h:42

Function Rcpp::Rcpp_protect(SEXPREC*)
  [PB] has possible protection stack imbalance Rcpp/include/Rcpp/protection/Shield.h:25

Function Rcpp::Rcpp_unprotect(int)
  [PB] has an unsupported form of unprotect with a variable results will be incomplete Rcpp/include/Rcpp/protection/Shield.h:31
  [UP] unsupported form of unprotect, unprotecting all variables, results will be incomplete Rcpp/include/Rcpp/protection/Shield.h:31

Function Rcpp::Vector<13, Rcpp::PreserveStorage> Rcpp::sample<13>(Rcpp::Vector<13, Rcpp::PreserveStorage> const&, int, bool, Rcpp::Nullable<Rcpp::Vector<14, Rcpp::PreserveStorage> >)
  [UP] ignoring variable <unnamed var:   %14 = alloca %struct.SEXPREC*, align 8> as it has address taken, results will be incomplete 

Function Rcpp::internal::convert_using_rfunction(SEXPREC*, char const*)
  [UP] ignoring variable <unnamed var:   %10 = alloca %struct.SEXPREC*, align 8> as it has address taken, results will be incomplete 

Function Rcpp::sample(int, int, bool, Rcpp::Nullable<Rcpp::Vector<14, Rcpp::PreserveStorage> >, bool)
  [UP] ignoring variable <unnamed var:   %15 = alloca %struct.SEXPREC*, align 8> as it has address taken, results will be incomplete 

Function _chomper_CoordinateAscentVI
  [UP] ignoring variable <unnamed var:   %81 = alloca %struct.SEXPREC*, align 8> as it has address taken, results will be incomplete 

Function _chomper_EvolutionaryVI
  [UP] ignoring variable <unnamed var:   %96 = alloca %struct.SEXPREC*, align 8> as it has address taken, results will be incomplete 

Function _chomper_MCMC
  [UP] ignoring variable <unnamed var:   %81 = alloca %struct.SEXPREC*, align 8> as it has address taken, results will be incomplete 

Function _chomper_evaluate_performance
  [UP] ignoring variable <unnamed var:   %21 = alloca %struct.SEXPREC*, align 8> as it has address taken, results will be incomplete 

Function _chomper_flatten_posterior_samples
  [UP] ignoring variable <unnamed var:   %18 = alloca %struct.SEXPREC*, align 8> as it has address taken, results will be incomplete 

Function _chomper_psm_mcmc
  [UP] ignoring variable <unnamed var:   %12 = alloca %struct.SEXPREC*, align 8> as it has address taken, results will be incomplete 

Function _chomper_psm_vi
  [UP] ignoring variable <unnamed var:   %12 = alloca %struct.SEXPREC*, align 8> as it has address taken, results will be incomplete 
