Package documentosbr version 0.1.8
Package built using 89978/R 4.6.0; x86_64-pc-linux-gnu; 2026-04-30 23:46:11 UTC; unix   
Checked with rchk version 35618ebbccf3cd0b45a3530e6303970a22a9056b LLVM version 14.0.6
More information at https://github.com/kalibera/cran-checks/blob/master/rchk/PROTECT.md
For rchk in docker image see https://github.com/kalibera/rchk/blob/master/doc/DOCKER.md


Function Rcpp::Armor<SEXPREC*>::init(SEXPREC*)
  [PB] has possible protection stack imbalance Rcpp/include/Rcpp/protection/Armor.h:47

Function Rcpp::Armor<SEXPREC*>::~Armor()
  [PB] has negative depth Rcpp/include/Rcpp/protection/Armor.h:41
  [UP] attempt to unprotect more items (1) than protected (0), results will be incomplete Rcpp/include/Rcpp/protection/Armor.h:41
  [PB] has possible protection stack imbalance Rcpp/include/Rcpp/protection/Armor.h:42

Function Rcpp::Environment_Impl<Rcpp::PreserveStorage>::namespace_env(std::__1::basic_string<char, std::__1::char_traits<char>, std::__1::allocator<char> > const&)
  [UP] ignoring variable <unnamed var:   %11 = alloca %struct.SEXPREC*, align 8> as it has address taken, results will be incomplete 

Function Rcpp::Rcpp_protect(SEXPREC*)
  [PB] has possible protection stack imbalance Rcpp/include/Rcpp/protection/Shield.h:25

Function Rcpp::Rcpp_unprotect(int)
  [PB] has an unsupported form of unprotect with a variable results will be incomplete Rcpp/include/Rcpp/protection/Shield.h:31
  [UP] unsupported form of unprotect, unprotecting all variables, results will be incomplete Rcpp/include/Rcpp/protection/Shield.h:31

Function Rcpp::internal::convert_using_rfunction(SEXPREC*, char const*)
  [UP] ignoring variable <unnamed var:   %10 = alloca %struct.SEXPREC*, align 8> as it has address taken, results will be incomplete 

Function _documentosbr_converter_ra_
  [UP] ignoring variable <unnamed var:   %12 = alloca %struct.SEXPREC*, align 8> as it has address taken, results will be incomplete 
  [UP] ignoring variable <unnamed var:   %13 = alloca %struct.SEXPREC*, align 8> as it has address taken, results will be incomplete 

Function _documentosbr_valida_ra
  [UP] ignoring variable <unnamed var:   %18 = alloca %struct.SEXPREC*, align 8> as it has address taken, results will be incomplete 
  [UP] ignoring variable <unnamed var:   %19 = alloca %struct.SEXPREC*, align 8> as it has address taken, results will be incomplete 

Function converter_ra_(Rcpp::RObject_Impl<Rcpp::PreserveStorage>)
  [UP] unprotected variable <unnamed var:   %2 = alloca %struct.SEXPREC*, align 8> while calling allocating function Rcpp::Vector<16, Rcpp::PreserveStorage>::~Vector() documentosbr/src/convert_ra.cpp:31
  [UP] unprotected variable <unnamed var:   %2 = alloca %struct.SEXPREC*, align 8> while calling allocating function Rcpp::Environment_Impl<Rcpp::PreserveStorage>::~Environment_Impl() documentosbr/src/convert_ra.cpp:33
  [UP] unprotected variable <unnamed var:   %2 = alloca %struct.SEXPREC*, align 8> while calling allocating function Rcpp::Function_Impl<Rcpp::PreserveStorage>::~Function_Impl() documentosbr/src/convert_ra.cpp:33

Function valida_ra(SEXPREC*, SEXPREC*, SEXPREC*)
  [UP] ignoring variable l as it has address taken, results will be incomplete 
