Package eddington version 4.3.0
Package built using 89894/R 4.6.0; x86_64-pc-linux-gnu; 2026-04-18 08:10:09 UTC; unix   
Checked with rchk version 35618ebbccf3cd0b45a3530e6303970a22a9056b LLVM version 14.0.6
More information at https://github.com/kalibera/cran-checks/blob/master/rchk/PROTECT.md
For rchk in docker image see https://github.com/kalibera/rchk/blob/master/doc/DOCKER.md


Function Rcpp::Armor<SEXPREC*>::init(SEXPREC*)
  [PB] has possible protection stack imbalance Rcpp/include/Rcpp/protection/Armor.h:47

Function Rcpp::Armor<SEXPREC*>::~Armor()
  [PB] has negative depth Rcpp/include/Rcpp/protection/Armor.h:41
  [UP] attempt to unprotect more items (1) than protected (0), results will be incomplete Rcpp/include/Rcpp/protection/Armor.h:41
  [PB] has possible protection stack imbalance Rcpp/include/Rcpp/protection/Armor.h:42

Function Rcpp::Rcpp_protect(SEXPREC*)
  [PB] has possible protection stack imbalance Rcpp/include/Rcpp/protection/Shield.h:25

Function Rcpp::Rcpp_unprotect(int)
  [PB] has an unsupported form of unprotect with a variable results will be incomplete Rcpp/include/Rcpp/protection/Shield.h:31
  [UP] unsupported form of unprotect, unprotecting all variables, results will be incomplete Rcpp/include/Rcpp/protection/Shield.h:31

Function Rcpp::class_<Eddington>::invoke(SEXPREC*, SEXPREC*, SEXPREC**, int)
  [UP] ignoring variable <unnamed var:   %28 = alloca %struct.SEXPREC*, align 8> as it has address taken, results will be incomplete 

Function Rcpp::internal::convert_using_rfunction(SEXPREC*, char const*)
  [UP] ignoring variable <unnamed var:   %10 = alloca %struct.SEXPREC*, align 8> as it has address taken, results will be incomplete 

Function _eddington_E_cum
  [UP] unprotected variable rcpp_result_gen while calling allocating function Rf_onintr eddington/src/RcppExports.cpp:81
  [UP] allocating function Rcpp::internal::isLongjumpSentinel(SEXPREC*) may destroy its unprotected argument (rcpp_result_gen <arg 1>), which is later used. eddington/src/RcppExports.cpp:83
  [UP] calling allocating function Rcpp::internal::isLongjumpSentinel(SEXPREC*) with a fresh pointer (rcpp_result_gen <arg 1>) eddington/src/RcppExports.cpp:83
  [UP] allocating function Rf_inherits may destroy its unprotected argument (rcpp_result_gen <arg 1>), which is later used. eddington/src/RcppExports.cpp:87
  [UP] calling allocating function Rf_inherits with a fresh pointer (rcpp_result_gen <arg 1>) eddington/src/RcppExports.cpp:87
  [PB] has negative depth eddington/src/RcppExports.cpp:93
  [UP] attempt to unprotect more items (1) than protected (0), results will be incomplete eddington/src/RcppExports.cpp:93
  [PB] has possible protection stack imbalance eddington/src/RcppExports.cpp:94

Function _eddington_E_cum_try(SEXPREC*)
  [UP] ignoring variable <unnamed var:   %11 = alloca %struct.SEXPREC*, align 8> as it has address taken, results will be incomplete 

Function _eddington_E_next
  [UP] unprotected variable rcpp_result_gen while calling allocating function Rf_onintr eddington/src/RcppExports.cpp:115
  [UP] allocating function Rcpp::internal::isLongjumpSentinel(SEXPREC*) may destroy its unprotected argument (rcpp_result_gen <arg 1>), which is later used. eddington/src/RcppExports.cpp:117
  [UP] calling allocating function Rcpp::internal::isLongjumpSentinel(SEXPREC*) with a fresh pointer (rcpp_result_gen <arg 1>) eddington/src/RcppExports.cpp:117
  [UP] allocating function Rf_inherits may destroy its unprotected argument (rcpp_result_gen <arg 1>), which is later used. eddington/src/RcppExports.cpp:121
  [UP] calling allocating function Rf_inherits with a fresh pointer (rcpp_result_gen <arg 1>) eddington/src/RcppExports.cpp:121
  [PB] has negative depth eddington/src/RcppExports.cpp:127
  [UP] attempt to unprotect more items (1) than protected (0), results will be incomplete eddington/src/RcppExports.cpp:127
  [PB] has possible protection stack imbalance eddington/src/RcppExports.cpp:128

Function _eddington_E_next_try(SEXPREC*)
  [UP] ignoring variable <unnamed var:   %11 = alloca %struct.SEXPREC*, align 8> as it has address taken, results will be incomplete 

Function _eddington_E_num
  [UP] unprotected variable rcpp_result_gen while calling allocating function Rf_onintr eddington/src/RcppExports.cpp:47
  [UP] allocating function Rcpp::internal::isLongjumpSentinel(SEXPREC*) may destroy its unprotected argument (rcpp_result_gen <arg 1>), which is later used. eddington/src/RcppExports.cpp:49
  [UP] calling allocating function Rcpp::internal::isLongjumpSentinel(SEXPREC*) with a fresh pointer (rcpp_result_gen <arg 1>) eddington/src/RcppExports.cpp:49
  [UP] allocating function Rf_inherits may destroy its unprotected argument (rcpp_result_gen <arg 1>), which is later used. eddington/src/RcppExports.cpp:53
  [UP] calling allocating function Rf_inherits with a fresh pointer (rcpp_result_gen <arg 1>) eddington/src/RcppExports.cpp:53
  [PB] has negative depth eddington/src/RcppExports.cpp:59
  [UP] attempt to unprotect more items (1) than protected (0), results will be incomplete eddington/src/RcppExports.cpp:59
  [PB] has possible protection stack imbalance eddington/src/RcppExports.cpp:60

Function _eddington_E_num_try(SEXPREC*)
  [UP] ignoring variable <unnamed var:   %11 = alloca %struct.SEXPREC*, align 8> as it has address taken, results will be incomplete 

Function _eddington_g_index_
  [UP] ignoring variable <unnamed var:   %15 = alloca %struct.SEXPREC*, align 8> as it has address taken, results will be incomplete 

Function _eddington_get_haversine_distance_
  [UP] ignoring variable <unnamed var:   %24 = alloca %struct.SEXPREC*, align 8> as it has address taken, results will be incomplete 
