Package Immutables version 1.0.1
Package built using 89978/R 4.6.0; x86_64-pc-linux-gnu; 2026-04-30 23:46:12 UTC; unix   
Checked with rchk version 35618ebbccf3cd0b45a3530e6303970a22a9056b LLVM version 14.0.6
More information at https://github.com/kalibera/cran-checks/blob/master/rchk/PROTECT.md
For rchk in docker image see https://github.com/kalibera/rchk/blob/master/doc/DOCKER.md


Function (anonymous namespace)::ReprotectSEXP::ReprotectSEXP(SEXPREC*)
  [PB] has possible protection stack imbalance Immutables/src/ft_cpp.cpp:17

Function (anonymous namespace)::ReprotectSEXP::~ReprotectSEXP()
  [PB] has negative depth Immutables/src/ft_cpp.cpp:23
  [UP] attempt to unprotect more items (1) than protected (0), results will be incomplete Immutables/src/ft_cpp.cpp:23
  [PB] has possible protection stack imbalance Immutables/src/ft_cpp.cpp:24

Function (anonymous namespace)::add_left_cpp(SEXPREC*, SEXPREC*, Rcpp::Vector<19, Rcpp::PreserveStorage> const&)
  [UP] ignoring variable el as it has address taken, results will be incomplete 

Function (anonymous namespace)::add_right_cpp(SEXPREC*, SEXPREC*, Rcpp::Vector<19, Rcpp::PreserveStorage> const&)
  [UP] ignoring variable el as it has address taken, results will be incomplete 

Function (anonymous namespace)::ivx_combine_measure_fast(SEXPREC*, SEXPREC*, SEXPREC*&)
  [UP] ignoring variable left_start as it has address taken, results will be incomplete 
  [UP] ignoring variable right_start as it has address taken, results will be incomplete 

Function (anonymous namespace)::ivx_make_measure(SEXPREC*, (anonymous namespace)::ScalarKind)
  [UP] ignoring variable start as it has address taken, results will be incomplete 

Function (anonymous namespace)::locate_digit_impl_cpp(Rcpp::Function_Impl<Rcpp::PreserveStorage> const&, SEXPREC*, Rcpp::Vector<19, Rcpp::PreserveStorage> const&, Rcpp::Vector<19, Rcpp::PreserveStorage> const&, std::__1::basic_string<char, std::__1::char_traits<char>, std::__1::allocator<char> > const&, Rcpp::Vector<19, Rcpp::PreserveStorage> const&, Rcpp::Vector<19, Rcpp::PreserveStorage> const&, int)
  [UP] ignoring variable el as it has address taken, results will be incomplete 
  [UP] ignoring variable right_measure as it has address taken, results will be incomplete 
  [UP] ignoring variable <unnamed var:   %48 = alloca %struct.SEXPREC*, align 8> as it has address taken, results will be incomplete 
  [UP] ignoring variable <unnamed var:   %69 = alloca %struct.SEXPREC*, align 8> as it has address taken, results will be incomplete 

Function (anonymous namespace)::locate_tree_impl_cpp(Rcpp::Function_Impl<Rcpp::PreserveStorage> const&, SEXPREC*, SEXPREC*, Rcpp::Vector<19, Rcpp::PreserveStorage> const&, std::__1::basic_string<char, std::__1::char_traits<char>, std::__1::allocator<char> > const&, Rcpp::Vector<19, Rcpp::PreserveStorage> const&, Rcpp::Vector<19, Rcpp::PreserveStorage> const&, int)
  [UP] ignoring variable i as it has address taken, results will be incomplete 
  [UP] ignoring variable t as it has address taken, results will be incomplete 

Function (anonymous namespace)::make_deep(SEXPREC*, SEXPREC*, SEXPREC*, Rcpp::Vector<19, Rcpp::PreserveStorage> const&)
  [UP] ignoring variable prefix as it has address taken, results will be incomplete 
  [UP] ignoring variable middle as it has address taken, results will be incomplete 
  [UP] ignoring variable suffix as it has address taken, results will be incomplete 

Function (anonymous namespace)::make_node2(SEXPREC*, SEXPREC*, Rcpp::Vector<19, Rcpp::PreserveStorage> const&)
  [UP] ignoring variable a as it has address taken, results will be incomplete 
  [UP] ignoring variable b as it has address taken, results will be incomplete 

Function (anonymous namespace)::make_node3(SEXPREC*, SEXPREC*, SEXPREC*, Rcpp::Vector<19, Rcpp::PreserveStorage> const&)
  [UP] ignoring variable a as it has address taken, results will be incomplete 
  [UP] ignoring variable b as it has address taken, results will be incomplete 
  [UP] ignoring variable c as it has address taken, results will be incomplete 

Function (anonymous namespace)::make_single(SEXPREC*, Rcpp::Vector<19, Rcpp::PreserveStorage> const&)
  [UP] ignoring variable el as it has address taken, results will be incomplete 

Function (anonymous namespace)::monoid_combine(SEXPREC*, SEXPREC*, std::__1::basic_string<char, std::__1::char_traits<char>, std::__1::allocator<char> > const&, Rcpp::Vector<19, Rcpp::PreserveStorage> const&, Rcpp::Function_Impl<Rcpp::PreserveStorage> const*)
  [UP] unprotected variable <unnamed var:   %6 = alloca %struct.SEXPREC*, align 8> while calling allocating function Rcpp::Function_Impl<Rcpp::PreserveStorage>::~Function_Impl() Immutables/src/ft_cpp.cpp:770

Function (anonymous namespace)::monoid_measure_for_child(SEXPREC*, std::__1::basic_string<char, std::__1::char_traits<char>, std::__1::allocator<char> > const&, Rcpp::Vector<19, Rcpp::PreserveStorage> const&)
  [UP] ignoring variable key as it has address taken, results will be incomplete 
  [UP] ignoring variable priority as it has address taken, results will be incomplete 
  [UP] ignoring variable start as it has address taken, results will be incomplete 
  [UP] unprotected variable <unnamed var:   %4 = alloca %struct.SEXPREC*, align 8> while calling allocating function Rcpp::Function_Impl<Rcpp::PreserveStorage>::~Function_Impl() Immutables/src/ft_cpp.cpp:1200

Function (anonymous namespace)::oms_combine_measure_fast(SEXPREC*, SEXPREC*, SEXPREC*&)
  [UP] ignoring variable left_key as it has address taken, results will be incomplete 
  [UP] ignoring variable right_key as it has address taken, results will be incomplete 

Function (anonymous namespace)::oms_make_measure(SEXPREC*, (anonymous namespace)::ScalarKind)
  [UP] ignoring variable key as it has address taken, results will be incomplete 

Function (anonymous namespace)::oms_split_digit_gt_key(Rcpp::Vector<19, Rcpp::PreserveStorage> const&, SEXPREC*, std::__1::basic_string<char, std::__1::char_traits<char>, std::__1::allocator<char> > const&)
  [UP] ignoring variable el as it has address taken, results will be incomplete 

Function (anonymous namespace)::oms_split_tree_gt_key(SEXPREC*, SEXPREC*, std::__1::basic_string<char, std::__1::char_traits<char>, std::__1::allocator<char> > const&, Rcpp::Vector<19, Rcpp::PreserveStorage> const&)
  [UP] ignoring variable <unnamed var:   %13 = alloca %struct.SEXPREC*, align 8> as it has address taken, results will be incomplete 
  [UP] ignoring variable <unnamed var:   %23 = alloca %struct.SEXPREC*, align 8> as it has address taken, results will be incomplete 

Function (anonymous namespace)::pq_combine_measure_fast(SEXPREC*, SEXPREC*, bool, SEXPREC*&)
  [UP] ignoring variable left_priority as it has address taken, results will be incomplete 
  [UP] ignoring variable right_priority as it has address taken, results will be incomplete 

Function (anonymous namespace)::pq_make_measure(SEXPREC*)
  [UP] ignoring variable priority as it has address taken, results will be incomplete 

Function (anonymous namespace)::predicate_true(Rcpp::Function_Impl<Rcpp::PreserveStorage> const&, SEXPREC*)
  [UP] ignoring variable x as it has address taken, results will be incomplete 

Function (anonymous namespace)::size_for_child(SEXPREC*, Rcpp::Vector<19, Rcpp::PreserveStorage> const&)
  [UP] ignoring variable ch as it has address taken, results will be incomplete 

Function (anonymous namespace)::split_digit_at_index_cpp(int, int, Rcpp::Vector<19, Rcpp::PreserveStorage> const&, Rcpp::Vector<19, Rcpp::PreserveStorage> const&)
  [UP] ignoring variable el as it has address taken, results will be incomplete 

Function (anonymous namespace)::split_digit_cpp(Rcpp::Function_Impl<Rcpp::PreserveStorage> const&, SEXPREC*, Rcpp::Vector<19, Rcpp::PreserveStorage> const&, std::__1::basic_string<char, std::__1::char_traits<char>, std::__1::allocator<char> > const&, Rcpp::Vector<19, Rcpp::PreserveStorage> const&)
  [UP] ignoring variable el as it has address taken, results will be incomplete 

Function (anonymous namespace)::split_tree_at_index_cpp(int, int, SEXPREC*, Rcpp::Vector<19, Rcpp::PreserveStorage> const&)
  [UP] ignoring variable <unnamed var:   %13 = alloca %struct.SEXPREC*, align 8> as it has address taken, results will be incomplete 
  [UP] ignoring variable <unnamed var:   %23 = alloca %struct.SEXPREC*, align 8> as it has address taken, results will be incomplete 

Function (anonymous namespace)::split_tree_impl_cpp(Rcpp::Function_Impl<Rcpp::PreserveStorage> const&, SEXPREC*, SEXPREC*, Rcpp::Vector<19, Rcpp::PreserveStorage> const&, std::__1::basic_string<char, std::__1::char_traits<char>, std::__1::allocator<char> > const&, Rcpp::Vector<19, Rcpp::PreserveStorage> const&)
  [UP] ignoring variable <unnamed var:   %20 = alloca %struct.SEXPREC*, align 8> as it has address taken, results will be incomplete 
  [UP] ignoring variable <unnamed var:   %28 = alloca %struct.SEXPREC*, align 8> as it has address taken, results will be incomplete 

Function (anonymous namespace)::viewL_cpp(SEXPREC*, Rcpp::Vector<19, Rcpp::PreserveStorage> const&)
  [UP] ignoring variable <unnamed var:   %15 = alloca %struct.SEXPREC*, align 8> as it has address taken, results will be incomplete 
  [UP] ignoring variable <unnamed var:   %33 = alloca %struct.SEXPREC*, align 8> as it has address taken, results will be incomplete 
  [UP] ignoring variable <unnamed var:   %50 = alloca %struct.SEXPREC*, align 8> as it has address taken, results will be incomplete 
  [UP] ignoring variable <unnamed var:   %68 = alloca %struct.SEXPREC*, align 8> as it has address taken, results will be incomplete 

Function (anonymous namespace)::viewR_cpp(SEXPREC*, Rcpp::Vector<19, Rcpp::PreserveStorage> const&)
  [UP] ignoring variable <unnamed var:   %15 = alloca %struct.SEXPREC*, align 8> as it has address taken, results will be incomplete 
  [UP] ignoring variable <unnamed var:   %33 = alloca %struct.SEXPREC*, align 8> as it has address taken, results will be incomplete 
  [UP] ignoring variable <unnamed var:   %50 = alloca %struct.SEXPREC*, align 8> as it has address taken, results will be incomplete 
  [UP] ignoring variable <unnamed var:   %68 = alloca %struct.SEXPREC*, align 8> as it has address taken, results will be incomplete 

Function Rcpp::Armor<SEXPREC*>::init(SEXPREC*)
  [PB] has possible protection stack imbalance Rcpp/include/Rcpp/protection/Armor.h:47

Function Rcpp::Armor<SEXPREC*>::~Armor()
  [PB] has negative depth Rcpp/include/Rcpp/protection/Armor.h:41
  [UP] attempt to unprotect more items (1) than protected (0), results will be incomplete Rcpp/include/Rcpp/protection/Armor.h:41
  [PB] has possible protection stack imbalance Rcpp/include/Rcpp/protection/Armor.h:42

Function Rcpp::Rcpp_protect(SEXPREC*)
  [PB] has possible protection stack imbalance Rcpp/include/Rcpp/protection/Shield.h:25

Function Rcpp::Rcpp_unprotect(int)
  [PB] has an unsupported form of unprotect with a variable results will be incomplete Rcpp/include/Rcpp/protection/Shield.h:31
  [UP] unsupported form of unprotect, unprotecting all variables, results will be incomplete Rcpp/include/Rcpp/protection/Shield.h:31

Function Rcpp::Vector<19, Rcpp::PreserveStorage>::push_back_name__impl(SEXPREC* const&, std::__1::basic_string<char, std::__1::char_traits<char>, std::__1::allocator<char> > const&, Rcpp::traits::integral_constant<bool, true>)
  [UP] unprotected variable names while calling allocating function Rf_allocVector Rcpp/include/Rcpp/vector/Vector.h:680

Function Rcpp::internal::convert_using_rfunction(SEXPREC*, char const*)
  [UP] ignoring variable <unnamed var:   %10 = alloca %struct.SEXPREC*, align 8> as it has address taken, results will be incomplete 

Function Rcpp::internal::generic_name_proxy<19, Rcpp::PreserveStorage>::set(SEXPREC*)
  [UP] ignoring variable rhs as it has address taken, results will be incomplete 

Function void Rcpp::Vector<19, Rcpp::PreserveStorage>::push_back<Rcpp::Shield<SEXPREC*> >(Rcpp::Shield<SEXPREC*> const&)
  [UP] ignoring variable <unnamed var:   %5 = alloca %struct.SEXPREC*, align 8> as it has address taken, results will be incomplete 

Function void Rcpp::Vector<19, Rcpp::PreserveStorage>::push_back<SEXPREC*>(SEXPREC* const&, std::__1::basic_string<char, std::__1::char_traits<char>, std::__1::allocator<char> > const&)
  [UP] ignoring variable <unnamed var:   %7 = alloca %struct.SEXPREC*, align 8> as it has address taken, results will be incomplete 
