Package KODAMA version 3.3
Package built using 89653/R 4.6.0; x86_64-pc-linux-gnu; 2026-03-20 14:53:49 UTC; unix   
Checked with rchk version 35618ebbccf3cd0b45a3530e6303970a22a9056b LLVM version 14.0.6
More information at https://github.com/kalibera/cran-checks/blob/master/rchk/PROTECT.md
For rchk in docker image see https://github.com/kalibera/rchk/blob/master/doc/DOCKER.md


Function KODAMA_irlba_pca_dense
  [UP] unprotected variable dim while calling allocating function Rf_asInteger KODAMA/src/kodama_irlba_pca.c:21
  [UP] unprotected variable dim while calling allocating function Rf_asInteger KODAMA/src/kodama_irlba_pca.c:30
  [UP] unprotected variable dim while calling allocating function Rf_asReal KODAMA/src/kodama_irlba_pca.c:34
  [UP] unprotected variable dim while calling allocating function Rf_coerceVector KODAMA/src/kodama_irlba_pca.c:41

Function Rcpp::Rcpp_protect(SEXPREC*)
  [PB] has possible protection stack imbalance Rcpp/include/Rcpp/protection/Shield.h:25

Function Rcpp::Rcpp_unprotect(int)
  [PB] has an unsupported form of unprotect with a variable results will be incomplete Rcpp/include/Rcpp/protection/Shield.h:31
  [UP] unsupported form of unprotect, unprotecting all variables, results will be incomplete Rcpp/include/Rcpp/protection/Shield.h:31

Function _KODAMA_PLSDACV_fastpls
  [UP] ignoring variable <unnamed var:   %21 = alloca %struct.SEXPREC*, align 8> as it has address taken, results will be incomplete 

Function _KODAMA_PLSDACV_simpls
  [UP] ignoring variable <unnamed var:   %21 = alloca %struct.SEXPREC*, align 8> as it has address taken, results will be incomplete 

Function _KODAMA_corecpp
  [UP] ignoring variable <unnamed var:   %39 = alloca %struct.SEXPREC*, align 8> as it has address taken, results will be incomplete 

Function _KODAMA_floyd
  [UP] ignoring variable <unnamed var:   %12 = alloca %struct.SEXPREC*, align 8> as it has address taken, results will be incomplete 

Function _KODAMA_transformy
  [UP] ignoring variable <unnamed var:   %12 = alloca %struct.SEXPREC*, align 8> as it has address taken, results will be incomplete 
