Package mets version 1.3.10
Package built using 90071/R 4.6.0; x86_64-pc-linux-gnu; 2026-05-24 15:53:57 UTC; unix   
Checked with rchk version 35618ebbccf3cd0b45a3530e6303970a22a9056b LLVM version 14.0.6
More information at https://github.com/kalibera/cran-checks/blob/master/rchk/PROTECT.md
For rchk in docker image see https://github.com/kalibera/rchk/blob/master/doc/DOCKER.md


Function ApplyBy(Rcpp::Matrix<14, Rcpp::PreserveStorage>, Rcpp::Vector<13, Rcpp::PreserveStorage>, Rcpp::Function_Impl<Rcpp::PreserveStorage>)
  [UP] ignoring variable <unnamed var:   %19 = alloca %struct.SEXPREC*, align 8> as it has address taken, results will be incomplete 

Function FastPattern
  [UP] ignoring variable <unnamed var:   %30 = alloca %struct.SEXPREC*, align 8> as it has address taken, results will be incomplete 

Function Rcpp::Armor<SEXPREC*>::init(SEXPREC*)
  [PB] has possible protection stack imbalance Rcpp/include/Rcpp/protection/Armor.h:47

Function Rcpp::Armor<SEXPREC*>::~Armor()
  [PB] has negative depth Rcpp/include/Rcpp/protection/Armor.h:41
  [UP] attempt to unprotect more items (1) than protected (0), results will be incomplete Rcpp/include/Rcpp/protection/Armor.h:41
  [PB] has possible protection stack imbalance Rcpp/include/Rcpp/protection/Armor.h:42

Function Rcpp::Rcpp_protect(SEXPREC*)
  [PB] has possible protection stack imbalance Rcpp/include/Rcpp/protection/Shield.h:25

Function Rcpp::Rcpp_unprotect(int)
  [PB] has an unsupported form of unprotect with a variable results will be incomplete Rcpp/include/Rcpp/protection/Shield.h:31
  [UP] unsupported form of unprotect, unprotecting all variables, results will be incomplete Rcpp/include/Rcpp/protection/Shield.h:31

Function Rcpp::Vector<19, Rcpp::PreserveStorage>::push_back_name__impl(SEXPREC* const&, std::__1::basic_string<char, std::__1::char_traits<char>, std::__1::allocator<char> > const&, Rcpp::traits::integral_constant<bool, true>)
  [UP] unprotected variable names while calling allocating function Rf_allocVector Rcpp/include/Rcpp/vector/Vector.h:680

Function Rcpp::internal::convert_using_rfunction(SEXPREC*, char const*)
  [UP] ignoring variable <unnamed var:   %10 = alloca %struct.SEXPREC*, align 8> as it has address taken, results will be incomplete 

Function Rcpp::internal::generic_name_proxy<19, Rcpp::PreserveStorage>::set(SEXPREC*)
  [UP] ignoring variable rhs as it has address taken, results will be incomplete 

Function _mets_ApplyBy
  [UP] ignoring variable <unnamed var:   %18 = alloca %struct.SEXPREC*, align 8> as it has address taken, results will be incomplete 

Function _mets_ApplyBy2
  [UP] ignoring variable <unnamed var:   %33 = alloca %struct.SEXPREC*, align 8> as it has address taken, results will be incomplete 

Function _mets_GcjumpsR
  [UP] ignoring variable <unnamed var:   %27 = alloca %struct.SEXPREC*, align 8> as it has address taken, results will be incomplete 
  [UP] ignoring variable <unnamed var:   %28 = alloca %struct.SEXPREC*, align 8> as it has address taken, results will be incomplete 

Function _mets_S0_FGRN
  [UP] ignoring variable <unnamed var:   %33 = alloca %struct.SEXPREC*, align 8> as it has address taken, results will be incomplete 
  [UP] ignoring variable <unnamed var:   %34 = alloca %struct.SEXPREC*, align 8> as it has address taken, results will be incomplete 

Function _mets_S0_FG_GcR
  [UP] ignoring variable <unnamed var:   %36 = alloca %struct.SEXPREC*, align 8> as it has address taken, results will be incomplete 
  [UP] ignoring variable <unnamed var:   %37 = alloca %struct.SEXPREC*, align 8> as it has address taken, results will be incomplete 

Function _mets_cpch
  [UP] unprotected variable rcpp_result_gen while calling allocating function Rf_onintr mets/src/RcppExports.cpp:338
  [UP] allocating function Rcpp::internal::isLongjumpSentinel(SEXPREC*) may destroy its unprotected argument (rcpp_result_gen <arg 1>), which is later used. mets/src/RcppExports.cpp:340
  [UP] calling allocating function Rcpp::internal::isLongjumpSentinel(SEXPREC*) with a fresh pointer (rcpp_result_gen <arg 1>) mets/src/RcppExports.cpp:340
  [UP] allocating function Rf_inherits may destroy its unprotected argument (rcpp_result_gen <arg 1>), which is later used. mets/src/RcppExports.cpp:344
  [UP] calling allocating function Rf_inherits with a fresh pointer (rcpp_result_gen <arg 1>) mets/src/RcppExports.cpp:344
  [PB] has negative depth mets/src/RcppExports.cpp:350
  [UP] attempt to unprotect more items (1) than protected (0), results will be incomplete mets/src/RcppExports.cpp:350
  [PB] has possible protection stack imbalance mets/src/RcppExports.cpp:351

Function _mets_cpch_try(SEXPREC*, SEXPREC*, SEXPREC*)
  [UP] ignoring variable <unnamed var:   %17 = alloca %struct.SEXPREC*, align 8> as it has address taken, results will be incomplete 

Function _mets_cumsumstratasumR
  [UP] ignoring variable <unnamed var:   %21 = alloca %struct.SEXPREC*, align 8> as it has address taken, results will be incomplete 
  [UP] ignoring variable <unnamed var:   %22 = alloca %struct.SEXPREC*, align 8> as it has address taken, results will be incomplete 

Function _mets_dmvn
  [UP] unprotected variable rcpp_result_gen while calling allocating function Rf_onintr mets/src/RcppExports.cpp:230
  [UP] allocating function Rcpp::internal::isLongjumpSentinel(SEXPREC*) may destroy its unprotected argument (rcpp_result_gen <arg 1>), which is later used. mets/src/RcppExports.cpp:232
  [UP] calling allocating function Rcpp::internal::isLongjumpSentinel(SEXPREC*) with a fresh pointer (rcpp_result_gen <arg 1>) mets/src/RcppExports.cpp:232
  [UP] allocating function Rf_inherits may destroy its unprotected argument (rcpp_result_gen <arg 1>), which is later used. mets/src/RcppExports.cpp:236
  [UP] calling allocating function Rf_inherits with a fresh pointer (rcpp_result_gen <arg 1>) mets/src/RcppExports.cpp:236
  [PB] has negative depth mets/src/RcppExports.cpp:242
  [UP] attempt to unprotect more items (1) than protected (0), results will be incomplete mets/src/RcppExports.cpp:242
  [PB] has possible protection stack imbalance mets/src/RcppExports.cpp:243

Function _mets_dmvn_try(SEXPREC*, SEXPREC*, SEXPREC*)
  [UP] ignoring variable <unnamed var:   %17 = alloca %struct.SEXPREC*, align 8> as it has address taken, results will be incomplete 

Function _mets_logl_weibull
  [UP] unprotected variable rcpp_result_gen while calling allocating function Rf_onintr mets/src/RcppExports.cpp:574
  [UP] allocating function Rcpp::internal::isLongjumpSentinel(SEXPREC*) may destroy its unprotected argument (rcpp_result_gen <arg 1>), which is later used. mets/src/RcppExports.cpp:576
  [UP] calling allocating function Rcpp::internal::isLongjumpSentinel(SEXPREC*) with a fresh pointer (rcpp_result_gen <arg 1>) mets/src/RcppExports.cpp:576
  [UP] allocating function Rf_inherits may destroy its unprotected argument (rcpp_result_gen <arg 1>), which is later used. mets/src/RcppExports.cpp:580
  [UP] calling allocating function Rf_inherits with a fresh pointer (rcpp_result_gen <arg 1>) mets/src/RcppExports.cpp:580
  [PB] has negative depth mets/src/RcppExports.cpp:586
  [UP] attempt to unprotect more items (1) than protected (0), results will be incomplete mets/src/RcppExports.cpp:586
  [PB] has possible protection stack imbalance mets/src/RcppExports.cpp:587

Function _mets_logl_weibull_try(SEXPREC*, SEXPREC*, SEXPREC*, SEXPREC*, SEXPREC*, SEXPREC*)
  [UP] ignoring variable <unnamed var:   %26 = alloca %struct.SEXPREC*, align 8> as it has address taken, results will be incomplete 

Function _mets_loglikMVN
  [UP] unprotected variable rcpp_result_gen while calling allocating function Rf_onintr mets/src/RcppExports.cpp:194
  [UP] allocating function Rcpp::internal::isLongjumpSentinel(SEXPREC*) may destroy its unprotected argument (rcpp_result_gen <arg 1>), which is later used. mets/src/RcppExports.cpp:196
  [UP] calling allocating function Rcpp::internal::isLongjumpSentinel(SEXPREC*) with a fresh pointer (rcpp_result_gen <arg 1>) mets/src/RcppExports.cpp:196
  [UP] allocating function Rf_inherits may destroy its unprotected argument (rcpp_result_gen <arg 1>), which is later used. mets/src/RcppExports.cpp:200
  [UP] calling allocating function Rf_inherits with a fresh pointer (rcpp_result_gen <arg 1>) mets/src/RcppExports.cpp:200
  [PB] has negative depth mets/src/RcppExports.cpp:206
  [UP] attempt to unprotect more items (1) than protected (0), results will be incomplete mets/src/RcppExports.cpp:206
  [PB] has possible protection stack imbalance mets/src/RcppExports.cpp:207

Function _mets_loglikMVN_try(SEXPREC*, SEXPREC*, SEXPREC*, SEXPREC*, SEXPREC*, SEXPREC*, SEXPREC*, SEXPREC*, SEXPREC*)
  [UP] ignoring variable <unnamed var:   %35 = alloca %struct.SEXPREC*, align 8> as it has address taken, results will be incomplete 

Function _mets_rchazC
  [UP] unprotected variable rcpp_result_gen while calling allocating function Rf_onintr mets/src/RcppExports.cpp:374
  [UP] allocating function Rcpp::internal::isLongjumpSentinel(SEXPREC*) may destroy its unprotected argument (rcpp_result_gen <arg 1>), which is later used. mets/src/RcppExports.cpp:376
  [UP] calling allocating function Rcpp::internal::isLongjumpSentinel(SEXPREC*) with a fresh pointer (rcpp_result_gen <arg 1>) mets/src/RcppExports.cpp:376
  [UP] allocating function Rf_inherits may destroy its unprotected argument (rcpp_result_gen <arg 1>), which is later used. mets/src/RcppExports.cpp:380
  [UP] calling allocating function Rf_inherits with a fresh pointer (rcpp_result_gen <arg 1>) mets/src/RcppExports.cpp:380
  [PB] has negative depth mets/src/RcppExports.cpp:386
  [UP] attempt to unprotect more items (1) than protected (0), results will be incomplete mets/src/RcppExports.cpp:386
  [PB] has possible protection stack imbalance mets/src/RcppExports.cpp:387

Function _mets_rchazC_try(SEXPREC*, SEXPREC*, SEXPREC*)
  [UP] ignoring variable <unnamed var:   %17 = alloca %struct.SEXPREC*, align 8> as it has address taken, results will be incomplete 

Function _mets_riskstrataR
  [UP] ignoring variable <unnamed var:   %18 = alloca %struct.SEXPREC*, align 8> as it has address taken, results will be incomplete 
  [UP] ignoring variable <unnamed var:   %19 = alloca %struct.SEXPREC*, align 8> as it has address taken, results will be incomplete 

Function _mets_rmvn
  [UP] unprotected variable rcpp_result_gen while calling allocating function Rf_onintr mets/src/RcppExports.cpp:266
  [UP] allocating function Rcpp::internal::isLongjumpSentinel(SEXPREC*) may destroy its unprotected argument (rcpp_result_gen <arg 1>), which is later used. mets/src/RcppExports.cpp:268
  [UP] calling allocating function Rcpp::internal::isLongjumpSentinel(SEXPREC*) with a fresh pointer (rcpp_result_gen <arg 1>) mets/src/RcppExports.cpp:268
  [UP] allocating function Rf_inherits may destroy its unprotected argument (rcpp_result_gen <arg 1>), which is later used. mets/src/RcppExports.cpp:272
  [UP] calling allocating function Rf_inherits with a fresh pointer (rcpp_result_gen <arg 1>) mets/src/RcppExports.cpp:272
  [PB] has negative depth mets/src/RcppExports.cpp:278
  [UP] attempt to unprotect more items (1) than protected (0), results will be incomplete mets/src/RcppExports.cpp:278
  [PB] has possible protection stack imbalance mets/src/RcppExports.cpp:279

Function _mets_rmvn_try(SEXPREC*, SEXPREC*, SEXPREC*)
  [UP] ignoring variable <unnamed var:   %17 = alloca %struct.SEXPREC*, align 8> as it has address taken, results will be incomplete 

Function _mets_rpch
  [UP] unprotected variable rcpp_result_gen while calling allocating function Rf_onintr mets/src/RcppExports.cpp:302
  [UP] allocating function Rcpp::internal::isLongjumpSentinel(SEXPREC*) may destroy its unprotected argument (rcpp_result_gen <arg 1>), which is later used. mets/src/RcppExports.cpp:304
  [UP] calling allocating function Rcpp::internal::isLongjumpSentinel(SEXPREC*) with a fresh pointer (rcpp_result_gen <arg 1>) mets/src/RcppExports.cpp:304
  [UP] allocating function Rf_inherits may destroy its unprotected argument (rcpp_result_gen <arg 1>), which is later used. mets/src/RcppExports.cpp:308
  [UP] calling allocating function Rf_inherits with a fresh pointer (rcpp_result_gen <arg 1>) mets/src/RcppExports.cpp:308
  [PB] has negative depth mets/src/RcppExports.cpp:314
  [UP] attempt to unprotect more items (1) than protected (0), results will be incomplete mets/src/RcppExports.cpp:314
  [PB] has possible protection stack imbalance mets/src/RcppExports.cpp:315

Function _mets_rpch_try(SEXPREC*, SEXPREC*, SEXPREC*)
  [UP] ignoring variable <unnamed var:   %17 = alloca %struct.SEXPREC*, align 8> as it has address taken, results will be incomplete 

Function _mets_scoreMVN
  [UP] unprotected variable rcpp_result_gen while calling allocating function Rf_onintr mets/src/RcppExports.cpp:152
  [UP] allocating function Rcpp::internal::isLongjumpSentinel(SEXPREC*) may destroy its unprotected argument (rcpp_result_gen <arg 1>), which is later used. mets/src/RcppExports.cpp:154
  [UP] calling allocating function Rcpp::internal::isLongjumpSentinel(SEXPREC*) with a fresh pointer (rcpp_result_gen <arg 1>) mets/src/RcppExports.cpp:154
  [UP] allocating function Rf_inherits may destroy its unprotected argument (rcpp_result_gen <arg 1>), which is later used. mets/src/RcppExports.cpp:158
  [UP] calling allocating function Rf_inherits with a fresh pointer (rcpp_result_gen <arg 1>) mets/src/RcppExports.cpp:158
  [PB] has negative depth mets/src/RcppExports.cpp:164
  [UP] attempt to unprotect more items (1) than protected (0), results will be incomplete mets/src/RcppExports.cpp:164
  [PB] has possible protection stack imbalance mets/src/RcppExports.cpp:165

Function _mets_scoreMVN_try(SEXPREC*, SEXPREC*, SEXPREC*, SEXPREC*, SEXPREC*, SEXPREC*)
  [UP] ignoring variable <unnamed var:   %26 = alloca %struct.SEXPREC*, align 8> as it has address taken, results will be incomplete 

Function _mets_score_weibull
  [UP] unprotected variable rcpp_result_gen while calling allocating function Rf_onintr mets/src/RcppExports.cpp:614
  [UP] allocating function Rcpp::internal::isLongjumpSentinel(SEXPREC*) may destroy its unprotected argument (rcpp_result_gen <arg 1>), which is later used. mets/src/RcppExports.cpp:616
  [UP] calling allocating function Rcpp::internal::isLongjumpSentinel(SEXPREC*) with a fresh pointer (rcpp_result_gen <arg 1>) mets/src/RcppExports.cpp:616
  [UP] allocating function Rf_inherits may destroy its unprotected argument (rcpp_result_gen <arg 1>), which is later used. mets/src/RcppExports.cpp:620
  [UP] calling allocating function Rf_inherits with a fresh pointer (rcpp_result_gen <arg 1>) mets/src/RcppExports.cpp:620
  [PB] has negative depth mets/src/RcppExports.cpp:626
  [UP] attempt to unprotect more items (1) than protected (0), results will be incomplete mets/src/RcppExports.cpp:626
  [PB] has possible protection stack imbalance mets/src/RcppExports.cpp:627

Function _mets_score_weibull_try(SEXPREC*, SEXPREC*, SEXPREC*, SEXPREC*, SEXPREC*, SEXPREC*, SEXPREC*)
  [UP] ignoring variable <unnamed var:   %29 = alloca %struct.SEXPREC*, align 8> as it has address taken, results will be incomplete 

Function _mets_simGL
  [UP] unprotected variable rcpp_result_gen while calling allocating function Rf_onintr mets/src/RcppExports.cpp:418
  [UP] allocating function Rcpp::internal::isLongjumpSentinel(SEXPREC*) may destroy its unprotected argument (rcpp_result_gen <arg 1>), which is later used. mets/src/RcppExports.cpp:420
  [UP] calling allocating function Rcpp::internal::isLongjumpSentinel(SEXPREC*) with a fresh pointer (rcpp_result_gen <arg 1>) mets/src/RcppExports.cpp:420
  [UP] allocating function Rf_inherits may destroy its unprotected argument (rcpp_result_gen <arg 1>), which is later used. mets/src/RcppExports.cpp:424
  [UP] calling allocating function Rf_inherits with a fresh pointer (rcpp_result_gen <arg 1>) mets/src/RcppExports.cpp:424
  [PB] has negative depth mets/src/RcppExports.cpp:430
  [UP] attempt to unprotect more items (1) than protected (0), results will be incomplete mets/src/RcppExports.cpp:430
  [PB] has possible protection stack imbalance mets/src/RcppExports.cpp:431

Function _mets_simGL_try(SEXPREC*, SEXPREC*, SEXPREC*, SEXPREC*, SEXPREC*, SEXPREC*, SEXPREC*, SEXPREC*, SEXPREC*, SEXPREC*, SEXPREC*)
  [UP] ignoring variable <unnamed var:   %41 = alloca %struct.SEXPREC*, align 8> as it has address taken, results will be incomplete 

Function _mets_simSurvZ
  [UP] unprotected variable rcpp_result_gen while calling allocating function Rf_onintr mets/src/RcppExports.cpp:456
  [UP] allocating function Rcpp::internal::isLongjumpSentinel(SEXPREC*) may destroy its unprotected argument (rcpp_result_gen <arg 1>), which is later used. mets/src/RcppExports.cpp:458
  [UP] calling allocating function Rcpp::internal::isLongjumpSentinel(SEXPREC*) with a fresh pointer (rcpp_result_gen <arg 1>) mets/src/RcppExports.cpp:458
  [UP] allocating function Rf_inherits may destroy its unprotected argument (rcpp_result_gen <arg 1>), which is later used. mets/src/RcppExports.cpp:462
  [UP] calling allocating function Rf_inherits with a fresh pointer (rcpp_result_gen <arg 1>) mets/src/RcppExports.cpp:462
  [PB] has negative depth mets/src/RcppExports.cpp:468
  [UP] attempt to unprotect more items (1) than protected (0), results will be incomplete mets/src/RcppExports.cpp:468
  [PB] has possible protection stack imbalance mets/src/RcppExports.cpp:469

Function _mets_simSurvZ_try(SEXPREC*, SEXPREC*, SEXPREC*, SEXPREC*, SEXPREC*)
  [UP] ignoring variable <unnamed var:   %23 = alloca %struct.SEXPREC*, align 8> as it has address taken, results will be incomplete 

Function _mets_tildeLambda1
  [UP] unprotected variable rcpp_result_gen while calling allocating function Rf_onintr mets/src/RcppExports.cpp:495
  [UP] allocating function Rcpp::internal::isLongjumpSentinel(SEXPREC*) may destroy its unprotected argument (rcpp_result_gen <arg 1>), which is later used. mets/src/RcppExports.cpp:497
  [UP] calling allocating function Rcpp::internal::isLongjumpSentinel(SEXPREC*) with a fresh pointer (rcpp_result_gen <arg 1>) mets/src/RcppExports.cpp:497
  [UP] allocating function Rf_inherits may destroy its unprotected argument (rcpp_result_gen <arg 1>), which is later used. mets/src/RcppExports.cpp:501
  [UP] calling allocating function Rf_inherits with a fresh pointer (rcpp_result_gen <arg 1>) mets/src/RcppExports.cpp:501
  [PB] has negative depth mets/src/RcppExports.cpp:507
  [UP] attempt to unprotect more items (1) than protected (0), results will be incomplete mets/src/RcppExports.cpp:507
  [PB] has possible protection stack imbalance mets/src/RcppExports.cpp:508

Function _mets_tildeLambda1R
  [UP] unprotected variable rcpp_result_gen while calling allocating function Rf_onintr mets/src/RcppExports.cpp:535
  [UP] allocating function Rcpp::internal::isLongjumpSentinel(SEXPREC*) may destroy its unprotected argument (rcpp_result_gen <arg 1>), which is later used. mets/src/RcppExports.cpp:537
  [UP] calling allocating function Rcpp::internal::isLongjumpSentinel(SEXPREC*) with a fresh pointer (rcpp_result_gen <arg 1>) mets/src/RcppExports.cpp:537
  [UP] allocating function Rf_inherits may destroy its unprotected argument (rcpp_result_gen <arg 1>), which is later used. mets/src/RcppExports.cpp:541
  [UP] calling allocating function Rf_inherits with a fresh pointer (rcpp_result_gen <arg 1>) mets/src/RcppExports.cpp:541
  [PB] has negative depth mets/src/RcppExports.cpp:547
  [UP] attempt to unprotect more items (1) than protected (0), results will be incomplete mets/src/RcppExports.cpp:547
  [PB] has possible protection stack imbalance mets/src/RcppExports.cpp:548

Function _mets_tildeLambda1R_try(SEXPREC*, SEXPREC*, SEXPREC*, SEXPREC*, SEXPREC*, SEXPREC*, SEXPREC*)
  [UP] ignoring variable <unnamed var:   %29 = alloca %struct.SEXPREC*, align 8> as it has address taken, results will be incomplete 

Function _mets_tildeLambda1_try(SEXPREC*, SEXPREC*, SEXPREC*, SEXPREC*, SEXPREC*, SEXPREC*)
  [UP] ignoring variable <unnamed var:   %26 = alloca %struct.SEXPREC*, align 8> as it has address taken, results will be incomplete 

Function void Rcpp::Vector<19, Rcpp::PreserveStorage>::push_back<SEXPREC*>(SEXPREC* const&, std::__1::basic_string<char, std::__1::char_traits<char>, std::__1::allocator<char> > const&)
  [UP] ignoring variable <unnamed var:   %7 = alloca %struct.SEXPREC*, align 8> as it has address taken, results will be incomplete 
