Package mev version 2.2
Package built using 89894/R 4.6.0; x86_64-pc-linux-gnu; 2026-04-18 08:10:10 UTC; unix   
Checked with rchk version 35618ebbccf3cd0b45a3530e6303970a22a9056b LLVM version 14.0.6
More information at https://github.com/kalibera/cran-checks/blob/master/rchk/PROTECT.md
For rchk in docker image see https://github.com/kalibera/rchk/blob/master/doc/DOCKER.md


Function Rcpp::Rcpp_protect(SEXPREC*)
  [PB] has possible protection stack imbalance Rcpp/include/Rcpp/protection/Shield.h:25

Function Rcpp::Rcpp_unprotect(int)
  [PB] has an unsupported form of unprotect with a variable results will be incomplete Rcpp/include/Rcpp/protection/Shield.h:31
  [UP] unsupported form of unprotect, unprotecting all variables, results will be incomplete Rcpp/include/Rcpp/protection/Shield.h:31

Function Rcpp::sample(int, int, bool, Rcpp::Nullable<Rcpp::Vector<14, Rcpp::PreserveStorage> >, bool)
  [UP] ignoring variable <unnamed var:   %15 = alloca %struct.SEXPREC*, align 8> as it has address taken, results will be incomplete 

Function _mev_EuclideanWeights
  [UP] unprotected variable rcpp_result_gen while calling allocating function Rf_onintr mev/src/RcppExports.cpp:108
  [UP] allocating function Rcpp::internal::isLongjumpSentinel(SEXPREC*) may destroy its unprotected argument (rcpp_result_gen <arg 1>), which is later used. mev/src/RcppExports.cpp:110
  [UP] calling allocating function Rcpp::internal::isLongjumpSentinel(SEXPREC*) with a fresh pointer (rcpp_result_gen <arg 1>) mev/src/RcppExports.cpp:110
  [UP] allocating function Rf_inherits may destroy its unprotected argument (rcpp_result_gen <arg 1>), which is later used. mev/src/RcppExports.cpp:114
  [UP] calling allocating function Rf_inherits with a fresh pointer (rcpp_result_gen <arg 1>) mev/src/RcppExports.cpp:114
  [PB] has negative depth mev/src/RcppExports.cpp:120
  [UP] attempt to unprotect more items (1) than protected (0), results will be incomplete mev/src/RcppExports.cpp:120
  [PB] has possible protection stack imbalance mev/src/RcppExports.cpp:121

Function _mev_EuclideanWeights_try(SEXPREC*, SEXPREC*)
  [UP] ignoring variable <unnamed var:   %14 = alloca %struct.SEXPREC*, align 8> as it has address taken, results will be incomplete 

Function _mev_Pickands_emp
  [UP] unprotected variable rcpp_result_gen while calling allocating function Rf_onintr mev/src/RcppExports.cpp:184
  [UP] allocating function Rcpp::internal::isLongjumpSentinel(SEXPREC*) may destroy its unprotected argument (rcpp_result_gen <arg 1>), which is later used. mev/src/RcppExports.cpp:186
  [UP] calling allocating function Rcpp::internal::isLongjumpSentinel(SEXPREC*) with a fresh pointer (rcpp_result_gen <arg 1>) mev/src/RcppExports.cpp:186
  [UP] allocating function Rf_inherits may destroy its unprotected argument (rcpp_result_gen <arg 1>), which is later used. mev/src/RcppExports.cpp:190
  [UP] calling allocating function Rf_inherits with a fresh pointer (rcpp_result_gen <arg 1>) mev/src/RcppExports.cpp:190
  [PB] has negative depth mev/src/RcppExports.cpp:196
  [UP] attempt to unprotect more items (1) than protected (0), results will be incomplete mev/src/RcppExports.cpp:196
  [PB] has possible protection stack imbalance mev/src/RcppExports.cpp:197

Function _mev_Pickands_emp_try(SEXPREC*, SEXPREC*, SEXPREC*)
  [UP] ignoring variable <unnamed var:   %17 = alloca %struct.SEXPREC*, align 8> as it has address taken, results will be incomplete 

Function _mev_Zhang_Stephens
  [UP] unprotected variable rcpp_result_gen while calling allocating function Rf_onintr mev/src/RcppExports.cpp:296
  [UP] allocating function Rcpp::internal::isLongjumpSentinel(SEXPREC*) may destroy its unprotected argument (rcpp_result_gen <arg 1>), which is later used. mev/src/RcppExports.cpp:298
  [UP] calling allocating function Rcpp::internal::isLongjumpSentinel(SEXPREC*) with a fresh pointer (rcpp_result_gen <arg 1>) mev/src/RcppExports.cpp:298
  [UP] allocating function Rf_inherits may destroy its unprotected argument (rcpp_result_gen <arg 1>), which is later used. mev/src/RcppExports.cpp:302
  [UP] calling allocating function Rf_inherits with a fresh pointer (rcpp_result_gen <arg 1>) mev/src/RcppExports.cpp:302
  [PB] has negative depth mev/src/RcppExports.cpp:308
  [UP] attempt to unprotect more items (1) than protected (0), results will be incomplete mev/src/RcppExports.cpp:308
  [PB] has possible protection stack imbalance mev/src/RcppExports.cpp:309

Function _mev_Zhang_Stephens_try(SEXPREC*, SEXPREC*, SEXPREC*, SEXPREC*, SEXPREC*, SEXPREC*, SEXPREC*, SEXPREC*)
  [UP] ignoring variable <unnamed var:   %32 = alloca %struct.SEXPREC*, align 8> as it has address taken, results will be incomplete 

Function _mev_dgeoaniso
  [UP] unprotected variable rcpp_result_gen while calling allocating function Rf_onintr mev/src/RcppExports.cpp:73
  [UP] allocating function Rcpp::internal::isLongjumpSentinel(SEXPREC*) may destroy its unprotected argument (rcpp_result_gen <arg 1>), which is later used. mev/src/RcppExports.cpp:75
  [UP] calling allocating function Rcpp::internal::isLongjumpSentinel(SEXPREC*) with a fresh pointer (rcpp_result_gen <arg 1>) mev/src/RcppExports.cpp:75
  [UP] allocating function Rf_inherits may destroy its unprotected argument (rcpp_result_gen <arg 1>), which is later used. mev/src/RcppExports.cpp:79
  [UP] calling allocating function Rf_inherits with a fresh pointer (rcpp_result_gen <arg 1>) mev/src/RcppExports.cpp:79
  [PB] has negative depth mev/src/RcppExports.cpp:85
  [UP] attempt to unprotect more items (1) than protected (0), results will be incomplete mev/src/RcppExports.cpp:85
  [PB] has possible protection stack imbalance mev/src/RcppExports.cpp:86

Function _mev_dgeoaniso_try(SEXPREC*, SEXPREC*)
  [UP] ignoring variable <unnamed var:   %14 = alloca %struct.SEXPREC*, align 8> as it has address taken, results will be incomplete 

Function _mev_distg
  [UP] unprotected variable rcpp_result_gen while calling allocating function Rf_onintr mev/src/RcppExports.cpp:38
  [UP] allocating function Rcpp::internal::isLongjumpSentinel(SEXPREC*) may destroy its unprotected argument (rcpp_result_gen <arg 1>), which is later used. mev/src/RcppExports.cpp:40
  [UP] calling allocating function Rcpp::internal::isLongjumpSentinel(SEXPREC*) with a fresh pointer (rcpp_result_gen <arg 1>) mev/src/RcppExports.cpp:40
  [UP] allocating function Rf_inherits may destroy its unprotected argument (rcpp_result_gen <arg 1>), which is later used. mev/src/RcppExports.cpp:44
  [UP] calling allocating function Rf_inherits with a fresh pointer (rcpp_result_gen <arg 1>) mev/src/RcppExports.cpp:44
  [PB] has negative depth mev/src/RcppExports.cpp:50
  [UP] attempt to unprotect more items (1) than protected (0), results will be incomplete mev/src/RcppExports.cpp:50
  [PB] has possible protection stack imbalance mev/src/RcppExports.cpp:51

Function _mev_distg_try(SEXPREC*, SEXPREC*, SEXPREC*)
  [UP] ignoring variable <unnamed var:   %17 = alloca %struct.SEXPREC*, align 8> as it has address taken, results will be incomplete 

Function _mev_dmvnorm_arma
  [UP] unprotected variable rcpp_result_gen while calling allocating function Rf_onintr mev/src/RcppExports.cpp:588
  [UP] allocating function Rcpp::internal::isLongjumpSentinel(SEXPREC*) may destroy its unprotected argument (rcpp_result_gen <arg 1>), which is later used. mev/src/RcppExports.cpp:590
  [UP] calling allocating function Rcpp::internal::isLongjumpSentinel(SEXPREC*) with a fresh pointer (rcpp_result_gen <arg 1>) mev/src/RcppExports.cpp:590
  [UP] allocating function Rf_inherits may destroy its unprotected argument (rcpp_result_gen <arg 1>), which is later used. mev/src/RcppExports.cpp:594
  [UP] calling allocating function Rf_inherits with a fresh pointer (rcpp_result_gen <arg 1>) mev/src/RcppExports.cpp:594
  [PB] has negative depth mev/src/RcppExports.cpp:600
  [UP] attempt to unprotect more items (1) than protected (0), results will be incomplete mev/src/RcppExports.cpp:600
  [PB] has possible protection stack imbalance mev/src/RcppExports.cpp:601

Function _mev_dmvnorm_arma_try(SEXPREC*, SEXPREC*, SEXPREC*, SEXPREC*)
  [UP] ignoring variable <unnamed var:   %20 = alloca %struct.SEXPREC*, align 8> as it has address taken, results will be incomplete 

Function _mev_dmvnorm_chol_arma
  [UP] unprotected variable rcpp_result_gen while calling allocating function Rf_onintr mev/src/RcppExports.cpp:625
  [UP] allocating function Rcpp::internal::isLongjumpSentinel(SEXPREC*) may destroy its unprotected argument (rcpp_result_gen <arg 1>), which is later used. mev/src/RcppExports.cpp:627
  [UP] calling allocating function Rcpp::internal::isLongjumpSentinel(SEXPREC*) with a fresh pointer (rcpp_result_gen <arg 1>) mev/src/RcppExports.cpp:627
  [UP] allocating function Rf_inherits may destroy its unprotected argument (rcpp_result_gen <arg 1>), which is later used. mev/src/RcppExports.cpp:631
  [UP] calling allocating function Rf_inherits with a fresh pointer (rcpp_result_gen <arg 1>) mev/src/RcppExports.cpp:631
  [PB] has negative depth mev/src/RcppExports.cpp:637
  [UP] attempt to unprotect more items (1) than protected (0), results will be incomplete mev/src/RcppExports.cpp:637
  [PB] has possible protection stack imbalance mev/src/RcppExports.cpp:638

Function _mev_dmvnorm_chol_arma_try(SEXPREC*, SEXPREC*, SEXPREC*, SEXPREC*)
  [UP] ignoring variable <unnamed var:   %20 = alloca %struct.SEXPREC*, align 8> as it has address taken, results will be incomplete 

Function _mev_emplik_intern
  [UP] unprotected variable rcpp_result_gen while calling allocating function Rf_onintr mev/src/RcppExports.cpp:148
  [UP] allocating function Rcpp::internal::isLongjumpSentinel(SEXPREC*) may destroy its unprotected argument (rcpp_result_gen <arg 1>), which is later used. mev/src/RcppExports.cpp:150
  [UP] calling allocating function Rcpp::internal::isLongjumpSentinel(SEXPREC*) with a fresh pointer (rcpp_result_gen <arg 1>) mev/src/RcppExports.cpp:150
  [UP] allocating function Rf_inherits may destroy its unprotected argument (rcpp_result_gen <arg 1>), which is later used. mev/src/RcppExports.cpp:154
  [UP] calling allocating function Rf_inherits with a fresh pointer (rcpp_result_gen <arg 1>) mev/src/RcppExports.cpp:154
  [PB] has negative depth mev/src/RcppExports.cpp:160
  [UP] attempt to unprotect more items (1) than protected (0), results will be incomplete mev/src/RcppExports.cpp:160
  [PB] has possible protection stack imbalance mev/src/RcppExports.cpp:161

Function _mev_emplik_intern_try(SEXPREC*, SEXPREC*, SEXPREC*, SEXPREC*, SEXPREC*, SEXPREC*, SEXPREC*)
  [UP] ignoring variable <unnamed var:   %29 = alloca %struct.SEXPREC*, align 8> as it has address taken, results will be incomplete 

Function _mev_ldirfn
  [UP] unprotected variable rcpp_result_gen while calling allocating function Rf_onintr mev/src/RcppExports.cpp:218
  [UP] allocating function Rcpp::internal::isLongjumpSentinel(SEXPREC*) may destroy its unprotected argument (rcpp_result_gen <arg 1>), which is later used. mev/src/RcppExports.cpp:220
  [UP] calling allocating function Rcpp::internal::isLongjumpSentinel(SEXPREC*) with a fresh pointer (rcpp_result_gen <arg 1>) mev/src/RcppExports.cpp:220
  [UP] allocating function Rf_inherits may destroy its unprotected argument (rcpp_result_gen <arg 1>), which is later used. mev/src/RcppExports.cpp:224
  [UP] calling allocating function Rf_inherits with a fresh pointer (rcpp_result_gen <arg 1>) mev/src/RcppExports.cpp:224
  [PB] has negative depth mev/src/RcppExports.cpp:230
  [UP] attempt to unprotect more items (1) than protected (0), results will be incomplete mev/src/RcppExports.cpp:230
  [PB] has possible protection stack imbalance mev/src/RcppExports.cpp:231

Function _mev_ldirfn_try(SEXPREC*)
  [UP] ignoring variable <unnamed var:   %11 = alloca %struct.SEXPREC*, align 8> as it has address taken, results will be incomplete 

Function _mev_loocvdens
  [UP] unprotected variable rcpp_result_gen while calling allocating function Rf_onintr mev/src/RcppExports.cpp:255
  [UP] allocating function Rcpp::internal::isLongjumpSentinel(SEXPREC*) may destroy its unprotected argument (rcpp_result_gen <arg 1>), which is later used. mev/src/RcppExports.cpp:257
  [UP] calling allocating function Rcpp::internal::isLongjumpSentinel(SEXPREC*) with a fresh pointer (rcpp_result_gen <arg 1>) mev/src/RcppExports.cpp:257
  [UP] allocating function Rf_inherits may destroy its unprotected argument (rcpp_result_gen <arg 1>), which is later used. mev/src/RcppExports.cpp:261
  [UP] calling allocating function Rf_inherits with a fresh pointer (rcpp_result_gen <arg 1>) mev/src/RcppExports.cpp:261
  [PB] has negative depth mev/src/RcppExports.cpp:267
  [UP] attempt to unprotect more items (1) than protected (0), results will be incomplete mev/src/RcppExports.cpp:267
  [PB] has possible protection stack imbalance mev/src/RcppExports.cpp:268

Function _mev_loocvdens_try(SEXPREC*, SEXPREC*, SEXPREC*, SEXPREC*)
  [UP] ignoring variable <unnamed var:   %20 = alloca %struct.SEXPREC*, align 8> as it has address taken, results will be incomplete 

Function _mev_mvrt
  [UP] unprotected variable rcpp_result_gen while calling allocating function Rf_onintr mev/src/RcppExports.cpp:514
  [UP] allocating function Rcpp::internal::isLongjumpSentinel(SEXPREC*) may destroy its unprotected argument (rcpp_result_gen <arg 1>), which is later used. mev/src/RcppExports.cpp:516
  [UP] calling allocating function Rcpp::internal::isLongjumpSentinel(SEXPREC*) with a fresh pointer (rcpp_result_gen <arg 1>) mev/src/RcppExports.cpp:516
  [UP] allocating function Rf_inherits may destroy its unprotected argument (rcpp_result_gen <arg 1>), which is later used. mev/src/RcppExports.cpp:520
  [UP] calling allocating function Rf_inherits with a fresh pointer (rcpp_result_gen <arg 1>) mev/src/RcppExports.cpp:520
  [PB] has negative depth mev/src/RcppExports.cpp:526
  [UP] attempt to unprotect more items (1) than protected (0), results will be incomplete mev/src/RcppExports.cpp:526
  [PB] has possible protection stack imbalance mev/src/RcppExports.cpp:527

Function _mev_mvrtXstud
  [UP] unprotected variable rcpp_result_gen while calling allocating function Rf_onintr mev/src/RcppExports.cpp:551
  [UP] allocating function Rcpp::internal::isLongjumpSentinel(SEXPREC*) may destroy its unprotected argument (rcpp_result_gen <arg 1>), which is later used. mev/src/RcppExports.cpp:553
  [UP] calling allocating function Rcpp::internal::isLongjumpSentinel(SEXPREC*) with a fresh pointer (rcpp_result_gen <arg 1>) mev/src/RcppExports.cpp:553
  [UP] allocating function Rf_inherits may destroy its unprotected argument (rcpp_result_gen <arg 1>), which is later used. mev/src/RcppExports.cpp:557
  [UP] calling allocating function Rf_inherits with a fresh pointer (rcpp_result_gen <arg 1>) mev/src/RcppExports.cpp:557
  [PB] has negative depth mev/src/RcppExports.cpp:563
  [UP] attempt to unprotect more items (1) than protected (0), results will be incomplete mev/src/RcppExports.cpp:563
  [PB] has possible protection stack imbalance mev/src/RcppExports.cpp:564

Function _mev_mvrtXstud_try(SEXPREC*, SEXPREC*, SEXPREC*, SEXPREC*)
  [UP] ignoring variable <unnamed var:   %20 = alloca %struct.SEXPREC*, align 8> as it has address taken, results will be incomplete 

Function _mev_mvrt_try(SEXPREC*, SEXPREC*, SEXPREC*, SEXPREC*)
  [UP] ignoring variable <unnamed var:   %20 = alloca %struct.SEXPREC*, align 8> as it has address taken, results will be incomplete 

Function _mev_rPBrownResnick
  [UP] unprotected variable rcpp_result_gen while calling allocating function Rf_onintr mev/src/RcppExports.cpp:950
  [UP] allocating function Rcpp::internal::isLongjumpSentinel(SEXPREC*) may destroy its unprotected argument (rcpp_result_gen <arg 1>), which is later used. mev/src/RcppExports.cpp:952
  [UP] calling allocating function Rcpp::internal::isLongjumpSentinel(SEXPREC*) with a fresh pointer (rcpp_result_gen <arg 1>) mev/src/RcppExports.cpp:952
  [UP] allocating function Rf_inherits may destroy its unprotected argument (rcpp_result_gen <arg 1>), which is later used. mev/src/RcppExports.cpp:956
  [UP] calling allocating function Rf_inherits with a fresh pointer (rcpp_result_gen <arg 1>) mev/src/RcppExports.cpp:956
  [PB] has negative depth mev/src/RcppExports.cpp:962
  [UP] attempt to unprotect more items (1) than protected (0), results will be incomplete mev/src/RcppExports.cpp:962
  [PB] has possible protection stack imbalance mev/src/RcppExports.cpp:963

Function _mev_rPBrownResnick_try(SEXPREC*, SEXPREC*, SEXPREC*)
  [UP] ignoring variable <unnamed var:   %17 = alloca %struct.SEXPREC*, align 8> as it has address taken, results will be incomplete 

Function _mev_rPHuslerReiss
  [UP] unprotected variable rcpp_result_gen while calling allocating function Rf_onintr mev/src/RcppExports.cpp:879
  [UP] allocating function Rcpp::internal::isLongjumpSentinel(SEXPREC*) may destroy its unprotected argument (rcpp_result_gen <arg 1>), which is later used. mev/src/RcppExports.cpp:881
  [UP] calling allocating function Rcpp::internal::isLongjumpSentinel(SEXPREC*) with a fresh pointer (rcpp_result_gen <arg 1>) mev/src/RcppExports.cpp:881
  [UP] allocating function Rf_inherits may destroy its unprotected argument (rcpp_result_gen <arg 1>), which is later used. mev/src/RcppExports.cpp:885
  [UP] calling allocating function Rf_inherits with a fresh pointer (rcpp_result_gen <arg 1>) mev/src/RcppExports.cpp:885
  [PB] has negative depth mev/src/RcppExports.cpp:891
  [UP] attempt to unprotect more items (1) than protected (0), results will be incomplete mev/src/RcppExports.cpp:891
  [PB] has possible protection stack imbalance mev/src/RcppExports.cpp:892

Function _mev_rPHuslerReiss_old
  [UP] unprotected variable rcpp_result_gen while calling allocating function Rf_onintr mev/src/RcppExports.cpp:914
  [UP] allocating function Rcpp::internal::isLongjumpSentinel(SEXPREC*) may destroy its unprotected argument (rcpp_result_gen <arg 1>), which is later used. mev/src/RcppExports.cpp:916
  [UP] calling allocating function Rcpp::internal::isLongjumpSentinel(SEXPREC*) with a fresh pointer (rcpp_result_gen <arg 1>) mev/src/RcppExports.cpp:916
  [UP] allocating function Rf_inherits may destroy its unprotected argument (rcpp_result_gen <arg 1>), which is later used. mev/src/RcppExports.cpp:920
  [UP] calling allocating function Rf_inherits with a fresh pointer (rcpp_result_gen <arg 1>) mev/src/RcppExports.cpp:920
  [PB] has negative depth mev/src/RcppExports.cpp:926
  [UP] attempt to unprotect more items (1) than protected (0), results will be incomplete mev/src/RcppExports.cpp:926
  [PB] has possible protection stack imbalance mev/src/RcppExports.cpp:927

Function _mev_rPHuslerReiss_old_try(SEXPREC*, SEXPREC*)
  [UP] ignoring variable <unnamed var:   %14 = alloca %struct.SEXPREC*, align 8> as it has address taken, results will be incomplete 

Function _mev_rPHuslerReiss_try(SEXPREC*, SEXPREC*, SEXPREC*)
  [UP] ignoring variable <unnamed var:   %17 = alloca %struct.SEXPREC*, align 8> as it has address taken, results will be incomplete 

Function _mev_rPSmith
  [UP] unprotected variable rcpp_result_gen while calling allocating function Rf_onintr mev/src/RcppExports.cpp:986
  [UP] allocating function Rcpp::internal::isLongjumpSentinel(SEXPREC*) may destroy its unprotected argument (rcpp_result_gen <arg 1>), which is later used. mev/src/RcppExports.cpp:988
  [UP] calling allocating function Rcpp::internal::isLongjumpSentinel(SEXPREC*) with a fresh pointer (rcpp_result_gen <arg 1>) mev/src/RcppExports.cpp:988
  [UP] allocating function Rf_inherits may destroy its unprotected argument (rcpp_result_gen <arg 1>), which is later used. mev/src/RcppExports.cpp:992
  [UP] calling allocating function Rf_inherits with a fresh pointer (rcpp_result_gen <arg 1>) mev/src/RcppExports.cpp:992
  [PB] has negative depth mev/src/RcppExports.cpp:998
  [UP] attempt to unprotect more items (1) than protected (0), results will be incomplete mev/src/RcppExports.cpp:998
  [PB] has possible protection stack imbalance mev/src/RcppExports.cpp:999

Function _mev_rPSmith_try(SEXPREC*, SEXPREC*, SEXPREC*)
  [UP] ignoring variable <unnamed var:   %17 = alloca %struct.SEXPREC*, align 8> as it has address taken, results will be incomplete 

Function _mev_rPbilog
  [UP] unprotected variable rcpp_result_gen while calling allocating function Rf_onintr mev/src/RcppExports.cpp:770
  [UP] allocating function Rcpp::internal::isLongjumpSentinel(SEXPREC*) may destroy its unprotected argument (rcpp_result_gen <arg 1>), which is later used. mev/src/RcppExports.cpp:772
  [UP] calling allocating function Rcpp::internal::isLongjumpSentinel(SEXPREC*) with a fresh pointer (rcpp_result_gen <arg 1>) mev/src/RcppExports.cpp:772
  [UP] allocating function Rf_inherits may destroy its unprotected argument (rcpp_result_gen <arg 1>), which is later used. mev/src/RcppExports.cpp:776
  [UP] calling allocating function Rf_inherits with a fresh pointer (rcpp_result_gen <arg 1>) mev/src/RcppExports.cpp:776
  [PB] has negative depth mev/src/RcppExports.cpp:782
  [UP] attempt to unprotect more items (1) than protected (0), results will be incomplete mev/src/RcppExports.cpp:782
  [PB] has possible protection stack imbalance mev/src/RcppExports.cpp:783

Function _mev_rPbilog_try(SEXPREC*, SEXPREC*, SEXPREC*)
  [UP] ignoring variable <unnamed var:   %17 = alloca %struct.SEXPREC*, align 8> as it has address taken, results will be incomplete 

Function _mev_rPdir
  [UP] unprotected variable rcpp_result_gen while calling allocating function Rf_onintr mev/src/RcppExports.cpp:1023
  [UP] allocating function Rcpp::internal::isLongjumpSentinel(SEXPREC*) may destroy its unprotected argument (rcpp_result_gen <arg 1>), which is later used. mev/src/RcppExports.cpp:1025
  [UP] calling allocating function Rcpp::internal::isLongjumpSentinel(SEXPREC*) with a fresh pointer (rcpp_result_gen <arg 1>) mev/src/RcppExports.cpp:1025
  [UP] allocating function Rf_inherits may destroy its unprotected argument (rcpp_result_gen <arg 1>), which is later used. mev/src/RcppExports.cpp:1029
  [UP] calling allocating function Rf_inherits with a fresh pointer (rcpp_result_gen <arg 1>) mev/src/RcppExports.cpp:1029
  [PB] has negative depth mev/src/RcppExports.cpp:1035
  [UP] attempt to unprotect more items (1) than protected (0), results will be incomplete mev/src/RcppExports.cpp:1035
  [PB] has possible protection stack imbalance mev/src/RcppExports.cpp:1036

Function _mev_rPdir_try(SEXPREC*, SEXPREC*, SEXPREC*, SEXPREC*)
  [UP] ignoring variable <unnamed var:   %20 = alloca %struct.SEXPREC*, align 8> as it has address taken, results will be incomplete 

Function _mev_rPdirmix
  [UP] unprotected variable rcpp_result_gen while calling allocating function Rf_onintr mev/src/RcppExports.cpp:734
  [UP] allocating function Rcpp::internal::isLongjumpSentinel(SEXPREC*) may destroy its unprotected argument (rcpp_result_gen <arg 1>), which is later used. mev/src/RcppExports.cpp:736
  [UP] calling allocating function Rcpp::internal::isLongjumpSentinel(SEXPREC*) with a fresh pointer (rcpp_result_gen <arg 1>) mev/src/RcppExports.cpp:736
  [UP] allocating function Rf_inherits may destroy its unprotected argument (rcpp_result_gen <arg 1>), which is later used. mev/src/RcppExports.cpp:740
  [UP] calling allocating function Rf_inherits with a fresh pointer (rcpp_result_gen <arg 1>) mev/src/RcppExports.cpp:740
  [PB] has negative depth mev/src/RcppExports.cpp:746
  [UP] attempt to unprotect more items (1) than protected (0), results will be incomplete mev/src/RcppExports.cpp:746
  [PB] has possible protection stack imbalance mev/src/RcppExports.cpp:747

Function _mev_rPdirmix_try(SEXPREC*, SEXPREC*, SEXPREC*, SEXPREC*)
  [UP] ignoring variable <unnamed var:   %20 = alloca %struct.SEXPREC*, align 8> as it has address taken, results will be incomplete 

Function _mev_rPexstud
  [UP] unprotected variable rcpp_result_gen while calling allocating function Rf_onintr mev/src/RcppExports.cpp:843
  [UP] allocating function Rcpp::internal::isLongjumpSentinel(SEXPREC*) may destroy its unprotected argument (rcpp_result_gen <arg 1>), which is later used. mev/src/RcppExports.cpp:845
  [UP] calling allocating function Rcpp::internal::isLongjumpSentinel(SEXPREC*) with a fresh pointer (rcpp_result_gen <arg 1>) mev/src/RcppExports.cpp:845
  [UP] allocating function Rf_inherits may destroy its unprotected argument (rcpp_result_gen <arg 1>), which is later used. mev/src/RcppExports.cpp:849
  [UP] calling allocating function Rf_inherits with a fresh pointer (rcpp_result_gen <arg 1>) mev/src/RcppExports.cpp:849
  [PB] has negative depth mev/src/RcppExports.cpp:855
  [UP] attempt to unprotect more items (1) than protected (0), results will be incomplete mev/src/RcppExports.cpp:855
  [PB] has possible protection stack imbalance mev/src/RcppExports.cpp:856

Function _mev_rPexstud_old
  [UP] unprotected variable rcpp_result_gen while calling allocating function Rf_onintr mev/src/RcppExports.cpp:806
  [UP] allocating function Rcpp::internal::isLongjumpSentinel(SEXPREC*) may destroy its unprotected argument (rcpp_result_gen <arg 1>), which is later used. mev/src/RcppExports.cpp:808
  [UP] calling allocating function Rcpp::internal::isLongjumpSentinel(SEXPREC*) with a fresh pointer (rcpp_result_gen <arg 1>) mev/src/RcppExports.cpp:808
  [UP] allocating function Rf_inherits may destroy its unprotected argument (rcpp_result_gen <arg 1>), which is later used. mev/src/RcppExports.cpp:812
  [UP] calling allocating function Rf_inherits with a fresh pointer (rcpp_result_gen <arg 1>) mev/src/RcppExports.cpp:812
  [PB] has negative depth mev/src/RcppExports.cpp:818
  [UP] attempt to unprotect more items (1) than protected (0), results will be incomplete mev/src/RcppExports.cpp:818
  [PB] has possible protection stack imbalance mev/src/RcppExports.cpp:819

Function _mev_rPexstud_old_try(SEXPREC*, SEXPREC*, SEXPREC*)
  [UP] ignoring variable <unnamed var:   %17 = alloca %struct.SEXPREC*, align 8> as it has address taken, results will be incomplete 

Function _mev_rPexstud_try(SEXPREC*, SEXPREC*, SEXPREC*, SEXPREC*)
  [UP] ignoring variable <unnamed var:   %20 = alloca %struct.SEXPREC*, align 8> as it has address taken, results will be incomplete 

Function _mev_rPlog
  [UP] unprotected variable rcpp_result_gen while calling allocating function Rf_onintr mev/src/RcppExports.cpp:661
  [UP] allocating function Rcpp::internal::isLongjumpSentinel(SEXPREC*) may destroy its unprotected argument (rcpp_result_gen <arg 1>), which is later used. mev/src/RcppExports.cpp:663
  [UP] calling allocating function Rcpp::internal::isLongjumpSentinel(SEXPREC*) with a fresh pointer (rcpp_result_gen <arg 1>) mev/src/RcppExports.cpp:663
  [UP] allocating function Rf_inherits may destroy its unprotected argument (rcpp_result_gen <arg 1>), which is later used. mev/src/RcppExports.cpp:667
  [UP] calling allocating function Rf_inherits with a fresh pointer (rcpp_result_gen <arg 1>) mev/src/RcppExports.cpp:667
  [PB] has negative depth mev/src/RcppExports.cpp:673
  [UP] attempt to unprotect more items (1) than protected (0), results will be incomplete mev/src/RcppExports.cpp:673
  [PB] has possible protection stack imbalance mev/src/RcppExports.cpp:674

Function _mev_rPlog_try(SEXPREC*, SEXPREC*, SEXPREC*)
  [UP] ignoring variable <unnamed var:   %17 = alloca %struct.SEXPREC*, align 8> as it has address taken, results will be incomplete 

Function _mev_rPneglog
  [UP] unprotected variable rcpp_result_gen while calling allocating function Rf_onintr mev/src/RcppExports.cpp:697
  [UP] allocating function Rcpp::internal::isLongjumpSentinel(SEXPREC*) may destroy its unprotected argument (rcpp_result_gen <arg 1>), which is later used. mev/src/RcppExports.cpp:699
  [UP] calling allocating function Rcpp::internal::isLongjumpSentinel(SEXPREC*) with a fresh pointer (rcpp_result_gen <arg 1>) mev/src/RcppExports.cpp:699
  [UP] allocating function Rf_inherits may destroy its unprotected argument (rcpp_result_gen <arg 1>), which is later used. mev/src/RcppExports.cpp:703
  [UP] calling allocating function Rf_inherits with a fresh pointer (rcpp_result_gen <arg 1>) mev/src/RcppExports.cpp:703
  [PB] has negative depth mev/src/RcppExports.cpp:709
  [UP] attempt to unprotect more items (1) than protected (0), results will be incomplete mev/src/RcppExports.cpp:709
  [PB] has possible protection stack imbalance mev/src/RcppExports.cpp:710

Function _mev_rPneglog_try(SEXPREC*, SEXPREC*, SEXPREC*)
  [UP] ignoring variable <unnamed var:   %17 = alloca %struct.SEXPREC*, align 8> as it has address taken, results will be incomplete 

Function _mev_rPsite
  [UP] unprotected variable rcpp_result_gen while calling allocating function Rf_onintr mev/src/RcppExports.cpp:1692
  [UP] allocating function Rcpp::internal::isLongjumpSentinel(SEXPREC*) may destroy its unprotected argument (rcpp_result_gen <arg 1>), which is later used. mev/src/RcppExports.cpp:1694
  [UP] calling allocating function Rcpp::internal::isLongjumpSentinel(SEXPREC*) with a fresh pointer (rcpp_result_gen <arg 1>) mev/src/RcppExports.cpp:1694
  [UP] allocating function Rf_inherits may destroy its unprotected argument (rcpp_result_gen <arg 1>), which is later used. mev/src/RcppExports.cpp:1698
  [UP] calling allocating function Rf_inherits with a fresh pointer (rcpp_result_gen <arg 1>) mev/src/RcppExports.cpp:1698
  [PB] has negative depth mev/src/RcppExports.cpp:1704
  [UP] attempt to unprotect more items (1) than protected (0), results will be incomplete mev/src/RcppExports.cpp:1704
  [PB] has possible protection stack imbalance mev/src/RcppExports.cpp:1705

Function _mev_rPsite_try(SEXPREC*, SEXPREC*, SEXPREC*, SEXPREC*, SEXPREC*, SEXPREC*, SEXPREC*)
  [UP] ignoring variable <unnamed var:   %29 = alloca %struct.SEXPREC*, align 8> as it has address taken, results will be incomplete 

Function _mev_rbilogspec
  [UP] unprotected variable rcpp_result_gen while calling allocating function Rf_onintr mev/src/RcppExports.cpp:1167
  [UP] allocating function Rcpp::internal::isLongjumpSentinel(SEXPREC*) may destroy its unprotected argument (rcpp_result_gen <arg 1>), which is later used. mev/src/RcppExports.cpp:1169
  [UP] calling allocating function Rcpp::internal::isLongjumpSentinel(SEXPREC*) with a fresh pointer (rcpp_result_gen <arg 1>) mev/src/RcppExports.cpp:1169
  [UP] allocating function Rf_inherits may destroy its unprotected argument (rcpp_result_gen <arg 1>), which is later used. mev/src/RcppExports.cpp:1173
  [UP] calling allocating function Rf_inherits with a fresh pointer (rcpp_result_gen <arg 1>) mev/src/RcppExports.cpp:1173
  [PB] has negative depth mev/src/RcppExports.cpp:1179
  [UP] attempt to unprotect more items (1) than protected (0), results will be incomplete mev/src/RcppExports.cpp:1179
  [PB] has possible protection stack imbalance mev/src/RcppExports.cpp:1180

Function _mev_rbilogspec_try(SEXPREC*, SEXPREC*)
  [UP] ignoring variable <unnamed var:   %14 = alloca %struct.SEXPREC*, align 8> as it has address taken, results will be incomplete 

Function _mev_rbrspec
  [UP] unprotected variable rcpp_result_gen while calling allocating function Rf_onintr mev/src/RcppExports.cpp:1274
  [UP] allocating function Rcpp::internal::isLongjumpSentinel(SEXPREC*) may destroy its unprotected argument (rcpp_result_gen <arg 1>), which is later used. mev/src/RcppExports.cpp:1276
  [UP] calling allocating function Rcpp::internal::isLongjumpSentinel(SEXPREC*) with a fresh pointer (rcpp_result_gen <arg 1>) mev/src/RcppExports.cpp:1276
  [UP] allocating function Rf_inherits may destroy its unprotected argument (rcpp_result_gen <arg 1>), which is later used. mev/src/RcppExports.cpp:1280
  [UP] calling allocating function Rf_inherits with a fresh pointer (rcpp_result_gen <arg 1>) mev/src/RcppExports.cpp:1280
  [PB] has negative depth mev/src/RcppExports.cpp:1286
  [UP] attempt to unprotect more items (1) than protected (0), results will be incomplete mev/src/RcppExports.cpp:1286
  [PB] has possible protection stack imbalance mev/src/RcppExports.cpp:1287

Function _mev_rbrspec_try(SEXPREC*, SEXPREC*, SEXPREC*)
  [UP] ignoring variable <unnamed var:   %17 = alloca %struct.SEXPREC*, align 8> as it has address taken, results will be incomplete 

Function _mev_rdir
  [UP] unprotected variable rcpp_result_gen while calling allocating function Rf_onintr mev/src/RcppExports.cpp:332
  [UP] allocating function Rcpp::internal::isLongjumpSentinel(SEXPREC*) may destroy its unprotected argument (rcpp_result_gen <arg 1>), which is later used. mev/src/RcppExports.cpp:334
  [UP] calling allocating function Rcpp::internal::isLongjumpSentinel(SEXPREC*) with a fresh pointer (rcpp_result_gen <arg 1>) mev/src/RcppExports.cpp:334
  [UP] allocating function Rf_inherits may destroy its unprotected argument (rcpp_result_gen <arg 1>), which is later used. mev/src/RcppExports.cpp:338
  [UP] calling allocating function Rf_inherits with a fresh pointer (rcpp_result_gen <arg 1>) mev/src/RcppExports.cpp:338
  [PB] has negative depth mev/src/RcppExports.cpp:344
  [UP] attempt to unprotect more items (1) than protected (0), results will be incomplete mev/src/RcppExports.cpp:344
  [PB] has possible protection stack imbalance mev/src/RcppExports.cpp:345

Function _mev_rdir_try(SEXPREC*, SEXPREC*, SEXPREC*)
  [UP] ignoring variable <unnamed var:   %17 = alloca %struct.SEXPREC*, align 8> as it has address taken, results will be incomplete 

Function _mev_rdirmixspec
  [UP] unprotected variable rcpp_result_gen while calling allocating function Rf_onintr mev/src/RcppExports.cpp:1132
  [UP] allocating function Rcpp::internal::isLongjumpSentinel(SEXPREC*) may destroy its unprotected argument (rcpp_result_gen <arg 1>), which is later used. mev/src/RcppExports.cpp:1134
  [UP] calling allocating function Rcpp::internal::isLongjumpSentinel(SEXPREC*) with a fresh pointer (rcpp_result_gen <arg 1>) mev/src/RcppExports.cpp:1134
  [UP] allocating function Rf_inherits may destroy its unprotected argument (rcpp_result_gen <arg 1>), which is later used. mev/src/RcppExports.cpp:1138
  [UP] calling allocating function Rf_inherits with a fresh pointer (rcpp_result_gen <arg 1>) mev/src/RcppExports.cpp:1138
  [PB] has negative depth mev/src/RcppExports.cpp:1144
  [UP] attempt to unprotect more items (1) than protected (0), results will be incomplete mev/src/RcppExports.cpp:1144
  [PB] has possible protection stack imbalance mev/src/RcppExports.cpp:1145

Function _mev_rdirmixspec_try(SEXPREC*, SEXPREC*, SEXPREC*, SEXPREC*)
  [UP] ignoring variable <unnamed var:   %20 = alloca %struct.SEXPREC*, align 8> as it has address taken, results will be incomplete 

Function _mev_rdirspec
  [UP] unprotected variable rcpp_result_gen while calling allocating function Rf_onintr mev/src/RcppExports.cpp:1347
  [UP] allocating function Rcpp::internal::isLongjumpSentinel(SEXPREC*) may destroy its unprotected argument (rcpp_result_gen <arg 1>), which is later used. mev/src/RcppExports.cpp:1349
  [UP] calling allocating function Rcpp::internal::isLongjumpSentinel(SEXPREC*) with a fresh pointer (rcpp_result_gen <arg 1>) mev/src/RcppExports.cpp:1349
  [UP] allocating function Rf_inherits may destroy its unprotected argument (rcpp_result_gen <arg 1>), which is later used. mev/src/RcppExports.cpp:1353
  [UP] calling allocating function Rf_inherits with a fresh pointer (rcpp_result_gen <arg 1>) mev/src/RcppExports.cpp:1353
  [PB] has negative depth mev/src/RcppExports.cpp:1359
  [UP] attempt to unprotect more items (1) than protected (0), results will be incomplete mev/src/RcppExports.cpp:1359
  [PB] has possible protection stack imbalance mev/src/RcppExports.cpp:1360

Function _mev_rdirspec_try(SEXPREC*, SEXPREC*, SEXPREC*, SEXPREC*)
  [UP] ignoring variable <unnamed var:   %20 = alloca %struct.SEXPREC*, align 8> as it has address taken, results will be incomplete 

Function _mev_rexstudspec
  [UP] unprotected variable rcpp_result_gen while calling allocating function Rf_onintr mev/src/RcppExports.cpp:1203
  [UP] allocating function Rcpp::internal::isLongjumpSentinel(SEXPREC*) may destroy its unprotected argument (rcpp_result_gen <arg 1>), which is later used. mev/src/RcppExports.cpp:1205
  [UP] calling allocating function Rcpp::internal::isLongjumpSentinel(SEXPREC*) with a fresh pointer (rcpp_result_gen <arg 1>) mev/src/RcppExports.cpp:1205
  [UP] allocating function Rf_inherits may destroy its unprotected argument (rcpp_result_gen <arg 1>), which is later used. mev/src/RcppExports.cpp:1209
  [UP] calling allocating function Rf_inherits with a fresh pointer (rcpp_result_gen <arg 1>) mev/src/RcppExports.cpp:1209
  [PB] has negative depth mev/src/RcppExports.cpp:1215
  [UP] attempt to unprotect more items (1) than protected (0), results will be incomplete mev/src/RcppExports.cpp:1215
  [PB] has possible protection stack imbalance mev/src/RcppExports.cpp:1216

Function _mev_rexstudspec_try(SEXPREC*, SEXPREC*, SEXPREC*)
  [UP] ignoring variable <unnamed var:   %17 = alloca %struct.SEXPREC*, align 8> as it has address taken, results will be incomplete 

Function _mev_rhrspec
  [UP] unprotected variable rcpp_result_gen while calling allocating function Rf_onintr mev/src/RcppExports.cpp:1238
  [UP] allocating function Rcpp::internal::isLongjumpSentinel(SEXPREC*) may destroy its unprotected argument (rcpp_result_gen <arg 1>), which is later used. mev/src/RcppExports.cpp:1240
  [UP] calling allocating function Rcpp::internal::isLongjumpSentinel(SEXPREC*) with a fresh pointer (rcpp_result_gen <arg 1>) mev/src/RcppExports.cpp:1240
  [UP] allocating function Rf_inherits may destroy its unprotected argument (rcpp_result_gen <arg 1>), which is later used. mev/src/RcppExports.cpp:1244
  [UP] calling allocating function Rf_inherits with a fresh pointer (rcpp_result_gen <arg 1>) mev/src/RcppExports.cpp:1244
  [PB] has negative depth mev/src/RcppExports.cpp:1250
  [UP] attempt to unprotect more items (1) than protected (0), results will be incomplete mev/src/RcppExports.cpp:1250
  [PB] has possible protection stack imbalance mev/src/RcppExports.cpp:1251

Function _mev_rhrspec_try(SEXPREC*, SEXPREC*)
  [UP] ignoring variable <unnamed var:   %14 = alloca %struct.SEXPREC*, align 8> as it has address taken, results will be incomplete 

Function _mev_rlogspec
  [UP] unprotected variable rcpp_result_gen while calling allocating function Rf_onintr mev/src/RcppExports.cpp:1059
  [UP] allocating function Rcpp::internal::isLongjumpSentinel(SEXPREC*) may destroy its unprotected argument (rcpp_result_gen <arg 1>), which is later used. mev/src/RcppExports.cpp:1061
  [UP] calling allocating function Rcpp::internal::isLongjumpSentinel(SEXPREC*) with a fresh pointer (rcpp_result_gen <arg 1>) mev/src/RcppExports.cpp:1061
  [UP] allocating function Rf_inherits may destroy its unprotected argument (rcpp_result_gen <arg 1>), which is later used. mev/src/RcppExports.cpp:1065
  [UP] calling allocating function Rf_inherits with a fresh pointer (rcpp_result_gen <arg 1>) mev/src/RcppExports.cpp:1065
  [PB] has negative depth mev/src/RcppExports.cpp:1071
  [UP] attempt to unprotect more items (1) than protected (0), results will be incomplete mev/src/RcppExports.cpp:1071
  [PB] has possible protection stack imbalance mev/src/RcppExports.cpp:1072

Function _mev_rlogspec_try(SEXPREC*, SEXPREC*, SEXPREC*)
  [UP] ignoring variable <unnamed var:   %17 = alloca %struct.SEXPREC*, align 8> as it has address taken, results will be incomplete 

Function _mev_rmevA1
  [UP] unprotected variable rcpp_result_gen while calling allocating function Rf_onintr mev/src/RcppExports.cpp:1534
  [UP] allocating function Rcpp::internal::isLongjumpSentinel(SEXPREC*) may destroy its unprotected argument (rcpp_result_gen <arg 1>), which is later used. mev/src/RcppExports.cpp:1536
  [UP] calling allocating function Rcpp::internal::isLongjumpSentinel(SEXPREC*) with a fresh pointer (rcpp_result_gen <arg 1>) mev/src/RcppExports.cpp:1536
  [UP] allocating function Rf_inherits may destroy its unprotected argument (rcpp_result_gen <arg 1>), which is later used. mev/src/RcppExports.cpp:1540
  [UP] calling allocating function Rf_inherits with a fresh pointer (rcpp_result_gen <arg 1>) mev/src/RcppExports.cpp:1540
  [PB] has negative depth mev/src/RcppExports.cpp:1546
  [UP] attempt to unprotect more items (1) than protected (0), results will be incomplete mev/src/RcppExports.cpp:1546
  [PB] has possible protection stack imbalance mev/src/RcppExports.cpp:1547

Function _mev_rmevA1_try(SEXPREC*, SEXPREC*, SEXPREC*, SEXPREC*, SEXPREC*, SEXPREC*)
  [UP] ignoring variable <unnamed var:   %26 = alloca %struct.SEXPREC*, align 8> as it has address taken, results will be incomplete 

Function _mev_rmevA2
  [UP] unprotected variable rcpp_result_gen while calling allocating function Rf_onintr mev/src/RcppExports.cpp:1573
  [UP] allocating function Rcpp::internal::isLongjumpSentinel(SEXPREC*) may destroy its unprotected argument (rcpp_result_gen <arg 1>), which is later used. mev/src/RcppExports.cpp:1575
  [UP] calling allocating function Rcpp::internal::isLongjumpSentinel(SEXPREC*) with a fresh pointer (rcpp_result_gen <arg 1>) mev/src/RcppExports.cpp:1575
  [UP] allocating function Rf_inherits may destroy its unprotected argument (rcpp_result_gen <arg 1>), which is later used. mev/src/RcppExports.cpp:1579
  [UP] calling allocating function Rf_inherits with a fresh pointer (rcpp_result_gen <arg 1>) mev/src/RcppExports.cpp:1579
  [PB] has negative depth mev/src/RcppExports.cpp:1585
  [UP] attempt to unprotect more items (1) than protected (0), results will be incomplete mev/src/RcppExports.cpp:1585
  [PB] has possible protection stack imbalance mev/src/RcppExports.cpp:1586

Function _mev_rmevA2_try(SEXPREC*, SEXPREC*, SEXPREC*, SEXPREC*, SEXPREC*, SEXPREC*)
  [UP] ignoring variable <unnamed var:   %26 = alloca %struct.SEXPREC*, align 8> as it has address taken, results will be incomplete 

Function _mev_rmevasy
  [UP] unprotected variable rcpp_result_gen while calling allocating function Rf_onintr mev/src/RcppExports.cpp:1652
  [UP] allocating function Rcpp::internal::isLongjumpSentinel(SEXPREC*) may destroy its unprotected argument (rcpp_result_gen <arg 1>), which is later used. mev/src/RcppExports.cpp:1654
  [UP] calling allocating function Rcpp::internal::isLongjumpSentinel(SEXPREC*) with a fresh pointer (rcpp_result_gen <arg 1>) mev/src/RcppExports.cpp:1654
  [UP] allocating function Rf_inherits may destroy its unprotected argument (rcpp_result_gen <arg 1>), which is later used. mev/src/RcppExports.cpp:1658
  [UP] calling allocating function Rf_inherits with a fresh pointer (rcpp_result_gen <arg 1>) mev/src/RcppExports.cpp:1658
  [PB] has negative depth mev/src/RcppExports.cpp:1664
  [UP] attempt to unprotect more items (1) than protected (0), results will be incomplete mev/src/RcppExports.cpp:1664
  [PB] has possible protection stack imbalance mev/src/RcppExports.cpp:1665

Function _mev_rmevasy_try(SEXPREC*, SEXPREC*, SEXPREC*, SEXPREC*, SEXPREC*, SEXPREC*, SEXPREC*)
  [UP] ignoring variable <unnamed var:   %29 = alloca %struct.SEXPREC*, align 8> as it has address taken, results will be incomplete 

Function _mev_rmevspec_cpp
  [UP] unprotected variable rcpp_result_gen while calling allocating function Rf_onintr mev/src/RcppExports.cpp:1612
  [UP] allocating function Rcpp::internal::isLongjumpSentinel(SEXPREC*) may destroy its unprotected argument (rcpp_result_gen <arg 1>), which is later used. mev/src/RcppExports.cpp:1614
  [UP] calling allocating function Rcpp::internal::isLongjumpSentinel(SEXPREC*) with a fresh pointer (rcpp_result_gen <arg 1>) mev/src/RcppExports.cpp:1614
  [UP] allocating function Rf_inherits may destroy its unprotected argument (rcpp_result_gen <arg 1>), which is later used. mev/src/RcppExports.cpp:1618
  [UP] calling allocating function Rf_inherits with a fresh pointer (rcpp_result_gen <arg 1>) mev/src/RcppExports.cpp:1618
  [PB] has negative depth mev/src/RcppExports.cpp:1624
  [UP] attempt to unprotect more items (1) than protected (0), results will be incomplete mev/src/RcppExports.cpp:1624
  [PB] has possible protection stack imbalance mev/src/RcppExports.cpp:1625

Function _mev_rmevspec_cpp_try(SEXPREC*, SEXPREC*, SEXPREC*, SEXPREC*, SEXPREC*, SEXPREC*)
  [UP] ignoring variable <unnamed var:   %26 = alloca %struct.SEXPREC*, align 8> as it has address taken, results will be incomplete 

Function _mev_rmnorm
  [UP] unprotected variable rcpp_result_gen while calling allocating function Rf_onintr mev/src/RcppExports.cpp:368
  [UP] allocating function Rcpp::internal::isLongjumpSentinel(SEXPREC*) may destroy its unprotected argument (rcpp_result_gen <arg 1>), which is later used. mev/src/RcppExports.cpp:370
  [UP] calling allocating function Rcpp::internal::isLongjumpSentinel(SEXPREC*) with a fresh pointer (rcpp_result_gen <arg 1>) mev/src/RcppExports.cpp:370
  [UP] allocating function Rf_inherits may destroy its unprotected argument (rcpp_result_gen <arg 1>), which is later used. mev/src/RcppExports.cpp:374
  [UP] calling allocating function Rf_inherits with a fresh pointer (rcpp_result_gen <arg 1>) mev/src/RcppExports.cpp:374
  [PB] has negative depth mev/src/RcppExports.cpp:380
  [UP] attempt to unprotect more items (1) than protected (0), results will be incomplete mev/src/RcppExports.cpp:380
  [PB] has possible protection stack imbalance mev/src/RcppExports.cpp:381

Function _mev_rmnorm_arma
  [UP] unprotected variable rcpp_result_gen while calling allocating function Rf_onintr mev/src/RcppExports.cpp:441
  [UP] allocating function Rcpp::internal::isLongjumpSentinel(SEXPREC*) may destroy its unprotected argument (rcpp_result_gen <arg 1>), which is later used. mev/src/RcppExports.cpp:443
  [UP] calling allocating function Rcpp::internal::isLongjumpSentinel(SEXPREC*) with a fresh pointer (rcpp_result_gen <arg 1>) mev/src/RcppExports.cpp:443
  [UP] allocating function Rf_inherits may destroy its unprotected argument (rcpp_result_gen <arg 1>), which is later used. mev/src/RcppExports.cpp:447
  [UP] calling allocating function Rf_inherits with a fresh pointer (rcpp_result_gen <arg 1>) mev/src/RcppExports.cpp:447
  [PB] has negative depth mev/src/RcppExports.cpp:453
  [UP] attempt to unprotect more items (1) than protected (0), results will be incomplete mev/src/RcppExports.cpp:453
  [PB] has possible protection stack imbalance mev/src/RcppExports.cpp:454

Function _mev_rmnorm_arma_try(SEXPREC*, SEXPREC*, SEXPREC*, SEXPREC*)
  [UP] ignoring variable <unnamed var:   %20 = alloca %struct.SEXPREC*, align 8> as it has address taken, results will be incomplete 

Function _mev_rmnorm_chol
  [UP] unprotected variable rcpp_result_gen while calling allocating function Rf_onintr mev/src/RcppExports.cpp:404
  [UP] allocating function Rcpp::internal::isLongjumpSentinel(SEXPREC*) may destroy its unprotected argument (rcpp_result_gen <arg 1>), which is later used. mev/src/RcppExports.cpp:406
  [UP] calling allocating function Rcpp::internal::isLongjumpSentinel(SEXPREC*) with a fresh pointer (rcpp_result_gen <arg 1>) mev/src/RcppExports.cpp:406
  [UP] allocating function Rf_inherits may destroy its unprotected argument (rcpp_result_gen <arg 1>), which is later used. mev/src/RcppExports.cpp:410
  [UP] calling allocating function Rf_inherits with a fresh pointer (rcpp_result_gen <arg 1>) mev/src/RcppExports.cpp:410
  [PB] has negative depth mev/src/RcppExports.cpp:416
  [UP] attempt to unprotect more items (1) than protected (0), results will be incomplete mev/src/RcppExports.cpp:416
  [PB] has possible protection stack imbalance mev/src/RcppExports.cpp:417

Function _mev_rmnorm_chol_arma
  [UP] unprotected variable rcpp_result_gen while calling allocating function Rf_onintr mev/src/RcppExports.cpp:477
  [UP] allocating function Rcpp::internal::isLongjumpSentinel(SEXPREC*) may destroy its unprotected argument (rcpp_result_gen <arg 1>), which is later used. mev/src/RcppExports.cpp:479
  [UP] calling allocating function Rcpp::internal::isLongjumpSentinel(SEXPREC*) with a fresh pointer (rcpp_result_gen <arg 1>) mev/src/RcppExports.cpp:479
  [UP] allocating function Rf_inherits may destroy its unprotected argument (rcpp_result_gen <arg 1>), which is later used. mev/src/RcppExports.cpp:483
  [UP] calling allocating function Rf_inherits with a fresh pointer (rcpp_result_gen <arg 1>) mev/src/RcppExports.cpp:483
  [PB] has negative depth mev/src/RcppExports.cpp:489
  [UP] attempt to unprotect more items (1) than protected (0), results will be incomplete mev/src/RcppExports.cpp:489
  [PB] has possible protection stack imbalance mev/src/RcppExports.cpp:490

Function _mev_rmnorm_chol_arma_try(SEXPREC*, SEXPREC*, SEXPREC*)
  [UP] ignoring variable <unnamed var:   %17 = alloca %struct.SEXPREC*, align 8> as it has address taken, results will be incomplete 

Function _mev_rmnorm_chol_try(SEXPREC*, SEXPREC*, SEXPREC*)
  [UP] ignoring variable <unnamed var:   %17 = alloca %struct.SEXPREC*, align 8> as it has address taken, results will be incomplete 

Function _mev_rmnorm_try(SEXPREC*, SEXPREC*, SEXPREC*)
  [UP] ignoring variable <unnamed var:   %17 = alloca %struct.SEXPREC*, align 8> as it has address taken, results will be incomplete 

Function _mev_rneglogspec
  [UP] unprotected variable rcpp_result_gen while calling allocating function Rf_onintr mev/src/RcppExports.cpp:1095
  [UP] allocating function Rcpp::internal::isLongjumpSentinel(SEXPREC*) may destroy its unprotected argument (rcpp_result_gen <arg 1>), which is later used. mev/src/RcppExports.cpp:1097
  [UP] calling allocating function Rcpp::internal::isLongjumpSentinel(SEXPREC*) with a fresh pointer (rcpp_result_gen <arg 1>) mev/src/RcppExports.cpp:1097
  [UP] allocating function Rf_inherits may destroy its unprotected argument (rcpp_result_gen <arg 1>), which is later used. mev/src/RcppExports.cpp:1101
  [UP] calling allocating function Rf_inherits with a fresh pointer (rcpp_result_gen <arg 1>) mev/src/RcppExports.cpp:1101
  [PB] has negative depth mev/src/RcppExports.cpp:1107
  [UP] attempt to unprotect more items (1) than protected (0), results will be incomplete mev/src/RcppExports.cpp:1107
  [PB] has possible protection stack imbalance mev/src/RcppExports.cpp:1108

Function _mev_rneglogspec_try(SEXPREC*, SEXPREC*, SEXPREC*)
  [UP] ignoring variable <unnamed var:   %17 = alloca %struct.SEXPREC*, align 8> as it has address taken, results will be incomplete 

Function _mev_rpairbetaspec
  [UP] unprotected variable rcpp_result_gen while calling allocating function Rf_onintr mev/src/RcppExports.cpp:1384
  [UP] allocating function Rcpp::internal::isLongjumpSentinel(SEXPREC*) may destroy its unprotected argument (rcpp_result_gen <arg 1>), which is later used. mev/src/RcppExports.cpp:1386
  [UP] calling allocating function Rcpp::internal::isLongjumpSentinel(SEXPREC*) with a fresh pointer (rcpp_result_gen <arg 1>) mev/src/RcppExports.cpp:1386
  [UP] allocating function Rf_inherits may destroy its unprotected argument (rcpp_result_gen <arg 1>), which is later used. mev/src/RcppExports.cpp:1390
  [UP] calling allocating function Rf_inherits with a fresh pointer (rcpp_result_gen <arg 1>) mev/src/RcppExports.cpp:1390
  [PB] has negative depth mev/src/RcppExports.cpp:1396
  [UP] attempt to unprotect more items (1) than protected (0), results will be incomplete mev/src/RcppExports.cpp:1396
  [PB] has possible protection stack imbalance mev/src/RcppExports.cpp:1397

Function _mev_rpairbetaspec_try(SEXPREC*, SEXPREC*, SEXPREC*, SEXPREC*)
  [UP] ignoring variable <unnamed var:   %20 = alloca %struct.SEXPREC*, align 8> as it has address taken, results will be incomplete 

Function _mev_rpairexpspec
  [UP] unprotected variable rcpp_result_gen while calling allocating function Rf_onintr mev/src/RcppExports.cpp:1421
  [UP] allocating function Rcpp::internal::isLongjumpSentinel(SEXPREC*) may destroy its unprotected argument (rcpp_result_gen <arg 1>), which is later used. mev/src/RcppExports.cpp:1423
  [UP] calling allocating function Rcpp::internal::isLongjumpSentinel(SEXPREC*) with a fresh pointer (rcpp_result_gen <arg 1>) mev/src/RcppExports.cpp:1423
  [UP] allocating function Rf_inherits may destroy its unprotected argument (rcpp_result_gen <arg 1>), which is later used. mev/src/RcppExports.cpp:1427
  [UP] calling allocating function Rf_inherits with a fresh pointer (rcpp_result_gen <arg 1>) mev/src/RcppExports.cpp:1427
  [PB] has negative depth mev/src/RcppExports.cpp:1433
  [UP] attempt to unprotect more items (1) than protected (0), results will be incomplete mev/src/RcppExports.cpp:1433
  [PB] has possible protection stack imbalance mev/src/RcppExports.cpp:1434

Function _mev_rpairexpspec_try(SEXPREC*, SEXPREC*, SEXPREC*, SEXPREC*)
  [UP] ignoring variable <unnamed var:   %20 = alloca %struct.SEXPREC*, align 8> as it has address taken, results will be incomplete 

Function _mev_rsmithspec
  [UP] unprotected variable rcpp_result_gen while calling allocating function Rf_onintr mev/src/RcppExports.cpp:1310
  [UP] allocating function Rcpp::internal::isLongjumpSentinel(SEXPREC*) may destroy its unprotected argument (rcpp_result_gen <arg 1>), which is later used. mev/src/RcppExports.cpp:1312
  [UP] calling allocating function Rcpp::internal::isLongjumpSentinel(SEXPREC*) with a fresh pointer (rcpp_result_gen <arg 1>) mev/src/RcppExports.cpp:1312
  [UP] allocating function Rf_inherits may destroy its unprotected argument (rcpp_result_gen <arg 1>), which is later used. mev/src/RcppExports.cpp:1316
  [UP] calling allocating function Rf_inherits with a fresh pointer (rcpp_result_gen <arg 1>) mev/src/RcppExports.cpp:1316
  [PB] has negative depth mev/src/RcppExports.cpp:1322
  [UP] attempt to unprotect more items (1) than protected (0), results will be incomplete mev/src/RcppExports.cpp:1322
  [PB] has possible protection stack imbalance mev/src/RcppExports.cpp:1323

Function _mev_rsmithspec_try(SEXPREC*, SEXPREC*, SEXPREC*)
  [UP] ignoring variable <unnamed var:   %17 = alloca %struct.SEXPREC*, align 8> as it has address taken, results will be incomplete 

Function _mev_rwdirbsspec
  [UP] unprotected variable rcpp_result_gen while calling allocating function Rf_onintr mev/src/RcppExports.cpp:1458
  [UP] allocating function Rcpp::internal::isLongjumpSentinel(SEXPREC*) may destroy its unprotected argument (rcpp_result_gen <arg 1>), which is later used. mev/src/RcppExports.cpp:1460
  [UP] calling allocating function Rcpp::internal::isLongjumpSentinel(SEXPREC*) with a fresh pointer (rcpp_result_gen <arg 1>) mev/src/RcppExports.cpp:1460
  [UP] allocating function Rf_inherits may destroy its unprotected argument (rcpp_result_gen <arg 1>), which is later used. mev/src/RcppExports.cpp:1464
  [UP] calling allocating function Rf_inherits with a fresh pointer (rcpp_result_gen <arg 1>) mev/src/RcppExports.cpp:1464
  [PB] has negative depth mev/src/RcppExports.cpp:1470
  [UP] attempt to unprotect more items (1) than protected (0), results will be incomplete mev/src/RcppExports.cpp:1470
  [PB] has possible protection stack imbalance mev/src/RcppExports.cpp:1471

Function _mev_rwdirbsspec_try(SEXPREC*, SEXPREC*, SEXPREC*, SEXPREC*)
  [UP] ignoring variable <unnamed var:   %20 = alloca %struct.SEXPREC*, align 8> as it has address taken, results will be incomplete 

Function _mev_rwexpbsspec
  [UP] unprotected variable rcpp_result_gen while calling allocating function Rf_onintr mev/src/RcppExports.cpp:1495
  [UP] allocating function Rcpp::internal::isLongjumpSentinel(SEXPREC*) may destroy its unprotected argument (rcpp_result_gen <arg 1>), which is later used. mev/src/RcppExports.cpp:1497
  [UP] calling allocating function Rcpp::internal::isLongjumpSentinel(SEXPREC*) with a fresh pointer (rcpp_result_gen <arg 1>) mev/src/RcppExports.cpp:1497
  [UP] allocating function Rf_inherits may destroy its unprotected argument (rcpp_result_gen <arg 1>), which is later used. mev/src/RcppExports.cpp:1501
  [UP] calling allocating function Rf_inherits with a fresh pointer (rcpp_result_gen <arg 1>) mev/src/RcppExports.cpp:1501
  [PB] has negative depth mev/src/RcppExports.cpp:1507
  [UP] attempt to unprotect more items (1) than protected (0), results will be incomplete mev/src/RcppExports.cpp:1507
  [PB] has possible protection stack imbalance mev/src/RcppExports.cpp:1508

Function _mev_rwexpbsspec_try(SEXPREC*, SEXPREC*, SEXPREC*, SEXPREC*)
  [UP] ignoring variable <unnamed var:   %20 = alloca %struct.SEXPREC*, align 8> as it has address taken, results will be incomplete 
