Package miceadds version 3.19-16
Package built using 89625/R 4.6.0; x86_64-pc-linux-gnu; 2026-03-16 04:29:28 UTC; unix   
Checked with rchk version 35618ebbccf3cd0b45a3530e6303970a22a9056b LLVM version 14.0.6
More information at https://github.com/kalibera/cran-checks/blob/master/rchk/PROTECT.md
For rchk in docker image see https://github.com/kalibera/rchk/blob/master/doc/DOCKER.md


Function Rcpp::Armor<SEXPREC*>::init(SEXPREC*)
  [PB] has possible protection stack imbalance Rcpp/include/Rcpp/protection/Armor.h:47

Function Rcpp::Armor<SEXPREC*>::~Armor()
  [PB] has negative depth Rcpp/include/Rcpp/protection/Armor.h:41
  [UP] attempt to unprotect more items (1) than protected (0), results will be incomplete Rcpp/include/Rcpp/protection/Armor.h:41
  [PB] has possible protection stack imbalance Rcpp/include/Rcpp/protection/Armor.h:42

Function Rcpp::Rcpp_protect(SEXPREC*)
  [PB] has possible protection stack imbalance Rcpp/include/Rcpp/protection/Shield.h:25

Function Rcpp::Rcpp_unprotect(int)
  [PB] has an unsupported form of unprotect with a variable results will be incomplete Rcpp/include/Rcpp/protection/Shield.h:31
  [UP] unsupported form of unprotect, unprotecting all variables, results will be incomplete Rcpp/include/Rcpp/protection/Shield.h:31

Function Rcpp::Vector<13, Rcpp::PreserveStorage> Rcpp::sample<13>(Rcpp::Vector<13, Rcpp::PreserveStorage> const&, int, bool, Rcpp::Nullable<Rcpp::Vector<14, Rcpp::PreserveStorage> >)
  [UP] ignoring variable <unnamed var:   %14 = alloca %struct.SEXPREC*, align 8> as it has address taken, results will be incomplete 

Function Rcpp::internal::convert_using_rfunction(SEXPREC*, char const*)
  [UP] ignoring variable <unnamed var:   %10 = alloca %struct.SEXPREC*, align 8> as it has address taken, results will be incomplete 

Function _miceadds_kernelpls_1dim_C
  [UP] ignoring variable <unnamed var:   %18 = alloca %struct.SEXPREC*, align 8> as it has address taken, results will be incomplete 

Function _miceadds_kernelplsaux
  [UP] ignoring variable <unnamed var:   %18 = alloca %struct.SEXPREC*, align 8> as it has address taken, results will be incomplete 

Function _miceadds_miceadds_rcpp_arma2vec
  [UP] unprotected variable rcpp_result_gen while calling allocating function Rf_onintr miceadds/src/RcppExports.cpp:361
  [UP] allocating function Rcpp::internal::isLongjumpSentinel(SEXPREC*) may destroy its unprotected argument (rcpp_result_gen <arg 1>), which is later used. miceadds/src/RcppExports.cpp:363
  [UP] calling allocating function Rcpp::internal::isLongjumpSentinel(SEXPREC*) with a fresh pointer (rcpp_result_gen <arg 1>) miceadds/src/RcppExports.cpp:363
  [UP] allocating function Rf_inherits may destroy its unprotected argument (rcpp_result_gen <arg 1>), which is later used. miceadds/src/RcppExports.cpp:367
  [UP] calling allocating function Rf_inherits with a fresh pointer (rcpp_result_gen <arg 1>) miceadds/src/RcppExports.cpp:367
  [PB] has negative depth miceadds/src/RcppExports.cpp:373
  [UP] attempt to unprotect more items (1) than protected (0), results will be incomplete miceadds/src/RcppExports.cpp:373
  [PB] has possible protection stack imbalance miceadds/src/RcppExports.cpp:374

Function _miceadds_miceadds_rcpp_arma2vec_try(SEXPREC*)
  [UP] ignoring variable <unnamed var:   %11 = alloca %struct.SEXPREC*, align 8> as it has address taken, results will be incomplete 

Function _miceadds_miceadds_rcpp_arma_chol_ridge
  [UP] unprotected variable rcpp_result_gen while calling allocating function Rf_onintr miceadds/src/RcppExports.cpp:145
  [UP] allocating function Rcpp::internal::isLongjumpSentinel(SEXPREC*) may destroy its unprotected argument (rcpp_result_gen <arg 1>), which is later used. miceadds/src/RcppExports.cpp:147
  [UP] calling allocating function Rcpp::internal::isLongjumpSentinel(SEXPREC*) with a fresh pointer (rcpp_result_gen <arg 1>) miceadds/src/RcppExports.cpp:147
  [UP] allocating function Rf_inherits may destroy its unprotected argument (rcpp_result_gen <arg 1>), which is later used. miceadds/src/RcppExports.cpp:151
  [UP] calling allocating function Rf_inherits with a fresh pointer (rcpp_result_gen <arg 1>) miceadds/src/RcppExports.cpp:151
  [PB] has negative depth miceadds/src/RcppExports.cpp:157
  [UP] attempt to unprotect more items (1) than protected (0), results will be incomplete miceadds/src/RcppExports.cpp:157
  [PB] has possible protection stack imbalance miceadds/src/RcppExports.cpp:158

Function _miceadds_miceadds_rcpp_arma_chol_ridge_try(SEXPREC*, SEXPREC*)
  [UP] ignoring variable <unnamed var:   %14 = alloca %struct.SEXPREC*, align 8> as it has address taken, results will be incomplete 

Function _miceadds_miceadds_rcpp_create_interactions
  [UP] ignoring variable <unnamed var:   %33 = alloca %struct.SEXPREC*, align 8> as it has address taken, results will be incomplete 

Function _miceadds_miceadds_rcpp_crossprod_one_matrix
  [UP] unprotected variable rcpp_result_gen while calling allocating function Rf_onintr miceadds/src/RcppExports.cpp:887
  [UP] allocating function Rcpp::internal::isLongjumpSentinel(SEXPREC*) may destroy its unprotected argument (rcpp_result_gen <arg 1>), which is later used. miceadds/src/RcppExports.cpp:889
  [UP] calling allocating function Rcpp::internal::isLongjumpSentinel(SEXPREC*) with a fresh pointer (rcpp_result_gen <arg 1>) miceadds/src/RcppExports.cpp:889
  [UP] allocating function Rf_inherits may destroy its unprotected argument (rcpp_result_gen <arg 1>), which is later used. miceadds/src/RcppExports.cpp:893
  [UP] calling allocating function Rf_inherits with a fresh pointer (rcpp_result_gen <arg 1>) miceadds/src/RcppExports.cpp:893
  [PB] has negative depth miceadds/src/RcppExports.cpp:899
  [UP] attempt to unprotect more items (1) than protected (0), results will be incomplete miceadds/src/RcppExports.cpp:899
  [PB] has possible protection stack imbalance miceadds/src/RcppExports.cpp:900

Function _miceadds_miceadds_rcpp_crossprod_one_matrix_try(SEXPREC*)
  [UP] ignoring variable <unnamed var:   %11 = alloca %struct.SEXPREC*, align 8> as it has address taken, results will be incomplete 

Function _miceadds_miceadds_rcpp_impute_pmm6
  [UP] ignoring variable <unnamed var:   %27 = alloca %struct.SEXPREC*, align 8> as it has address taken, results will be incomplete 

Function _miceadds_miceadds_rcpp_ml_mcmc_compute_xtx
  [UP] unprotected variable rcpp_result_gen while calling allocating function Rf_onintr miceadds/src/RcppExports.cpp:506
  [UP] allocating function Rcpp::internal::isLongjumpSentinel(SEXPREC*) may destroy its unprotected argument (rcpp_result_gen <arg 1>), which is later used. miceadds/src/RcppExports.cpp:508
  [UP] calling allocating function Rcpp::internal::isLongjumpSentinel(SEXPREC*) with a fresh pointer (rcpp_result_gen <arg 1>) miceadds/src/RcppExports.cpp:508
  [UP] allocating function Rf_inherits may destroy its unprotected argument (rcpp_result_gen <arg 1>), which is later used. miceadds/src/RcppExports.cpp:512
  [UP] calling allocating function Rf_inherits with a fresh pointer (rcpp_result_gen <arg 1>) miceadds/src/RcppExports.cpp:512
  [PB] has negative depth miceadds/src/RcppExports.cpp:518
  [UP] attempt to unprotect more items (1) than protected (0), results will be incomplete miceadds/src/RcppExports.cpp:518
  [PB] has possible protection stack imbalance miceadds/src/RcppExports.cpp:519

Function _miceadds_miceadds_rcpp_ml_mcmc_compute_xtx_try(SEXPREC*)
  [UP] ignoring variable <unnamed var:   %11 = alloca %struct.SEXPREC*, align 8> as it has address taken, results will be incomplete 

Function _miceadds_miceadds_rcpp_ml_mcmc_compute_ztz
  [UP] unprotected variable rcpp_result_gen while calling allocating function Rf_onintr miceadds/src/RcppExports.cpp:542
  [UP] allocating function Rcpp::internal::isLongjumpSentinel(SEXPREC*) may destroy its unprotected argument (rcpp_result_gen <arg 1>), which is later used. miceadds/src/RcppExports.cpp:544
  [UP] calling allocating function Rcpp::internal::isLongjumpSentinel(SEXPREC*) with a fresh pointer (rcpp_result_gen <arg 1>) miceadds/src/RcppExports.cpp:544
  [UP] allocating function Rf_inherits may destroy its unprotected argument (rcpp_result_gen <arg 1>), which is later used. miceadds/src/RcppExports.cpp:548
  [UP] calling allocating function Rf_inherits with a fresh pointer (rcpp_result_gen <arg 1>) miceadds/src/RcppExports.cpp:548
  [PB] has negative depth miceadds/src/RcppExports.cpp:554
  [UP] attempt to unprotect more items (1) than protected (0), results will be incomplete miceadds/src/RcppExports.cpp:554
  [PB] has possible protection stack imbalance miceadds/src/RcppExports.cpp:555

Function _miceadds_miceadds_rcpp_ml_mcmc_compute_ztz_try(SEXPREC*, SEXPREC*, SEXPREC*)
  [UP] ignoring variable <unnamed var:   %17 = alloca %struct.SEXPREC*, align 8> as it has address taken, results will be incomplete 

Function _miceadds_miceadds_rcpp_ml_mcmc_predict_fixed
  [UP] unprotected variable rcpp_result_gen while calling allocating function Rf_onintr miceadds/src/RcppExports.cpp:577
  [UP] allocating function Rcpp::internal::isLongjumpSentinel(SEXPREC*) may destroy its unprotected argument (rcpp_result_gen <arg 1>), which is later used. miceadds/src/RcppExports.cpp:579
  [UP] calling allocating function Rcpp::internal::isLongjumpSentinel(SEXPREC*) with a fresh pointer (rcpp_result_gen <arg 1>) miceadds/src/RcppExports.cpp:579
  [UP] allocating function Rf_inherits may destroy its unprotected argument (rcpp_result_gen <arg 1>), which is later used. miceadds/src/RcppExports.cpp:583
  [UP] calling allocating function Rf_inherits with a fresh pointer (rcpp_result_gen <arg 1>) miceadds/src/RcppExports.cpp:583
  [PB] has negative depth miceadds/src/RcppExports.cpp:589
  [UP] attempt to unprotect more items (1) than protected (0), results will be incomplete miceadds/src/RcppExports.cpp:589
  [PB] has possible protection stack imbalance miceadds/src/RcppExports.cpp:590

Function _miceadds_miceadds_rcpp_ml_mcmc_predict_fixed_random
  [UP] unprotected variable rcpp_result_gen while calling allocating function Rf_onintr miceadds/src/RcppExports.cpp:726
  [UP] allocating function Rcpp::internal::isLongjumpSentinel(SEXPREC*) may destroy its unprotected argument (rcpp_result_gen <arg 1>), which is later used. miceadds/src/RcppExports.cpp:728
  [UP] calling allocating function Rcpp::internal::isLongjumpSentinel(SEXPREC*) with a fresh pointer (rcpp_result_gen <arg 1>) miceadds/src/RcppExports.cpp:728
  [UP] allocating function Rf_inherits may destroy its unprotected argument (rcpp_result_gen <arg 1>), which is later used. miceadds/src/RcppExports.cpp:732
  [UP] calling allocating function Rf_inherits with a fresh pointer (rcpp_result_gen <arg 1>) miceadds/src/RcppExports.cpp:732
  [PB] has negative depth miceadds/src/RcppExports.cpp:738
  [UP] attempt to unprotect more items (1) than protected (0), results will be incomplete miceadds/src/RcppExports.cpp:738
  [PB] has possible protection stack imbalance miceadds/src/RcppExports.cpp:739

Function _miceadds_miceadds_rcpp_ml_mcmc_predict_fixed_random_try(SEXPREC*, SEXPREC*, SEXPREC*, SEXPREC*, SEXPREC*, SEXPREC*)
  [UP] ignoring variable <unnamed var:   %26 = alloca %struct.SEXPREC*, align 8> as it has address taken, results will be incomplete 

Function _miceadds_miceadds_rcpp_ml_mcmc_predict_fixed_try(SEXPREC*, SEXPREC*)
  [UP] ignoring variable <unnamed var:   %14 = alloca %struct.SEXPREC*, align 8> as it has address taken, results will be incomplete 

Function _miceadds_miceadds_rcpp_ml_mcmc_predict_random
  [UP] unprotected variable rcpp_result_gen while calling allocating function Rf_onintr miceadds/src/RcppExports.cpp:649
  [UP] allocating function Rcpp::internal::isLongjumpSentinel(SEXPREC*) may destroy its unprotected argument (rcpp_result_gen <arg 1>), which is later used. miceadds/src/RcppExports.cpp:651
  [UP] calling allocating function Rcpp::internal::isLongjumpSentinel(SEXPREC*) with a fresh pointer (rcpp_result_gen <arg 1>) miceadds/src/RcppExports.cpp:651
  [UP] allocating function Rf_inherits may destroy its unprotected argument (rcpp_result_gen <arg 1>), which is later used. miceadds/src/RcppExports.cpp:655
  [UP] calling allocating function Rf_inherits with a fresh pointer (rcpp_result_gen <arg 1>) miceadds/src/RcppExports.cpp:655
  [PB] has negative depth miceadds/src/RcppExports.cpp:661
  [UP] attempt to unprotect more items (1) than protected (0), results will be incomplete miceadds/src/RcppExports.cpp:661
  [PB] has possible protection stack imbalance miceadds/src/RcppExports.cpp:662

Function _miceadds_miceadds_rcpp_ml_mcmc_predict_random_list
  [UP] unprotected variable rcpp_result_gen while calling allocating function Rf_onintr miceadds/src/RcppExports.cpp:687
  [UP] allocating function Rcpp::internal::isLongjumpSentinel(SEXPREC*) may destroy its unprotected argument (rcpp_result_gen <arg 1>), which is later used. miceadds/src/RcppExports.cpp:689
  [UP] calling allocating function Rcpp::internal::isLongjumpSentinel(SEXPREC*) with a fresh pointer (rcpp_result_gen <arg 1>) miceadds/src/RcppExports.cpp:689
  [UP] allocating function Rf_inherits may destroy its unprotected argument (rcpp_result_gen <arg 1>), which is later used. miceadds/src/RcppExports.cpp:693
  [UP] calling allocating function Rf_inherits with a fresh pointer (rcpp_result_gen <arg 1>) miceadds/src/RcppExports.cpp:693
  [PB] has negative depth miceadds/src/RcppExports.cpp:699
  [UP] attempt to unprotect more items (1) than protected (0), results will be incomplete miceadds/src/RcppExports.cpp:699
  [PB] has possible protection stack imbalance miceadds/src/RcppExports.cpp:700

Function _miceadds_miceadds_rcpp_ml_mcmc_predict_random_list_try(SEXPREC*, SEXPREC*, SEXPREC*, SEXPREC*, SEXPREC*)
  [UP] ignoring variable <unnamed var:   %23 = alloca %struct.SEXPREC*, align 8> as it has address taken, results will be incomplete 

Function _miceadds_miceadds_rcpp_ml_mcmc_predict_random_try(SEXPREC*, SEXPREC*, SEXPREC*)
  [UP] ignoring variable <unnamed var:   %17 = alloca %struct.SEXPREC*, align 8> as it has address taken, results will be incomplete 

Function _miceadds_miceadds_rcpp_ml_mcmc_probit_category_prob
  [UP] unprotected variable rcpp_result_gen while calling allocating function Rf_onintr miceadds/src/RcppExports.cpp:1231
  [UP] allocating function Rcpp::internal::isLongjumpSentinel(SEXPREC*) may destroy its unprotected argument (rcpp_result_gen <arg 1>), which is later used. miceadds/src/RcppExports.cpp:1233
  [UP] calling allocating function Rcpp::internal::isLongjumpSentinel(SEXPREC*) with a fresh pointer (rcpp_result_gen <arg 1>) miceadds/src/RcppExports.cpp:1233
  [UP] allocating function Rf_inherits may destroy its unprotected argument (rcpp_result_gen <arg 1>), which is later used. miceadds/src/RcppExports.cpp:1237
  [UP] calling allocating function Rf_inherits with a fresh pointer (rcpp_result_gen <arg 1>) miceadds/src/RcppExports.cpp:1237
  [PB] has negative depth miceadds/src/RcppExports.cpp:1243
  [UP] attempt to unprotect more items (1) than protected (0), results will be incomplete miceadds/src/RcppExports.cpp:1243
  [PB] has possible protection stack imbalance miceadds/src/RcppExports.cpp:1244

Function _miceadds_miceadds_rcpp_ml_mcmc_probit_category_prob_try(SEXPREC*, SEXPREC*, SEXPREC*, SEXPREC*)
  [UP] ignoring variable <unnamed var:   %20 = alloca %struct.SEXPREC*, align 8> as it has address taken, results will be incomplete 

Function _miceadds_miceadds_rcpp_ml_mcmc_probit_fill_index_lower
  [UP] unprotected variable rcpp_result_gen while calling allocating function Rf_onintr miceadds/src/RcppExports.cpp:1159
  [UP] allocating function Rcpp::internal::isLongjumpSentinel(SEXPREC*) may destroy its unprotected argument (rcpp_result_gen <arg 1>), which is later used. miceadds/src/RcppExports.cpp:1161
  [UP] calling allocating function Rcpp::internal::isLongjumpSentinel(SEXPREC*) with a fresh pointer (rcpp_result_gen <arg 1>) miceadds/src/RcppExports.cpp:1161
  [UP] allocating function Rf_inherits may destroy its unprotected argument (rcpp_result_gen <arg 1>), which is later used. miceadds/src/RcppExports.cpp:1165
  [UP] calling allocating function Rf_inherits with a fresh pointer (rcpp_result_gen <arg 1>) miceadds/src/RcppExports.cpp:1165
  [PB] has negative depth miceadds/src/RcppExports.cpp:1171
  [UP] attempt to unprotect more items (1) than protected (0), results will be incomplete miceadds/src/RcppExports.cpp:1171
  [PB] has possible protection stack imbalance miceadds/src/RcppExports.cpp:1172

Function _miceadds_miceadds_rcpp_ml_mcmc_probit_fill_index_lower_try(SEXPREC*, SEXPREC*)
  [UP] ignoring variable <unnamed var:   %14 = alloca %struct.SEXPREC*, align 8> as it has address taken, results will be incomplete 

Function _miceadds_miceadds_rcpp_ml_mcmc_probit_fill_index_upper
  [UP] unprotected variable rcpp_result_gen while calling allocating function Rf_onintr miceadds/src/RcppExports.cpp:1194
  [UP] allocating function Rcpp::internal::isLongjumpSentinel(SEXPREC*) may destroy its unprotected argument (rcpp_result_gen <arg 1>), which is later used. miceadds/src/RcppExports.cpp:1196
  [UP] calling allocating function Rcpp::internal::isLongjumpSentinel(SEXPREC*) with a fresh pointer (rcpp_result_gen <arg 1>) miceadds/src/RcppExports.cpp:1196
  [UP] allocating function Rf_inherits may destroy its unprotected argument (rcpp_result_gen <arg 1>), which is later used. miceadds/src/RcppExports.cpp:1200
  [UP] calling allocating function Rf_inherits with a fresh pointer (rcpp_result_gen <arg 1>) miceadds/src/RcppExports.cpp:1200
  [PB] has negative depth miceadds/src/RcppExports.cpp:1206
  [UP] attempt to unprotect more items (1) than protected (0), results will be incomplete miceadds/src/RcppExports.cpp:1206
  [PB] has possible protection stack imbalance miceadds/src/RcppExports.cpp:1207

Function _miceadds_miceadds_rcpp_ml_mcmc_probit_fill_index_upper_try(SEXPREC*, SEXPREC*)
  [UP] ignoring variable <unnamed var:   %14 = alloca %struct.SEXPREC*, align 8> as it has address taken, results will be incomplete 

Function _miceadds_miceadds_rcpp_ml_mcmc_probit_loglike
  [UP] unprotected variable rcpp_result_gen while calling allocating function Rf_onintr miceadds/src/RcppExports.cpp:1268
  [UP] allocating function Rcpp::internal::isLongjumpSentinel(SEXPREC*) may destroy its unprotected argument (rcpp_result_gen <arg 1>), which is later used. miceadds/src/RcppExports.cpp:1270
  [UP] calling allocating function Rcpp::internal::isLongjumpSentinel(SEXPREC*) with a fresh pointer (rcpp_result_gen <arg 1>) miceadds/src/RcppExports.cpp:1270
  [UP] allocating function Rf_inherits may destroy its unprotected argument (rcpp_result_gen <arg 1>), which is later used. miceadds/src/RcppExports.cpp:1274
  [UP] calling allocating function Rf_inherits with a fresh pointer (rcpp_result_gen <arg 1>) miceadds/src/RcppExports.cpp:1274
  [PB] has negative depth miceadds/src/RcppExports.cpp:1280
  [UP] attempt to unprotect more items (1) than protected (0), results will be incomplete miceadds/src/RcppExports.cpp:1280
  [PB] has possible protection stack imbalance miceadds/src/RcppExports.cpp:1281

Function _miceadds_miceadds_rcpp_ml_mcmc_probit_loglike_try(SEXPREC*, SEXPREC*, SEXPREC*, SEXPREC*)
  [UP] ignoring variable <unnamed var:   %20 = alloca %struct.SEXPREC*, align 8> as it has address taken, results will be incomplete 

Function _miceadds_miceadds_rcpp_ml_mcmc_sample_beta
  [UP] unprotected variable rcpp_result_gen while calling allocating function Rf_onintr miceadds/src/RcppExports.cpp:807
  [UP] allocating function Rcpp::internal::isLongjumpSentinel(SEXPREC*) may destroy its unprotected argument (rcpp_result_gen <arg 1>), which is later used. miceadds/src/RcppExports.cpp:809
  [UP] calling allocating function Rcpp::internal::isLongjumpSentinel(SEXPREC*) with a fresh pointer (rcpp_result_gen <arg 1>) miceadds/src/RcppExports.cpp:809
  [UP] allocating function Rf_inherits may destroy its unprotected argument (rcpp_result_gen <arg 1>), which is later used. miceadds/src/RcppExports.cpp:813
  [UP] calling allocating function Rf_inherits with a fresh pointer (rcpp_result_gen <arg 1>) miceadds/src/RcppExports.cpp:813
  [PB] has negative depth miceadds/src/RcppExports.cpp:819
  [UP] attempt to unprotect more items (1) than protected (0), results will be incomplete miceadds/src/RcppExports.cpp:819
  [PB] has possible protection stack imbalance miceadds/src/RcppExports.cpp:820

Function _miceadds_miceadds_rcpp_ml_mcmc_sample_beta_try(SEXPREC*, SEXPREC*, SEXPREC*, SEXPREC*, SEXPREC*, SEXPREC*, SEXPREC*, SEXPREC*, SEXPREC*, SEXPREC*)
  [UP] ignoring variable <unnamed var:   %38 = alloca %struct.SEXPREC*, align 8> as it has address taken, results will be incomplete 

Function _miceadds_miceadds_rcpp_ml_mcmc_sample_covariance_matrix
  [UP] unprotected variable rcpp_result_gen while calling allocating function Rf_onintr miceadds/src/RcppExports.cpp:924
  [UP] allocating function Rcpp::internal::isLongjumpSentinel(SEXPREC*) may destroy its unprotected argument (rcpp_result_gen <arg 1>), which is later used. miceadds/src/RcppExports.cpp:926
  [UP] calling allocating function Rcpp::internal::isLongjumpSentinel(SEXPREC*) with a fresh pointer (rcpp_result_gen <arg 1>) miceadds/src/RcppExports.cpp:926
  [UP] allocating function Rf_inherits may destroy its unprotected argument (rcpp_result_gen <arg 1>), which is later used. miceadds/src/RcppExports.cpp:930
  [UP] calling allocating function Rf_inherits with a fresh pointer (rcpp_result_gen <arg 1>) miceadds/src/RcppExports.cpp:930
  [PB] has negative depth miceadds/src/RcppExports.cpp:936
  [UP] attempt to unprotect more items (1) than protected (0), results will be incomplete miceadds/src/RcppExports.cpp:936
  [PB] has possible protection stack imbalance miceadds/src/RcppExports.cpp:937

Function _miceadds_miceadds_rcpp_ml_mcmc_sample_covariance_matrix_try(SEXPREC*, SEXPREC*, SEXPREC*, SEXPREC*)
  [UP] ignoring variable <unnamed var:   %20 = alloca %struct.SEXPREC*, align 8> as it has address taken, results will be incomplete 

Function _miceadds_miceadds_rcpp_ml_mcmc_sample_latent_probit
  [UP] unprotected variable rcpp_result_gen while calling allocating function Rf_onintr miceadds/src/RcppExports.cpp:1124
  [UP] allocating function Rcpp::internal::isLongjumpSentinel(SEXPREC*) may destroy its unprotected argument (rcpp_result_gen <arg 1>), which is later used. miceadds/src/RcppExports.cpp:1126
  [UP] calling allocating function Rcpp::internal::isLongjumpSentinel(SEXPREC*) with a fresh pointer (rcpp_result_gen <arg 1>) miceadds/src/RcppExports.cpp:1126
  [UP] allocating function Rf_inherits may destroy its unprotected argument (rcpp_result_gen <arg 1>), which is later used. miceadds/src/RcppExports.cpp:1130
  [UP] calling allocating function Rf_inherits with a fresh pointer (rcpp_result_gen <arg 1>) miceadds/src/RcppExports.cpp:1130
  [PB] has negative depth miceadds/src/RcppExports.cpp:1136
  [UP] attempt to unprotect more items (1) than protected (0), results will be incomplete miceadds/src/RcppExports.cpp:1136
  [PB] has possible protection stack imbalance miceadds/src/RcppExports.cpp:1137

Function _miceadds_miceadds_rcpp_ml_mcmc_sample_latent_probit_try(SEXPREC*, SEXPREC*, SEXPREC*, SEXPREC*, SEXPREC*, SEXPREC*, SEXPREC*, SEXPREC*, SEXPREC*, SEXPREC*)
  [UP] ignoring variable <unnamed var:   %38 = alloca %struct.SEXPREC*, align 8> as it has address taken, results will be incomplete 

Function _miceadds_miceadds_rcpp_ml_mcmc_sample_psi
  [UP] unprotected variable rcpp_result_gen while calling allocating function Rf_onintr miceadds/src/RcppExports.cpp:1000
  [UP] allocating function Rcpp::internal::isLongjumpSentinel(SEXPREC*) may destroy its unprotected argument (rcpp_result_gen <arg 1>), which is later used. miceadds/src/RcppExports.cpp:1002
  [UP] calling allocating function Rcpp::internal::isLongjumpSentinel(SEXPREC*) with a fresh pointer (rcpp_result_gen <arg 1>) miceadds/src/RcppExports.cpp:1002
  [UP] allocating function Rf_inherits may destroy its unprotected argument (rcpp_result_gen <arg 1>), which is later used. miceadds/src/RcppExports.cpp:1006
  [UP] calling allocating function Rf_inherits with a fresh pointer (rcpp_result_gen <arg 1>) miceadds/src/RcppExports.cpp:1006
  [PB] has negative depth miceadds/src/RcppExports.cpp:1012
  [UP] attempt to unprotect more items (1) than protected (0), results will be incomplete miceadds/src/RcppExports.cpp:1012
  [PB] has possible protection stack imbalance miceadds/src/RcppExports.cpp:1013

Function _miceadds_miceadds_rcpp_ml_mcmc_sample_psi_try(SEXPREC*, SEXPREC*, SEXPREC*, SEXPREC*, SEXPREC*)
  [UP] ignoring variable <unnamed var:   %23 = alloca %struct.SEXPREC*, align 8> as it has address taken, results will be incomplete 

Function _miceadds_miceadds_rcpp_ml_mcmc_sample_sigma2
  [UP] unprotected variable rcpp_result_gen while calling allocating function Rf_onintr miceadds/src/RcppExports.cpp:1081
  [UP] allocating function Rcpp::internal::isLongjumpSentinel(SEXPREC*) may destroy its unprotected argument (rcpp_result_gen <arg 1>), which is later used. miceadds/src/RcppExports.cpp:1083
  [UP] calling allocating function Rcpp::internal::isLongjumpSentinel(SEXPREC*) with a fresh pointer (rcpp_result_gen <arg 1>) miceadds/src/RcppExports.cpp:1083
  [UP] allocating function Rf_inherits may destroy its unprotected argument (rcpp_result_gen <arg 1>), which is later used. miceadds/src/RcppExports.cpp:1087
  [UP] calling allocating function Rf_inherits with a fresh pointer (rcpp_result_gen <arg 1>) miceadds/src/RcppExports.cpp:1087
  [PB] has negative depth miceadds/src/RcppExports.cpp:1093
  [UP] attempt to unprotect more items (1) than protected (0), results will be incomplete miceadds/src/RcppExports.cpp:1093
  [PB] has possible protection stack imbalance miceadds/src/RcppExports.cpp:1094

Function _miceadds_miceadds_rcpp_ml_mcmc_sample_sigma2_try(SEXPREC*, SEXPREC*, SEXPREC*, SEXPREC*, SEXPREC*, SEXPREC*, SEXPREC*, SEXPREC*, SEXPREC*, SEXPREC*, SEXPREC*)
  [UP] ignoring variable <unnamed var:   %41 = alloca %struct.SEXPREC*, align 8> as it has address taken, results will be incomplete 

Function _miceadds_miceadds_rcpp_ml_mcmc_sample_thresholds
  [UP] unprotected variable rcpp_result_gen while calling allocating function Rf_onintr miceadds/src/RcppExports.cpp:1346
  [UP] allocating function Rcpp::internal::isLongjumpSentinel(SEXPREC*) may destroy its unprotected argument (rcpp_result_gen <arg 1>), which is later used. miceadds/src/RcppExports.cpp:1348
  [UP] calling allocating function Rcpp::internal::isLongjumpSentinel(SEXPREC*) with a fresh pointer (rcpp_result_gen <arg 1>) miceadds/src/RcppExports.cpp:1348
  [UP] allocating function Rf_inherits may destroy its unprotected argument (rcpp_result_gen <arg 1>), which is later used. miceadds/src/RcppExports.cpp:1352
  [UP] calling allocating function Rf_inherits with a fresh pointer (rcpp_result_gen <arg 1>) miceadds/src/RcppExports.cpp:1352
  [PB] has negative depth miceadds/src/RcppExports.cpp:1358
  [UP] attempt to unprotect more items (1) than protected (0), results will be incomplete miceadds/src/RcppExports.cpp:1358
  [PB] has possible protection stack imbalance miceadds/src/RcppExports.cpp:1359

Function _miceadds_miceadds_rcpp_ml_mcmc_sample_thresholds_try(SEXPREC*, SEXPREC*, SEXPREC*, SEXPREC*, SEXPREC*, SEXPREC*, SEXPREC*, SEXPREC*, SEXPREC*, SEXPREC*)
  [UP] ignoring variable <unnamed var:   %38 = alloca %struct.SEXPREC*, align 8> as it has address taken, results will be incomplete 

Function _miceadds_miceadds_rcpp_ml_mcmc_sample_u
  [UP] unprotected variable rcpp_result_gen while calling allocating function Rf_onintr miceadds/src/RcppExports.cpp:853
  [UP] allocating function Rcpp::internal::isLongjumpSentinel(SEXPREC*) may destroy its unprotected argument (rcpp_result_gen <arg 1>), which is later used. miceadds/src/RcppExports.cpp:855
  [UP] calling allocating function Rcpp::internal::isLongjumpSentinel(SEXPREC*) with a fresh pointer (rcpp_result_gen <arg 1>) miceadds/src/RcppExports.cpp:855
  [UP] allocating function Rf_inherits may destroy its unprotected argument (rcpp_result_gen <arg 1>), which is later used. miceadds/src/RcppExports.cpp:859
  [UP] calling allocating function Rf_inherits with a fresh pointer (rcpp_result_gen <arg 1>) miceadds/src/RcppExports.cpp:859
  [PB] has negative depth miceadds/src/RcppExports.cpp:865
  [UP] attempt to unprotect more items (1) than protected (0), results will be incomplete miceadds/src/RcppExports.cpp:865
  [PB] has possible protection stack imbalance miceadds/src/RcppExports.cpp:866

Function _miceadds_miceadds_rcpp_ml_mcmc_sample_u_try(SEXPREC*, SEXPREC*, SEXPREC*, SEXPREC*, SEXPREC*, SEXPREC*, SEXPREC*, SEXPREC*, SEXPREC*, SEXPREC*, SEXPREC*, SEXPREC*, SEXPREC*)
  [UP] ignoring variable <unnamed var:   %47 = alloca %struct.SEXPREC*, align 8> as it has address taken, results will be incomplete 

Function _miceadds_miceadds_rcpp_ml_mcmc_sample_variance
  [UP] unprotected variable rcpp_result_gen while calling allocating function Rf_onintr miceadds/src/RcppExports.cpp:1037
  [UP] allocating function Rcpp::internal::isLongjumpSentinel(SEXPREC*) may destroy its unprotected argument (rcpp_result_gen <arg 1>), which is later used. miceadds/src/RcppExports.cpp:1039
  [UP] calling allocating function Rcpp::internal::isLongjumpSentinel(SEXPREC*) with a fresh pointer (rcpp_result_gen <arg 1>) miceadds/src/RcppExports.cpp:1039
  [UP] allocating function Rf_inherits may destroy its unprotected argument (rcpp_result_gen <arg 1>), which is later used. miceadds/src/RcppExports.cpp:1043
  [UP] calling allocating function Rf_inherits with a fresh pointer (rcpp_result_gen <arg 1>) miceadds/src/RcppExports.cpp:1043
  [PB] has negative depth miceadds/src/RcppExports.cpp:1049
  [UP] attempt to unprotect more items (1) than protected (0), results will be incomplete miceadds/src/RcppExports.cpp:1049
  [PB] has possible protection stack imbalance miceadds/src/RcppExports.cpp:1050

Function _miceadds_miceadds_rcpp_ml_mcmc_sample_variance_try(SEXPREC*, SEXPREC*, SEXPREC*, SEXPREC*)
  [UP] ignoring variable <unnamed var:   %20 = alloca %struct.SEXPREC*, align 8> as it has address taken, results will be incomplete 

Function _miceadds_miceadds_rcpp_ml_mcmc_sampler
  [UP] unprotected variable rcpp_result_gen while calling allocating function Rf_onintr miceadds/src/RcppExports.cpp:110
  [UP] allocating function Rcpp::internal::isLongjumpSentinel(SEXPREC*) may destroy its unprotected argument (rcpp_result_gen <arg 1>), which is later used. miceadds/src/RcppExports.cpp:112
  [UP] calling allocating function Rcpp::internal::isLongjumpSentinel(SEXPREC*) with a fresh pointer (rcpp_result_gen <arg 1>) miceadds/src/RcppExports.cpp:112
  [UP] allocating function Rf_inherits may destroy its unprotected argument (rcpp_result_gen <arg 1>), which is later used. miceadds/src/RcppExports.cpp:116
  [UP] calling allocating function Rf_inherits with a fresh pointer (rcpp_result_gen <arg 1>) miceadds/src/RcppExports.cpp:116
  [PB] has negative depth miceadds/src/RcppExports.cpp:122
  [UP] attempt to unprotect more items (1) than protected (0), results will be incomplete miceadds/src/RcppExports.cpp:122
  [PB] has possible protection stack imbalance miceadds/src/RcppExports.cpp:123

Function _miceadds_miceadds_rcpp_ml_mcmc_sampler_try(SEXPREC*, SEXPREC*, SEXPREC*, SEXPREC*, SEXPREC*, SEXPREC*, SEXPREC*, SEXPREC*, SEXPREC*, SEXPREC*, SEXPREC*, SEXPREC*, SEXPREC*, SEXPREC*, SEXPREC*, SEXPREC*, SEXPREC*, SEXPREC*, SEXPREC*, SEXPREC*, SEXPREC*, SEXPREC*, SEXPREC*, SEXPREC*, SEXPREC*, SEXPREC*, SEXPREC*, SEXPREC*, SEXPREC*, SEXPREC*, SEXPREC*)
  [UP] ignoring variable <unnamed var:   %101 = alloca %struct.SEXPREC*, align 8> as it has address taken, results will be incomplete 

Function _miceadds_miceadds_rcpp_ml_mcmc_subtract_fixed
  [UP] unprotected variable rcpp_result_gen while calling allocating function Rf_onintr miceadds/src/RcppExports.cpp:613
  [UP] allocating function Rcpp::internal::isLongjumpSentinel(SEXPREC*) may destroy its unprotected argument (rcpp_result_gen <arg 1>), which is later used. miceadds/src/RcppExports.cpp:615
  [UP] calling allocating function Rcpp::internal::isLongjumpSentinel(SEXPREC*) with a fresh pointer (rcpp_result_gen <arg 1>) miceadds/src/RcppExports.cpp:615
  [UP] allocating function Rf_inherits may destroy its unprotected argument (rcpp_result_gen <arg 1>), which is later used. miceadds/src/RcppExports.cpp:619
  [UP] calling allocating function Rf_inherits with a fresh pointer (rcpp_result_gen <arg 1>) miceadds/src/RcppExports.cpp:619
  [PB] has negative depth miceadds/src/RcppExports.cpp:625
  [UP] attempt to unprotect more items (1) than protected (0), results will be incomplete miceadds/src/RcppExports.cpp:625
  [PB] has possible protection stack imbalance miceadds/src/RcppExports.cpp:626

Function _miceadds_miceadds_rcpp_ml_mcmc_subtract_fixed_try(SEXPREC*, SEXPREC*, SEXPREC*)
  [UP] ignoring variable <unnamed var:   %17 = alloca %struct.SEXPREC*, align 8> as it has address taken, results will be incomplete 

Function _miceadds_miceadds_rcpp_ml_mcmc_subtract_random
  [UP] unprotected variable rcpp_result_gen while calling allocating function Rf_onintr miceadds/src/RcppExports.cpp:764
  [UP] allocating function Rcpp::internal::isLongjumpSentinel(SEXPREC*) may destroy its unprotected argument (rcpp_result_gen <arg 1>), which is later used. miceadds/src/RcppExports.cpp:766
  [UP] calling allocating function Rcpp::internal::isLongjumpSentinel(SEXPREC*) with a fresh pointer (rcpp_result_gen <arg 1>) miceadds/src/RcppExports.cpp:766
  [UP] allocating function Rf_inherits may destroy its unprotected argument (rcpp_result_gen <arg 1>), which is later used. miceadds/src/RcppExports.cpp:770
  [UP] calling allocating function Rf_inherits with a fresh pointer (rcpp_result_gen <arg 1>) miceadds/src/RcppExports.cpp:770
  [PB] has negative depth miceadds/src/RcppExports.cpp:776
  [UP] attempt to unprotect more items (1) than protected (0), results will be incomplete miceadds/src/RcppExports.cpp:776
  [PB] has possible protection stack imbalance miceadds/src/RcppExports.cpp:777

Function _miceadds_miceadds_rcpp_ml_mcmc_subtract_random_try(SEXPREC*, SEXPREC*, SEXPREC*, SEXPREC*, SEXPREC*)
  [UP] ignoring variable <unnamed var:   %23 = alloca %struct.SEXPREC*, align 8> as it has address taken, results will be incomplete 

Function _miceadds_miceadds_rcpp_mvrnorm
  [UP] unprotected variable rcpp_result_gen while calling allocating function Rf_onintr miceadds/src/RcppExports.cpp:181
  [UP] allocating function Rcpp::internal::isLongjumpSentinel(SEXPREC*) may destroy its unprotected argument (rcpp_result_gen <arg 1>), which is later used. miceadds/src/RcppExports.cpp:183
  [UP] calling allocating function Rcpp::internal::isLongjumpSentinel(SEXPREC*) with a fresh pointer (rcpp_result_gen <arg 1>) miceadds/src/RcppExports.cpp:183
  [UP] allocating function Rf_inherits may destroy its unprotected argument (rcpp_result_gen <arg 1>), which is later used. miceadds/src/RcppExports.cpp:187
  [UP] calling allocating function Rf_inherits with a fresh pointer (rcpp_result_gen <arg 1>) miceadds/src/RcppExports.cpp:187
  [PB] has negative depth miceadds/src/RcppExports.cpp:193
  [UP] attempt to unprotect more items (1) than protected (0), results will be incomplete miceadds/src/RcppExports.cpp:193
  [PB] has possible protection stack imbalance miceadds/src/RcppExports.cpp:194

Function _miceadds_miceadds_rcpp_mvrnorm_try(SEXPREC*, SEXPREC*, SEXPREC*)
  [UP] ignoring variable <unnamed var:   %17 = alloca %struct.SEXPREC*, align 8> as it has address taken, results will be incomplete 

Function _miceadds_miceadds_rcpp_pnorm
  [UP] unprotected variable rcpp_result_gen while calling allocating function Rf_onintr miceadds/src/RcppExports.cpp:397
  [UP] allocating function Rcpp::internal::isLongjumpSentinel(SEXPREC*) may destroy its unprotected argument (rcpp_result_gen <arg 1>), which is later used. miceadds/src/RcppExports.cpp:399
  [UP] calling allocating function Rcpp::internal::isLongjumpSentinel(SEXPREC*) with a fresh pointer (rcpp_result_gen <arg 1>) miceadds/src/RcppExports.cpp:399
  [UP] allocating function Rf_inherits may destroy its unprotected argument (rcpp_result_gen <arg 1>), which is later used. miceadds/src/RcppExports.cpp:403
  [UP] calling allocating function Rf_inherits with a fresh pointer (rcpp_result_gen <arg 1>) miceadds/src/RcppExports.cpp:403
  [PB] has negative depth miceadds/src/RcppExports.cpp:409
  [UP] attempt to unprotect more items (1) than protected (0), results will be incomplete miceadds/src/RcppExports.cpp:409
  [PB] has possible protection stack imbalance miceadds/src/RcppExports.cpp:410

Function _miceadds_miceadds_rcpp_pnorm_try(SEXPREC*, SEXPREC*, SEXPREC*)
  [UP] ignoring variable <unnamed var:   %17 = alloca %struct.SEXPREC*, align 8> as it has address taken, results will be incomplete 

Function _miceadds_miceadds_rcpp_print_arma_mat
  [UP] unprotected variable rcpp_result_gen while calling allocating function Rf_onintr miceadds/src/RcppExports.cpp:962
  [UP] allocating function Rcpp::internal::isLongjumpSentinel(SEXPREC*) may destroy its unprotected argument (rcpp_result_gen <arg 1>), which is later used. miceadds/src/RcppExports.cpp:964
  [UP] calling allocating function Rcpp::internal::isLongjumpSentinel(SEXPREC*) with a fresh pointer (rcpp_result_gen <arg 1>) miceadds/src/RcppExports.cpp:964
  [UP] allocating function Rf_inherits may destroy its unprotected argument (rcpp_result_gen <arg 1>), which is later used. miceadds/src/RcppExports.cpp:968
  [UP] calling allocating function Rf_inherits with a fresh pointer (rcpp_result_gen <arg 1>) miceadds/src/RcppExports.cpp:968
  [PB] has negative depth miceadds/src/RcppExports.cpp:974
  [UP] attempt to unprotect more items (1) than protected (0), results will be incomplete miceadds/src/RcppExports.cpp:974
  [PB] has possible protection stack imbalance miceadds/src/RcppExports.cpp:975

Function _miceadds_miceadds_rcpp_qnorm
  [UP] unprotected variable rcpp_result_gen while calling allocating function Rf_onintr miceadds/src/RcppExports.cpp:433
  [UP] allocating function Rcpp::internal::isLongjumpSentinel(SEXPREC*) may destroy its unprotected argument (rcpp_result_gen <arg 1>), which is later used. miceadds/src/RcppExports.cpp:435
  [UP] calling allocating function Rcpp::internal::isLongjumpSentinel(SEXPREC*) with a fresh pointer (rcpp_result_gen <arg 1>) miceadds/src/RcppExports.cpp:435
  [UP] allocating function Rf_inherits may destroy its unprotected argument (rcpp_result_gen <arg 1>), which is later used. miceadds/src/RcppExports.cpp:439
  [UP] calling allocating function Rf_inherits with a fresh pointer (rcpp_result_gen <arg 1>) miceadds/src/RcppExports.cpp:439
  [PB] has negative depth miceadds/src/RcppExports.cpp:445
  [UP] attempt to unprotect more items (1) than protected (0), results will be incomplete miceadds/src/RcppExports.cpp:445
  [PB] has possible protection stack imbalance miceadds/src/RcppExports.cpp:446

Function _miceadds_miceadds_rcpp_qnorm_try(SEXPREC*, SEXPREC*, SEXPREC*)
  [UP] ignoring variable <unnamed var:   %17 = alloca %struct.SEXPREC*, align 8> as it has address taken, results will be incomplete 

Function _miceadds_miceadds_rcpp_riwishart
  [UP] unprotected variable rcpp_result_gen while calling allocating function Rf_onintr miceadds/src/RcppExports.cpp:253
  [UP] allocating function Rcpp::internal::isLongjumpSentinel(SEXPREC*) may destroy its unprotected argument (rcpp_result_gen <arg 1>), which is later used. miceadds/src/RcppExports.cpp:255
  [UP] calling allocating function Rcpp::internal::isLongjumpSentinel(SEXPREC*) with a fresh pointer (rcpp_result_gen <arg 1>) miceadds/src/RcppExports.cpp:255
  [UP] allocating function Rf_inherits may destroy its unprotected argument (rcpp_result_gen <arg 1>), which is later used. miceadds/src/RcppExports.cpp:259
  [UP] calling allocating function Rf_inherits with a fresh pointer (rcpp_result_gen <arg 1>) miceadds/src/RcppExports.cpp:259
  [PB] has negative depth miceadds/src/RcppExports.cpp:265
  [UP] attempt to unprotect more items (1) than protected (0), results will be incomplete miceadds/src/RcppExports.cpp:265
  [PB] has possible protection stack imbalance miceadds/src/RcppExports.cpp:266

Function _miceadds_miceadds_rcpp_riwishart_try(SEXPREC*, SEXPREC*, SEXPREC*)
  [UP] ignoring variable <unnamed var:   %17 = alloca %struct.SEXPREC*, align 8> as it has address taken, results will be incomplete 

Function _miceadds_miceadds_rcpp_rnorm_double
  [UP] unprotected variable rcpp_result_gen while calling allocating function Rf_onintr miceadds/src/RcppExports.cpp:1303
  [UP] allocating function Rcpp::internal::isLongjumpSentinel(SEXPREC*) may destroy its unprotected argument (rcpp_result_gen <arg 1>), which is later used. miceadds/src/RcppExports.cpp:1305
  [UP] calling allocating function Rcpp::internal::isLongjumpSentinel(SEXPREC*) with a fresh pointer (rcpp_result_gen <arg 1>) miceadds/src/RcppExports.cpp:1305
  [UP] allocating function Rf_inherits may destroy its unprotected argument (rcpp_result_gen <arg 1>), which is later used. miceadds/src/RcppExports.cpp:1309
  [UP] calling allocating function Rf_inherits with a fresh pointer (rcpp_result_gen <arg 1>) miceadds/src/RcppExports.cpp:1309
  [PB] has negative depth miceadds/src/RcppExports.cpp:1315
  [UP] attempt to unprotect more items (1) than protected (0), results will be incomplete miceadds/src/RcppExports.cpp:1315
  [PB] has possible protection stack imbalance miceadds/src/RcppExports.cpp:1316

Function _miceadds_miceadds_rcpp_rnorm_double_try(SEXPREC*, SEXPREC*)
  [UP] ignoring variable <unnamed var:   %14 = alloca %struct.SEXPREC*, align 8> as it has address taken, results will be incomplete 

Function _miceadds_miceadds_rcpp_rtnorm
  [UP] unprotected variable rcpp_result_gen while calling allocating function Rf_onintr miceadds/src/RcppExports.cpp:327
  [UP] allocating function Rcpp::internal::isLongjumpSentinel(SEXPREC*) may destroy its unprotected argument (rcpp_result_gen <arg 1>), which is later used. miceadds/src/RcppExports.cpp:329
  [UP] calling allocating function Rcpp::internal::isLongjumpSentinel(SEXPREC*) with a fresh pointer (rcpp_result_gen <arg 1>) miceadds/src/RcppExports.cpp:329
  [UP] allocating function Rf_inherits may destroy its unprotected argument (rcpp_result_gen <arg 1>), which is later used. miceadds/src/RcppExports.cpp:333
  [UP] calling allocating function Rf_inherits with a fresh pointer (rcpp_result_gen <arg 1>) miceadds/src/RcppExports.cpp:333
  [PB] has negative depth miceadds/src/RcppExports.cpp:339
  [UP] attempt to unprotect more items (1) than protected (0), results will be incomplete miceadds/src/RcppExports.cpp:339
  [PB] has possible protection stack imbalance miceadds/src/RcppExports.cpp:340

Function _miceadds_miceadds_rcpp_rtnorm2
  [UP] unprotected variable rcpp_result_gen while calling allocating function Rf_onintr miceadds/src/RcppExports.cpp:472
  [UP] allocating function Rcpp::internal::isLongjumpSentinel(SEXPREC*) may destroy its unprotected argument (rcpp_result_gen <arg 1>), which is later used. miceadds/src/RcppExports.cpp:474
  [UP] calling allocating function Rcpp::internal::isLongjumpSentinel(SEXPREC*) with a fresh pointer (rcpp_result_gen <arg 1>) miceadds/src/RcppExports.cpp:474
  [UP] allocating function Rf_inherits may destroy its unprotected argument (rcpp_result_gen <arg 1>), which is later used. miceadds/src/RcppExports.cpp:478
  [UP] calling allocating function Rf_inherits with a fresh pointer (rcpp_result_gen <arg 1>) miceadds/src/RcppExports.cpp:478
  [PB] has negative depth miceadds/src/RcppExports.cpp:484
  [UP] attempt to unprotect more items (1) than protected (0), results will be incomplete miceadds/src/RcppExports.cpp:484
  [PB] has possible protection stack imbalance miceadds/src/RcppExports.cpp:485

Function _miceadds_miceadds_rcpp_rtnorm2_try(SEXPREC*, SEXPREC*, SEXPREC*, SEXPREC*, SEXPREC*, SEXPREC*)
  [UP] ignoring variable <unnamed var:   %26 = alloca %struct.SEXPREC*, align 8> as it has address taken, results will be incomplete 

Function _miceadds_miceadds_rcpp_rtnorm_double
  [UP] unprotected variable rcpp_result_gen while calling allocating function Rf_onintr miceadds/src/RcppExports.cpp:290
  [UP] allocating function Rcpp::internal::isLongjumpSentinel(SEXPREC*) may destroy its unprotected argument (rcpp_result_gen <arg 1>), which is later used. miceadds/src/RcppExports.cpp:292
  [UP] calling allocating function Rcpp::internal::isLongjumpSentinel(SEXPREC*) with a fresh pointer (rcpp_result_gen <arg 1>) miceadds/src/RcppExports.cpp:292
  [UP] allocating function Rf_inherits may destroy its unprotected argument (rcpp_result_gen <arg 1>), which is later used. miceadds/src/RcppExports.cpp:296
  [UP] calling allocating function Rf_inherits with a fresh pointer (rcpp_result_gen <arg 1>) miceadds/src/RcppExports.cpp:296
  [PB] has negative depth miceadds/src/RcppExports.cpp:302
  [UP] attempt to unprotect more items (1) than protected (0), results will be incomplete miceadds/src/RcppExports.cpp:302
  [PB] has possible protection stack imbalance miceadds/src/RcppExports.cpp:303

Function _miceadds_miceadds_rcpp_rtnorm_double_try(SEXPREC*, SEXPREC*, SEXPREC*, SEXPREC*)
  [UP] ignoring variable <unnamed var:   %20 = alloca %struct.SEXPREC*, align 8> as it has address taken, results will be incomplete 

Function _miceadds_miceadds_rcpp_rtnorm_try(SEXPREC*, SEXPREC*, SEXPREC*, SEXPREC*)
  [UP] ignoring variable <unnamed var:   %20 = alloca %struct.SEXPREC*, align 8> as it has address taken, results will be incomplete 

Function _miceadds_miceadds_rcpp_rwishart
  [UP] unprotected variable rcpp_result_gen while calling allocating function Rf_onintr miceadds/src/RcppExports.cpp:217
  [UP] allocating function Rcpp::internal::isLongjumpSentinel(SEXPREC*) may destroy its unprotected argument (rcpp_result_gen <arg 1>), which is later used. miceadds/src/RcppExports.cpp:219
  [UP] calling allocating function Rcpp::internal::isLongjumpSentinel(SEXPREC*) with a fresh pointer (rcpp_result_gen <arg 1>) miceadds/src/RcppExports.cpp:219
  [UP] allocating function Rf_inherits may destroy its unprotected argument (rcpp_result_gen <arg 1>), which is later used. miceadds/src/RcppExports.cpp:223
  [UP] calling allocating function Rf_inherits with a fresh pointer (rcpp_result_gen <arg 1>) miceadds/src/RcppExports.cpp:223
  [PB] has negative depth miceadds/src/RcppExports.cpp:229
  [UP] attempt to unprotect more items (1) than protected (0), results will be incomplete miceadds/src/RcppExports.cpp:229
  [PB] has possible protection stack imbalance miceadds/src/RcppExports.cpp:230

Function _miceadds_miceadds_rcpp_rwishart_try(SEXPREC*, SEXPREC*, SEXPREC*)
  [UP] ignoring variable <unnamed var:   %17 = alloca %struct.SEXPREC*, align 8> as it has address taken, results will be incomplete 

Function _miceadds_miceadds_rcpp_sort_partial_index
  [UP] ignoring variable <unnamed var:   %15 = alloca %struct.SEXPREC*, align 8> as it has address taken, results will be incomplete 

Function _miceadds_miceadds_rcpp_weighted_cor
  [UP] ignoring variable <unnamed var:   %21 = alloca %struct.SEXPREC*, align 8> as it has address taken, results will be incomplete 

Function _miceadds_miceadds_rcpp_weighted_pmm_match
  [UP] ignoring variable <unnamed var:   %24 = alloca %struct.SEXPREC*, align 8> as it has address taken, results will be incomplete 

Function _miceadds_miceadds_rcpp_weighted_pmm_match_case
  [UP] ignoring variable <unnamed var:   %21 = alloca %struct.SEXPREC*, align 8> as it has address taken, results will be incomplete 

Function _miceadds_miceadds_rcpp_weighted_sd
  [UP] ignoring variable <unnamed var:   %18 = alloca %struct.SEXPREC*, align 8> as it has address taken, results will be incomplete 

Function _miceadds_scale2_C
  [UP] ignoring variable <unnamed var:   %12 = alloca %struct.SEXPREC*, align 8> as it has address taken, results will be incomplete 

Function _miceadds_scale2_NA_C
  [UP] ignoring variable <unnamed var:   %12 = alloca %struct.SEXPREC*, align 8> as it has address taken, results will be incomplete 
