Package qs2 version 0.2.0
Package built using 89950/R 4.6.0; x86_64-pc-linux-gnu; 2026-04-25 00:10:22 UTC; unix   
Checked with rchk version 35618ebbccf3cd0b45a3530e6303970a22a9056b LLVM version 14.0.6
More information at https://github.com/kalibera/cran-checks/blob/master/rchk/PROTECT.md
For rchk in docker image see https://github.com/kalibera/rchk/blob/master/doc/DOCKER.md


Function DelayedAttribAssign::add(SEXPREC*)
  [UP] ignoring variable object as it has address taken, results will be incomplete 

Function DelayedAttribAssign::resolve()
  [PB] has too high protection stack depth results will be incomplete
  [UP] protect stack is too deep, unprotecting all variables, results will be incomplete
  [PB] has negative depth qs2/src/./qd_deserializer.h:45
  [UP] attempt to unprotect more items (1) than protected (0), results will be incomplete qs2/src/./qd_deserializer.h:45
  [PB] has possible protection stack imbalance qs2/src/./qd_deserializer.h:47

Function QdataSerializer<BlockCompressWriter<OfStreamWriter, ZstdCompressor, xxHashEnv, StdErrorPolicy, true> >::get_attributes(SEXPREC*)::{lambda(SEXPREC*, SEXPREC*, void*)#1}::operator()(SEXPREC*, SEXPREC*, void*) const
  [UP] ignoring variable attr_value as it has address taken, results will be incomplete 
  [UP] ignoring variable <unnamed var:   %11 = alloca %struct.SEXPREC*, align 8> as it has address taken, results will be incomplete 

Function QdataSerializer<BlockCompressWriter<OfStreamWriter, ZstdCompressor, xxHashEnv, StdErrorPolicy, true> >::write_object(SEXPREC*)
  [UP] ignoring variable object as it has address taken, results will be incomplete 

Function QdataSerializer<BlockCompressWriter<OfStreamWriter, ZstdShuffleCompressor, xxHashEnv, StdErrorPolicy, true> >::get_attributes(SEXPREC*)::{lambda(SEXPREC*, SEXPREC*, void*)#1}::operator()(SEXPREC*, SEXPREC*, void*) const
  [UP] ignoring variable attr_value as it has address taken, results will be incomplete 
  [UP] ignoring variable <unnamed var:   %11 = alloca %struct.SEXPREC*, align 8> as it has address taken, results will be incomplete 

Function QdataSerializer<BlockCompressWriter<OfStreamWriter, ZstdShuffleCompressor, xxHashEnv, StdErrorPolicy, true> >::write_object(SEXPREC*)
  [UP] ignoring variable object as it has address taken, results will be incomplete 

Function QdataSerializer<BlockCompressWriter<qdata::detail::memory_writer<std::__1::vector<unsigned char, std::__1::allocator<unsigned char> > >, ZstdCompressor, xxHashEnv, StdErrorPolicy, true> >::get_attributes(SEXPREC*)::{lambda(SEXPREC*, SEXPREC*, void*)#1}::operator()(SEXPREC*, SEXPREC*, void*) const
  [UP] ignoring variable attr_value as it has address taken, results will be incomplete 
  [UP] ignoring variable <unnamed var:   %11 = alloca %struct.SEXPREC*, align 8> as it has address taken, results will be incomplete 

Function QdataSerializer<BlockCompressWriter<qdata::detail::memory_writer<std::__1::vector<unsigned char, std::__1::allocator<unsigned char> > >, ZstdCompressor, xxHashEnv, StdErrorPolicy, true> >::write_object(SEXPREC*)
  [UP] ignoring variable object as it has address taken, results will be incomplete 

Function QdataSerializer<BlockCompressWriter<qdata::detail::memory_writer<std::__1::vector<unsigned char, std::__1::allocator<unsigned char> > >, ZstdShuffleCompressor, xxHashEnv, StdErrorPolicy, true> >::get_attributes(SEXPREC*)::{lambda(SEXPREC*, SEXPREC*, void*)#1}::operator()(SEXPREC*, SEXPREC*, void*) const
  [UP] ignoring variable attr_value as it has address taken, results will be incomplete 
  [UP] ignoring variable <unnamed var:   %11 = alloca %struct.SEXPREC*, align 8> as it has address taken, results will be incomplete 

Function QdataSerializer<BlockCompressWriter<qdata::detail::memory_writer<std::__1::vector<unsigned char, std::__1::allocator<unsigned char> > >, ZstdShuffleCompressor, xxHashEnv, StdErrorPolicy, true> >::write_object(SEXPREC*)
  [UP] ignoring variable object as it has address taken, results will be incomplete 

Function QdataSerializer<BlockCompressWriterMT<OfStreamWriter, ZstdCompressor, xxHashEnv, StdErrorPolicy, true> >::get_attributes(SEXPREC*)::{lambda(SEXPREC*, SEXPREC*, void*)#1}::operator()(SEXPREC*, SEXPREC*, void*) const
  [UP] ignoring variable attr_value as it has address taken, results will be incomplete 
  [UP] ignoring variable <unnamed var:   %11 = alloca %struct.SEXPREC*, align 8> as it has address taken, results will be incomplete 

Function QdataSerializer<BlockCompressWriterMT<OfStreamWriter, ZstdCompressor, xxHashEnv, StdErrorPolicy, true> >::write_object(SEXPREC*)
  [UP] ignoring variable object as it has address taken, results will be incomplete 

Function QdataSerializer<BlockCompressWriterMT<OfStreamWriter, ZstdShuffleCompressor, xxHashEnv, StdErrorPolicy, true> >::get_attributes(SEXPREC*)::{lambda(SEXPREC*, SEXPREC*, void*)#1}::operator()(SEXPREC*, SEXPREC*, void*) const
  [UP] ignoring variable attr_value as it has address taken, results will be incomplete 
  [UP] ignoring variable <unnamed var:   %11 = alloca %struct.SEXPREC*, align 8> as it has address taken, results will be incomplete 

Function QdataSerializer<BlockCompressWriterMT<OfStreamWriter, ZstdShuffleCompressor, xxHashEnv, StdErrorPolicy, true> >::write_object(SEXPREC*)
  [UP] ignoring variable object as it has address taken, results will be incomplete 

Function QdataSerializer<BlockCompressWriterMT<qdata::detail::memory_writer<std::__1::vector<unsigned char, std::__1::allocator<unsigned char> > >, ZstdCompressor, xxHashEnv, StdErrorPolicy, true> >::get_attributes(SEXPREC*)::{lambda(SEXPREC*, SEXPREC*, void*)#1}::operator()(SEXPREC*, SEXPREC*, void*) const
  [UP] ignoring variable attr_value as it has address taken, results will be incomplete 
  [UP] ignoring variable <unnamed var:   %11 = alloca %struct.SEXPREC*, align 8> as it has address taken, results will be incomplete 

Function QdataSerializer<BlockCompressWriterMT<qdata::detail::memory_writer<std::__1::vector<unsigned char, std::__1::allocator<unsigned char> > >, ZstdCompressor, xxHashEnv, StdErrorPolicy, true> >::write_object(SEXPREC*)
  [UP] ignoring variable object as it has address taken, results will be incomplete 

Function QdataSerializer<BlockCompressWriterMT<qdata::detail::memory_writer<std::__1::vector<unsigned char, std::__1::allocator<unsigned char> > >, ZstdShuffleCompressor, xxHashEnv, StdErrorPolicy, true> >::get_attributes(SEXPREC*)::{lambda(SEXPREC*, SEXPREC*, void*)#1}::operator()(SEXPREC*, SEXPREC*, void*) const
  [UP] ignoring variable attr_value as it has address taken, results will be incomplete 
  [UP] ignoring variable <unnamed var:   %11 = alloca %struct.SEXPREC*, align 8> as it has address taken, results will be incomplete 

Function QdataSerializer<BlockCompressWriterMT<qdata::detail::memory_writer<std::__1::vector<unsigned char, std::__1::allocator<unsigned char> > >, ZstdShuffleCompressor, xxHashEnv, StdErrorPolicy, true> >::write_object(SEXPREC*)
  [UP] ignoring variable object as it has address taken, results will be incomplete 

Function Rcpp::Rcpp_protect(SEXPREC*)
  [PB] has possible protection stack imbalance Rcpp/include/Rcpp/protection/Shield.h:25

Function Rcpp::Rcpp_unprotect(int)
  [PB] has an unsupported form of unprotect with a variable results will be incomplete Rcpp/include/Rcpp/protection/Shield.h:31
  [UP] unsupported form of unprotect, unprotecting all variables, results will be incomplete Rcpp/include/Rcpp/protection/Shield.h:31

Function _qs2_base85_decode
  [UP] ignoring variable <unnamed var:   %11 = alloca %struct.SEXPREC*, align 8> as it has address taken, results will be incomplete 

Function _qs2_base85_encode
  [UP] ignoring variable <unnamed var:   %11 = alloca %struct.SEXPREC*, align 8> as it has address taken, results will be incomplete 

Function _qs2_blosc_shuffle_raw
  [UP] ignoring variable <unnamed var:   %14 = alloca %struct.SEXPREC*, align 8> as it has address taken, results will be incomplete 

Function _qs2_blosc_unshuffle_raw
  [UP] ignoring variable <unnamed var:   %14 = alloca %struct.SEXPREC*, align 8> as it has address taken, results will be incomplete 

Function _qs2_c_base91_decode
  [UP] ignoring variable <unnamed var:   %11 = alloca %struct.SEXPREC*, align 8> as it has address taken, results will be incomplete 

Function _qs2_c_base91_encode
  [UP] ignoring variable <unnamed var:   %11 = alloca %struct.SEXPREC*, align 8> as it has address taken, results will be incomplete 

Function _qs2_check_SIMD
  [UP] ignoring variable <unnamed var:   %8 = alloca %struct.SEXPREC*, align 8> as it has address taken, results will be incomplete 

Function _qs2_check_TBB
  [UP] ignoring variable <unnamed var:   %8 = alloca %struct.SEXPREC*, align 8> as it has address taken, results will be incomplete 

Function _qs2_internal_compute_qx_hash
  [UP] ignoring variable <unnamed var:   %11 = alloca %struct.SEXPREC*, align 8> as it has address taken, results will be incomplete 

Function _qs2_internal_is_utf8_locale
  [UP] ignoring variable <unnamed var:   %11 = alloca %struct.SEXPREC*, align 8> as it has address taken, results will be incomplete 

Function _qs2_internal_write_qx_hash
  [UP] ignoring variable <unnamed var:   %14 = alloca %struct.SEXPREC*, align 8> as it has address taken, results will be incomplete 
  [UP] ignoring variable <unnamed var:   %15 = alloca %struct.SEXPREC*, align 8> as it has address taken, results will be incomplete 

Function _qs2_qd_deserialize
  [UP] ignoring variable <unnamed var:   %20 = alloca %struct.SEXPREC*, align 8> as it has address taken, results will be incomplete 
  [UP] ignoring variable <unnamed var:   %21 = alloca %struct.SEXPREC*, align 8> as it has address taken, results will be incomplete 

Function _qs2_qd_read
  [UP] ignoring variable <unnamed var:   %20 = alloca %struct.SEXPREC*, align 8> as it has address taken, results will be incomplete 
  [UP] ignoring variable <unnamed var:   %21 = alloca %struct.SEXPREC*, align 8> as it has address taken, results will be incomplete 

Function _qs2_qd_save
  [UP] ignoring variable <unnamed var:   %26 = alloca %struct.SEXPREC*, align 8> as it has address taken, results will be incomplete 
  [UP] ignoring variable <unnamed var:   %27 = alloca %struct.SEXPREC*, align 8> as it has address taken, results will be incomplete 

Function _qs2_qd_serialize
  [UP] ignoring variable <unnamed var:   %23 = alloca %struct.SEXPREC*, align 8> as it has address taken, results will be incomplete 
  [UP] ignoring variable <unnamed var:   %24 = alloca %struct.SEXPREC*, align 8> as it has address taken, results will be incomplete 

Function _qs2_qs2_get_compress_level
  [UP] ignoring variable <unnamed var:   %8 = alloca %struct.SEXPREC*, align 8> as it has address taken, results will be incomplete 

Function _qs2_qs2_get_nthreads
  [UP] ignoring variable <unnamed var:   %8 = alloca %struct.SEXPREC*, align 8> as it has address taken, results will be incomplete 

Function _qs2_qs2_get_shuffle
  [UP] ignoring variable <unnamed var:   %8 = alloca %struct.SEXPREC*, align 8> as it has address taken, results will be incomplete 

Function _qs2_qs2_get_use_alt_rep
  [UP] ignoring variable <unnamed var:   %8 = alloca %struct.SEXPREC*, align 8> as it has address taken, results will be incomplete 

Function _qs2_qs2_get_validate_checksum
  [UP] ignoring variable <unnamed var:   %8 = alloca %struct.SEXPREC*, align 8> as it has address taken, results will be incomplete 

Function _qs2_qs2_get_warn_unsupported_types
  [UP] ignoring variable <unnamed var:   %8 = alloca %struct.SEXPREC*, align 8> as it has address taken, results will be incomplete 

Function _qs2_qs_deserialize
  [UP] ignoring variable <unnamed var:   %17 = alloca %struct.SEXPREC*, align 8> as it has address taken, results will be incomplete 
  [UP] ignoring variable <unnamed var:   %18 = alloca %struct.SEXPREC*, align 8> as it has address taken, results will be incomplete 

Function _qs2_qs_read
  [UP] ignoring variable <unnamed var:   %17 = alloca %struct.SEXPREC*, align 8> as it has address taken, results will be incomplete 
  [UP] ignoring variable <unnamed var:   %18 = alloca %struct.SEXPREC*, align 8> as it has address taken, results will be incomplete 

Function _qs2_qs_save
  [UP] ignoring variable <unnamed var:   %23 = alloca %struct.SEXPREC*, align 8> as it has address taken, results will be incomplete 
  [UP] ignoring variable <unnamed var:   %24 = alloca %struct.SEXPREC*, align 8> as it has address taken, results will be incomplete 

Function _qs2_qs_serialize
  [UP] ignoring variable <unnamed var:   %20 = alloca %struct.SEXPREC*, align 8> as it has address taken, results will be incomplete 
  [UP] ignoring variable <unnamed var:   %21 = alloca %struct.SEXPREC*, align 8> as it has address taken, results will be incomplete 

Function _qs2_qx_dump
  [UP] ignoring variable <unnamed var:   %11 = alloca %struct.SEXPREC*, align 8> as it has address taken, results will be incomplete 

Function _qs2_xxhash_raw
  [UP] ignoring variable <unnamed var:   %11 = alloca %struct.SEXPREC*, align 8> as it has address taken, results will be incomplete 

Function _qs2_zstd_compress_bound
  [UP] ignoring variable <unnamed var:   %11 = alloca %struct.SEXPREC*, align 8> as it has address taken, results will be incomplete 

Function _qs2_zstd_compress_file
  [UP] ignoring variable <unnamed var:   %17 = alloca %struct.SEXPREC*, align 8> as it has address taken, results will be incomplete 
  [UP] ignoring variable <unnamed var:   %18 = alloca %struct.SEXPREC*, align 8> as it has address taken, results will be incomplete 

Function _qs2_zstd_compress_raw
  [UP] ignoring variable <unnamed var:   %14 = alloca %struct.SEXPREC*, align 8> as it has address taken, results will be incomplete 

Function _qs2_zstd_decompress_file
  [UP] ignoring variable <unnamed var:   %17 = alloca %struct.SEXPREC*, align 8> as it has address taken, results will be incomplete 
  [UP] ignoring variable <unnamed var:   %18 = alloca %struct.SEXPREC*, align 8> as it has address taken, results will be incomplete 

Function _qs2_zstd_decompress_raw
  [UP] ignoring variable <unnamed var:   %11 = alloca %struct.SEXPREC*, align 8> as it has address taken, results will be incomplete 

Function qs_deserialize_impl(qdata::detail::memory_reader&, bool, int)::$_13::operator()() const
  [UP] unprotected variable protected_output while calling allocating function BlockCompressReaderMT<qdata::detail::memory_reader, ZstdShuffleDecompressor, RErrorPolicy>::get_hash_digest() qs2/src/qx_functions.cpp:335

Function qs_deserialize_impl(qdata::detail::memory_reader&, bool, int)::$_14::operator()() const
  [UP] unprotected variable protected_output while calling allocating function BlockCompressReaderMT<qdata::detail::memory_reader, ZstdDecompressor, RErrorPolicy>::get_hash_digest() qs2/src/qx_functions.cpp:337

Function qs_deserialize_impl(qdata::detail::memory_reader&, bool, int)::$_15::operator()() const
  [UP] unprotected variable protected_output while calling allocating function BlockCompressReader<qdata::detail::memory_reader, ZstdShuffleDecompressor, RErrorPolicy>::get_hash_digest() qs2/src/qx_functions.cpp:342

Function qs_deserialize_impl(qdata::detail::memory_reader&, bool, int)::$_16::operator()() const
  [UP] unprotected variable protected_output while calling allocating function BlockCompressReader<qdata::detail::memory_reader, ZstdDecompressor, RErrorPolicy>::get_hash_digest() qs2/src/qx_functions.cpp:344

Function qs_read(std::__1::basic_string<char, std::__1::char_traits<char>, std::__1::allocator<char> > const&, bool, int)::$_10::operator()() const
  [UP] unprotected variable protected_output while calling allocating function BlockCompressReaderMT<IfStreamReader, ZstdDecompressor, RErrorPolicy>::get_hash_digest() qs2/src/qx_functions.cpp:287

Function qs_read(std::__1::basic_string<char, std::__1::char_traits<char>, std::__1::allocator<char> > const&, bool, int)::$_11::operator()() const
  [UP] unprotected variable protected_output while calling allocating function BlockCompressReader<IfStreamReader, ZstdShuffleDecompressor, RErrorPolicy>::get_hash_digest() qs2/src/qx_functions.cpp:292

Function qs_read(std::__1::basic_string<char, std::__1::char_traits<char>, std::__1::allocator<char> > const&, bool, int)::$_12::operator()() const
  [UP] unprotected variable protected_output while calling allocating function BlockCompressReader<IfStreamReader, ZstdDecompressor, RErrorPolicy>::get_hash_digest() qs2/src/qx_functions.cpp:294

Function qs_read(std::__1::basic_string<char, std::__1::char_traits<char>, std::__1::allocator<char> > const&, bool, int)::$_9::operator()() const
  [UP] unprotected variable protected_output while calling allocating function BlockCompressReaderMT<IfStreamReader, ZstdShuffleDecompressor, RErrorPolicy>::get_hash_digest() qs2/src/qx_functions.cpp:285
