Package RcppMeCab version 0.0.1.5
Package built using 89710/R 4.6.0; x86_64-pc-linux-gnu; 2026-03-26 19:18:01 UTC; unix   
Checked with rchk version 35618ebbccf3cd0b45a3530e6303970a22a9056b LLVM version 14.0.6
More information at https://github.com/kalibera/cran-checks/blob/master/rchk/PROTECT.md
For rchk in docker image see https://github.com/kalibera/rchk/blob/master/doc/DOCKER.md


Function Rcpp::Armor<SEXPREC*>::init(SEXPREC*)
  [PB] has possible protection stack imbalance Rcpp/include/Rcpp/protection/Armor.h:47

Function Rcpp::Armor<SEXPREC*>::~Armor()
  [PB] has negative depth Rcpp/include/Rcpp/protection/Armor.h:41
  [UP] attempt to unprotect more items (1) than protected (0), results will be incomplete Rcpp/include/Rcpp/protection/Armor.h:41
  [PB] has possible protection stack imbalance Rcpp/include/Rcpp/protection/Armor.h:42

Function Rcpp::Rcpp_protect(SEXPREC*)
  [PB] has possible protection stack imbalance Rcpp/include/Rcpp/protection/Shield.h:25

Function Rcpp::Rcpp_unprotect(int)
  [PB] has an unsupported form of unprotect with a variable results will be incomplete Rcpp/include/Rcpp/protection/Shield.h:31
  [UP] unsupported form of unprotect, unprotecting all variables, results will be incomplete Rcpp/include/Rcpp/protection/Shield.h:31

Function Rcpp::internal::convert_using_rfunction(SEXPREC*, char const*)
  [UP] ignoring variable <unnamed var:   %10 = alloca %struct.SEXPREC*, align 8> as it has address taken, results will be incomplete 

Function _RcppMeCab_dictIndexRcpp
  [UP] ignoring variable <unnamed var:   %12 = alloca %struct.SEXPREC*, align 8> as it has address taken, results will be incomplete 

Function _RcppMeCab_posDFRcpp
  [UP] unprotected variable rcpp_result_gen while calling allocating function Rf_onintr RcppMeCab/src/RcppExports.cpp:300
  [UP] allocating function Rcpp::internal::isLongjumpSentinel(SEXPREC*) may destroy its unprotected argument (rcpp_result_gen <arg 1>), which is later used. RcppMeCab/src/RcppExports.cpp:302
  [UP] calling allocating function Rcpp::internal::isLongjumpSentinel(SEXPREC*) with a fresh pointer (rcpp_result_gen <arg 1>) RcppMeCab/src/RcppExports.cpp:302
  [UP] allocating function Rf_inherits may destroy its unprotected argument (rcpp_result_gen <arg 1>), which is later used. RcppMeCab/src/RcppExports.cpp:306
  [UP] calling allocating function Rf_inherits with a fresh pointer (rcpp_result_gen <arg 1>) RcppMeCab/src/RcppExports.cpp:306
  [PB] has negative depth RcppMeCab/src/RcppExports.cpp:312
  [UP] attempt to unprotect more items (1) than protected (0), results will be incomplete RcppMeCab/src/RcppExports.cpp:312
  [PB] has possible protection stack imbalance RcppMeCab/src/RcppExports.cpp:313

Function _RcppMeCab_posDFRcpp_try(SEXPREC*, SEXPREC*, SEXPREC*)
  [UP] ignoring variable <unnamed var:   %17 = alloca %struct.SEXPREC*, align 8> as it has address taken, results will be incomplete 

Function _RcppMeCab_posJoinRcpp
  [UP] unprotected variable rcpp_result_gen while calling allocating function Rf_onintr RcppMeCab/src/RcppExports.cpp:192
  [UP] allocating function Rcpp::internal::isLongjumpSentinel(SEXPREC*) may destroy its unprotected argument (rcpp_result_gen <arg 1>), which is later used. RcppMeCab/src/RcppExports.cpp:194
  [UP] calling allocating function Rcpp::internal::isLongjumpSentinel(SEXPREC*) with a fresh pointer (rcpp_result_gen <arg 1>) RcppMeCab/src/RcppExports.cpp:194
  [UP] allocating function Rf_inherits may destroy its unprotected argument (rcpp_result_gen <arg 1>), which is later used. RcppMeCab/src/RcppExports.cpp:198
  [UP] calling allocating function Rf_inherits with a fresh pointer (rcpp_result_gen <arg 1>) RcppMeCab/src/RcppExports.cpp:198
  [PB] has negative depth RcppMeCab/src/RcppExports.cpp:204
  [UP] attempt to unprotect more items (1) than protected (0), results will be incomplete RcppMeCab/src/RcppExports.cpp:204
  [PB] has possible protection stack imbalance RcppMeCab/src/RcppExports.cpp:205

Function _RcppMeCab_posJoinRcpp_try(SEXPREC*, SEXPREC*, SEXPREC*)
  [UP] ignoring variable <unnamed var:   %17 = alloca %struct.SEXPREC*, align 8> as it has address taken, results will be incomplete 

Function _RcppMeCab_posLoopJoinRcpp
  [UP] unprotected variable rcpp_result_gen while calling allocating function Rf_onintr RcppMeCab/src/RcppExports.cpp:264
  [UP] allocating function Rcpp::internal::isLongjumpSentinel(SEXPREC*) may destroy its unprotected argument (rcpp_result_gen <arg 1>), which is later used. RcppMeCab/src/RcppExports.cpp:266
  [UP] calling allocating function Rcpp::internal::isLongjumpSentinel(SEXPREC*) with a fresh pointer (rcpp_result_gen <arg 1>) RcppMeCab/src/RcppExports.cpp:266
  [UP] allocating function Rf_inherits may destroy its unprotected argument (rcpp_result_gen <arg 1>), which is later used. RcppMeCab/src/RcppExports.cpp:270
  [UP] calling allocating function Rf_inherits with a fresh pointer (rcpp_result_gen <arg 1>) RcppMeCab/src/RcppExports.cpp:270
  [PB] has negative depth RcppMeCab/src/RcppExports.cpp:276
  [UP] attempt to unprotect more items (1) than protected (0), results will be incomplete RcppMeCab/src/RcppExports.cpp:276
  [PB] has possible protection stack imbalance RcppMeCab/src/RcppExports.cpp:277

Function _RcppMeCab_posLoopJoinRcpp_try(SEXPREC*, SEXPREC*, SEXPREC*)
  [UP] ignoring variable <unnamed var:   %17 = alloca %struct.SEXPREC*, align 8> as it has address taken, results will be incomplete 

Function _RcppMeCab_posLoopRcpp
  [UP] unprotected variable rcpp_result_gen while calling allocating function Rf_onintr RcppMeCab/src/RcppExports.cpp:228
  [UP] allocating function Rcpp::internal::isLongjumpSentinel(SEXPREC*) may destroy its unprotected argument (rcpp_result_gen <arg 1>), which is later used. RcppMeCab/src/RcppExports.cpp:230
  [UP] calling allocating function Rcpp::internal::isLongjumpSentinel(SEXPREC*) with a fresh pointer (rcpp_result_gen <arg 1>) RcppMeCab/src/RcppExports.cpp:230
  [UP] allocating function Rf_inherits may destroy its unprotected argument (rcpp_result_gen <arg 1>), which is later used. RcppMeCab/src/RcppExports.cpp:234
  [UP] calling allocating function Rf_inherits with a fresh pointer (rcpp_result_gen <arg 1>) RcppMeCab/src/RcppExports.cpp:234
  [PB] has negative depth RcppMeCab/src/RcppExports.cpp:240
  [UP] attempt to unprotect more items (1) than protected (0), results will be incomplete RcppMeCab/src/RcppExports.cpp:240
  [PB] has possible protection stack imbalance RcppMeCab/src/RcppExports.cpp:241

Function _RcppMeCab_posLoopRcpp_try(SEXPREC*, SEXPREC*, SEXPREC*)
  [UP] ignoring variable <unnamed var:   %17 = alloca %struct.SEXPREC*, align 8> as it has address taken, results will be incomplete 

Function _RcppMeCab_posParallelDFRcpp
  [UP] unprotected variable rcpp_result_gen while calling allocating function Rf_onintr RcppMeCab/src/RcppExports.cpp:84
  [UP] allocating function Rcpp::internal::isLongjumpSentinel(SEXPREC*) may destroy its unprotected argument (rcpp_result_gen <arg 1>), which is later used. RcppMeCab/src/RcppExports.cpp:86
  [UP] calling allocating function Rcpp::internal::isLongjumpSentinel(SEXPREC*) with a fresh pointer (rcpp_result_gen <arg 1>) RcppMeCab/src/RcppExports.cpp:86
  [UP] allocating function Rf_inherits may destroy its unprotected argument (rcpp_result_gen <arg 1>), which is later used. RcppMeCab/src/RcppExports.cpp:90
  [UP] calling allocating function Rf_inherits with a fresh pointer (rcpp_result_gen <arg 1>) RcppMeCab/src/RcppExports.cpp:90
  [PB] has negative depth RcppMeCab/src/RcppExports.cpp:96
  [UP] attempt to unprotect more items (1) than protected (0), results will be incomplete RcppMeCab/src/RcppExports.cpp:96
  [PB] has possible protection stack imbalance RcppMeCab/src/RcppExports.cpp:97

Function _RcppMeCab_posParallelDFRcpp_try(SEXPREC*, SEXPREC*, SEXPREC*)
  [UP] ignoring variable <unnamed var:   %17 = alloca %struct.SEXPREC*, align 8> as it has address taken, results will be incomplete 

Function _RcppMeCab_posParallelJoinRcpp
  [UP] unprotected variable rcpp_result_gen while calling allocating function Rf_onintr RcppMeCab/src/RcppExports.cpp:48
  [UP] allocating function Rcpp::internal::isLongjumpSentinel(SEXPREC*) may destroy its unprotected argument (rcpp_result_gen <arg 1>), which is later used. RcppMeCab/src/RcppExports.cpp:50
  [UP] calling allocating function Rcpp::internal::isLongjumpSentinel(SEXPREC*) with a fresh pointer (rcpp_result_gen <arg 1>) RcppMeCab/src/RcppExports.cpp:50
  [UP] allocating function Rf_inherits may destroy its unprotected argument (rcpp_result_gen <arg 1>), which is later used. RcppMeCab/src/RcppExports.cpp:54
  [UP] calling allocating function Rf_inherits with a fresh pointer (rcpp_result_gen <arg 1>) RcppMeCab/src/RcppExports.cpp:54
  [PB] has negative depth RcppMeCab/src/RcppExports.cpp:60
  [UP] attempt to unprotect more items (1) than protected (0), results will be incomplete RcppMeCab/src/RcppExports.cpp:60
  [PB] has possible protection stack imbalance RcppMeCab/src/RcppExports.cpp:61

Function _RcppMeCab_posParallelJoinRcpp_try(SEXPREC*, SEXPREC*, SEXPREC*)
  [UP] ignoring variable <unnamed var:   %17 = alloca %struct.SEXPREC*, align 8> as it has address taken, results will be incomplete 

Function _RcppMeCab_posParallelRcpp
  [UP] unprotected variable rcpp_result_gen while calling allocating function Rf_onintr RcppMeCab/src/RcppExports.cpp:120
  [UP] allocating function Rcpp::internal::isLongjumpSentinel(SEXPREC*) may destroy its unprotected argument (rcpp_result_gen <arg 1>), which is later used. RcppMeCab/src/RcppExports.cpp:122
  [UP] calling allocating function Rcpp::internal::isLongjumpSentinel(SEXPREC*) with a fresh pointer (rcpp_result_gen <arg 1>) RcppMeCab/src/RcppExports.cpp:122
  [UP] allocating function Rf_inherits may destroy its unprotected argument (rcpp_result_gen <arg 1>), which is later used. RcppMeCab/src/RcppExports.cpp:126
  [UP] calling allocating function Rf_inherits with a fresh pointer (rcpp_result_gen <arg 1>) RcppMeCab/src/RcppExports.cpp:126
  [PB] has negative depth RcppMeCab/src/RcppExports.cpp:132
  [UP] attempt to unprotect more items (1) than protected (0), results will be incomplete RcppMeCab/src/RcppExports.cpp:132
  [PB] has possible protection stack imbalance RcppMeCab/src/RcppExports.cpp:133

Function _RcppMeCab_posParallelRcpp_try(SEXPREC*, SEXPREC*, SEXPREC*)
  [UP] ignoring variable <unnamed var:   %17 = alloca %struct.SEXPREC*, align 8> as it has address taken, results will be incomplete 

Function _RcppMeCab_posRcpp
  [UP] unprotected variable rcpp_result_gen while calling allocating function Rf_onintr RcppMeCab/src/RcppExports.cpp:156
  [UP] allocating function Rcpp::internal::isLongjumpSentinel(SEXPREC*) may destroy its unprotected argument (rcpp_result_gen <arg 1>), which is later used. RcppMeCab/src/RcppExports.cpp:158
  [UP] calling allocating function Rcpp::internal::isLongjumpSentinel(SEXPREC*) with a fresh pointer (rcpp_result_gen <arg 1>) RcppMeCab/src/RcppExports.cpp:158
  [UP] allocating function Rf_inherits may destroy its unprotected argument (rcpp_result_gen <arg 1>), which is later used. RcppMeCab/src/RcppExports.cpp:162
  [UP] calling allocating function Rf_inherits with a fresh pointer (rcpp_result_gen <arg 1>) RcppMeCab/src/RcppExports.cpp:162
  [PB] has negative depth RcppMeCab/src/RcppExports.cpp:168
  [UP] attempt to unprotect more items (1) than protected (0), results will be incomplete RcppMeCab/src/RcppExports.cpp:168
  [PB] has possible protection stack imbalance RcppMeCab/src/RcppExports.cpp:169

Function _RcppMeCab_posRcpp_try(SEXPREC*, SEXPREC*, SEXPREC*)
  [UP] ignoring variable <unnamed var:   %17 = alloca %struct.SEXPREC*, align 8> as it has address taken, results will be incomplete 

Function void Rcpp::Vector<16, Rcpp::PreserveStorage>::push_back<Rcpp::String>(Rcpp::String const&)
  [UP] ignoring variable <unnamed var:   %5 = alloca %struct.SEXPREC*, align 8> as it has address taken, results will be incomplete 

Function void Rcpp::Vector<19, Rcpp::PreserveStorage>::push_back<Rcpp::Vector<16, Rcpp::PreserveStorage> >(Rcpp::Vector<16, Rcpp::PreserveStorage> const&)
  [UP] ignoring variable <unnamed var:   %5 = alloca %struct.SEXPREC*, align 8> as it has address taken, results will be incomplete 
