Package readNSx version 0.0.7
Package built using 90071/R 4.6.0; x86_64-pc-linux-gnu; 2026-05-24 15:53:56 UTC; unix   
Checked with rchk version 35618ebbccf3cd0b45a3530e6303970a22a9056b LLVM version 14.0.6
More information at https://github.com/kalibera/cran-checks/blob/master/rchk/PROTECT.md
For rchk in docker image see https://github.com/kalibera/rchk/blob/master/doc/DOCKER.md


Function _readNSx_createBCIObject
  [UP] ignoring variable <unnamed var:   %12 = alloca %struct.SEXPREC*, align 8> as it has address taken, results will be incomplete 
  [UP] ignoring variable <unnamed var:   %8 = alloca %struct.SEXPREC*, align 8> as it has address taken, results will be incomplete 

Function _readNSx_formatBCIObject
  [UP] ignoring variable <unnamed var:   %7 = alloca %struct.SEXPREC*, align 8> as it has address taken, results will be incomplete 

Function _readNSx_maturalizeBCIObject
  [UP] ignoring variable <unnamed var:   %6 = alloca %struct.SEXPREC*, align 8> as it has address taken, results will be incomplete 
  [UP] ignoring variable <unnamed var:   %7 = alloca %struct.SEXPREC*, align 8> as it has address taken, results will be incomplete 

Function _readNSx_parseBCIDataRaw
  [UP] ignoring variable <unnamed var:   %10 = alloca %struct.SEXPREC*, align 8> as it has address taken, results will be incomplete 
  [UP] ignoring variable <unnamed var:   %13 = alloca %struct.SEXPREC*, align 8> as it has address taken, results will be incomplete 

Function _readNSx_parseBCIParamDef
  [UP] ignoring variable <unnamed var:   %6 = alloca %struct.SEXPREC*, align 8> as it has address taken, results will be incomplete 

Function _readNSx_printBCIObject
  [UP] ignoring variable <unnamed var:   %6 = alloca %struct.SEXPREC*, align 8> as it has address taken, results will be incomplete 

Function _readNSx_rawToFloat
  [UP] ignoring variable <unnamed var:   %6 = alloca %struct.SEXPREC*, align 8> as it has address taken, results will be incomplete 

Function _readNSx_rawToInt16
  [UP] ignoring variable <unnamed var:   %6 = alloca %struct.SEXPREC*, align 8> as it has address taken, results will be incomplete 

Function _readNSx_rawToInt32
  [UP] ignoring variable <unnamed var:   %6 = alloca %struct.SEXPREC*, align 8> as it has address taken, results will be incomplete 

Function _readNSx_rawToInt64
  [UP] ignoring variable <unnamed var:   %6 = alloca %struct.SEXPREC*, align 8> as it has address taken, results will be incomplete 

Function _readNSx_rawToInt8
  [UP] ignoring variable <unnamed var:   %6 = alloca %struct.SEXPREC*, align 8> as it has address taken, results will be incomplete 

Function _readNSx_rawToString
  [UP] ignoring variable <unnamed var:   %6 = alloca %struct.SEXPREC*, align 8> as it has address taken, results will be incomplete 

Function _readNSx_rawToUInt16
  [UP] ignoring variable <unnamed var:   %6 = alloca %struct.SEXPREC*, align 8> as it has address taken, results will be incomplete 

Function _readNSx_rawToUInt32
  [UP] ignoring variable <unnamed var:   %6 = alloca %struct.SEXPREC*, align 8> as it has address taken, results will be incomplete 

Function _readNSx_rawToUInt8
  [UP] ignoring variable <unnamed var:   %6 = alloca %struct.SEXPREC*, align 8> as it has address taken, results will be incomplete 

Function _readNSx_readNSxDataPacket2x
  [UP] ignoring variable <unnamed var:   %18 = alloca %struct.SEXPREC*, align 8> as it has address taken, results will be incomplete 

Function _readNSx_readNSxDataPacket30
  [UP] ignoring variable <unnamed var:   %18 = alloca %struct.SEXPREC*, align 8> as it has address taken, results will be incomplete 

Function _readNSx_readNSxPacketData
  [UP] ignoring variable <unnamed var:   %20 = alloca %struct.SEXPREC*, align 8> as it has address taken, results will be incomplete 

Function _readNSx_scanNSxPackets2x
  [UP] ignoring variable <unnamed var:   %12 = alloca %struct.SEXPREC*, align 8> as it has address taken, results will be incomplete 

Function _readNSx_scanNSxPackets30
  [UP] ignoring variable <unnamed var:   %12 = alloca %struct.SEXPREC*, align 8> as it has address taken, results will be incomplete 

Function readnsx::bci::BCIDataParser::BCIDataParser(cpp11::r_vector<SEXPREC*> const&)
  [UP] ignoring variable <unnamed var:   %12 = alloca %struct.SEXPREC*, align 8> as it has address taken, results will be incomplete 
  [UP] ignoring variable <unnamed var:   %5 = alloca %struct.SEXPREC*, align 8> as it has address taken, results will be incomplete 

Function readnsx::makeNamedList(char const*, SEXPREC*, char const*, SEXPREC*)
  [UP] ignoring variable v1 as it has address taken, results will be incomplete 
  [UP] ignoring variable v2 as it has address taken, results will be incomplete 

Function readnsx::makeNamedList(char const*, SEXPREC*, char const*, SEXPREC*, char const*, SEXPREC*, char const*, SEXPREC*)
  [UP] ignoring variable v1 as it has address taken, results will be incomplete 
  [UP] ignoring variable v2 as it has address taken, results will be incomplete 
  [UP] ignoring variable v3 as it has address taken, results will be incomplete 
  [UP] ignoring variable v4 as it has address taken, results will be incomplete 

Function readnsx::makeNamedList(char const*, SEXPREC*, char const*, SEXPREC*, char const*, SEXPREC*, char const*, SEXPREC*, char const*, SEXPREC*, char const*, SEXPREC*, char const*, SEXPREC*, char const*, SEXPREC*)
  [UP] ignoring variable v1 as it has address taken, results will be incomplete 
  [UP] ignoring variable v2 as it has address taken, results will be incomplete 
  [UP] ignoring variable v3 as it has address taken, results will be incomplete 
  [UP] ignoring variable v4 as it has address taken, results will be incomplete 
  [UP] ignoring variable v5 as it has address taken, results will be incomplete 
  [UP] ignoring variable v6 as it has address taken, results will be incomplete 
  [UP] ignoring variable v7 as it has address taken, results will be incomplete 
  [UP] ignoring variable v8 as it has address taken, results will be incomplete 
