Package rollshap version 1.0.1
Package built using 90065/R 4.6.0; x86_64-pc-linux-gnu; 2026-05-22 02:57:48 UTC; unix   
Checked with rchk version 35618ebbccf3cd0b45a3530e6303970a22a9056b LLVM version 14.0.6
More information at https://github.com/kalibera/cran-checks/blob/master/rchk/PROTECT.md
For rchk in docker image see https://github.com/kalibera/rchk/blob/master/doc/DOCKER.md


Function Rcpp::Armor<SEXPREC*>::init(SEXPREC*)
  [PB] has possible protection stack imbalance Rcpp/include/Rcpp/protection/Armor.h:47

Function Rcpp::Armor<SEXPREC*>::~Armor()
  [PB] has negative depth Rcpp/include/Rcpp/protection/Armor.h:41
  [UP] attempt to unprotect more items (1) than protected (0), results will be incomplete Rcpp/include/Rcpp/protection/Armor.h:41
  [PB] has possible protection stack imbalance Rcpp/include/Rcpp/protection/Armor.h:42

Function Rcpp::Rcpp_protect(SEXPREC*)
  [PB] has possible protection stack imbalance Rcpp/include/Rcpp/protection/Shield.h:25

Function Rcpp::Rcpp_unprotect(int)
  [PB] has an unsupported form of unprotect with a variable results will be incomplete Rcpp/include/Rcpp/protection/Shield.h:31
  [UP] unsupported form of unprotect, unprotecting all variables, results will be incomplete Rcpp/include/Rcpp/protection/Shield.h:31

Function Rcpp::internal::convert_using_rfunction(SEXPREC*, char const*)
  [UP] ignoring variable <unnamed var:   %10 = alloca %struct.SEXPREC*, align 8> as it has address taken, results will be incomplete 

Function _rollshap_roll_shap
  [UP] ignoring variable <unnamed var:   %36 = alloca %struct.SEXPREC*, align 8> as it has address taken, results will be incomplete 
  [UP] ignoring variable <unnamed var:   %37 = alloca %struct.SEXPREC*, align 8> as it has address taken, results will be incomplete 

Function roll_shap(SEXPREC* const&, SEXPREC* const&, int const&, arma::Col<double> const&, bool const&, int const&, bool const&, bool const&, bool const&)
  [UP] ignoring variable <unnamed var:   %321 = alloca %struct.SEXPREC*, align 8> as it has address taken, results will be incomplete 
  [UP] ignoring variable <unnamed var:   %350 = alloca %struct.SEXPREC*, align 8> as it has address taken, results will be incomplete 
  [UP] ignoring variable <unnamed var:   %420 = alloca %struct.SEXPREC*, align 8> as it has address taken, results will be incomplete 
  [UP] ignoring variable <unnamed var:   %447 = alloca %struct.SEXPREC*, align 8> as it has address taken, results will be incomplete 
  [UP] ignoring variable <unnamed var:   %465 = alloca %struct.SEXPREC*, align 8> as it has address taken, results will be incomplete 
  [UP] ignoring variable <unnamed var:   %494 = alloca %struct.SEXPREC*, align 8> as it has address taken, results will be incomplete 

Function void rollshap::xts_attr<Rcpp::Vector<14, Rcpp::PreserveStorage>, Rcpp::Matrix<14, Rcpp::PreserveStorage> >(Rcpp::Vector<14, Rcpp::PreserveStorage>&, Rcpp::Matrix<14, Rcpp::PreserveStorage> const&, SEXPREC*)
  [UP] ignoring variable dimnames as it has address taken, results will be incomplete 

Function void rollshap::xts_attr<Rcpp::Vector<14, Rcpp::PreserveStorage>, Rcpp::Vector<14, Rcpp::PreserveStorage> >(Rcpp::Vector<14, Rcpp::PreserveStorage>&, Rcpp::Vector<14, Rcpp::PreserveStorage> const&, SEXPREC*)
  [UP] ignoring variable dimnames as it has address taken, results will be incomplete 
