Package swjm version 0.1.0
Package built using 89950/R 4.6.0; x86_64-pc-linux-gnu; 2026-04-25 01:04:14 UTC; unix   
Checked with rchk version 35618ebbccf3cd0b45a3530e6303970a22a9056b LLVM version 14.0.6
More information at https://github.com/kalibera/cran-checks/blob/master/rchk/PROTECT.md
For rchk in docker image see https://github.com/kalibera/rchk/blob/master/doc/DOCKER.md


Function Rcpp::Rcpp_protect(SEXPREC*)
  [PB] has possible protection stack imbalance Rcpp/include/Rcpp/protection/Shield.h:25

Function Rcpp::Rcpp_unprotect(int)
  [PB] has an unsupported form of unprotect with a variable results will be incomplete Rcpp/include/Rcpp/protection/Shield.h:31
  [UP] unsupported form of unprotect, unprotecting all variables, results will be incomplete Rcpp/include/Rcpp/protection/Shield.h:31

Function _swjm_am1
  [UP] ignoring variable <unnamed var:   %26 = alloca %struct.SEXPREC*, align 8> as it has address taken, results will be incomplete 

Function _swjm_am2
  [UP] ignoring variable <unnamed var:   %29 = alloca %struct.SEXPREC*, align 8> as it has address taken, results will be incomplete 

Function _swjm_jfm_build_pseudo_cpp
  [UP] ignoring variable <unnamed var:   %41 = alloca %struct.SEXPREC*, align 8> as it has address taken, results will be incomplete 

Function _swjm_jfm_cv_scores_batch_cf_cpp
  [UP] ignoring variable <unnamed var:   %41 = alloca %struct.SEXPREC*, align 8> as it has address taken, results will be incomplete 

Function _swjm_jfm_cv_scores_batch_cpp
  [UP] ignoring variable <unnamed var:   %38 = alloca %struct.SEXPREC*, align 8> as it has address taken, results will be incomplete 

Function _swjm_jfm_precompute_timeline
  [UP] ignoring variable <unnamed var:   %23 = alloca %struct.SEXPREC*, align 8> as it has address taken, results will be incomplete 

Function _swjm_jfm_precompute_timeline_wt
  [UP] ignoring variable <unnamed var:   %26 = alloca %struct.SEXPREC*, align 8> as it has address taken, results will be incomplete 

Function _swjm_jfm_s0s1_cf_cpp
  [UP] ignoring variable <unnamed var:   %29 = alloca %struct.SEXPREC*, align 8> as it has address taken, results will be incomplete 

Function _swjm_jfm_s0s1_cpp
  [UP] ignoring variable <unnamed var:   %26 = alloca %struct.SEXPREC*, align 8> as it has address taken, results will be incomplete 

Function _swjm_jfm_s0s1_fast_cf_cpp
  [UP] ignoring variable <unnamed var:   %35 = alloca %struct.SEXPREC*, align 8> as it has address taken, results will be incomplete 

Function _swjm_jfm_s0s1_fast_cpp
  [UP] ignoring variable <unnamed var:   %29 = alloca %struct.SEXPREC*, align 8> as it has address taken, results will be incomplete 

Function _swjm_jfm_s0s1_score_fused_cpp
  [UP] ignoring variable <unnamed var:   %32 = alloca %struct.SEXPREC*, align 8> as it has address taken, results will be incomplete 

Function _swjm_jfm_s0s1_wt_fast_cpp
  [UP] ignoring variable <unnamed var:   %35 = alloca %struct.SEXPREC*, align 8> as it has address taken, results will be incomplete 

Function _swjm_jfm_score_cpp
  [UP] ignoring variable <unnamed var:   %23 = alloca %struct.SEXPREC*, align 8> as it has address taken, results will be incomplete 

Function _swjm_jfm_score_fast_cpp
  [UP] ignoring variable <unnamed var:   %20 = alloca %struct.SEXPREC*, align 8> as it has address taken, results will be incomplete 

Function _swjm_reRate
  [UP] ignoring variable <unnamed var:   %20 = alloca %struct.SEXPREC*, align 8> as it has address taken, results will be incomplete 

Function _swjm_temLog
  [UP] ignoring variable <unnamed var:   %29 = alloca %struct.SEXPREC*, align 8> as it has address taken, results will be incomplete 

Function _swjm_temLog2
  [UP] ignoring variable <unnamed var:   %23 = alloca %struct.SEXPREC*, align 8> as it has address taken, results will be incomplete 
