Package topologyR version 0.2.0
Package built using 89791/R 4.6.0; x86_64-pc-linux-gnu; 2026-04-07 01:23:19 UTC; unix   
Checked with rchk version 35618ebbccf3cd0b45a3530e6303970a22a9056b LLVM version 14.0.6
More information at https://github.com/kalibera/cran-checks/blob/master/rchk/PROTECT.md
For rchk in docker image see https://github.com/kalibera/rchk/blob/master/doc/DOCKER.md


Function Rcpp::Armor<SEXPREC*>::init(SEXPREC*)
  [PB] has possible protection stack imbalance Rcpp/include/Rcpp/protection/Armor.h:47

Function Rcpp::Armor<SEXPREC*>::~Armor()
  [PB] has negative depth Rcpp/include/Rcpp/protection/Armor.h:41
  [UP] attempt to unprotect more items (1) than protected (0), results will be incomplete Rcpp/include/Rcpp/protection/Armor.h:41
  [PB] has possible protection stack imbalance Rcpp/include/Rcpp/protection/Armor.h:42

Function Rcpp::Rcpp_protect(SEXPREC*)
  [PB] has possible protection stack imbalance Rcpp/include/Rcpp/protection/Shield.h:25

Function Rcpp::Rcpp_unprotect(int)
  [PB] has an unsupported form of unprotect with a variable results will be incomplete Rcpp/include/Rcpp/protection/Shield.h:31
  [UP] unsupported form of unprotect, unprotecting all variables, results will be incomplete Rcpp/include/Rcpp/protection/Shield.h:31

Function Rcpp::Vector<19, Rcpp::PreserveStorage> alexandrov_impl<1>(Rcpp::Vector<19, Rcpp::PreserveStorage>, int, int, bool, bool, bool)
  [UP] ignoring variable <unnamed var:   %106 = alloca %struct.SEXPREC*, align 8> as it has address taken, results will be incomplete 

Function Rcpp::Vector<19, Rcpp::PreserveStorage> alexandrov_impl<2>(Rcpp::Vector<19, Rcpp::PreserveStorage>, int, int, bool, bool, bool)
  [UP] ignoring variable <unnamed var:   %106 = alloca %struct.SEXPREC*, align 8> as it has address taken, results will be incomplete 

Function Rcpp::Vector<19, Rcpp::PreserveStorage> alexandrov_impl<3>(Rcpp::Vector<19, Rcpp::PreserveStorage>, int, int, bool, bool, bool)
  [UP] ignoring variable <unnamed var:   %106 = alloca %struct.SEXPREC*, align 8> as it has address taken, results will be incomplete 

Function Rcpp::Vector<19, Rcpp::PreserveStorage> engine_impl<1>(Rcpp::Vector<19, Rcpp::PreserveStorage>, int, int, int, bool, bool, bool)
  [UP] ignoring variable <unnamed var:   %117 = alloca %struct.SEXPREC*, align 8> as it has address taken, results will be incomplete 

Function Rcpp::Vector<19, Rcpp::PreserveStorage> engine_impl<2>(Rcpp::Vector<19, Rcpp::PreserveStorage>, int, int, int, bool, bool, bool)
  [UP] ignoring variable <unnamed var:   %117 = alloca %struct.SEXPREC*, align 8> as it has address taken, results will be incomplete 

Function Rcpp::Vector<19, Rcpp::PreserveStorage> engine_impl<3>(Rcpp::Vector<19, Rcpp::PreserveStorage>, int, int, int, bool, bool, bool)
  [UP] ignoring variable <unnamed var:   %117 = alloca %struct.SEXPREC*, align 8> as it has address taken, results will be incomplete 

Function Rcpp::Vector<19, Rcpp::PreserveStorage>::push_back_name__impl(SEXPREC* const&, std::__1::basic_string<char, std::__1::char_traits<char>, std::__1::allocator<char> > const&, Rcpp::traits::integral_constant<bool, true>)
  [UP] unprotected variable names while calling allocating function Rf_allocVector Rcpp/include/Rcpp/vector/Vector.h:680

Function Rcpp::internal::convert_using_rfunction(SEXPREC*, char const*)
  [UP] ignoring variable <unnamed var:   %10 = alloca %struct.SEXPREC*, align 8> as it has address taken, results will be incomplete 

Function Rcpp::internal::generic_name_proxy<19, Rcpp::PreserveStorage>::set(SEXPREC*)
  [UP] ignoring variable rhs as it has address taken, results will be incomplete 

Function _topologyR_alexandrov_topology_engine
  [UP] ignoring variable <unnamed var:   %27 = alloca %struct.SEXPREC*, align 8> as it has address taken, results will be incomplete 

Function _topologyR_generate_topology_engine
  [UP] ignoring variable <unnamed var:   %30 = alloca %struct.SEXPREC*, align 8> as it has address taken, results will be incomplete 

Function _topologyR_hvg_cpp
  [UP] ignoring variable <unnamed var:   %12 = alloca %struct.SEXPREC*, align 8> as it has address taken, results will be incomplete 

Function _topologyR_is_connected_exact_cpp
  [UP] ignoring variable <unnamed var:   %15 = alloca %struct.SEXPREC*, align 8> as it has address taken, results will be incomplete 

Function _topologyR_nvg_cpp
  [UP] ignoring variable <unnamed var:   %12 = alloca %struct.SEXPREC*, align 8> as it has address taken, results will be incomplete 

Function alexandrov_runtime(Rcpp::Vector<19, Rcpp::PreserveStorage>, int, int, int, bool, bool, bool)
  [UP] ignoring variable <unnamed var:   %109 = alloca %struct.SEXPREC*, align 8> as it has address taken, results will be incomplete 

Function engine_runtime(Rcpp::Vector<19, Rcpp::PreserveStorage>, int, int, int, int, bool, bool, bool)
  [UP] ignoring variable <unnamed var:   %120 = alloca %struct.SEXPREC*, align 8> as it has address taken, results will be incomplete 

Function hvg_cpp(Rcpp::Vector<14, Rcpp::PreserveStorage>)
  [UP] ignoring variable <unnamed var:   %26 = alloca %struct.SEXPREC*, align 8> as it has address taken, results will be incomplete 
  [UP] ignoring variable <unnamed var:   %30 = alloca %struct.SEXPREC*, align 8> as it has address taken, results will be incomplete 

Function nvg_cpp(Rcpp::Vector<14, Rcpp::PreserveStorage>)
  [UP] ignoring variable <unnamed var:   %18 = alloca %struct.SEXPREC*, align 8> as it has address taken, results will be incomplete 
  [UP] ignoring variable <unnamed var:   %22 = alloca %struct.SEXPREC*, align 8> as it has address taken, results will be incomplete 

Function void Rcpp::Vector<19, Rcpp::PreserveStorage>::push_back<SEXPREC*>(SEXPREC* const&, std::__1::basic_string<char, std::__1::char_traits<char>, std::__1::allocator<char> > const&)
  [UP] ignoring variable <unnamed var:   %7 = alloca %struct.SEXPREC*, align 8> as it has address taken, results will be incomplete 
