Package TreeTools version 2.2.0
Package built using 89670/R 4.6.0; x86_64-pc-linux-gnu; 2026-03-24 00:13:35 UTC; unix   
Checked with rchk version 35618ebbccf3cd0b45a3530e6303970a22a9056b LLVM version 14.0.6
More information at https://github.com/kalibera/cran-checks/blob/master/rchk/PROTECT.md
For rchk in docker image see https://github.com/kalibera/rchk/blob/master/doc/DOCKER.md


Function Rcpp::Armor<SEXPREC*>::init(SEXPREC*)
  [PB] has possible protection stack imbalance Rcpp/include/Rcpp/protection/Armor.h:47

Function Rcpp::Armor<SEXPREC*>::~Armor()
  [PB] has negative depth Rcpp/include/Rcpp/protection/Armor.h:41
  [UP] attempt to unprotect more items (1) than protected (0), results will be incomplete Rcpp/include/Rcpp/protection/Armor.h:41
  [PB] has possible protection stack imbalance Rcpp/include/Rcpp/protection/Armor.h:42

Function Rcpp::Rcpp_protect(SEXPREC*)
  [PB] has possible protection stack imbalance Rcpp/include/Rcpp/protection/Shield.h:25

Function Rcpp::Rcpp_unprotect(int)
  [PB] has an unsupported form of unprotect with a variable results will be incomplete Rcpp/include/Rcpp/protection/Shield.h:31
  [UP] unsupported form of unprotect, unprotecting all variables, results will be incomplete Rcpp/include/Rcpp/protection/Shield.h:31

Function Rcpp::Vector<19, Rcpp::PreserveStorage>::push_back_name__impl(SEXPREC* const&, std::__1::basic_string<char, std::__1::char_traits<char>, std::__1::allocator<char> > const&, Rcpp::traits::integral_constant<bool, true>)
  [UP] unprotected variable names while calling allocating function Rf_allocVector Rcpp/include/Rcpp/vector/Vector.h:680

Function Rcpp::internal::DimNameProxy::assign(SEXPREC*)
  [UP] unprotected variable dims while calling allocating function Rf_getAttrib(?,S:dimnames) Rcpp/include/Rcpp/vector/DimNameProxy.h:46

Function Rcpp::internal::convert_using_rfunction(SEXPREC*, char const*)
  [UP] ignoring variable <unnamed var:   %10 = alloca %struct.SEXPREC*, align 8> as it has address taken, results will be incomplete 

Function Rcpp::internal::generic_name_proxy<19, Rcpp::PreserveStorage>::set(SEXPREC*)
  [UP] ignoring variable rhs as it has address taken, results will be incomplete 

Function _TreeTools_ClusterTable_decode
  [UP] ignoring variable <unnamed var:   %12 = alloca %struct.SEXPREC*, align 8> as it has address taken, results will be incomplete 

Function _TreeTools_ClusterTable_matrix
  [UP] ignoring variable <unnamed var:   %12 = alloca %struct.SEXPREC*, align 8> as it has address taken, results will be incomplete 

Function _TreeTools_ClusterTable_new
  [UP] ignoring variable <unnamed var:   %12 = alloca %struct.SEXPREC*, align 8> as it has address taken, results will be incomplete 
  [UP] ignoring variable <unnamed var:   %13 = alloca %struct.SEXPREC*, align 8> as it has address taken, results will be incomplete 

Function _TreeTools_and_splits
  [UP] ignoring variable <unnamed var:   %15 = alloca %struct.SEXPREC*, align 8> as it has address taken, results will be incomplete 

Function _TreeTools_ape_neworder_phylo
  [UP] ignoring variable <unnamed var:   %24 = alloca %struct.SEXPREC*, align 8> as it has address taken, results will be incomplete 

Function _TreeTools_ape_neworder_pruningwise
  [UP] ignoring variable <unnamed var:   %24 = alloca %struct.SEXPREC*, align 8> as it has address taken, results will be incomplete 

Function _TreeTools_as_newick
  [UP] ignoring variable <unnamed var:   %12 = alloca %struct.SEXPREC*, align 8> as it has address taken, results will be incomplete 

Function _TreeTools_consensus_tree
  [UP] ignoring variable <unnamed var:   %15 = alloca %struct.SEXPREC*, align 8> as it has address taken, results will be incomplete 

Function _TreeTools_cpp_count_splits
  [UP] ignoring variable <unnamed var:   %15 = alloca %struct.SEXPREC*, align 8> as it has address taken, results will be incomplete 

Function _TreeTools_cpp_edge_to_splits
  [UP] ignoring variable <unnamed var:   %18 = alloca %struct.SEXPREC*, align 8> as it has address taken, results will be incomplete 

Function _TreeTools_descendant_edges
  [UP] ignoring variable <unnamed var:   %18 = alloca %struct.SEXPREC*, align 8> as it has address taken, results will be incomplete 

Function _TreeTools_descendant_edges_single
  [UP] ignoring variable <unnamed var:   %24 = alloca %struct.SEXPREC*, align 8> as it has address taken, results will be incomplete 

Function _TreeTools_descendant_tips
  [UP] ignoring variable <unnamed var:   %18 = alloca %struct.SEXPREC*, align 8> as it has address taken, results will be incomplete 

Function _TreeTools_duplicated_splits
  [UP] ignoring variable <unnamed var:   %15 = alloca %struct.SEXPREC*, align 8> as it has address taken, results will be incomplete 

Function _TreeTools_edge_to_mixed_base
  [UP] ignoring variable <unnamed var:   %18 = alloca %struct.SEXPREC*, align 8> as it has address taken, results will be incomplete 

Function _TreeTools_edge_to_num
  [UP] ignoring variable <unnamed var:   %18 = alloca %struct.SEXPREC*, align 8> as it has address taken, results will be incomplete 

Function _TreeTools_edge_to_rooted_shape
  [UP] ignoring variable <unnamed var:   %18 = alloca %struct.SEXPREC*, align 8> as it has address taken, results will be incomplete 

Function _TreeTools_first_matching_split_index
  [UP] ignoring variable <unnamed var:   %15 = alloca %struct.SEXPREC*, align 8> as it has address taken, results will be incomplete 

Function _TreeTools_first_matching_split_pair
  [UP] ignoring variable <unnamed var:   %15 = alloca %struct.SEXPREC*, align 8> as it has address taken, results will be incomplete 

Function _TreeTools_keep_tip
  [UP] ignoring variable <unnamed var:   %15 = alloca %struct.SEXPREC*, align 8> as it has address taken, results will be incomplete 

Function _TreeTools_kept_vertices
  [UP] ignoring variable <unnamed var:   %15 = alloca %struct.SEXPREC*, align 8> as it has address taken, results will be incomplete 

Function _TreeTools_mask_splits
  [UP] ignoring variable <unnamed var:   %12 = alloca %struct.SEXPREC*, align 8> as it has address taken, results will be incomplete 

Function _TreeTools_minimum_spanning_tree
  [UP] ignoring variable <unnamed var:   %12 = alloca %struct.SEXPREC*, align 8> as it has address taken, results will be incomplete 

Function _TreeTools_mixed_base_to_parent
  [UP] ignoring variable <unnamed var:   %15 = alloca %struct.SEXPREC*, align 8> as it has address taken, results will be incomplete 

Function _TreeTools_n_cherries_wrapper
  [UP] ignoring variable <unnamed var:   %18 = alloca %struct.SEXPREC*, align 8> as it has address taken, results will be incomplete 

Function _TreeTools_node_depth_unrooted
  [UP] ignoring variable <unnamed var:   %21 = alloca %struct.SEXPREC*, align 8> as it has address taken, results will be incomplete 

Function _TreeTools_normalize_splits
  [UP] ignoring variable <unnamed var:   %15 = alloca %struct.SEXPREC*, align 8> as it has address taken, results will be incomplete 

Function _TreeTools_not_splits
  [UP] ignoring variable <unnamed var:   %12 = alloca %struct.SEXPREC*, align 8> as it has address taken, results will be incomplete 

Function _TreeTools_num_to_parent
  [UP] ignoring variable <unnamed var:   %15 = alloca %struct.SEXPREC*, align 8> as it has address taken, results will be incomplete 

Function _TreeTools_or_splits
  [UP] ignoring variable <unnamed var:   %15 = alloca %struct.SEXPREC*, align 8> as it has address taken, results will be incomplete 

Function _TreeTools_pack_splits_logical
  [UP] ignoring variable <unnamed var:   %12 = alloca %struct.SEXPREC*, align 8> as it has address taken, results will be incomplete 

Function _TreeTools_pack_splits_logical_vec
  [UP] ignoring variable <unnamed var:   %12 = alloca %struct.SEXPREC*, align 8> as it has address taken, results will be incomplete 

Function _TreeTools_path_lengths
  [UP] ignoring variable <unnamed var:   %18 = alloca %struct.SEXPREC*, align 8> as it has address taken, results will be incomplete 

Function _TreeTools_postorder_order
  [UP] ignoring variable <unnamed var:   %12 = alloca %struct.SEXPREC*, align 8> as it has address taken, results will be incomplete 

Function _TreeTools_preorder_edges_and_nodes
  [UP] ignoring variable <unnamed var:   %15 = alloca %struct.SEXPREC*, align 8> as it has address taken, results will be incomplete 

Function _TreeTools_preorder_weighted
  [UP] ignoring variable <unnamed var:   %18 = alloca %struct.SEXPREC*, align 8> as it has address taken, results will be incomplete 

Function _TreeTools_random_parent
  [UP] ignoring variable <unnamed var:   %15 = alloca %struct.SEXPREC*, align 8> as it has address taken, results will be incomplete 

Function _TreeTools_renumber_tips_batch
  [UP] ignoring variable <unnamed var:   %21 = alloca %struct.SEXPREC*, align 8> as it has address taken, results will be incomplete 

Function _TreeTools_root_binary
  [UP] ignoring variable <unnamed var:   %15 = alloca %struct.SEXPREC*, align 8> as it has address taken, results will be incomplete 

Function _TreeTools_root_on_node
  [UP] ignoring variable <unnamed var:   %15 = alloca %struct.SEXPREC*, align 8> as it has address taken, results will be incomplete 

Function _TreeTools_rooted_shape_to_edge
  [UP] ignoring variable <unnamed var:   %15 = alloca %struct.SEXPREC*, align 8> as it has address taken, results will be incomplete 

Function _TreeTools_split_consistent
  [UP] ignoring variable <unnamed var:   %18 = alloca %struct.SEXPREC*, align 8> as it has address taken, results will be incomplete 

Function _TreeTools_split_frequencies
  [UP] ignoring variable <unnamed var:   %12 = alloca %struct.SEXPREC*, align 8> as it has address taken, results will be incomplete 

Function _TreeTools_splits_to_edge
  [UP] ignoring variable <unnamed var:   %15 = alloca %struct.SEXPREC*, align 8> as it has address taken, results will be incomplete 

Function _TreeTools_thin_splits
  [UP] ignoring variable <unnamed var:   %15 = alloca %struct.SEXPREC*, align 8> as it has address taken, results will be incomplete 

Function _TreeTools_tips_in_splits
  [UP] ignoring variable <unnamed var:   %12 = alloca %struct.SEXPREC*, align 8> as it has address taken, results will be incomplete 

Function _TreeTools_xor_splits
  [UP] ignoring variable <unnamed var:   %15 = alloca %struct.SEXPREC*, align 8> as it has address taken, results will be incomplete 

Function renumber_tips_batch(Rcpp::Vector<19, Rcpp::PreserveStorage>, Rcpp::Vector<13, Rcpp::PreserveStorage>, int, Rcpp::Vector<16, Rcpp::PreserveStorage>)
  [UP] unprotected variable orig_class while calling allocating function Rcpp::Vector<19, Rcpp::PreserveStorage> Rcpp::as<Rcpp::Vector<19, Rcpp::PreserveStorage> >(SEXPREC*) TreeTools/src/renumber_tips.cpp:23
  [UP] unprotected variable orig_class while calling allocating function Rcpp::Vector<19, Rcpp::PreserveStorage> Rcpp::clone<Rcpp::Vector<19, Rcpp::PreserveStorage> >(Rcpp::Vector<19, Rcpp::PreserveStorage> const&) TreeTools/src/renumber_tips.cpp:23
  [UP] unprotected variable orig_class while calling allocating function Rcpp::Vector<19, Rcpp::PreserveStorage>::~Vector() TreeTools/src/renumber_tips.cpp:23
  [UP] unprotected variable orig_class while calling allocating function Rcpp::Matrix<13, Rcpp::PreserveStorage> Rcpp::clone<Rcpp::Matrix<13, Rcpp::PreserveStorage> >(Rcpp::Matrix<13, Rcpp::PreserveStorage> const&) TreeTools/src/renumber_tips.cpp:26
  [UP] unprotected variable orig_class while calling allocating function Rcpp::Matrix<13, Rcpp::PreserveStorage>::~Matrix() TreeTools/src/renumber_tips.cpp:26
  [UP] unprotected variable orig_class while calling allocating function Rcpp::Matrix<13, Rcpp::PreserveStorage> Rcpp::as<Rcpp::Matrix<13, Rcpp::PreserveStorage> >(SEXPREC*) TreeTools/src/renumber_tips.cpp:27
  [UP] unprotected variable orig_class while calling allocating function Rcpp::internal::generic_name_proxy<19, Rcpp::PreserveStorage>::operator SEXPREC*() const TreeTools/src/renumber_tips.cpp:27
  [UP] unprotected variable orig_class while calling allocating function Rcpp::Matrix<13, Rcpp::PreserveStorage>::operator()(unsigned long const&, unsigned long const&) TreeTools/src/renumber_tips.cpp:31
  [UP] unprotected variable orig_class while calling allocating function Rcpp::Vector<13, Rcpp::PreserveStorage>::operator[](long) const TreeTools/src/renumber_tips.cpp:33
  [UP] unprotected variable orig_class while calling allocating function Rcpp::internal::generic_name_proxy<19, Rcpp::PreserveStorage>& Rcpp::internal::generic_name_proxy<19, Rcpp::PreserveStorage>::operator=<Rcpp::Matrix<13, Rcpp::PreserveStorage> >(Rcpp::Matrix<13, Rcpp::PreserveStorage> const&) TreeTools/src/renumber_tips.cpp:36
  [UP] unprotected variable orig_class while calling allocating function Rcpp::internal::generic_name_proxy<19, Rcpp::PreserveStorage>& Rcpp::internal::generic_name_proxy<19, Rcpp::PreserveStorage>::operator=<Rcpp::Vector<16, Rcpp::PreserveStorage> >(Rcpp::Vector<16, Rcpp::PreserveStorage> const&) TreeTools/src/renumber_tips.cpp:39
  [UP] unprotected variable orig_class while calling allocating function Rcpp::AttributeProxyPolicy<Rcpp::Vector<19, Rcpp::PreserveStorage> >::hasAttribute(std::__1::basic_string<char, std::__1::char_traits<char>, std::__1::allocator<char> > const&) const TreeTools/src/renumber_tips.cpp:42
  [UP] unprotected variable orig_class while calling allocating function Rcpp::AttributeProxyPolicy<Rcpp::Vector<19, Rcpp::PreserveStorage> >::AttributeProxy::operator Rcpp::Vector<16, Rcpp::PreserveStorage><Rcpp::Vector<16, Rcpp::PreserveStorage> >() const TreeTools/src/renumber_tips.cpp:43
  [UP] unprotected variable orig_class while calling allocating function Rcpp::AttributeProxyPolicy<Rcpp::Vector<19, Rcpp::PreserveStorage> >::attr(std::__1::basic_string<char, std::__1::char_traits<char>, std::__1::allocator<char> > const&) TreeTools/src/renumber_tips.cpp:43
  [UP] unprotected variable orig_class while calling allocating function Rcpp::Vector<16, Rcpp::PreserveStorage>::operator[](long) TreeTools/src/renumber_tips.cpp:44
  [UP] unprotected variable orig_class while calling allocating function Rcpp::AttributeProxyPolicy<Rcpp::Vector<19, Rcpp::PreserveStorage> >::AttributeProxy& Rcpp::AttributeProxyPolicy<Rcpp::Vector<19, Rcpp::PreserveStorage> >::AttributeProxy::operator=<Rcpp::Vector<16, Rcpp::PreserveStorage> >(Rcpp::Vector<16, Rcpp::PreserveStorage> const&) TreeTools/src/renumber_tips.cpp:45
  [UP] unprotected variable orig_class while calling allocating function Rcpp::AttributeProxyPolicy<Rcpp::Vector<19, Rcpp::PreserveStorage> >::attr(std::__1::basic_string<char, std::__1::char_traits<char>, std::__1::allocator<char> > const&) TreeTools/src/renumber_tips.cpp:45
  [UP] unprotected variable orig_class while calling allocating function Rcpp::Vector<16, Rcpp::PreserveStorage> Rcpp::Vector<16, Rcpp::PreserveStorage>::create<char [10]>(char const (&) [10]) TreeTools/src/renumber_tips.cpp:45
  [UP] unprotected variable orig_class while calling allocating function Rcpp::Vector<16, Rcpp::PreserveStorage>::~Vector() TreeTools/src/renumber_tips.cpp:45
  [UP] unprotected variable orig_class while calling allocating function Rcpp::Vector<16, Rcpp::PreserveStorage>::~Vector() TreeTools/src/renumber_tips.cpp:47

Function void Rcpp::Vector<19, Rcpp::PreserveStorage>::push_back<SEXPREC*>(SEXPREC* const&, std::__1::basic_string<char, std::__1::char_traits<char>, std::__1::allocator<char> > const&)
  [UP] ignoring variable <unnamed var:   %7 = alloca %struct.SEXPREC*, align 8> as it has address taken, results will be incomplete 
