Package tulpaMesh version 0.1.1
Package built using 89791/R 4.6.0; x86_64-pc-linux-gnu; 2026-04-07 01:23:20 UTC; unix   
Checked with rchk version 35618ebbccf3cd0b45a3530e6303970a22a9056b LLVM version 14.0.6
More information at https://github.com/kalibera/cran-checks/blob/master/rchk/PROTECT.md
For rchk in docker image see https://github.com/kalibera/rchk/blob/master/doc/DOCKER.md


Function Rcpp::Rcpp_protect(SEXPREC*)
  [PB] has possible protection stack imbalance Rcpp/include/Rcpp/protection/Shield.h:25

Function Rcpp::Rcpp_unprotect(int)
  [PB] has an unsupported form of unprotect with a variable results will be incomplete Rcpp/include/Rcpp/protection/Shield.h:31
  [UP] unsupported form of unprotect, unprotecting all variables, results will be incomplete Rcpp/include/Rcpp/protection/Shield.h:31

Function _tulpaMesh_cpp_fem_matrices
  [UP] ignoring variable <unnamed var:   %15 = alloca %struct.SEXPREC*, align 8> as it has address taken, results will be incomplete 

Function _tulpaMesh_cpp_fem_matrices_3d
  [UP] ignoring variable <unnamed var:   %15 = alloca %struct.SEXPREC*, align 8> as it has address taken, results will be incomplete 

Function _tulpaMesh_cpp_fem_matrices_nonstationary
  [UP] ignoring variable <unnamed var:   %21 = alloca %struct.SEXPREC*, align 8> as it has address taken, results will be incomplete 

Function _tulpaMesh_cpp_fem_matrices_p2
  [UP] ignoring variable <unnamed var:   %15 = alloca %struct.SEXPREC*, align 8> as it has address taken, results will be incomplete 

Function _tulpaMesh_cpp_fem_matrices_parallel
  [UP] ignoring variable <unnamed var:   %15 = alloca %struct.SEXPREC*, align 8> as it has address taken, results will be incomplete 

Function _tulpaMesh_cpp_projection_matrix
  [UP] ignoring variable <unnamed var:   %18 = alloca %struct.SEXPREC*, align 8> as it has address taken, results will be incomplete 

Function _tulpaMesh_cpp_projection_matrix_3d
  [UP] ignoring variable <unnamed var:   %18 = alloca %struct.SEXPREC*, align 8> as it has address taken, results will be incomplete 

Function _tulpaMesh_cpp_ruppert_refine
  [UP] ignoring variable <unnamed var:   %27 = alloca %struct.SEXPREC*, align 8> as it has address taken, results will be incomplete 

Function _tulpaMesh_cpp_triangulate
  [UP] ignoring variable <unnamed var:   %18 = alloca %struct.SEXPREC*, align 8> as it has address taken, results will be incomplete 

Function cpp_fem_matrices(Rcpp::Matrix<14, Rcpp::PreserveStorage>, Rcpp::Matrix<13, Rcpp::PreserveStorage>)
  [UP] ignoring variable <unnamed var:   %54 = alloca %struct.SEXPREC*, align 8> as it has address taken, results will be incomplete 
  [UP] ignoring variable <unnamed var:   %58 = alloca %struct.SEXPREC*, align 8> as it has address taken, results will be incomplete 
  [UP] ignoring variable <unnamed var:   %62 = alloca %struct.SEXPREC*, align 8> as it has address taken, results will be incomplete 
  [UP] ignoring variable <unnamed var:   %66 = alloca %struct.SEXPREC*, align 8> as it has address taken, results will be incomplete 
  [UP] ignoring variable <unnamed var:   %70 = alloca %struct.SEXPREC*, align 8> as it has address taken, results will be incomplete 
  [UP] ignoring variable <unnamed var:   %74 = alloca %struct.SEXPREC*, align 8> as it has address taken, results will be incomplete 

Function cpp_fem_matrices_3d(Rcpp::Matrix<14, Rcpp::PreserveStorage>, Rcpp::Matrix<13, Rcpp::PreserveStorage>)
  [UP] ignoring variable <unnamed var:   %102 = alloca %struct.SEXPREC*, align 8> as it has address taken, results will be incomplete 
  [UP] ignoring variable <unnamed var:   %82 = alloca %struct.SEXPREC*, align 8> as it has address taken, results will be incomplete 
  [UP] ignoring variable <unnamed var:   %86 = alloca %struct.SEXPREC*, align 8> as it has address taken, results will be incomplete 
  [UP] ignoring variable <unnamed var:   %90 = alloca %struct.SEXPREC*, align 8> as it has address taken, results will be incomplete 
  [UP] ignoring variable <unnamed var:   %94 = alloca %struct.SEXPREC*, align 8> as it has address taken, results will be incomplete 
  [UP] ignoring variable <unnamed var:   %98 = alloca %struct.SEXPREC*, align 8> as it has address taken, results will be incomplete 

Function cpp_fem_matrices_nonstationary(Rcpp::Matrix<14, Rcpp::PreserveStorage>, Rcpp::Matrix<13, Rcpp::PreserveStorage>, Rcpp::Vector<14, Rcpp::PreserveStorage>, Rcpp::Vector<14, Rcpp::PreserveStorage>)
  [UP] ignoring variable <unnamed var:   %65 = alloca %struct.SEXPREC*, align 8> as it has address taken, results will be incomplete 
  [UP] ignoring variable <unnamed var:   %69 = alloca %struct.SEXPREC*, align 8> as it has address taken, results will be incomplete 
  [UP] ignoring variable <unnamed var:   %73 = alloca %struct.SEXPREC*, align 8> as it has address taken, results will be incomplete 
  [UP] ignoring variable <unnamed var:   %77 = alloca %struct.SEXPREC*, align 8> as it has address taken, results will be incomplete 
  [UP] ignoring variable <unnamed var:   %81 = alloca %struct.SEXPREC*, align 8> as it has address taken, results will be incomplete 
  [UP] ignoring variable <unnamed var:   %85 = alloca %struct.SEXPREC*, align 8> as it has address taken, results will be incomplete 
  [UP] ignoring variable <unnamed var:   %89 = alloca %struct.SEXPREC*, align 8> as it has address taken, results will be incomplete 
  [UP] ignoring variable <unnamed var:   %93 = alloca %struct.SEXPREC*, align 8> as it has address taken, results will be incomplete 
  [UP] ignoring variable <unnamed var:   %97 = alloca %struct.SEXPREC*, align 8> as it has address taken, results will be incomplete 

Function cpp_fem_matrices_p2(Rcpp::Matrix<14, Rcpp::PreserveStorage>, Rcpp::Matrix<13, Rcpp::PreserveStorage>)
  [UP] ignoring variable <unnamed var:   %76 = alloca %struct.SEXPREC*, align 8> as it has address taken, results will be incomplete 
  [UP] ignoring variable <unnamed var:   %80 = alloca %struct.SEXPREC*, align 8> as it has address taken, results will be incomplete 
  [UP] ignoring variable <unnamed var:   %84 = alloca %struct.SEXPREC*, align 8> as it has address taken, results will be incomplete 
  [UP] ignoring variable <unnamed var:   %88 = alloca %struct.SEXPREC*, align 8> as it has address taken, results will be incomplete 
  [UP] ignoring variable <unnamed var:   %92 = alloca %struct.SEXPREC*, align 8> as it has address taken, results will be incomplete 
  [UP] ignoring variable <unnamed var:   %96 = alloca %struct.SEXPREC*, align 8> as it has address taken, results will be incomplete 

Function cpp_fem_matrices_parallel(Rcpp::Matrix<14, Rcpp::PreserveStorage>, Rcpp::Matrix<13, Rcpp::PreserveStorage>)
  [UP] ignoring variable <unnamed var:   %53 = alloca %struct.SEXPREC*, align 8> as it has address taken, results will be incomplete 
  [UP] ignoring variable <unnamed var:   %57 = alloca %struct.SEXPREC*, align 8> as it has address taken, results will be incomplete 
  [UP] ignoring variable <unnamed var:   %61 = alloca %struct.SEXPREC*, align 8> as it has address taken, results will be incomplete 
  [UP] ignoring variable <unnamed var:   %65 = alloca %struct.SEXPREC*, align 8> as it has address taken, results will be incomplete 
  [UP] ignoring variable <unnamed var:   %69 = alloca %struct.SEXPREC*, align 8> as it has address taken, results will be incomplete 
  [UP] ignoring variable <unnamed var:   %73 = alloca %struct.SEXPREC*, align 8> as it has address taken, results will be incomplete 

Function cpp_projection_matrix(Rcpp::Matrix<14, Rcpp::PreserveStorage>, Rcpp::Matrix<14, Rcpp::PreserveStorage>, Rcpp::Matrix<13, Rcpp::PreserveStorage>)
  [UP] ignoring variable <unnamed var:   %60 = alloca %struct.SEXPREC*, align 8> as it has address taken, results will be incomplete 
  [UP] ignoring variable <unnamed var:   %64 = alloca %struct.SEXPREC*, align 8> as it has address taken, results will be incomplete 
  [UP] ignoring variable <unnamed var:   %68 = alloca %struct.SEXPREC*, align 8> as it has address taken, results will be incomplete 

Function cpp_projection_matrix_3d(Rcpp::Matrix<14, Rcpp::PreserveStorage>, Rcpp::Matrix<14, Rcpp::PreserveStorage>, Rcpp::Matrix<13, Rcpp::PreserveStorage>)
  [UP] ignoring variable <unnamed var:   %111 = alloca %struct.SEXPREC*, align 8> as it has address taken, results will be incomplete 
  [UP] ignoring variable <unnamed var:   %115 = alloca %struct.SEXPREC*, align 8> as it has address taken, results will be incomplete 
  [UP] ignoring variable <unnamed var:   %119 = alloca %struct.SEXPREC*, align 8> as it has address taken, results will be incomplete 
