Package updog version 2.1.7
Package built using 89653/R 4.6.0; x86_64-pc-linux-gnu; 2026-03-20 14:54:08 UTC; unix   
Checked with rchk version 35618ebbccf3cd0b45a3530e6303970a22a9056b LLVM version 14.0.6
More information at https://github.com/kalibera/cran-checks/blob/master/rchk/PROTECT.md
For rchk in docker image see https://github.com/kalibera/rchk/blob/master/doc/DOCKER.md


Function Rcpp::Rcpp_protect(SEXPREC*)
  [PB] has possible protection stack imbalance Rcpp/include/Rcpp/protection/Shield.h:25

Function Rcpp::Rcpp_unprotect(int)
  [PB] has an unsupported form of unprotect with a variable results will be incomplete Rcpp/include/Rcpp/protection/Shield.h:31
  [UP] unsupported form of unprotect, unprotecting all variables, results will be incomplete Rcpp/include/Rcpp/protection/Shield.h:31

Function _updog_compute_all_log_bb
  [UP] ignoring variable <unnamed var:   %27 = alloca %struct.SEXPREC*, align 8> as it has address taken, results will be incomplete 

Function _updog_compute_all_phifk
  [UP] ignoring variable <unnamed var:   %18 = alloca %struct.SEXPREC*, align 8> as it has address taken, results will be incomplete 

Function _updog_compute_all_post_prob
  [UP] ignoring variable <unnamed var:   %24 = alloca %struct.SEXPREC*, align 8> as it has address taken, results will be incomplete 

Function _updog_dbernbinom
  [UP] unprotected variable rcpp_result_gen while calling allocating function Rf_onintr updog/src/RcppExports.cpp:77
  [UP] allocating function Rcpp::internal::isLongjumpSentinel(SEXPREC*) may destroy its unprotected argument (rcpp_result_gen <arg 1>), which is later used. updog/src/RcppExports.cpp:79
  [UP] calling allocating function Rcpp::internal::isLongjumpSentinel(SEXPREC*) with a fresh pointer (rcpp_result_gen <arg 1>) updog/src/RcppExports.cpp:79
  [UP] allocating function Rf_inherits may destroy its unprotected argument (rcpp_result_gen <arg 1>), which is later used. updog/src/RcppExports.cpp:83
  [UP] calling allocating function Rf_inherits with a fresh pointer (rcpp_result_gen <arg 1>) updog/src/RcppExports.cpp:83
  [PB] has negative depth updog/src/RcppExports.cpp:89
  [UP] attempt to unprotect more items (1) than protected (0), results will be incomplete updog/src/RcppExports.cpp:89
  [PB] has possible protection stack imbalance updog/src/RcppExports.cpp:90

Function _updog_dbernbinom_try(SEXPREC*, SEXPREC*, SEXPREC*, SEXPREC*)
  [UP] ignoring variable <unnamed var:   %20 = alloca %struct.SEXPREC*, align 8> as it has address taken, results will be incomplete 

Function _updog_dbetabinom
  [UP] unprotected variable rcpp_result_gen while calling allocating function Rf_onintr updog/src/RcppExports.cpp:153
  [UP] allocating function Rcpp::internal::isLongjumpSentinel(SEXPREC*) may destroy its unprotected argument (rcpp_result_gen <arg 1>), which is later used. updog/src/RcppExports.cpp:155
  [UP] calling allocating function Rcpp::internal::isLongjumpSentinel(SEXPREC*) with a fresh pointer (rcpp_result_gen <arg 1>) updog/src/RcppExports.cpp:155
  [UP] allocating function Rf_inherits may destroy its unprotected argument (rcpp_result_gen <arg 1>), which is later used. updog/src/RcppExports.cpp:159
  [UP] calling allocating function Rf_inherits with a fresh pointer (rcpp_result_gen <arg 1>) updog/src/RcppExports.cpp:159
  [PB] has negative depth updog/src/RcppExports.cpp:165
  [UP] attempt to unprotect more items (1) than protected (0), results will be incomplete updog/src/RcppExports.cpp:165
  [PB] has possible protection stack imbalance updog/src/RcppExports.cpp:166

Function _updog_dbetabinom_alpha_beta_double
  [UP] unprotected variable rcpp_result_gen while calling allocating function Rf_onintr updog/src/RcppExports.cpp:40
  [UP] allocating function Rcpp::internal::isLongjumpSentinel(SEXPREC*) may destroy its unprotected argument (rcpp_result_gen <arg 1>), which is later used. updog/src/RcppExports.cpp:42
  [UP] calling allocating function Rcpp::internal::isLongjumpSentinel(SEXPREC*) with a fresh pointer (rcpp_result_gen <arg 1>) updog/src/RcppExports.cpp:42
  [UP] allocating function Rf_inherits may destroy its unprotected argument (rcpp_result_gen <arg 1>), which is later used. updog/src/RcppExports.cpp:46
  [UP] calling allocating function Rf_inherits with a fresh pointer (rcpp_result_gen <arg 1>) updog/src/RcppExports.cpp:46
  [PB] has negative depth updog/src/RcppExports.cpp:52
  [UP] attempt to unprotect more items (1) than protected (0), results will be incomplete updog/src/RcppExports.cpp:52
  [PB] has possible protection stack imbalance updog/src/RcppExports.cpp:53

Function _updog_dbetabinom_alpha_beta_double_try(SEXPREC*, SEXPREC*, SEXPREC*, SEXPREC*, SEXPREC*)
  [UP] ignoring variable <unnamed var:   %23 = alloca %struct.SEXPREC*, align 8> as it has address taken, results will be incomplete 

Function _updog_dbetabinom_double
  [UP] unprotected variable rcpp_result_gen while calling allocating function Rf_onintr updog/src/RcppExports.cpp:115
  [UP] allocating function Rcpp::internal::isLongjumpSentinel(SEXPREC*) may destroy its unprotected argument (rcpp_result_gen <arg 1>), which is later used. updog/src/RcppExports.cpp:117
  [UP] calling allocating function Rcpp::internal::isLongjumpSentinel(SEXPREC*) with a fresh pointer (rcpp_result_gen <arg 1>) updog/src/RcppExports.cpp:117
  [UP] allocating function Rf_inherits may destroy its unprotected argument (rcpp_result_gen <arg 1>), which is later used. updog/src/RcppExports.cpp:121
  [UP] calling allocating function Rf_inherits with a fresh pointer (rcpp_result_gen <arg 1>) updog/src/RcppExports.cpp:121
  [PB] has negative depth updog/src/RcppExports.cpp:127
  [UP] attempt to unprotect more items (1) than protected (0), results will be incomplete updog/src/RcppExports.cpp:127
  [PB] has possible protection stack imbalance updog/src/RcppExports.cpp:128

Function _updog_dbetabinom_double_try(SEXPREC*, SEXPREC*, SEXPREC*, SEXPREC*, SEXPREC*)
  [UP] ignoring variable <unnamed var:   %23 = alloca %struct.SEXPREC*, align 8> as it has address taken, results will be incomplete 

Function _updog_dbetabinom_try(SEXPREC*, SEXPREC*, SEXPREC*, SEXPREC*, SEXPREC*)
  [UP] ignoring variable <unnamed var:   %23 = alloca %struct.SEXPREC*, align 8> as it has address taken, results will be incomplete 

Function _updog_dc_dtau
  [UP] ignoring variable <unnamed var:   %12 = alloca %struct.SEXPREC*, align 8> as it has address taken, results will be incomplete 

Function _updog_df_deps
  [UP] ignoring variable <unnamed var:   %15 = alloca %struct.SEXPREC*, align 8> as it has address taken, results will be incomplete 

Function _updog_dlbeta_dc
  [UP] ignoring variable <unnamed var:   %21 = alloca %struct.SEXPREC*, align 8> as it has address taken, results will be incomplete 

Function _updog_dlbeta_deps
  [UP] ignoring variable <unnamed var:   %27 = alloca %struct.SEXPREC*, align 8> as it has address taken, results will be incomplete 

Function _updog_dlbeta_dh
  [UP] ignoring variable <unnamed var:   %27 = alloca %struct.SEXPREC*, align 8> as it has address taken, results will be incomplete 

Function _updog_dlbeta_dtau
  [UP] ignoring variable <unnamed var:   %27 = alloca %struct.SEXPREC*, align 8> as it has address taken, results will be incomplete 

Function _updog_dlbeta_dxi
  [UP] ignoring variable <unnamed var:   %21 = alloca %struct.SEXPREC*, align 8> as it has address taken, results will be incomplete 

Function _updog_dpen_deps
  [UP] ignoring variable <unnamed var:   %18 = alloca %struct.SEXPREC*, align 8> as it has address taken, results will be incomplete 

Function _updog_dpen_dh
  [UP] ignoring variable <unnamed var:   %18 = alloca %struct.SEXPREC*, align 8> as it has address taken, results will be incomplete 

Function _updog_dxi_df
  [UP] ignoring variable <unnamed var:   %15 = alloca %struct.SEXPREC*, align 8> as it has address taken, results will be incomplete 

Function _updog_dxi_dh
  [UP] ignoring variable <unnamed var:   %18 = alloca %struct.SEXPREC*, align 8> as it has address taken, results will be incomplete 

Function _updog_elbo
  [UP] ignoring variable <unnamed var:   %45 = alloca %struct.SEXPREC*, align 8> as it has address taken, results will be incomplete 

Function _updog_eta_double
  [UP] unprotected variable rcpp_result_gen while calling allocating function Rf_onintr updog/src/RcppExports.cpp:1092
  [UP] allocating function Rcpp::internal::isLongjumpSentinel(SEXPREC*) may destroy its unprotected argument (rcpp_result_gen <arg 1>), which is later used. updog/src/RcppExports.cpp:1094
  [UP] calling allocating function Rcpp::internal::isLongjumpSentinel(SEXPREC*) with a fresh pointer (rcpp_result_gen <arg 1>) updog/src/RcppExports.cpp:1094
  [UP] allocating function Rf_inherits may destroy its unprotected argument (rcpp_result_gen <arg 1>), which is later used. updog/src/RcppExports.cpp:1098
  [UP] calling allocating function Rf_inherits with a fresh pointer (rcpp_result_gen <arg 1>) updog/src/RcppExports.cpp:1098
  [PB] has negative depth updog/src/RcppExports.cpp:1104
  [UP] attempt to unprotect more items (1) than protected (0), results will be incomplete updog/src/RcppExports.cpp:1104
  [PB] has possible protection stack imbalance updog/src/RcppExports.cpp:1105

Function _updog_eta_double_try(SEXPREC*, SEXPREC*)
  [UP] ignoring variable <unnamed var:   %14 = alloca %struct.SEXPREC*, align 8> as it has address taken, results will be incomplete 

Function _updog_eta_fun
  [UP] unprotected variable rcpp_result_gen while calling allocating function Rf_onintr updog/src/RcppExports.cpp:1127
  [UP] allocating function Rcpp::internal::isLongjumpSentinel(SEXPREC*) may destroy its unprotected argument (rcpp_result_gen <arg 1>), which is later used. updog/src/RcppExports.cpp:1129
  [UP] calling allocating function Rcpp::internal::isLongjumpSentinel(SEXPREC*) with a fresh pointer (rcpp_result_gen <arg 1>) updog/src/RcppExports.cpp:1129
  [UP] allocating function Rf_inherits may destroy its unprotected argument (rcpp_result_gen <arg 1>), which is later used. updog/src/RcppExports.cpp:1133
  [UP] calling allocating function Rf_inherits with a fresh pointer (rcpp_result_gen <arg 1>) updog/src/RcppExports.cpp:1133
  [PB] has negative depth updog/src/RcppExports.cpp:1139
  [UP] attempt to unprotect more items (1) than protected (0), results will be incomplete updog/src/RcppExports.cpp:1139
  [PB] has possible protection stack imbalance updog/src/RcppExports.cpp:1140

Function _updog_eta_fun_try(SEXPREC*, SEXPREC*)
  [UP] ignoring variable <unnamed var:   %14 = alloca %struct.SEXPREC*, align 8> as it has address taken, results will be incomplete 

Function _updog_expit
  [UP] unprotected variable rcpp_result_gen while calling allocating function Rf_onintr updog/src/RcppExports.cpp:1336
  [UP] allocating function Rcpp::internal::isLongjumpSentinel(SEXPREC*) may destroy its unprotected argument (rcpp_result_gen <arg 1>), which is later used. updog/src/RcppExports.cpp:1338
  [UP] calling allocating function Rcpp::internal::isLongjumpSentinel(SEXPREC*) with a fresh pointer (rcpp_result_gen <arg 1>) updog/src/RcppExports.cpp:1338
  [UP] allocating function Rf_inherits may destroy its unprotected argument (rcpp_result_gen <arg 1>), which is later used. updog/src/RcppExports.cpp:1342
  [UP] calling allocating function Rf_inherits with a fresh pointer (rcpp_result_gen <arg 1>) updog/src/RcppExports.cpp:1342
  [PB] has negative depth updog/src/RcppExports.cpp:1348
  [UP] attempt to unprotect more items (1) than protected (0), results will be incomplete updog/src/RcppExports.cpp:1348
  [PB] has possible protection stack imbalance updog/src/RcppExports.cpp:1349

Function _updog_expit_try(SEXPREC*)
  [UP] ignoring variable <unnamed var:   %11 = alloca %struct.SEXPREC*, align 8> as it has address taken, results will be incomplete 

Function _updog_f1_obj
  [UP] ignoring variable <unnamed var:   %18 = alloca %struct.SEXPREC*, align 8> as it has address taken, results will be incomplete 

Function _updog_flexdog_obj
  [UP] ignoring variable <unnamed var:   %48 = alloca %struct.SEXPREC*, align 8> as it has address taken, results will be incomplete 

Function _updog_get_genotype_likelihoods
  [UP] ignoring variable <unnamed var:   %27 = alloca %struct.SEXPREC*, align 8> as it has address taken, results will be incomplete 

Function _updog_get_wik_mat
  [UP] ignoring variable <unnamed var:   %30 = alloca %struct.SEXPREC*, align 8> as it has address taken, results will be incomplete 

Function _updog_grad_for_eps
  [UP] ignoring variable <unnamed var:   %51 = alloca %struct.SEXPREC*, align 8> as it has address taken, results will be incomplete 

Function _updog_grad_for_mu_sigma2
  [UP] ignoring variable <unnamed var:   %24 = alloca %struct.SEXPREC*, align 8> as it has address taken, results will be incomplete 

Function _updog_grad_for_mu_sigma2_wrapper
  [UP] ignoring variable <unnamed var:   %21 = alloca %struct.SEXPREC*, align 8> as it has address taken, results will be incomplete 

Function _updog_grad_for_weighted_lbb
  [UP] ignoring variable <unnamed var:   %18 = alloca %struct.SEXPREC*, align 8> as it has address taken, results will be incomplete 

Function _updog_grad_for_weighted_lnorm
  [UP] ignoring variable <unnamed var:   %18 = alloca %struct.SEXPREC*, align 8> as it has address taken, results will be incomplete 

Function _updog_log_sum_exp
  [UP] unprotected variable rcpp_result_gen while calling allocating function Rf_onintr updog/src/RcppExports.cpp:1233
  [UP] allocating function Rcpp::internal::isLongjumpSentinel(SEXPREC*) may destroy its unprotected argument (rcpp_result_gen <arg 1>), which is later used. updog/src/RcppExports.cpp:1235
  [UP] calling allocating function Rcpp::internal::isLongjumpSentinel(SEXPREC*) with a fresh pointer (rcpp_result_gen <arg 1>) updog/src/RcppExports.cpp:1235
  [UP] allocating function Rf_inherits may destroy its unprotected argument (rcpp_result_gen <arg 1>), which is later used. updog/src/RcppExports.cpp:1239
  [UP] calling allocating function Rf_inherits with a fresh pointer (rcpp_result_gen <arg 1>) updog/src/RcppExports.cpp:1239
  [PB] has negative depth updog/src/RcppExports.cpp:1245
  [UP] attempt to unprotect more items (1) than protected (0), results will be incomplete updog/src/RcppExports.cpp:1245
  [PB] has possible protection stack imbalance updog/src/RcppExports.cpp:1246

Function _updog_log_sum_exp_2
  [UP] unprotected variable rcpp_result_gen while calling allocating function Rf_onintr updog/src/RcppExports.cpp:1268
  [UP] allocating function Rcpp::internal::isLongjumpSentinel(SEXPREC*) may destroy its unprotected argument (rcpp_result_gen <arg 1>), which is later used. updog/src/RcppExports.cpp:1270
  [UP] calling allocating function Rcpp::internal::isLongjumpSentinel(SEXPREC*) with a fresh pointer (rcpp_result_gen <arg 1>) updog/src/RcppExports.cpp:1270
  [UP] allocating function Rf_inherits may destroy its unprotected argument (rcpp_result_gen <arg 1>), which is later used. updog/src/RcppExports.cpp:1274
  [UP] calling allocating function Rf_inherits with a fresh pointer (rcpp_result_gen <arg 1>) updog/src/RcppExports.cpp:1274
  [PB] has negative depth updog/src/RcppExports.cpp:1280
  [UP] attempt to unprotect more items (1) than protected (0), results will be incomplete updog/src/RcppExports.cpp:1280
  [PB] has possible protection stack imbalance updog/src/RcppExports.cpp:1281

Function _updog_log_sum_exp_2_try(SEXPREC*, SEXPREC*)
  [UP] ignoring variable <unnamed var:   %14 = alloca %struct.SEXPREC*, align 8> as it has address taken, results will be incomplete 

Function _updog_log_sum_exp_try(SEXPREC*)
  [UP] ignoring variable <unnamed var:   %11 = alloca %struct.SEXPREC*, align 8> as it has address taken, results will be incomplete 

Function _updog_logit
  [UP] unprotected variable rcpp_result_gen while calling allocating function Rf_onintr updog/src/RcppExports.cpp:1302
  [UP] allocating function Rcpp::internal::isLongjumpSentinel(SEXPREC*) may destroy its unprotected argument (rcpp_result_gen <arg 1>), which is later used. updog/src/RcppExports.cpp:1304
  [UP] calling allocating function Rcpp::internal::isLongjumpSentinel(SEXPREC*) with a fresh pointer (rcpp_result_gen <arg 1>) updog/src/RcppExports.cpp:1304
  [UP] allocating function Rf_inherits may destroy its unprotected argument (rcpp_result_gen <arg 1>), which is later used. updog/src/RcppExports.cpp:1308
  [UP] calling allocating function Rf_inherits with a fresh pointer (rcpp_result_gen <arg 1>) updog/src/RcppExports.cpp:1308
  [PB] has negative depth updog/src/RcppExports.cpp:1314
  [UP] attempt to unprotect more items (1) than protected (0), results will be incomplete updog/src/RcppExports.cpp:1314
  [PB] has possible protection stack imbalance updog/src/RcppExports.cpp:1315

Function _updog_logit_try(SEXPREC*)
  [UP] ignoring variable <unnamed var:   %11 = alloca %struct.SEXPREC*, align 8> as it has address taken, results will be incomplete 

Function _updog_obj_for_alpha
  [UP] ignoring variable <unnamed var:   %27 = alloca %struct.SEXPREC*, align 8> as it has address taken, results will be incomplete 

Function _updog_obj_for_eps
  [UP] ignoring variable <unnamed var:   %51 = alloca %struct.SEXPREC*, align 8> as it has address taken, results will be incomplete 

Function _updog_obj_for_mu_sigma2
  [UP] ignoring variable <unnamed var:   %24 = alloca %struct.SEXPREC*, align 8> as it has address taken, results will be incomplete 

Function _updog_obj_for_mu_sigma2_wrapper
  [UP] ignoring variable <unnamed var:   %21 = alloca %struct.SEXPREC*, align 8> as it has address taken, results will be incomplete 

Function _updog_obj_for_rho
  [UP] ignoring variable <unnamed var:   %27 = alloca %struct.SEXPREC*, align 8> as it has address taken, results will be incomplete 

Function _updog_obj_for_weighted_lbb
  [UP] ignoring variable <unnamed var:   %18 = alloca %struct.SEXPREC*, align 8> as it has address taken, results will be incomplete 

Function _updog_obj_for_weighted_lnorm
  [UP] ignoring variable <unnamed var:   %18 = alloca %struct.SEXPREC*, align 8> as it has address taken, results will be incomplete 

Function _updog_oracle_joint
  [UP] unprotected variable rcpp_result_gen while calling allocating function Rf_onintr updog/src/RcppExports.cpp:1057
  [UP] allocating function Rcpp::internal::isLongjumpSentinel(SEXPREC*) may destroy its unprotected argument (rcpp_result_gen <arg 1>), which is later used. updog/src/RcppExports.cpp:1059
  [UP] calling allocating function Rcpp::internal::isLongjumpSentinel(SEXPREC*) with a fresh pointer (rcpp_result_gen <arg 1>) updog/src/RcppExports.cpp:1059
  [UP] allocating function Rf_inherits may destroy its unprotected argument (rcpp_result_gen <arg 1>), which is later used. updog/src/RcppExports.cpp:1063
  [UP] calling allocating function Rf_inherits with a fresh pointer (rcpp_result_gen <arg 1>) updog/src/RcppExports.cpp:1063
  [PB] has negative depth updog/src/RcppExports.cpp:1069
  [UP] attempt to unprotect more items (1) than protected (0), results will be incomplete updog/src/RcppExports.cpp:1069
  [PB] has possible protection stack imbalance updog/src/RcppExports.cpp:1070

Function _updog_oracle_joint_try(SEXPREC*, SEXPREC*, SEXPREC*, SEXPREC*, SEXPREC*, SEXPREC*)
  [UP] ignoring variable <unnamed var:   %26 = alloca %struct.SEXPREC*, align 8> as it has address taken, results will be incomplete 

Function _updog_oracle_mis
  [UP] unprotected variable rcpp_result_gen while calling allocating function Rf_onintr updog/src/RcppExports.cpp:979
  [UP] allocating function Rcpp::internal::isLongjumpSentinel(SEXPREC*) may destroy its unprotected argument (rcpp_result_gen <arg 1>), which is later used. updog/src/RcppExports.cpp:981
  [UP] calling allocating function Rcpp::internal::isLongjumpSentinel(SEXPREC*) with a fresh pointer (rcpp_result_gen <arg 1>) updog/src/RcppExports.cpp:981
  [UP] allocating function Rf_inherits may destroy its unprotected argument (rcpp_result_gen <arg 1>), which is later used. updog/src/RcppExports.cpp:985
  [UP] calling allocating function Rf_inherits with a fresh pointer (rcpp_result_gen <arg 1>) updog/src/RcppExports.cpp:985
  [PB] has negative depth updog/src/RcppExports.cpp:991
  [UP] attempt to unprotect more items (1) than protected (0), results will be incomplete updog/src/RcppExports.cpp:991
  [PB] has possible protection stack imbalance updog/src/RcppExports.cpp:992

Function _updog_oracle_mis_try(SEXPREC*, SEXPREC*, SEXPREC*, SEXPREC*, SEXPREC*, SEXPREC*)
  [UP] ignoring variable <unnamed var:   %26 = alloca %struct.SEXPREC*, align 8> as it has address taken, results will be incomplete 

Function _updog_oracle_mis_vec
  [UP] unprotected variable rcpp_result_gen while calling allocating function Rf_onintr updog/src/RcppExports.cpp:1018
  [UP] allocating function Rcpp::internal::isLongjumpSentinel(SEXPREC*) may destroy its unprotected argument (rcpp_result_gen <arg 1>), which is later used. updog/src/RcppExports.cpp:1020
  [UP] calling allocating function Rcpp::internal::isLongjumpSentinel(SEXPREC*) with a fresh pointer (rcpp_result_gen <arg 1>) updog/src/RcppExports.cpp:1020
  [UP] allocating function Rf_inherits may destroy its unprotected argument (rcpp_result_gen <arg 1>), which is later used. updog/src/RcppExports.cpp:1024
  [UP] calling allocating function Rf_inherits with a fresh pointer (rcpp_result_gen <arg 1>) updog/src/RcppExports.cpp:1024
  [PB] has negative depth updog/src/RcppExports.cpp:1030
  [UP] attempt to unprotect more items (1) than protected (0), results will be incomplete updog/src/RcppExports.cpp:1030
  [PB] has possible protection stack imbalance updog/src/RcppExports.cpp:1031

Function _updog_oracle_mis_vec_try(SEXPREC*, SEXPREC*, SEXPREC*, SEXPREC*, SEXPREC*, SEXPREC*)
  [UP] ignoring variable <unnamed var:   %26 = alloca %struct.SEXPREC*, align 8> as it has address taken, results will be incomplete 

Function _updog_pbetabinom
  [UP] unprotected variable rcpp_result_gen while calling allocating function Rf_onintr updog/src/RcppExports.cpp:229
  [UP] allocating function Rcpp::internal::isLongjumpSentinel(SEXPREC*) may destroy its unprotected argument (rcpp_result_gen <arg 1>), which is later used. updog/src/RcppExports.cpp:231
  [UP] calling allocating function Rcpp::internal::isLongjumpSentinel(SEXPREC*) with a fresh pointer (rcpp_result_gen <arg 1>) updog/src/RcppExports.cpp:231
  [UP] allocating function Rf_inherits may destroy its unprotected argument (rcpp_result_gen <arg 1>), which is later used. updog/src/RcppExports.cpp:235
  [UP] calling allocating function Rf_inherits with a fresh pointer (rcpp_result_gen <arg 1>) updog/src/RcppExports.cpp:235
  [PB] has negative depth updog/src/RcppExports.cpp:241
  [UP] attempt to unprotect more items (1) than protected (0), results will be incomplete updog/src/RcppExports.cpp:241
  [PB] has possible protection stack imbalance updog/src/RcppExports.cpp:242

Function _updog_pbetabinom_double
  [UP] unprotected variable rcpp_result_gen while calling allocating function Rf_onintr updog/src/RcppExports.cpp:191
  [UP] allocating function Rcpp::internal::isLongjumpSentinel(SEXPREC*) may destroy its unprotected argument (rcpp_result_gen <arg 1>), which is later used. updog/src/RcppExports.cpp:193
  [UP] calling allocating function Rcpp::internal::isLongjumpSentinel(SEXPREC*) with a fresh pointer (rcpp_result_gen <arg 1>) updog/src/RcppExports.cpp:193
  [UP] allocating function Rf_inherits may destroy its unprotected argument (rcpp_result_gen <arg 1>), which is later used. updog/src/RcppExports.cpp:197
  [UP] calling allocating function Rf_inherits with a fresh pointer (rcpp_result_gen <arg 1>) updog/src/RcppExports.cpp:197
  [PB] has negative depth updog/src/RcppExports.cpp:203
  [UP] attempt to unprotect more items (1) than protected (0), results will be incomplete updog/src/RcppExports.cpp:203
  [PB] has possible protection stack imbalance updog/src/RcppExports.cpp:204

Function _updog_pbetabinom_double_try(SEXPREC*, SEXPREC*, SEXPREC*, SEXPREC*, SEXPREC*)
  [UP] ignoring variable <unnamed var:   %23 = alloca %struct.SEXPREC*, align 8> as it has address taken, results will be incomplete 

Function _updog_pbetabinom_try(SEXPREC*, SEXPREC*, SEXPREC*, SEXPREC*, SEXPREC*)
  [UP] ignoring variable <unnamed var:   %23 = alloca %struct.SEXPREC*, align 8> as it has address taken, results will be incomplete 

Function _updog_pen_bias
  [UP] ignoring variable <unnamed var:   %18 = alloca %struct.SEXPREC*, align 8> as it has address taken, results will be incomplete 

Function _updog_pen_seq_error
  [UP] ignoring variable <unnamed var:   %18 = alloca %struct.SEXPREC*, align 8> as it has address taken, results will be incomplete 

Function _updog_post_prob
  [UP] ignoring variable <unnamed var:   %27 = alloca %struct.SEXPREC*, align 8> as it has address taken, results will be incomplete 

Function _updog_qbetabinom
  [UP] unprotected variable rcpp_result_gen while calling allocating function Rf_onintr updog/src/RcppExports.cpp:303
  [UP] allocating function Rcpp::internal::isLongjumpSentinel(SEXPREC*) may destroy its unprotected argument (rcpp_result_gen <arg 1>), which is later used. updog/src/RcppExports.cpp:305
  [UP] calling allocating function Rcpp::internal::isLongjumpSentinel(SEXPREC*) with a fresh pointer (rcpp_result_gen <arg 1>) updog/src/RcppExports.cpp:305
  [UP] allocating function Rf_inherits may destroy its unprotected argument (rcpp_result_gen <arg 1>), which is later used. updog/src/RcppExports.cpp:309
  [UP] calling allocating function Rf_inherits with a fresh pointer (rcpp_result_gen <arg 1>) updog/src/RcppExports.cpp:309
  [PB] has negative depth updog/src/RcppExports.cpp:315
  [UP] attempt to unprotect more items (1) than protected (0), results will be incomplete updog/src/RcppExports.cpp:315
  [PB] has possible protection stack imbalance updog/src/RcppExports.cpp:316

Function _updog_qbetabinom_double
  [UP] unprotected variable rcpp_result_gen while calling allocating function Rf_onintr updog/src/RcppExports.cpp:266
  [UP] allocating function Rcpp::internal::isLongjumpSentinel(SEXPREC*) may destroy its unprotected argument (rcpp_result_gen <arg 1>), which is later used. updog/src/RcppExports.cpp:268
  [UP] calling allocating function Rcpp::internal::isLongjumpSentinel(SEXPREC*) with a fresh pointer (rcpp_result_gen <arg 1>) updog/src/RcppExports.cpp:268
  [UP] allocating function Rf_inherits may destroy its unprotected argument (rcpp_result_gen <arg 1>), which is later used. updog/src/RcppExports.cpp:272
  [UP] calling allocating function Rf_inherits with a fresh pointer (rcpp_result_gen <arg 1>) updog/src/RcppExports.cpp:272
  [PB] has negative depth updog/src/RcppExports.cpp:278
  [UP] attempt to unprotect more items (1) than protected (0), results will be incomplete updog/src/RcppExports.cpp:278
  [PB] has possible protection stack imbalance updog/src/RcppExports.cpp:279

Function _updog_qbetabinom_double_try(SEXPREC*, SEXPREC*, SEXPREC*, SEXPREC*)
  [UP] ignoring variable <unnamed var:   %20 = alloca %struct.SEXPREC*, align 8> as it has address taken, results will be incomplete 

Function _updog_qbetabinom_try(SEXPREC*, SEXPREC*, SEXPREC*, SEXPREC*)
  [UP] ignoring variable <unnamed var:   %20 = alloca %struct.SEXPREC*, align 8> as it has address taken, results will be incomplete 

Function _updog_rbetabinom
  [UP] unprotected variable rcpp_result_gen while calling allocating function Rf_onintr updog/src/RcppExports.cpp:376
  [UP] allocating function Rcpp::internal::isLongjumpSentinel(SEXPREC*) may destroy its unprotected argument (rcpp_result_gen <arg 1>), which is later used. updog/src/RcppExports.cpp:378
  [UP] calling allocating function Rcpp::internal::isLongjumpSentinel(SEXPREC*) with a fresh pointer (rcpp_result_gen <arg 1>) updog/src/RcppExports.cpp:378
  [UP] allocating function Rf_inherits may destroy its unprotected argument (rcpp_result_gen <arg 1>), which is later used. updog/src/RcppExports.cpp:382
  [UP] calling allocating function Rf_inherits with a fresh pointer (rcpp_result_gen <arg 1>) updog/src/RcppExports.cpp:382
  [PB] has negative depth updog/src/RcppExports.cpp:388
  [UP] attempt to unprotect more items (1) than protected (0), results will be incomplete updog/src/RcppExports.cpp:388
  [PB] has possible protection stack imbalance updog/src/RcppExports.cpp:389

Function _updog_rbetabinom_int
  [UP] unprotected variable rcpp_result_gen while calling allocating function Rf_onintr updog/src/RcppExports.cpp:339
  [UP] allocating function Rcpp::internal::isLongjumpSentinel(SEXPREC*) may destroy its unprotected argument (rcpp_result_gen <arg 1>), which is later used. updog/src/RcppExports.cpp:341
  [UP] calling allocating function Rcpp::internal::isLongjumpSentinel(SEXPREC*) with a fresh pointer (rcpp_result_gen <arg 1>) updog/src/RcppExports.cpp:341
  [UP] allocating function Rf_inherits may destroy its unprotected argument (rcpp_result_gen <arg 1>), which is later used. updog/src/RcppExports.cpp:345
  [UP] calling allocating function Rf_inherits with a fresh pointer (rcpp_result_gen <arg 1>) updog/src/RcppExports.cpp:345
  [PB] has negative depth updog/src/RcppExports.cpp:351
  [UP] attempt to unprotect more items (1) than protected (0), results will be incomplete updog/src/RcppExports.cpp:351
  [PB] has possible protection stack imbalance updog/src/RcppExports.cpp:352

Function _updog_rbetabinom_int_try(SEXPREC*, SEXPREC*, SEXPREC*)
  [UP] ignoring variable <unnamed var:   %17 = alloca %struct.SEXPREC*, align 8> as it has address taken, results will be incomplete 

Function _updog_rbetabinom_try(SEXPREC*, SEXPREC*, SEXPREC*, SEXPREC*)
  [UP] ignoring variable <unnamed var:   %20 = alloca %struct.SEXPREC*, align 8> as it has address taken, results will be incomplete 

Function _updog_wem
  [UP] ignoring variable <unnamed var:   %27 = alloca %struct.SEXPREC*, align 8> as it has address taken, results will be incomplete 

Function _updog_wem_obj
  [UP] ignoring variable <unnamed var:   %21 = alloca %struct.SEXPREC*, align 8> as it has address taken, results will be incomplete 

Function _updog_xi_double
  [UP] unprotected variable rcpp_result_gen while calling allocating function Rf_onintr updog/src/RcppExports.cpp:1163
  [UP] allocating function Rcpp::internal::isLongjumpSentinel(SEXPREC*) may destroy its unprotected argument (rcpp_result_gen <arg 1>), which is later used. updog/src/RcppExports.cpp:1165
  [UP] calling allocating function Rcpp::internal::isLongjumpSentinel(SEXPREC*) with a fresh pointer (rcpp_result_gen <arg 1>) updog/src/RcppExports.cpp:1165
  [UP] allocating function Rf_inherits may destroy its unprotected argument (rcpp_result_gen <arg 1>), which is later used. updog/src/RcppExports.cpp:1169
  [UP] calling allocating function Rf_inherits with a fresh pointer (rcpp_result_gen <arg 1>) updog/src/RcppExports.cpp:1169
  [PB] has negative depth updog/src/RcppExports.cpp:1175
  [UP] attempt to unprotect more items (1) than protected (0), results will be incomplete updog/src/RcppExports.cpp:1175
  [PB] has possible protection stack imbalance updog/src/RcppExports.cpp:1176

Function _updog_xi_double_try(SEXPREC*, SEXPREC*, SEXPREC*)
  [UP] ignoring variable <unnamed var:   %17 = alloca %struct.SEXPREC*, align 8> as it has address taken, results will be incomplete 

Function _updog_xi_fun
  [UP] unprotected variable rcpp_result_gen while calling allocating function Rf_onintr updog/src/RcppExports.cpp:1199
  [UP] allocating function Rcpp::internal::isLongjumpSentinel(SEXPREC*) may destroy its unprotected argument (rcpp_result_gen <arg 1>), which is later used. updog/src/RcppExports.cpp:1201
  [UP] calling allocating function Rcpp::internal::isLongjumpSentinel(SEXPREC*) with a fresh pointer (rcpp_result_gen <arg 1>) updog/src/RcppExports.cpp:1201
  [UP] allocating function Rf_inherits may destroy its unprotected argument (rcpp_result_gen <arg 1>), which is later used. updog/src/RcppExports.cpp:1205
  [UP] calling allocating function Rf_inherits with a fresh pointer (rcpp_result_gen <arg 1>) updog/src/RcppExports.cpp:1205
  [PB] has negative depth updog/src/RcppExports.cpp:1211
  [UP] attempt to unprotect more items (1) than protected (0), results will be incomplete updog/src/RcppExports.cpp:1211
  [PB] has possible protection stack imbalance updog/src/RcppExports.cpp:1212

Function _updog_xi_fun_try(SEXPREC*, SEXPREC*, SEXPREC*)
  [UP] ignoring variable <unnamed var:   %17 = alloca %struct.SEXPREC*, align 8> as it has address taken, results will be incomplete 
