Package vapour version 0.16.0
Package built using 89625/R 4.6.0; x86_64-pc-linux-gnu; 2026-03-16 04:30:29 UTC; unix   
Checked with rchk version 35618ebbccf3cd0b45a3530e6303970a22a9056b LLVM version 14.0.6
More information at https://github.com/kalibera/cran-checks/blob/master/rchk/PROTECT.md
For rchk in docker image see https://github.com/kalibera/rchk/blob/master/doc/DOCKER.md


Function blocks_cpp(cpp11::r_vector<cpp11::r_string>, cpp11::r_vector<int>, cpp11::r_vector<cpp11::r_bool>)
  [UP] ignoring variable <unnamed var:   %32 = alloca %struct.SEXPREC*, align 8> as it has address taken, results will be incomplete 
  [UP] ignoring variable <unnamed var:   %40 = alloca %struct.SEXPREC*, align 8> as it has address taken, results will be incomplete 

Function blocks_cpp1(cpp11::r_vector<cpp11::r_string>, cpp11::r_vector<int>, cpp11::r_vector<cpp11::r_bool>)
  [UP] ignoring variable <unnamed var:   %35 = alloca %struct.SEXPREC*, align 8> as it has address taken, results will be incomplete 

Function cpp11::package::operator[](char const*)
  [UP] ignoring variable <unnamed var:   %8 = alloca %struct.SEXPREC*, align 8> as it has address taken, results will be incomplete 

Function gdalgeometry::feature_read_geom(OGRFeature*, cpp11::r_vector<cpp11::r_string>)
  [UP] ignoring variable <unnamed var:   %11 = alloca %struct.SEXPREC*, align 8> as it has address taken, results will be incomplete 
  [UP] ignoring variable <unnamed var:   %14 = alloca %struct.SEXPREC*, align 8> as it has address taken, results will be incomplete 
  [UP] ignoring variable <unnamed var:   %17 = alloca %struct.SEXPREC*, align 8> as it has address taken, results will be incomplete 
  [UP] ignoring variable <unnamed var:   %20 = alloca %struct.SEXPREC*, align 8> as it has address taken, results will be incomplete 
  [UP] ignoring variable <unnamed var:   %24 = alloca %struct.SEXPREC*, align 8> as it has address taken, results will be incomplete 

Function gdalgeometry::layer_read_geom_fa(OGRLayer*, cpp11::r_vector<cpp11::r_string>, cpp11::r_vector<double>)
  [UP] ignoring variable <unnamed var:   %13 = alloca %struct.SEXPREC*, align 8> as it has address taken, results will be incomplete 

Function gdalgeometry::layer_read_geom_ia(OGRLayer*, cpp11::r_vector<cpp11::r_string>, cpp11::r_vector<double>)
  [UP] ignoring variable <unnamed var:   %13 = alloca %struct.SEXPREC*, align 8> as it has address taken, results will be incomplete 

Function gdalgeometry::layer_read_geom_ij(OGRLayer*, cpp11::r_vector<cpp11::r_string>, cpp11::r_vector<double>)
  [UP] ignoring variable <unnamed var:   %15 = alloca %struct.SEXPREC*, align 8> as it has address taken, results will be incomplete 

Function gdalgeometry::write_feature_fields(OGRFeature*, OGRFeatureDefn*, cpp11::writable::r_vector<SEXPREC*>&, long, cpp11::function&, cpp11::function&)
  [UP] ignoring variable <unnamed var:   %18 = alloca %struct.SEXPREC*, align 8> as it has address taken, results will be incomplete 
  [UP] ignoring variable <unnamed var:   %27 = alloca %struct.SEXPREC*, align 8> as it has address taken, results will be incomplete 
  [UP] ignoring variable <unnamed var:   %34 = alloca %struct.SEXPREC*, align 8> as it has address taken, results will be incomplete 
  [UP] ignoring variable <unnamed var:   %55 = alloca %struct.SEXPREC*, align 8> as it has address taken, results will be incomplete 
  [UP] ignoring variable <unnamed var:   %61 = alloca %struct.SEXPREC*, align 8> as it has address taken, results will be incomplete 
  [UP] ignoring variable <unnamed var:   %67 = alloca %struct.SEXPREC*, align 8> as it has address taken, results will be incomplete 
  [UP] ignoring variable <unnamed var:   %73 = alloca %struct.SEXPREC*, align 8> as it has address taken, results will be incomplete 

Function gdallibrary::allocate_fields_list(OGRFeatureDefn*, long, bool, cpp11::r_vector<cpp11::r_string>)
  [UP] ignoring variable <unnamed var:   %17 = alloca %struct.SEXPREC*, align 8> as it has address taken, results will be incomplete 
  [UP] ignoring variable <unnamed var:   %20 = alloca %struct.SEXPREC*, align 8> as it has address taken, results will be incomplete 
  [UP] ignoring variable <unnamed var:   %25 = alloca %struct.SEXPREC*, align 8> as it has address taken, results will be incomplete 
  [UP] ignoring variable <unnamed var:   %34 = alloca %struct.SEXPREC*, align 8> as it has address taken, results will be incomplete 
  [UP] ignoring variable <unnamed var:   %36 = alloca %struct.SEXPREC*, align 8> as it has address taken, results will be incomplete 
  [UP] ignoring variable <unnamed var:   %42 = alloca %struct.SEXPREC*, align 8> as it has address taken, results will be incomplete 
  [UP] ignoring variable <unnamed var:   %45 = alloca %struct.SEXPREC*, align 8> as it has address taken, results will be incomplete 
  [UP] ignoring variable <unnamed var:   %48 = alloca %struct.SEXPREC*, align 8> as it has address taken, results will be incomplete 

Function gdallibrary::gdal_projection_info(cpp11::r_vector<cpp11::r_string>, cpp11::r_vector<int>, cpp11::r_vector<cpp11::r_string>)
  [UP] ignoring variable <unnamed var:   %30 = alloca %struct.SEXPREC*, align 8> as it has address taken, results will be incomplete 
  [UP] ignoring variable <unnamed var:   %36 = alloca %struct.SEXPREC*, align 8> as it has address taken, results will be incomplete 
  [UP] ignoring variable <unnamed var:   %42 = alloca %struct.SEXPREC*, align 8> as it has address taken, results will be incomplete 
  [UP] ignoring variable <unnamed var:   %48 = alloca %struct.SEXPREC*, align 8> as it has address taken, results will be incomplete 
  [UP] ignoring variable <unnamed var:   %53 = alloca %struct.SEXPREC*, align 8> as it has address taken, results will be incomplete 
  [UP] ignoring variable <unnamed var:   %59 = alloca %struct.SEXPREC*, align 8> as it has address taken, results will be incomplete 

Function gdalraster::gdal_list_geolocation(cpp11::r_vector<cpp11::r_string>, cpp11::r_vector<int>)
  [UP] ignoring variable <unnamed var:   %40 = alloca %struct.SEXPREC*, align 8> as it has address taken, results will be incomplete 

Function gdalraster::gdal_raster_gcp(cpp11::r_vector<cpp11::r_string>)
  [UP] ignoring variable <unnamed var:   %41 = alloca %struct.SEXPREC*, align 8> as it has address taken, results will be incomplete 
  [UP] ignoring variable <unnamed var:   %43 = alloca %struct.SEXPREC*, align 8> as it has address taken, results will be incomplete 
  [UP] ignoring variable <unnamed var:   %45 = alloca %struct.SEXPREC*, align 8> as it has address taken, results will be incomplete 
  [UP] ignoring variable <unnamed var:   %47 = alloca %struct.SEXPREC*, align 8> as it has address taken, results will be incomplete 
  [UP] ignoring variable <unnamed var:   %49 = alloca %struct.SEXPREC*, align 8> as it has address taken, results will be incomplete 
  [UP] ignoring variable <unnamed var:   %51 = alloca %struct.SEXPREC*, align 8> as it has address taken, results will be incomplete 

Function gdalraster::gdal_raster_info(cpp11::r_vector<cpp11::r_string>, cpp11::r_vector<cpp11::r_bool>)
  [UP] ignoring variable <unnamed var:   %102 = alloca %struct.SEXPREC*, align 8> as it has address taken, results will be incomplete 
  [UP] ignoring variable <unnamed var:   %109 = alloca %struct.SEXPREC*, align 8> as it has address taken, results will be incomplete 
  [UP] ignoring variable <unnamed var:   %27 = alloca %struct.SEXPREC*, align 8> as it has address taken, results will be incomplete 
  [UP] ignoring variable <unnamed var:   %34 = alloca %struct.SEXPREC*, align 8> as it has address taken, results will be incomplete 
  [UP] ignoring variable <unnamed var:   %44 = alloca %struct.SEXPREC*, align 8> as it has address taken, results will be incomplete 
  [UP] ignoring variable <unnamed var:   %51 = alloca %struct.SEXPREC*, align 8> as it has address taken, results will be incomplete 
  [UP] ignoring variable <unnamed var:   %59 = alloca %struct.SEXPREC*, align 8> as it has address taken, results will be incomplete 
  [UP] ignoring variable <unnamed var:   %64 = alloca %struct.SEXPREC*, align 8> as it has address taken, results will be incomplete 
  [UP] ignoring variable <unnamed var:   %78 = alloca %struct.SEXPREC*, align 8> as it has address taken, results will be incomplete 
  [UP] ignoring variable <unnamed var:   %86 = alloca %struct.SEXPREC*, align 8> as it has address taken, results will be incomplete 
  [UP] ignoring variable <unnamed var:   %98 = alloca %struct.SEXPREC*, align 8> as it has address taken, results will be incomplete 

Function gdalraster::gdal_read_band_values(GDALDataset*, cpp11::r_vector<int>, std::__1::vector<int, std::__1::allocator<int> >, cpp11::r_vector<cpp11::r_string>, cpp11::r_vector<cpp11::r_string>, cpp11::r_vector<cpp11::r_bool>, cpp11::r_vector<cpp11::r_bool>)
  [UP] ignoring variable <unnamed var:   %51 = alloca %struct.SEXPREC*, align 8> as it has address taken, results will be incomplete 
  [UP] ignoring variable <unnamed var:   %59 = alloca %struct.SEXPREC*, align 8> as it has address taken, results will be incomplete 
  [UP] ignoring variable <unnamed var:   %65 = alloca %struct.SEXPREC*, align 8> as it has address taken, results will be incomplete 

Function gdalraster::replace_nativeRaster(cpp11::r_vector<SEXPREC*>, long, long)
  [UP] calling allocating function cpp11::writable::r_vector<SEXPREC*>::push_back(SEXPREC*) with argument allocated using gdalraster::C_native_gray(SEXPREC*, SEXPREC*) vapour/src/../inst/include/gdalraster/gdalraster.h:87
  [UP] calling allocating function cpp11::writable::r_vector<SEXPREC*>::push_back(SEXPREC*) with argument allocated using gdalraster::C_native_rgb(SEXPREC*, SEXPREC*, SEXPREC*, SEXPREC*) vapour/src/../inst/include/gdalraster/gdalraster.h:91
  [UP] calling allocating function cpp11::writable::r_vector<SEXPREC*>::push_back(SEXPREC*) with argument allocated using gdalraster::C_native_rgba(SEXPREC*, SEXPREC*, SEXPREC*, SEXPREC*, SEXPREC*) vapour/src/../inst/include/gdalraster/gdalraster.h:95

Function gdalwarpgeneral::gdal_suggest_warp(cpp11::r_vector<cpp11::r_string>, cpp11::r_vector<cpp11::r_string>)
  [UP] ignoring variable <unnamed var:   %17 = alloca %struct.SEXPREC*, align 8> as it has address taken, results will be incomplete 

Function sds_list_list_gdal_cpp(cpp11::r_vector<cpp11::r_string>)
  [UP] ignoring variable <unnamed var:   %8 = alloca %struct.SEXPREC*, align 8> as it has address taken, results will be incomplete 
